******************************************************************************
                  TI ARM Linker PC v5.1.1                      
******************************************************************************
>> Linked Wed Mar 05 15:40:21 2014

OUTPUT FILE NAME:   <KIRC_FltCmp_Software.out>
ENTRY POINT SYMBOL: "_c_int00"  address: 00008779


MEMORY CONFIGURATION

         name            origin    length      used     unused   attr    fill
----------------------  --------  ---------  --------  --------  ----  --------
  FLASH                 00000000   00040000  0000ca34  000335cc  R  X
  SRAM                  20000000   00008000  00003a06  000045fa  RW X


SEGMENT ALLOCATION MAP

run origin  load origin   length   init length attrs members
----------  ----------- ---------- ----------- ----- -------
00000000    00000000    0000ca38   0000ca38    r-x
  00000000    00000000    00000360   00000360    r-- .resetVecs
  00000360    00000360    0000a3a8   0000a3a8    r-x .text
  0000a708    0000a708    00001f7c   00001f7c    r-- .const
  0000c688    0000c688    000003b0   000003b0    r-- .cinit
20000000    20000000    00003a08   00000000    rw-
  20000000    20000000    00000360   00000000    rw- .vecs
  20000360    20000360    00002490   00000000    rw- .bss
  200027f0    200027f0    00000c16   00000000    rw- .data
  20003408    20003408    00000600   00000000    rw- .stack


SECTION ALLOCATION MAP

 output                                  attributes/
section   page    origin      length       input sections
--------  ----  ----------  ----------   ----------------
.bootVecs 
*          0    00000000    00000008     DSECT
                  00000000    00000008     boot.aem4f : boot.oem4f (.bootVecs)

.resetVecs 
*          0    00000000    00000360     
                  00000000    00000360     KIRC_FltCmp_RTOS_pem4f.oem4f (.resetVecs)

xdc.meta   0    00000000    00000104     COPY SECTION
                  00000000    00000104     KIRC_FltCmp_RTOS_pem4f.oem4f (xdc.meta)

.text      0    00000360    0000a3a8     
                  00000360    00000e8c     rtsv7M4_T_le_v4SPD16_eabi.lib : _printfi.obj (.text)
                  000011ec    00000a9c     quaternion.obj (.text:Update_State)
                  00001c88    000004f4     Main.obj (.text:ControlFxn)
                  0000217c    0000042c     sysbios.aem4f : BIOS.obj (.text:ti_sysbios_family_arm_m3_Hwi_excDumpRegs__I)
                  000025a8    00000344     ti.targets.arm.rtsarm.aem4f : System.oem4f (.text:xdc_runtime_System_doPrint__I)
                  000028ec    00000310     rtsv7M4_T_le_v4SPD16_eabi.lib : lowlev.obj (.text)
                  00002bfc    000002d4                                   : trgdrv.obj (.text)
                  00002ed0    000002b0     sysbios.aem4f : BIOS.obj (.text:ti_sysbios_knl_Semaphore_pend__E)
                  00003180    00000248                   : BIOS.obj (.text:ti_sysbios_heaps_HeapMem_free__E)
                  000033c8    00000234                   : BIOS.obj (.text:ti_sysbios_heaps_HeapMem_alloc__E)
                  000035fc    0000020c                   : BIOS.obj (.text:ti_sysbios_family_arm_lm4_Timer_start__E)
                  00003808    00000200                   : BIOS.obj (.text:ti_sysbios_family_arm_m3_Hwi_excHandlerMax__I)
                  00003a08    000001f4     rtsv7M4_T_le_v4SPD16_eabi.lib : ull_div_t2.obj (.text)
                  00003bfc    000001c0                                   : fopen.obj (.text)
                  00003dbc    000001b6                                   : fd_add_t2.obj (.text)
                  00003f72    00000002     sysbios.aem4f : BIOS.obj (.text:ti_sysbios_BIOS_nullFunc__I)
                  00003f74    000001b4                   : BIOS.obj (.text:ti_sysbios_knl_Task_sleep__E)
                  00004128    00000190                   : BIOS.obj (.text:ti_sysbios_knl_Task_Module_startup__F)
                  000042b8    0000018c     Main.obj (.text:ReadInputFxn)
                  00004444    0000018c     rtsv7M4_T_le_v4SPD16_eabi.lib : xatan.obj (.text)
                  000045d0    00000188     sensors.obj (.text:Filter_GyroData)
                  00004758    00000168     sysbios.aem4f : BIOS.obj (.text:ti_sysbios_family_arm_m3_Hwi_excBusFault__I)
                  000048c0    0000015c     sensors.obj (.text:Read_Gyro)
                  00004a1c    0000015c     uart_tivaware.aem4f : UARTTiva.oem4f (.text:UARTTiva_open)
                  00004b78    00000154     sysbios.aem4f : BIOS.obj (.text:ti_sysbios_family_arm_m3_Hwi_excUsageFault__I)
                  00004ccc    00000148     rtsv7M4_T_le_v4SPD16_eabi.lib : sqrt.obj (.text)
                  00004e14    00000140     sysbios.aem4f : BIOS.obj (.text:ti_sysbios_family_arm_m3_Hwi_excMemFault__I)
                  00004f54    0000013c     sensors.obj (.text:Calib_Gyro)
                  00005090    0000013c     motors.obj (.text:motors_init)
                  000051cc    0000013c     ti.targets.arm.rtsarm.aem4f : Error.oem4f (.text:xdc_runtime_Error_raiseX__F)
                  00005308    00000138     sysbios.aem4f : BIOS.obj (.text:ti_sysbios_heaps_HeapMem_Instance_init__F)
                  00005440    00000136     rtsv7M4_T_le_v4SPD16_eabi.lib : fd_div_t2.obj (.text)
                  00005576    00000002     sysbios.aem4f : BIOS.obj (.text:ti_sysbios_family_arm_m3_Hwi_doSwiRestore__I)
                  00005578    00000134     rtsv7M4_T_le_v4SPD16_eabi.lib : fputs.obj (.text)
                  000056ac    00000134     sysbios.aem4f : m3_Hwi_asm.obj (.text:ti_sysbios_family_arm_m3_Hwi_dispatch__I)
                  000057e0    00000130     driverlib.lib : gpio.obj (.text:GPIOPadConfigSet)
                  00005910    00000124     uart_tivaware.aem4f : UARTTiva.oem4f (.text:UARTTiva_hwiIntFxn)
                  00005a34    0000011c     rtsv7M4_T_le_v4SPD16_eabi.lib : asin.obj (.text)
                  00005b50    00000110                                   : xdscale.obj (.text)
                  00005c60    0000010c     Boot.aem4f : Boot_sysctl.oem4f (.text:ti_catalog_arm_cortexm4_tiva_ce_Boot_sysCtlClockSetI__I)
                  00005d6c    00000108     UARTUtils.obj (.text:openHandle)
                  00005e74    00000104     ti.targets.arm.rtsarm.aem4f : Core-mem.oem4f (.text:xdc_runtime_Core_createObject__I)
                  00005f78    00000104     KIRC_FltCmp_RTOS_pem4f.oem4f (.text:xdc_runtime_System_printfExtend__I)
                  0000607c    000000fc     rtsv7M4_T_le_v4SPD16_eabi.lib : fd_mul_t2.obj (.text)
                  00006178    000000f8     ti.targets.arm.rtsarm.aem4f : Startup.oem4f (.text:xdc_runtime_Startup_startMods__I)
                  00006270    000000f4     rtsv7M4_T_le_v4SPD16_eabi.lib : dtor_list.obj (.text)
                  00006364    000000f0     Main.obj (.text:main)
                  00006454    000000ec     sysbios.aem4f : BIOS.obj (.text:ti_sysbios_knl_Semaphore_post__E)
                  00006540    000000e8     EK_TM4C123GXL.obj (.text:EK_TM4C123GXL_initGPIO)
                  00006628    000000e8     sysbios.aem4f : BIOS.obj (.text:ti_sysbios_family_arm_m3_Hwi_initNVIC__E)
                  00006710    000000e4     sensors.obj (.text:Calib_Accel)
                  000067f4    000000dc     uart_tivaware.aem4f : UARTTiva.oem4f (.text:UARTTiva_write)
                  000068d0    000000dc     rtsv7M4_T_le_v4SPD16_eabi.lib : setvbuf.obj (.text)
                  000069ac    000000d8     motors.obj (.text:motors_out)
                  00006a84    000000d8     rtsv7M4_T_le_v4SPD16_eabi.lib : atan2f.obj (.text)
                  00006b5c    000000d2     uart_tivaware.aem4f : UARTTiva.oem4f (.text:UARTTiva_read)
                  00006c2e    00000002     sysbios.aem4f : BIOS.obj (.text:ti_sysbios_gates_GateHwi_Instance_init__F)
                  00006c30    000000c8     driverlib.lib : sysctl.obj (.text:SysCtlClockGet)
                  00006cf8    000000c4     rtsv7M4_T_le_v4SPD16_eabi.lib : xdnorm.obj (.text)
                  00006dbc    000000c0                                   : fflush.obj (.text)
                  00006e7c    000000b4     quaternion.obj (.text:StateEst_Calib)
                  00006f30    000000b4     sysbios.aem4f : BIOS.obj (.text:ti_sysbios_family_arm_m3_Hwi_excHardFault__I)
                  00006fe4    000000b4                   : BIOS.obj (.text:ti_sysbios_gates_GateMutex_enter__E)
                  00007098    000000b0                   : BIOS.obj (.text:ti_sysbios_family_arm_m3_Hwi_excDebugMon__I)
                  00007148    000000ac     rtsv7M4_T_le_v4SPD16_eabi.lib : _io_perm.obj (.text)
                  000071f4    000000ac     sysbios.aem4f : BIOS.obj (.text:ti_sysbios_family_arm_lm4_Timer_enableTiva__I)
                  000072a0    000000a8     rtsv7M4_T_le_v4SPD16_eabi.lib : xfatan.obj (.text)
                  00007348    000000a8     sysbios.aem4f : BIOS.obj (.text:ti_sysbios_knl_Semaphore_Instance_init__F)
                  000073f0    000000a4                   : BIOS.obj (.text:ti_sysbios_family_arm_lm4_Timer_enableTimers__I)
                  00007494    000000a4                   : BIOS.obj (.text:ti_sysbios_family_arm_m3_Hwi_Module_startup__F)
                  00007538    000000a0     auto_init.aem4f : auto_init.oem4f (.text)
                  000075d8    0000009c     rtsv7M4_T_le_v4SPD16_eabi.lib : fputc.obj (.text)
                  00007674    0000009c                                   : memcpy_t2.obj (.text)
                  00007710    0000009a     ti.targets.arm.rtsarm.aem4f : Text.oem4f (.text:xdc_runtime_Text_putSite__F)
                  000077aa    00000002     sysbios.aem4f : BIOS.obj (.text:ti_sysbios_knl_Clock_logTick__E)
                  000077ac    00000098     rtsv7M4_T_le_v4SPD16_eabi.lib : fclose.obj (.text)
                  00007844    00000094     Boot.aem4f : Boot.oem4f (.text:ti_catalog_arm_cortexm4_tiva_ce_Boot_sysCtlClockSet__E)
                  000078d8    00000094     ti.targets.arm.rtsarm.aem4f : Text.oem4f (.text:xdc_runtime_Text_putMod__F)
                  0000796c    0000008c     UARTUtils.obj (.text:UARTUtils_systemInit)
                  000079f8    0000008c     sysbios.aem4f : BIOS.obj (.text:ti_sysbios_family_arm_m3_Hwi_Instance_init__F)
                  00007a84    0000008c                   : m3_TaskSupport_asm.obj (.text:ti_sysbios_family_arm_m3_TaskSupport_buildTaskStack)
                  00007b10    00000084     sensors.obj (.text:GetData_Accel)
                  00007b94    00000084     sensors.obj (.text:GetData_Gyro)
                  00007c18    00000084     RxFunctions.obj (.text:RCinputIntHandler)
                  00007c9c    00000084     sensors.obj (.text:Read_Accel)
                  00007d20    0000007e     rtsv7M4_T_le_v4SPD16_eabi.lib : fd_cmp_t2.obj (.text:__aeabi_cdcmple)
                  00007d9e    0000007e                                   : fd_cmp_t2.obj (.text:__aeabi_cdrcmple)
                  00007e1c    0000007c     Main.obj (.text:ReadSensorsFxn)
                  00007e98    00000078     rtsv7M4_T_le_v4SPD16_eabi.lib : memset_t2.obj (.text)
                  00007f10    00000070                                   : printf.obj (.text)
                  00007f80    00000070     KIRC_FltCmp_RTOS_pem4f.oem4f (.text:ti_sysbios_family_arm_m3_Hwi_Object__create__S)
                  00007ff0    00000070     sysbios.aem4f : BIOS.obj (.text:ti_sysbios_family_arm_m3_Hwi_reconfig__E)
                  00008060    00000070                   : BIOS.obj (.text:ti_sysbios_knl_Clock_workFunc__E)
                  000080d0    00000070     ti.targets.arm.rtsarm.aem4f : Memory.oem4f (.text:xdc_runtime_Memory_alloc__F)
                  00008140    0000006c     EK_TM4C123GXL.obj (.text:EK_TM4C123GXL_initPWM)
                  000081ac    0000006c     sysbios.aem4f : BIOS.obj (.text:ti_sysbios_knl_Task_exit__E)
                  00008218    0000006c     ti.targets.arm.rtsarm.aem4f : Error.oem4f (.text:xdc_runtime_Error_print__F)
                  00008284    00000068     sysbios.aem4f : BIOS.obj (.text:ti_sysbios_BIOS_rtsUnlock__I)
                  000082ec    00000066     uart_tivaware.aem4f : UARTTiva.oem4f (.text:UARTTiva_readPolling)
                  00008352    00000066     ti.targets.arm.rtsarm.aem4f : Core-mem.oem4f (.text:xdc_runtime_Core_deleteObject__I)
                  000083b8    00000064     rtsv7M4_T_le_v4SPD16_eabi.lib : fseek.obj (.text)
                  0000841c    00000064                                   : xdunscal.obj (.text)
                  00008480    00000064     sysbios.aem4f : BIOS.obj (.text:ti_sysbios_knl_Task_startCore__E)
                  000084e4    00000060     sensors.obj (.text:I2C0_RxData)
                  00008544    00000060     rtsv7M4_T_le_v4SPD16_eabi.lib : trgmsg.obj (.text)
                  000085a4    00000060     sysbios.aem4f : BIOS.obj (.text:ti_sysbios_family_arm_lm4_Timer_isrStub__E)
                  00008604    0000005e     rtsv7M4_T_le_v4SPD16_eabi.lib : copy_decompress_rle.obj (.text)
                  00008662    00000002     KIRC_FltCmp_RTOS_pem4f.oem4f (.text:xdc_runtime_Startup_reset__I)
                  00008664    0000005c     sysbios.aem4f : BIOS.obj (.text:ti_sysbios_family_arm_lm4_Timer_Module_startup__F)
                  000086c0    0000005b     ti.targets.arm.rtsarm.aem4f : Text.oem4f (.text:xdc_runtime_Text_putLab__F)
                  0000871b    00000001     --HOLE-- [fill = 0]
                  0000871c    0000005a     rtsv7M4_T_le_v4SPD16_eabi.lib : ltoa.obj (.text)
                  00008776    00000002     ti.targets.arm.rtsarm.aem4f : SysCallback.oem4f (.text:xdc_runtime_SysCallback_defaultExit)
                  00008778    00000058     boot.aem4f : boot.oem4f (.text)
                  000087d0    00000058     sensors.obj (.text:I2C0_TxData)
                  00008828    00000058     sysbios.aem4f : BIOS.obj (.text:ti_sysbios_family_arm_m3_Hwi_dispatchC__I)
                  00008880    00000056     driverlib.lib : gpio.obj (.text:GPIOIntTypeSet)
                  000088d6    00000002     ti.targets.arm.rtsarm.aem4f : SysCallback.oem4f (.text:xdc_runtime_SysCallback_defaultFlush)
                  000088d8    00000054     gpio_tivaware.aem4f : GPIO.oem4f (.text:GPIO_setupCallbacks)
                  0000892c    00000054     sysbios.aem4f : BIOS.obj (.text:ti_sysbios_knl_Task_processVitalTaskFlag__I)
                  00008980    00000050                   : BIOS.obj (.text:ti_sysbios_knl_Task_schedule__I)
                  000089d0    00000050     ti.targets.arm.rtsarm.aem4f : Startup.oem4f (.text:xdc_runtime_Startup_exec__F)
                  00008a20    00000050                                 : System.oem4f (.text:xdc_runtime_System_formatNum__I)
                  00008a70    00000050                                 : Text.oem4f (.text:xdc_runtime_Text_visitRope2__I)
                  00008ac0    0000004c     rtsv7M4_T_le_v4SPD16_eabi.lib : atoi.obj (.text)
                  00008b0c    0000004a                                   : fd_tos_t2.obj (.text)
                  00008b56    00000002     --HOLE-- [fill = 0]
                  00008b58    00000048     driverlib.lib : gpio.obj (.text:GPIOPinConfigure)
                  00008ba0    00000048     EK_TM4C123GXL.obj (.text:I2C0_MasterInit)
                  00008be8    00000048     driverlib.lib : i2c.obj (.text:I2CMasterInitExpClk)
                  00008c30    00000048     rtsv7M4_T_le_v4SPD16_eabi.lib : fd_toi_t2.obj (.text)
                  00008c78    00000048     sysbios.aem4f : BIOS.obj (.text:ti_sysbios_BIOS_errorRaiseHook__I)
                  00008cc0    00000048                   : BIOS.obj (.text:ti_sysbios_family_arm_m3_Hwi_excReserved__I)
                  00008d08    00000048                   : BIOS.obj (.text:ti_sysbios_heaps_HeapMem_getStats__E)
                  00008d50    00000048     ti.targets.arm.rtsarm.aem4f : Assert.oem4f (.text:xdc_runtime_Assert_raise__I)
                  00008d98    00000048                                 : Core-params.oem4f (.text:xdc_runtime_Core_assignParams__I)
                  00008de0    00000044     rtsv7M4_T_le_v4SPD16_eabi.lib : cpy_tbl.obj (.text)
                  00008e24    00000044                                   : exit.obj (.text)
                  00008e68    00000044                                   : xdtest.obj (.text)
                  00008eac    00000044     sysbios.aem4f : BIOS.obj (.text:ti_sysbios_family_arm_lm4_Timer_stop__E)
                  00008ef0    00000044                   : BIOS.obj (.text:ti_sysbios_family_arm_m3_Hwi_disableInterrupt__E)
                  00008f34    00000044                   : BIOS.obj (.text:ti_sysbios_family_arm_m3_Hwi_enableInterrupt__E)
                  00008f78    00000044                   : BIOS.obj (.text:ti_sysbios_knl_Task_allBlockedFunction__I)
                  00008fbc    00000042     driverlib.lib : uart.obj (.text:UARTConfigSetExpClk)
                  00008ffe    00000002     --HOLE-- [fill = 0]
                  00009000    00000040     EK_TM4C123GXL.obj (.text:EK_TM4C123GXL_initGeneral)
                  00009040    00000040     gpio_tivaware.aem4f : GPIO.oem4f (.text:GPIO_enableInt)
                  00009080    00000040     uart_tivaware.aem4f : UARTTiva.oem4f (.text:UARTTiva_writePolling)
                  000090c0    00000040     rtsv7M4_T_le_v4SPD16_eabi.lib : signal.obj (.text)
                  00009100    00000040     sysbios.aem4f : BIOS.obj (.text:ti_sysbios_family_arm_lm4_Timer_startup__E)
                  00009140    00000040     KIRC_FltCmp_RTOS_pem4f.oem4f (.text:ti_sysbios_knl_Semaphore_Object__create__S)
                  00009180    00000040     sysbios.aem4f : BIOS.obj (.text:ti_sysbios_knl_Semaphore_pendTimeout__I)
                  000091c0    00000040     ti.targets.arm.rtsarm.aem4f : System.oem4f (.text:xdc_runtime_System_atexit__F)
                  00009200    0000003c     gpio_tivaware.aem4f : GPIO.oem4f (.text:GPIO_toggle)
                  0000923c    0000003c     sysbios.aem4f : BIOS.obj (.text:ti_sysbios_family_arm_m3_Hwi_excSvCall__I)
                  00009278    0000003c                   : BIOS.obj (.text:ti_sysbios_heaps_HeapMem_init__I)
                  000092b4    0000003c     ti.targets.arm.rtsarm.aem4f : Text.oem4f (.text:xdc_runtime_Text_xprintf__I)
                  000092f0    00000038     uart_tivaware.aem4f : UART.oem4f (.text:UART_init)
                  00009328    00000038     rtsv7M4_T_le_v4SPD16_eabi.lib : fs_tod_t2.obj (.text)
                  00009360    00000038     sysbios.aem4f : BIOS.obj (.text:ti_sysbios_family_arm_m3_Hwi_excNoIsr__I)
                  00009398    00000038                   : BIOS.obj (.text:ti_sysbios_family_arm_m3_Hwi_getStackInfo__E)
                  000093d0    00000038                   : BIOS.obj (.text:ti_sysbios_family_arm_m3_TaskSupport_start__E)
                  00009408    00000038     KIRC_FltCmp_RTOS_pem4f.oem4f (.text:ti_sysbios_gates_GateHwi_Object__create__S)
                  00009440    00000038     KIRC_FltCmp_RTOS_pem4f.oem4f (.text:ti_sysbios_gates_GateMutex_Object__create__S)
                  00009478    00000038     KIRC_FltCmp_RTOS_pem4f.oem4f (.text:ti_sysbios_heaps_HeapMem_Object__create__S)
                  000094b0    00000038     KIRC_FltCmp_RTOS_pem4f.oem4f (.text:ti_sysbios_knl_Queue_Object__create__S)
                  000094e8    00000034     RxFunctions.obj (.text:EnableRxInterrupts)
                  0000951c    00000034     driverlib.lib : sysctl.obj (.text:SysCtlPeripheralEnable)
                  00009550    00000034     uart_tivaware.aem4f : UARTTiva.oem4f (.text:UARTTiva_close)
                  00009584    00000034     UARTUtils.obj (.text:UARTUtils_deviceread)
                  000095b8    00000034     UARTUtils.obj (.text:UARTUtils_devicewrite)
                  000095ec    00000034     UARTUtils.obj (.text:closeHandle)
                  00009620    00000034     rtsv7M4_T_le_v4SPD16_eabi.lib : feraiseexcept.obj (.text)
                  00009654    00000034                                   : xfdtest.obj (.text)
                  00009688    00000034     sysbios.aem4f : BIOS.obj (.text:ti_sysbios_family_arm_m3_Hwi_excNmi__I)
                  000096bc    00000032     uart_tivaware.aem4f : UARTTiva.oem4f (.text:UARTTiva_readCancel)
                  000096ee    00000032                         : UARTTiva.oem4f (.text:UARTTiva_writeCancel)
                  00009720    00000030     rtsv7M4_T_le_v4SPD16_eabi.lib : strncpy.obj (.text)
                  00009750    00000030                                   : xferaise.obj (.text)
                  00009780    00000030     sysbios.aem4f : BIOS.obj (.text:ti_sysbios_knl_Idle_run__E)
                  000097b0    00000030                   : BIOS.obj (.text:ti_sysbios_knl_Task_unblockI__E)
                  000097e0    00000030     ti.targets.arm.rtsarm.aem4f : Core-label.oem4f (.text:xdc_runtime_Core_assignLabel__I)
                  00009810    0000002f                                 : Text.oem4f (.text:xdc_runtime_Text_printVisFxn__I)
                  0000983f    00000001     --HOLE-- [fill = 0]
                  00009840    0000002e     UARTUtils.obj (.text:UARTUtils_deviceopen)
                  0000986e    0000002e     KIRC_FltCmp_RTOS_pem4f.oem4f (.text:malloc)
                  0000989c    0000002e     rtsv7M4_T_le_v4SPD16_eabi.lib : i_tofd_t2.obj (.text)
                  000098ca    0000002e                                   : raise.obj (.text)
                  000098f8    0000002c     sensors.obj (.text:Accel_Init)
                  00009924    0000002c     EK_TM4C123GXL.obj (.text:EK_TM4C123GXL_initUART)
                  00009950    0000002c     uart_tivaware.aem4f : UART.oem4f (.text:UART_Params_init)
                  0000997c    0000002c     KIRC_FltCmp_RTOS_pem4f.oem4f (.text:ti_sysbios_BIOS_exitFunc__I)
                  000099a8    0000002c     sysbios.aem4f : BIOS.obj (.text:ti_sysbios_hal_Hwi_initStack:ti_sysbios_hal_Hwi_initStack)
                  000099d4    0000002c     KIRC_FltCmp_RTOS_pem4f.oem4f (.text:ti_sysbios_knl_Clock_doTick__I)
                  00009a00    0000002c     sysbios.aem4f : BIOS.obj (.text:ti_sysbios_knl_Task_sleepTimeout__I)
                  00009a2c    0000002c     ti.targets.arm.rtsarm.aem4f : System.oem4f (.text:xdc_runtime_System_rtsExit__I)
                  00009a58    0000002c                                 : Text.oem4f (.text:xdc_runtime_Text_cordText__F)
                  00009a84    0000002a     driverlib.lib : gpio.obj (.text:GPIODirModeSet)
                  00009aae    0000002a     gpio_tivaware.aem4f : GPIO.oem4f (.text:GPIO_hwiIntFxn)
                  00009ad8    0000002a     ti.targets.arm.rtsarm.aem4f : System.oem4f (.text:xdc_runtime_System_putchar__I)
                  00009b02    00000028     RxFunctions.obj (.text:ClearRxInterrupts)
                  00009b2a    00000028     RxFunctions.obj (.text:DisableRxInterrupts)
                  00009b52    00000002     --HOLE-- [fill = 0]
                  00009b54    00000028     gpio_tivaware.aem4f : GPIO.oem4f (.text:GPIO_write)
                  00009b7c    00000028     sysbios.aem4f : m3_Hwi_asm_switch.obj (.text:ti_sysbios_family_arm_m3_Hwi_initStacks__E)
                  00009ba4    00000028                   : BIOS.obj (.text:ti_sysbios_gates_GateMutex_Instance_init__F)
                  00009bcc    00000028                   : BIOS.obj (.text:ti_sysbios_knl_Task_restore__E)
                  00009bf4    00000026     ti.targets.arm.rtsarm.aem4f : System.oem4f (.text:xdc_runtime_System_avprintf__F)
                  00009c1a    00000002     --HOLE-- [fill = 0]
                  00009c1c    00000024     gpio_tivaware.aem4f : GPIO.oem4f (.text:GPIO_disableInt)
                  00009c40    00000024                         : GPIO.oem4f (.text:GPIO_init)
                  00009c64    00000024     UARTUtils.obj (.text:UARTUtils_systemAbort)
                  00009c88    00000024     sysbios.aem4f : BIOS.obj (.text:ti_sysbios_BIOS_registerRTSLock__I)
                  00009cac    00000024                   : BIOS.obj (.text:ti_sysbios_family_arm_m3_Hwi_Instance_finalize__F)
                  00009cd0    00000024     KIRC_FltCmp_RTOS_pem4f.oem4f (.text:ti_sysbios_gates_GateMutex_Object__delete__S)
                  00009cf4    00000024     sysbios.aem4f : BIOS.obj (.text:ti_sysbios_knl_Clock_Module_startup__F)
                  00009d18    00000024     ti.targets.arm.rtsarm.aem4f : System.oem4f (.text:xdc_runtime_System_vprintf__F)
                  00009d3c    00000022     driverlib.lib : pwm.obj (.text:PWMGenConfigure)
                  00009d5e    00000002     --HOLE-- [fill = 0]
                  00009d60    00000020     UARTUtils.obj (.text:UARTUtils_systemPutch)
                  00009d80    00000020     KIRC_FltCmp_RTOS_pem4f.oem4f (.text:ti_sysbios_BIOS_startFunc__I)
                  00009da0    00000020     sysbios.aem4f : BIOS.obj (.text:ti_sysbios_family_arm_m3_Hwi_doTaskRestore__I)
                  00009dc0    00000020     KIRC_FltCmp_RTOS_pem4f.oem4f (.text:ti_sysbios_gates_GateHwi_Object__delete__S)
                  00009de0    00000020     KIRC_FltCmp_RTOS_pem4f.oem4f (.text:ti_sysbios_heaps_HeapMem_Object__delete__S)
                  00009e00    00000020     KIRC_FltCmp_RTOS_pem4f.oem4f (.text:ti_sysbios_knl_Semaphore_Object__destruct__S)
                  00009e20    00000020     sysbios.aem4f : BIOS.obj (.text:ti_sysbios_knl_Task_enter__I)
                  00009e40    00000020     ti.targets.arm.rtsarm.aem4f : Registry.oem4f (.text:xdc_runtime_Registry_findById__F)
                  00009e60    0000001e     driverlib.lib : pwm.obj (.text:PWMPulseWidthSet)
                  00009e7e    0000001e     sysbios.aem4f : BIOS.obj (.text:ti_sysbios_family_arm_lm4_Timer_write__I)
                  00009e9c    0000001c     driverlib.lib : uart.obj (.text:UARTDisable)
                  00009eb8    0000001c     rtsv7M4_T_le_v4SPD16_eabi.lib : memccpy.obj (.text)
                  00009ed4    0000001c     sysbios.aem4f : BIOS.obj (.text:ti_sysbios_BIOS_rtsLock__I)
                  00009ef0    0000001c     KIRC_FltCmp_RTOS_pem4f.oem4f (.text:ti_sysbios_family_arm_m3_Hwi_Object__destruct__S)
                  00009f0c    0000001c     KIRC_FltCmp_RTOS_pem4f.oem4f (.text:ti_sysbios_knl_Queue_Object__destruct__S)
                  00009f28    0000001c     ti.targets.arm.rtsarm.aem4f : Error.oem4f (.text:xdc_runtime_Error_check__F)
                  00009f44    0000001c                                 : Memory.oem4f (.text:xdc_runtime_Memory_valloc__F)
                  00009f60    0000001a     motors.obj (.text:motorsDisable)
                  00009f7a    0000001a     KIRC_FltCmp_RTOS_pem4f.oem4f (.text:xdc_runtime_System_aprintf__E)
                  00009f94    0000001a     KIRC_FltCmp_RTOS_pem4f.oem4f (.text:xdc_runtime_System_printf__E)
                  00009fae    00000018     driverlib.lib : gpio.obj (.text:GPIOPinTypeGPIOOutput)
                  00009fc6    00000018     sensors.obj (.text:Gyro_Init)
                  00009fde    00000018     UARTUtils.obj (.text:UARTUtils_deviceclose)
                  00009ff6    00000002     --HOLE-- [fill = 0]
                  00009ff8    00000018     uart_tivaware.aem4f : UART.oem4f (.text:UART_open)
                  0000a010    00000018     KIRC_FltCmp_RTOS_pem4f.oem4f (.text:free)
                  0000a028    00000018     rtsv7M4_T_le_v4SPD16_eabi.lib : args_main.obj (.text)
                  0000a040    00000018                                   : ll_mul_t2.obj (.text)
                  0000a058    00000018                                   : strcmp.obj (.text)
                  0000a070    00000018     KIRC_FltCmp_RTOS_pem4f.oem4f (.text:ti_sysbios_family_arm_lm4_Timer_Module__startupDone__F)
                  0000a088    00000018     KIRC_FltCmp_RTOS_pem4f.oem4f (.text:ti_sysbios_family_arm_m3_Hwi_Handle__label__S)
                  0000a0a0    00000018     KIRC_FltCmp_RTOS_pem4f.oem4f (.text:ti_sysbios_family_arm_m3_Hwi_Module__startupDone__F)
                  0000a0b8    00000018     sysbios.aem4f : m3_TaskSupport_asm.obj (.text:ti_sysbios_family_arm_m3_TaskSupport_swap__E)
                  0000a0d0    00000018     KIRC_FltCmp_RTOS_pem4f.oem4f (.text:ti_sysbios_gates_GateHwi_Handle__label__S)
                  0000a0e8    00000018     KIRC_FltCmp_RTOS_pem4f.oem4f (.text:ti_sysbios_gates_GateMutex_Handle__label__S)
                  0000a100    00000018     sysbios.aem4f : BIOS.obj (.text:ti_sysbios_gates_GateMutex_leave__E)
                  0000a118    00000018     KIRC_FltCmp_RTOS_pem4f.oem4f (.text:ti_sysbios_hal_Timer_Module__startupDone__F)
                  0000a130    00000018     KIRC_FltCmp_RTOS_pem4f.oem4f (.text:ti_sysbios_heaps_HeapMem_Handle__label__S)
                  0000a148    00000018     KIRC_FltCmp_RTOS_pem4f.oem4f (.text:ti_sysbios_knl_Task_Handle__label__S)
                  0000a160    00000018     ti.targets.arm.rtsarm.aem4f : Text.oem4f (.text:xdc_runtime_Text_ropeText__F)
                  0000a178    00000016     rtsv7M4_T_le_v4SPD16_eabi.lib : memchr.obj (.text)
                  0000a18e    00000016                                   : strchr.obj (.text)
                  0000a1a4    00000014     gpio_tivaware.aem4f : GPIO.oem4f (.text:GPIO_clearInt)
                  0000a1b8    00000014     driverlib.lib : sysctl.obj (.text:SysCtlPWMClockSet)
                  0000a1cc    00000014                   : uart.obj (.text:UARTEnable)
                  0000a1e0    00000014     UARTUtils.obj (.text:UARTUtils_systemReady)
                  0000a1f4    00000014     rtsv7M4_T_le_v4SPD16_eabi.lib : _lock.obj (.text)
                  0000a208    00000014                                   : strlen.obj (.text)
                  0000a21c    00000014     sysbios.aem4f : BIOS.obj (.text:ti_sysbios_family_arm_m3_Hwi_switchFromBootStack__E)
                  0000a230    00000014     KIRC_FltCmp_RTOS_pem4f.oem4f (.text:ti_sysbios_heaps_HeapMem_Object__get__S)
                  0000a244    00000014     ti.targets.arm.rtsarm.aem4f : System.oem4f (.text:xdc_runtime_System_abort__F)
                  0000a258    00000012     driverlib.lib : gpio.obj (.text:GPIOPinTypeGPIOInput)
                  0000a26a    00000012                   : gpio.obj (.text:GPIOPinTypeI2C)
                  0000a27c    00000012                   : gpio.obj (.text:GPIOPinTypeI2CSCL)
                  0000a28e    00000012                   : gpio.obj (.text:GPIOPinTypePWM)
                  0000a2a0    00000012                   : gpio.obj (.text:GPIOPinTypeUART)
                  0000a2b2    00000012                   : pwm.obj (.text:PWMOutputState)
                  0000a2c4    00000012     UARTUtils.obj (.text:UARTUtils_devicelseek)
                  0000a2d6    00000012     rtsv7M4_T_le_v4SPD16_eabi.lib : copy_zero_init.obj (.text:decompress:ZI)
                  0000a2e8    00000012                                   : xdclass.obj (.text)
                  0000a2fa    00000012     sysbios.aem4f : BIOS.obj (.text:ti_sysbios_hal_Hwi_Module_startup__F)
                  0000a30c    00000012                   : BIOS.obj (.text:ti_sysbios_hal_Timer_Module_startup__F)
                  0000a31e    00000012     KIRC_FltCmp_RTOS_pem4f.oem4f (.text:xdc_runtime_Startup_exec__I)
                  0000a330    00000010     driverlib.lib : pwm.obj (.text:PWMGenPeriodSet)
                  0000a340    00000010     UARTUtils.obj (.text:UARTUtils_devicerename)
                  0000a350    00000010     rtsv7M4_T_le_v4SPD16_eabi.lib : strcpy.obj (.text)
                  0000a360    00000010     sysbios.aem4f : BIOS.obj (.text:ti_sysbios_BIOS_getCpuFreq__E)
                  0000a370    00000010                   : BIOS.obj (.text:ti_sysbios_BIOS_setThreadType__E)
                  0000a380    00000010                   : BIOS.obj (.text:ti_sysbios_BIOS_start__E)
                  0000a390    00000010                   : BIOS.obj (.text:ti_sysbios_family_arm_m3_Hwi_excHandler__I)
                  0000a3a0    00000010                   : m3_TaskSupport_asm.obj (.text:ti_sysbios_family_arm_m3_TaskSupport_glue)
                  0000a3b0    00000010                   : BIOS.obj (.text:ti_sysbios_gates_GateMutex_Instance_finalize__F)
                  0000a3c0    00000010                   : BIOS.obj (.text:ti_sysbios_knl_Semaphore_Instance_finalize__F)
                  0000a3d0    00000010     KIRC_FltCmp_RTOS_pem4f.oem4f (.text:ti_sysbios_knl_Task_Object__get__S)
                  0000a3e0    00000010     sysbios.aem4f : BIOS.obj (.text:ti_sysbios_knl_Task_disable__E)
                  0000a3f0    00000010     ti.targets.arm.rtsarm.aem4f : Gate.oem4f (.text:xdc_runtime_Gate_leaveSystem__F)
                  0000a400    00000010                                 : Memory.oem4f (.text:xdc_runtime_Memory_free__F)
                  0000a410    00000010                                 : SysCallback.oem4f (.text:xdc_runtime_SysCallback_abort__F)
                  0000a420    00000010                                 : SysCallback.oem4f (.text:xdc_runtime_SysCallback_exit__F)
                  0000a430    00000010                                 : SysCallback.oem4f (.text:xdc_runtime_SysCallback_flush__F)
                  0000a440    00000010                                 : SysCallback.oem4f (.text:xdc_runtime_SysCallback_putch__F)
                  0000a450    00000010                                 : SysCallback.oem4f (.text:xdc_runtime_SysCallback_ready__F)
                  0000a460    00000010                                 : System.oem4f (.text:xdc_runtime_System_vsnprintf__F)
                  0000a470    0000000e     driverlib.lib : gpio.obj (.text:GPIOIntDisable)
                  0000a47e    0000000e                   : gpio.obj (.text:GPIOIntStatus)
                  0000a48c    0000000e                   : uart.obj (.text:UARTCharGetNonBlocking)
                  0000a49a    0000000e                   : uart.obj (.text:UARTCharPutNonBlocking)
                  0000a4a8    0000000e     UARTUtils.obj (.text:UARTUtils_deviceunlink)
                  0000a4b6    0000000e     rtsv7M4_T_le_v4SPD16_eabi.lib : copy_decompress_none.obj (.text:decompress:none)
                  0000a4c4    0000000e     sysbios.aem4f : BIOS.obj (.text:ti_sysbios_knl_Queue_empty__E)
                  0000a4d2    00000002     --HOLE-- [fill = 0]
                  0000a4d4    0000000c     KIRC_FltCmp_RTOS_pem4f.oem4f (.text:.bootCodeSection:ti_catalog_arm_cortexm4_tiva_ce_Boot_init__I)
                  0000a4e0    0000000c     driverlib.lib : gpio.obj (.text:GPIOIntEnable)
                  0000a4ec    0000000c                   : pwm.obj (.text:PWMGenEnable)
                  0000a4f8    0000000c     sysbios.aem4f : BIOS.obj (.text:ti_sysbios_family_arm_lm4_Timer_masterDisable__I)
                  0000a504    0000000c     KIRC_FltCmp_RTOS_pem4f.oem4f (.text:ti_sysbios_family_arm_m3_Hwi_Params__init__S)
                  0000a510    0000000c     sysbios.aem4f : BIOS.obj (.text:ti_sysbios_family_arm_m3_Hwi_disableFxn__E)
                  0000a51c    0000000c                   : BIOS.obj (.text:ti_sysbios_gates_GateHwi_enter__E)
                  0000a528    0000000c                   : BIOS.obj (.text:ti_sysbios_knl_Clock_getTicks__E)
                  0000a534    0000000c     KIRC_FltCmp_RTOS_pem4f.oem4f (.text:ti_sysbios_knl_Queue_Object__get__S)
                  0000a540    0000000c     KIRC_FltCmp_RTOS_pem4f.oem4f (.text:ti_sysbios_knl_Semaphore_Params__init__S)
                  0000a54c    0000000c     ti.targets.arm.rtsarm.aem4f : Error.oem4f (.text:xdc_runtime_Error_init__F)
                  0000a558    0000000c                                 : Gate.oem4f (.text:xdc_runtime_Gate_enterSystem__F)
                  0000a564    0000000c                                 : Memory.oem4f (.text:xdc_runtime_Memory_calloc__F)
                  0000a570    0000000c                                 : Memory.oem4f (.text:xdc_runtime_Memory_getMaxDefaultTypeAlign__F)
                  0000a57c    0000000c                                 : System.oem4f (.text:xdc_runtime_System_exit__F)
                  0000a588    0000000c                                 : System.oem4f (.text:xdc_runtime_System_lastFxn__I)
                  0000a594    0000000a     driverlib.lib : i2c.obj (.text:I2CMasterEnable)
                  0000a59e    0000000a                   : uart.obj (.text:UARTCharGet)
                  0000a5a8    0000000a                   : uart.obj (.text:UARTCharPut)
                  0000a5b2    0000000a                   : uart.obj (.text:UARTIntDisable)
                  0000a5bc    0000000a                   : uart.obj (.text:UARTIntStatus)
                  0000a5c6    0000000a     uart_tivaware.aem4f : UART.oem4f (.text:UART_close)
                  0000a5d0    0000000a                         : UART.oem4f (.text:UART_read)
                  0000a5da    0000000a                         : UART.oem4f (.text:UART_write)
                  0000a5e4    0000000a                         : UART.oem4f (.text:UART_writePolling)
                  0000a5ee    0000000a     KIRC_FltCmp_RTOS_pem4f.oem4f (.text:xdc_runtime_IHeap_alloc)
                  0000a5f8    0000000a     KIRC_FltCmp_RTOS_pem4f.oem4f (.text:xdc_runtime_IHeap_free)
                  0000a602    0000000a     KIRC_FltCmp_RTOS_pem4f.oem4f (.text:xdc_runtime_Text_visitRope__I)
                  0000a60c    00000008     driverlib.lib : i2c.obj (.text:I2CMasterBusy)
                  0000a614    00000008                   : i2c.obj (.text:I2CMasterSlaveAddrSet)
                  0000a61c    00000008                   : uart.obj (.text:UARTIntEnable)
                  0000a624    00000008     uart_tivaware.aem4f : UARTTiva.oem4f (.text:UARTTiva_init)
                  0000a62c    00000008                         : UARTTiva.oem4f (.text:readSemCallback)
                  0000a634    00000008     sysbios.aem4f : BIOS.obj (.text:ti_sysbios_family_arm_m3_Hwi_startup__E)
                  0000a63c    00000008                   : BIOS.obj (.text:ti_sysbios_knl_Idle_loop__E)
                  0000a644    00000008     uart_tivaware.aem4f : UARTTiva.oem4f (.text:writeSemCallback)
                  0000a64c    00000006     driverlib.lib : gpio.obj (.text:GPIOIntClear)
                  0000a652    00000006                   : gpio.obj (.text:GPIOPinRead)
                  0000a658    00000006                   : gpio.obj (.text:GPIOPinWrite)
                  0000a65e    00000006                   : sysctl.obj (.text:SysCtlDelay)
                  0000a664    00000006                   : uart.obj (.text:UARTFIFOLevelSet)
                  0000a66a    00000006     ti.targets.arm.rtsarm.aem4f : xdc_noinit.oem4f (.text:__xdc__init)
                  0000a670    00000006     rtsv7M4_T_le_v4SPD16_eabi.lib : copy_decompress_rle.obj (.text:decompress:rle24)
                  0000a676    00000006     Boot.aem4f : Boot_sysctl.oem4f (.text:ti_catalog_arm_cortexm4_tiva_ce_Boot_sysCtlDelayI__I)
                  0000a67c    00000006     sysbios.aem4f : BIOS.obj (.text:ti_sysbios_family_arm_m3_Hwi_restoreFxn__E)
                  0000a682    00000006                   : BIOS.obj (.text:ti_sysbios_gates_GateHwi_leave__E)
                  0000a688    00000006                   : BIOS.obj (.text:ti_sysbios_heaps_HeapMem_isBlocking__E)
                  0000a68e    00000006                   : BIOS.obj (.text:ti_sysbios_knl_Queue_Instance_init__F)
                  0000a694    00000006                   : BIOS.obj (.text:ti_sysbios_knl_Swi_Module_startup__F)
                  0000a69a    00000006     ti.targets.arm.rtsarm.aem4f : System.oem4f (.text:xdc_runtime_System_Module_startup__F)
                  0000a6a0    00000004     driverlib.lib : i2c.obj (.text:I2CMasterControl)
                  0000a6a4    00000004                   : i2c.obj (.text:I2CMasterDataGet)
                  0000a6a8    00000004                   : i2c.obj (.text:I2CMasterDataPut)
                  0000a6ac    00000004                   : uart.obj (.text:UARTIntClear)
                  0000a6b0    00000004     KIRC_FltCmp_RTOS_pem4f.oem4f (.text:ti_sysbios_BIOS_RtsGateProxy_enter__E)
                  0000a6b4    00000004     KIRC_FltCmp_RTOS_pem4f.oem4f (.text:ti_sysbios_BIOS_RtsGateProxy_leave__E)
                  0000a6b8    00000004     sysbios.aem4f : BIOS.obj (.text:ti_sysbios_family_arm_lm4_Timer_getPeriod__E)
                  0000a6bc    00000004                   : BIOS.obj (.text:ti_sysbios_family_arm_lm4_Timer_masterEnable__I)
                  0000a6c0    00000004     KIRC_FltCmp_RTOS_pem4f.oem4f (.text:ti_sysbios_family_arm_m3_TaskSupport_Module__startupDone__S)
                  0000a6c4    00000004     sysbios.aem4f : BIOS.obj (.text:ti_sysbios_gates_GateHwi_query__F)
                  0000a6c8    00000004                   : BIOS.obj (.text:ti_sysbios_gates_GateMutex_query__F)
                  0000a6cc    00000004     KIRC_FltCmp_RTOS_pem4f.oem4f (.text:ti_sysbios_hal_Hwi_HwiProxy_Module__startupDone__S)
                  0000a6d0    00000004     KIRC_FltCmp_RTOS_pem4f.oem4f (.text:ti_sysbios_hal_Timer_TimerProxy_Module__startupDone__S)
                  0000a6d4    00000004     KIRC_FltCmp_RTOS_pem4f.oem4f (.text:ti_sysbios_hal_Timer_TimerProxy_getPeriod__E)
                  0000a6d8    00000004     KIRC_FltCmp_RTOS_pem4f.oem4f (.text:ti_sysbios_heaps_HeapMem_Module_GateProxy_enter__E)
                  0000a6dc    00000004     KIRC_FltCmp_RTOS_pem4f.oem4f (.text:ti_sysbios_heaps_HeapMem_Module_GateProxy_leave__E)
                  0000a6e0    00000004     KIRC_FltCmp_RTOS_pem4f.oem4f (.text:ti_sysbios_knl_Task_SupportProxy_Module__startupDone__S)
                  0000a6e4    00000004     sysbios.aem4f : BIOS.obj (.text:ti_sysbios_knl_Task_startup__E)
                  0000a6e8    00000004     ti.targets.arm.rtsarm.aem4f : Error.oem4f (.text:xdc_runtime_Error_getSite__F)
                  0000a6ec    00000004     KIRC_FltCmp_RTOS_pem4f.oem4f (.text:xdc_runtime_Memory_HeapProxy_alloc__E)
                  0000a6f0    00000004     KIRC_FltCmp_RTOS_pem4f.oem4f (.text:xdc_runtime_Memory_HeapProxy_free__E)
                  0000a6f4    00000004     KIRC_FltCmp_RTOS_pem4f.oem4f (.text:xdc_runtime_System_Module_GateProxy_enter__E)
                  0000a6f8    00000004     KIRC_FltCmp_RTOS_pem4f.oem4f (.text:xdc_runtime_System_Module_GateProxy_leave__E)
                  0000a6fc    00000004     ti.targets.arm.rtsarm.aem4f : System.oem4f (.text:xdc_runtime_System_aprintf_va__F)
                  0000a700    00000004                                 : System.oem4f (.text:xdc_runtime_System_printf_va__F)
                  0000a704    00000004     KIRC_FltCmp_RTOS_pem4f.oem4f (.text:xdc_runtime_System_vsnprintf__E)

.const     0    0000a708    00001f7c     
                  0000a708    000015c7     KIRC_FltCmp_RTOS_pem4f.oem4f (.const:xdc_runtime_Text_charTab__A)
                  0000bccf    00000001     KIRC_FltCmp_RTOS_pem4f.oem4f (.const:xdc_runtime_Error_policy__C)
                  0000bcd0    00000102     rtsv7M4_T_le_v4SPD16_eabi.lib : ctype.obj (.const:.string:_ctypes_)
                  0000bdd2    000000d8     KIRC_FltCmp_RTOS_pem4f.oem4f (.const:ti_sysbios_family_arm_m3_Hwi_priorities__A)
                  0000beaa    00000002     KIRC_FltCmp_RTOS_pem4f.oem4f (.const:ti_catalog_arm_cortexm4_tiva_ce_Boot_Module__id__C)
                  0000beac    00000090     driverlib.lib : gpio.obj (.const:g_pui32GPIOBaseAddrs)
                  0000bf3c    00000004     KIRC_FltCmp_RTOS_pem4f.oem4f (.const:ti_catalog_arm_cortexm4_tiva_ce_Boot_A_mustUseEnhancedClockMode__C)
                  0000bf40    00000088     rtsv7M4_T_le_v4SPD16_eabi.lib : xatan.obj (.const)
                  0000bfc8    00000084     EK_TM4C123GXL.obj (.const:gpioHWAttrs)
                  0000c04c    0000006c     driverlib.lib : sysctl.obj (.const:g_pui32Xtals)
                  0000c0b8    00000048     KIRC_FltCmp_RTOS_pem4f.oem4f (.const:.string)
                  0000c100    0000003c     Main.obj (.const)
                  0000c13c    00000034     rtsv7M4_T_le_v4SPD16_eabi.lib : xfatan.obj (.const)
                  0000c170    00000030     EK_TM4C123GXL.obj (.const)
                  0000c1a0    00000030     EK_TM4C123GXL.obj (.const:GPIO_config)
                  0000c1d0    00000030     KIRC_FltCmp_RTOS_pem4f.oem4f (.const:ti_sysbios_family_arm_m3_Hwi_Object__PARAMS__C)
                  0000c200    0000002c     EK_TM4C123GXL.obj (.const:EK_TM4C123GXL_gpioPortACallbacks)
                  0000c22c    0000002c     EK_TM4C123GXL.obj (.const:EK_TM4C123GXL_gpioPortFCallbacks)
                  0000c258    00000028     KIRC_FltCmp_RTOS_pem4f.oem4f (.const:ti_sysbios_heaps_HeapMem_Module__FXNS__C)
                  0000c280    00000024     uart_tivaware.aem4f : UARTTiva.oem4f (.const:UARTTiva_fxnTable)
                  0000c2a4    00000024     KIRC_FltCmp_RTOS_pem4f.oem4f (.const:ti_sysbios_gates_GateHwi_Module__FXNS__C)
                  0000c2c8    00000024     KIRC_FltCmp_RTOS_pem4f.oem4f (.const:ti_sysbios_gates_GateMutex_Module__FXNS__C)
                  0000c2ec    00000024     KIRC_FltCmp_RTOS_pem4f.oem4f (.const:ti_sysbios_heaps_HeapMem_Object__PARAMS__C)
                  0000c310    00000024     KIRC_FltCmp_RTOS_pem4f.oem4f (.const:ti_sysbios_knl_Semaphore_Object__PARAMS__C)
                  0000c334    00000020     KIRC_FltCmp_RTOS_pem4f.oem4f (.const:ti_sysbios_family_arm_m3_Hwi_Object__DESC__C)
                  0000c354    00000020     KIRC_FltCmp_RTOS_pem4f.oem4f (.const:ti_sysbios_gates_GateHwi_Object__DESC__C)
                  0000c374    00000020     KIRC_FltCmp_RTOS_pem4f.oem4f (.const:ti_sysbios_gates_GateMutex_Object__DESC__C)
                  0000c394    00000020     KIRC_FltCmp_RTOS_pem4f.oem4f (.const:ti_sysbios_heaps_HeapMem_Object__DESC__C)
                  0000c3b4    00000020     KIRC_FltCmp_RTOS_pem4f.oem4f (.const:ti_sysbios_knl_Queue_Object__DESC__C)
                  0000c3d4    00000020     KIRC_FltCmp_RTOS_pem4f.oem4f (.const:ti_sysbios_knl_Semaphore_Object__DESC__C)
                  0000c3f4    00000020     KIRC_FltCmp_RTOS_pem4f.oem4f (.const:xdc_runtime_Startup_sfxnTab__A)
                  0000c414    00000018     KIRC_FltCmp_RTOS_pem4f.oem4f (.const:ti_sysbios_gates_GateHwi_Object__PARAMS__C)
                  0000c42c    00000018     KIRC_FltCmp_RTOS_pem4f.oem4f (.const:ti_sysbios_gates_GateMutex_Object__PARAMS__C)
                  0000c444    00000018     KIRC_FltCmp_RTOS_pem4f.oem4f (.const:ti_sysbios_knl_Queue_Object__PARAMS__C)
                  0000c45c    00000014     KIRC_FltCmp_RTOS_pem4f.oem4f (.const:xdc_runtime_Startup_firstFxns__A)
                  0000c470    00000011     ti.targets.arm.rtsarm.aem4f : System.oem4f (.const)
                  0000c481    00000001     --HOLE-- [fill = 0]
                  0000c482    00000010     KIRC_FltCmp_RTOS_pem4f.oem4f (.const:xdc_runtime_Startup_sfxnRts__A)
                  0000c492    00000010     KIRC_FltCmp_RTOS_pem4f.oem4f (.const:xdc_runtime_Text_nodeTab__A)
                  0000c4a2    00000002     KIRC_FltCmp_RTOS_pem4f.oem4f (.const:ti_sysbios_BIOS_Module__id__C)
                  0000c4a4    00000008     KIRC_FltCmp_RTOS_pem4f.oem4f (.const:ti_sysbios_family_arm_m3_Hwi_excHookFuncs__A)
                  0000c4ac    00000008     KIRC_FltCmp_RTOS_pem4f.oem4f (.const:ti_sysbios_knl_Idle_coreList__C)
                  0000c4b4    00000008     KIRC_FltCmp_RTOS_pem4f.oem4f (.const:ti_sysbios_knl_Idle_funcList__C)
                  0000c4bc    00000008     KIRC_FltCmp_RTOS_pem4f.oem4f (.const:xdc_runtime_Startup_firstFxns__C)
                  0000c4c4    00000008     KIRC_FltCmp_RTOS_pem4f.oem4f (.const:xdc_runtime_Startup_lastFxns__C)
                  0000c4cc    00000004     KIRC_FltCmp_RTOS_pem4f.oem4f (.const:ti_catalog_arm_cortexm4_tiva_ce_Boot_Module__diagsEnabled__C)
                  0000c4d0    00000004     KIRC_FltCmp_RTOS_pem4f.oem4f (.const:ti_catalog_arm_cortexm4_tiva_ce_Boot_Module__diagsIncluded__C)
                  0000c4d4    00000004     KIRC_FltCmp_RTOS_pem4f.oem4f (.const:ti_catalog_arm_cortexm4_tiva_ce_Boot_Module__diagsMask__C)
                  0000c4d8    00000004     KIRC_FltCmp_RTOS_pem4f.oem4f (.const:ti_sysbios_BIOS_Module__diagsEnabled__C)
                  0000c4dc    00000004     KIRC_FltCmp_RTOS_pem4f.oem4f (.const:ti_sysbios_BIOS_Module__diagsIncluded__C)
                  0000c4e0    00000004     KIRC_FltCmp_RTOS_pem4f.oem4f (.const:ti_sysbios_BIOS_Module__diagsMask__C)
                  0000c4e4    00000004     KIRC_FltCmp_RTOS_pem4f.oem4f (.const:ti_sysbios_BIOS_installedErrorHook__C)
                  0000c4e8    00000004     KIRC_FltCmp_RTOS_pem4f.oem4f (.const:ti_sysbios_family_arm_lm4_Timer_enableFunc__C)
                  0000c4ec    00000004     KIRC_FltCmp_RTOS_pem4f.oem4f (.const:ti_sysbios_family_arm_lm4_Timer_numTimerDevices__C)
                  0000c4f0    00000004     KIRC_FltCmp_RTOS_pem4f.oem4f (.const:ti_sysbios_family_arm_lm4_Timer_startupNeeded__C)
                  0000c4f4    00000004     KIRC_FltCmp_RTOS_pem4f.oem4f (.const:ti_sysbios_family_arm_m3_Hwi_E_NMI__C)
                  0000c4f8    00000004     KIRC_FltCmp_RTOS_pem4f.oem4f (.const:ti_sysbios_family_arm_m3_Hwi_E_alreadyDefined__C)
                  0000c4fc    00000004     KIRC_FltCmp_RTOS_pem4f.oem4f (.const:ti_sysbios_family_arm_m3_Hwi_E_busFault__C)
                  0000c500    00000004     KIRC_FltCmp_RTOS_pem4f.oem4f (.const:ti_sysbios_family_arm_m3_Hwi_E_debugMon__C)
                  0000c504    00000004     KIRC_FltCmp_RTOS_pem4f.oem4f (.const:ti_sysbios_family_arm_m3_Hwi_E_hardFault__C)
                  0000c508    00000004     KIRC_FltCmp_RTOS_pem4f.oem4f (.const:ti_sysbios_family_arm_m3_Hwi_E_memFault__C)
                  0000c50c    00000004     KIRC_FltCmp_RTOS_pem4f.oem4f (.const:ti_sysbios_family_arm_m3_Hwi_E_noIsr__C)
                  0000c510    00000004     KIRC_FltCmp_RTOS_pem4f.oem4f (.const:ti_sysbios_family_arm_m3_Hwi_E_reserved__C)
                  0000c514    00000004     KIRC_FltCmp_RTOS_pem4f.oem4f (.const:ti_sysbios_family_arm_m3_Hwi_E_svCall__C)
                  0000c518    00000004     KIRC_FltCmp_RTOS_pem4f.oem4f (.const:ti_sysbios_family_arm_m3_Hwi_E_usageFault__C)
                  0000c51c    00000004     KIRC_FltCmp_RTOS_pem4f.oem4f (.const:ti_sysbios_family_arm_m3_Hwi_NUM_INTERRUPTS__C)
                  0000c520    00000004     KIRC_FltCmp_RTOS_pem4f.oem4f (.const:ti_sysbios_family_arm_m3_Hwi_ccr__C)
                  0000c524    00000004     KIRC_FltCmp_RTOS_pem4f.oem4f (.const:ti_sysbios_family_arm_m3_Hwi_dispatchTable__C)
                  0000c528    00000004     KIRC_FltCmp_RTOS_pem4f.oem4f (.const:ti_sysbios_family_arm_m3_Hwi_excHandlerFunc__C)
                  0000c52c    00000004     KIRC_FltCmp_RTOS_pem4f.oem4f (.const:ti_sysbios_family_arm_m3_Hwi_excHookFuncs__C)
                  0000c530    00000004     KIRC_FltCmp_RTOS_pem4f.oem4f (.const:ti_sysbios_family_arm_m3_Hwi_priGroup__C)
                  0000c534    00000004     KIRC_FltCmp_RTOS_pem4f.oem4f (.const:ti_sysbios_family_arm_m3_Hwi_priorities__C)
                  0000c538    00000004     KIRC_FltCmp_RTOS_pem4f.oem4f (.const:ti_sysbios_gates_GateMutex_A_badContext__C)
                  0000c53c    00000004     KIRC_FltCmp_RTOS_pem4f.oem4f (.const:ti_sysbios_gates_GateMutex_Instance_State_sem__O)
                  0000c540    00000004     KIRC_FltCmp_RTOS_pem4f.oem4f (.const:ti_sysbios_gates_GateMutex_Module__diagsEnabled__C)
                  0000c544    00000004     KIRC_FltCmp_RTOS_pem4f.oem4f (.const:ti_sysbios_gates_GateMutex_Module__diagsIncluded__C)
                  0000c548    00000004     KIRC_FltCmp_RTOS_pem4f.oem4f (.const:ti_sysbios_gates_GateMutex_Module__diagsMask__C)
                  0000c54c    00000004     KIRC_FltCmp_RTOS_pem4f.oem4f (.const:ti_sysbios_heaps_HeapMem_A_align__C)
                  0000c550    00000004     KIRC_FltCmp_RTOS_pem4f.oem4f (.const:ti_sysbios_heaps_HeapMem_A_heapSize__C)
                  0000c554    00000004     KIRC_FltCmp_RTOS_pem4f.oem4f (.const:ti_sysbios_heaps_HeapMem_A_invalidFree__C)
                  0000c558    00000004     KIRC_FltCmp_RTOS_pem4f.oem4f (.const:ti_sysbios_heaps_HeapMem_A_zeroBlock__C)
                  0000c55c    00000004     KIRC_FltCmp_RTOS_pem4f.oem4f (.const:ti_sysbios_heaps_HeapMem_E_memory__C)
                  0000c560    00000004     KIRC_FltCmp_RTOS_pem4f.oem4f (.const:ti_sysbios_heaps_HeapMem_Module__diagsEnabled__C)
                  0000c564    00000004     KIRC_FltCmp_RTOS_pem4f.oem4f (.const:ti_sysbios_heaps_HeapMem_Module__diagsIncluded__C)
                  0000c568    00000004     KIRC_FltCmp_RTOS_pem4f.oem4f (.const:ti_sysbios_heaps_HeapMem_Module__diagsMask__C)
                  0000c56c    00000004     KIRC_FltCmp_RTOS_pem4f.oem4f (.const:ti_sysbios_heaps_HeapMem_Module__gateObj__C)
                  0000c570    00000004     KIRC_FltCmp_RTOS_pem4f.oem4f (.const:ti_sysbios_heaps_HeapMem_Object__count__C)
                  0000c574    00000004     KIRC_FltCmp_RTOS_pem4f.oem4f (.const:ti_sysbios_heaps_HeapMem_reqAlign__C)
                  0000c578    00000004     KIRC_FltCmp_RTOS_pem4f.oem4f (.const:ti_sysbios_knl_Clock_Module_State_clockQ__O)
                  0000c57c    00000004     KIRC_FltCmp_RTOS_pem4f.oem4f (.const:ti_sysbios_knl_Semaphore_A_badContext__C)
                  0000c580    00000004     KIRC_FltCmp_RTOS_pem4f.oem4f (.const:ti_sysbios_knl_Semaphore_A_noEvents__C)
                  0000c584    00000004     KIRC_FltCmp_RTOS_pem4f.oem4f (.const:ti_sysbios_knl_Semaphore_A_overflow__C)
                  0000c588    00000004     KIRC_FltCmp_RTOS_pem4f.oem4f (.const:ti_sysbios_knl_Semaphore_A_pendTaskDisabled__C)
                  0000c58c    00000004     KIRC_FltCmp_RTOS_pem4f.oem4f (.const:ti_sysbios_knl_Semaphore_Instance_State_pendQ__O)
                  0000c590    00000004     KIRC_FltCmp_RTOS_pem4f.oem4f (.const:ti_sysbios_knl_Semaphore_Module__diagsEnabled__C)
                  0000c594    00000004     KIRC_FltCmp_RTOS_pem4f.oem4f (.const:ti_sysbios_knl_Semaphore_Module__diagsIncluded__C)
                  0000c598    00000004     KIRC_FltCmp_RTOS_pem4f.oem4f (.const:ti_sysbios_knl_Semaphore_Module__diagsMask__C)
                  0000c59c    00000004     KIRC_FltCmp_RTOS_pem4f.oem4f (.const:ti_sysbios_knl_Task_A_badTimeout__C)
                  0000c5a0    00000004     KIRC_FltCmp_RTOS_pem4f.oem4f (.const:ti_sysbios_knl_Task_A_sleepTaskDisabled__C)
                  0000c5a4    00000004     KIRC_FltCmp_RTOS_pem4f.oem4f (.const:ti_sysbios_knl_Task_Module_State_inactiveQ__O)
                  0000c5a8    00000004     KIRC_FltCmp_RTOS_pem4f.oem4f (.const:ti_sysbios_knl_Task_Module__diagsEnabled__C)
                  0000c5ac    00000004     KIRC_FltCmp_RTOS_pem4f.oem4f (.const:ti_sysbios_knl_Task_Module__diagsIncluded__C)
                  0000c5b0    00000004     KIRC_FltCmp_RTOS_pem4f.oem4f (.const:ti_sysbios_knl_Task_Module__diagsMask__C)
                  0000c5b4    00000004     KIRC_FltCmp_RTOS_pem4f.oem4f (.const:ti_sysbios_knl_Task_Object__count__C)
                  0000c5b8    00000004     KIRC_FltCmp_RTOS_pem4f.oem4f (.const:ti_sysbios_knl_Task_allBlockedFunc__C)
                  0000c5bc    00000004     KIRC_FltCmp_RTOS_pem4f.oem4f (.const:ti_sysbios_knl_Task_numConstructedTasks__C)
                  0000c5c0    00000004     KIRC_FltCmp_RTOS_pem4f.oem4f (.const:xdc_runtime_Assert_E_assertFailed__C)
                  0000c5c4    00000004     KIRC_FltCmp_RTOS_pem4f.oem4f (.const:xdc_runtime_Core_A_initializedParams__C)
                  0000c5c8    00000004     KIRC_FltCmp_RTOS_pem4f.oem4f (.const:xdc_runtime_Core_Module__diagsEnabled__C)
                  0000c5cc    00000004     KIRC_FltCmp_RTOS_pem4f.oem4f (.const:xdc_runtime_Core_Module__diagsIncluded__C)
                  0000c5d0    00000004     KIRC_FltCmp_RTOS_pem4f.oem4f (.const:xdc_runtime_Core_Module__diagsMask__C)
                  0000c5d4    00000004     KIRC_FltCmp_RTOS_pem4f.oem4f (.const:xdc_runtime_Error_E_memory__C)
                  0000c5d8    00000004     KIRC_FltCmp_RTOS_pem4f.oem4f (.const:xdc_runtime_Error_Module__diagsEnabled__C)
                  0000c5dc    00000004     KIRC_FltCmp_RTOS_pem4f.oem4f (.const:xdc_runtime_Error_Module__diagsIncluded__C)
                  0000c5e0    00000004     KIRC_FltCmp_RTOS_pem4f.oem4f (.const:xdc_runtime_Error_Module__diagsMask__C)
                  0000c5e4    00000004     KIRC_FltCmp_RTOS_pem4f.oem4f (.const:xdc_runtime_Error_Module__loggerFxn8__C)
                  0000c5e8    00000004     KIRC_FltCmp_RTOS_pem4f.oem4f (.const:xdc_runtime_Error_Module__loggerObj__C)
                  0000c5ec    00000004     KIRC_FltCmp_RTOS_pem4f.oem4f (.const:xdc_runtime_Error_raiseHook__C)
                  0000c5f0    00000004     KIRC_FltCmp_RTOS_pem4f.oem4f (.const:xdc_runtime_IGateProvider_Interface__BASE__C)
                  0000c5f4    00000004     KIRC_FltCmp_RTOS_pem4f.oem4f (.const:xdc_runtime_IHeap_Interface__BASE__C)
                  0000c5f8    00000004     KIRC_FltCmp_RTOS_pem4f.oem4f (.const:xdc_runtime_IModule_Interface__BASE__C)
                  0000c5fc    00000004     KIRC_FltCmp_RTOS_pem4f.oem4f (.const:xdc_runtime_Log_L_error__C)
                  0000c600    00000004     KIRC_FltCmp_RTOS_pem4f.oem4f (.const:xdc_runtime_Main_Module__diagsEnabled__C)
                  0000c604    00000004     KIRC_FltCmp_RTOS_pem4f.oem4f (.const:xdc_runtime_Main_Module__diagsIncluded__C)
                  0000c608    00000004     KIRC_FltCmp_RTOS_pem4f.oem4f (.const:xdc_runtime_Main_Module__diagsMask__C)
                  0000c60c    00000004     KIRC_FltCmp_RTOS_pem4f.oem4f (.const:xdc_runtime_Main_Module__loggerFxn2__C)
                  0000c610    00000004     KIRC_FltCmp_RTOS_pem4f.oem4f (.const:xdc_runtime_Main_Module__loggerObj__C)
                  0000c614    00000004     KIRC_FltCmp_RTOS_pem4f.oem4f (.const:xdc_runtime_Memory_defaultHeapInstance__C)
                  0000c618    00000004     KIRC_FltCmp_RTOS_pem4f.oem4f (.const:xdc_runtime_Startup_execImpl__C)
                  0000c61c    00000004     KIRC_FltCmp_RTOS_pem4f.oem4f (.const:xdc_runtime_Startup_lastFxns__A)
                  0000c620    00000004     KIRC_FltCmp_RTOS_pem4f.oem4f (.const:xdc_runtime_Startup_maxPasses__C)
                  0000c624    00000004     KIRC_FltCmp_RTOS_pem4f.oem4f (.const:xdc_runtime_Startup_sfxnRts__C)
                  0000c628    00000004     KIRC_FltCmp_RTOS_pem4f.oem4f (.const:xdc_runtime_Startup_sfxnTab__C)
                  0000c62c    00000004     KIRC_FltCmp_RTOS_pem4f.oem4f (.const:xdc_runtime_SysCallback_abortFxn__C)
                  0000c630    00000004     KIRC_FltCmp_RTOS_pem4f.oem4f (.const:xdc_runtime_SysCallback_exitFxn__C)
                  0000c634    00000004     KIRC_FltCmp_RTOS_pem4f.oem4f (.const:xdc_runtime_SysCallback_flushFxn__C)
                  0000c638    00000004     KIRC_FltCmp_RTOS_pem4f.oem4f (.const:xdc_runtime_SysCallback_putchFxn__C)
                  0000c63c    00000004     KIRC_FltCmp_RTOS_pem4f.oem4f (.const:xdc_runtime_SysCallback_readyFxn__C)
                  0000c640    00000004     KIRC_FltCmp_RTOS_pem4f.oem4f (.const:xdc_runtime_System_Module__gateObj__C)
                  0000c644    00000004     KIRC_FltCmp_RTOS_pem4f.oem4f (.const:xdc_runtime_System_extendFxn__C)
                  0000c648    00000004     KIRC_FltCmp_RTOS_pem4f.oem4f (.const:xdc_runtime_System_maxAtexitHandlers__C)
                  0000c64c    00000004     KIRC_FltCmp_RTOS_pem4f.oem4f (.const:xdc_runtime_Text_charTab__C)
                  0000c650    00000004     KIRC_FltCmp_RTOS_pem4f.oem4f (.const:xdc_runtime_Text_nameEmpty__C)
                  0000c654    00000004     KIRC_FltCmp_RTOS_pem4f.oem4f (.const:xdc_runtime_Text_nameStatic__C)
                  0000c658    00000004     KIRC_FltCmp_RTOS_pem4f.oem4f (.const:xdc_runtime_Text_nameUnknown__C)
                  0000c65c    00000004     KIRC_FltCmp_RTOS_pem4f.oem4f (.const:xdc_runtime_Text_nodeTab__C)
                  0000c660    00000004     KIRC_FltCmp_RTOS_pem4f.oem4f (.const:xdc_runtime_Text_visitRopeFxn__C)
                  0000c664    00000002     KIRC_FltCmp_RTOS_pem4f.oem4f (.const:ti_sysbios_family_arm_m3_Hwi_Module__id__C)
                  0000c666    00000002     KIRC_FltCmp_RTOS_pem4f.oem4f (.const:ti_sysbios_gates_GateMutex_Module__id__C)
                  0000c668    00000002     KIRC_FltCmp_RTOS_pem4f.oem4f (.const:ti_sysbios_heaps_HeapMem_Module__id__C)
                  0000c66a    00000002     KIRC_FltCmp_RTOS_pem4f.oem4f (.const:ti_sysbios_knl_Semaphore_Module__id__C)
                  0000c66c    00000002     KIRC_FltCmp_RTOS_pem4f.oem4f (.const:ti_sysbios_knl_Task_Module__id__C)
                  0000c66e    00000002     KIRC_FltCmp_RTOS_pem4f.oem4f (.const:ti_sysbios_knl_Task_initStackFlag__C)
                  0000c670    00000002     KIRC_FltCmp_RTOS_pem4f.oem4f (.const:xdc_runtime_Core_Module__id__C)
                  0000c672    00000002     KIRC_FltCmp_RTOS_pem4f.oem4f (.const:xdc_runtime_Error_Module__loggerDefined__C)
                  0000c674    00000002     KIRC_FltCmp_RTOS_pem4f.oem4f (.const:xdc_runtime_Error_maxDepth__C)
                  0000c676    00000002     KIRC_FltCmp_RTOS_pem4f.oem4f (.const:xdc_runtime_Main_Module__id__C)
                  0000c678    00000002     KIRC_FltCmp_RTOS_pem4f.oem4f (.const:xdc_runtime_Main_Module__loggerDefined__C)
                  0000c67a    00000002     KIRC_FltCmp_RTOS_pem4f.oem4f (.const:xdc_runtime_Memory_Module__id__C)
                  0000c67c    00000002     KIRC_FltCmp_RTOS_pem4f.oem4f (.const:xdc_runtime_Text_charCnt__C)
                  0000c67e    00000002     KIRC_FltCmp_RTOS_pem4f.oem4f (.const:xdc_runtime_Text_isLoaded__C)
                  0000c680    00000002     KIRC_FltCmp_RTOS_pem4f.oem4f (.const:xdc_runtime_Text_registryModsLastId__C)
                  0000c682    00000002     KIRC_FltCmp_RTOS_pem4f.oem4f (.const:xdc_runtime_Text_unnamedModsLastId__C)

.cinit     0    0000c688    000003b0     
                  0000c688    0000037c     (.cinit..data.load) [load image, compression = rle]
                  0000ca04    0000000c     (__TI_handler_table)
                  0000ca10    00000008     (.cinit..bss.load) [load image, compression = zero_init]
                  0000ca18    00000008     (.cinit..vecs.load) [load image, compression = zero_init]
                  0000ca20    00000018     (__TI_cinit_table)

.vecs      0    20000000    00000360     UNINITIALIZED
                  20000000    00000360     KIRC_FltCmp_RTOS_pem4f.oem4f (.vecs)

.bss       0    20000360    00002490     UNINITIALIZED
                  20000360    00001e00     KIRC_FltCmp_RTOS_pem4f.oem4f (.bss:taskStackSection)
                  20002160    00000400     KIRC_FltCmp_RTOS_pem4f.oem4f (.bss:ti_sysbios_heaps_HeapMem_Instance_State_0_buf__A)
                  20002560    00000120     rtsv7M4_T_le_v4SPD16_eabi.lib : trgmsg.obj (.bss:__CIOBUF_)
                  20002680    000000a0                                   : defs.obj (.bss:__TI_tmpnams)
                  20002720    00000088     EK_TM4C123GXL.obj (.bss:uartTivaObjects)
                  200027a8    0000001c     (.common:callbackHwi)
                  200027c4    0000001c     (.common:callbackHwi2)
                  200027e0    00000008     (.common:parmbuf)
                  200027e8    00000004     (.common:ui32Load)
                  200027ec    00000004     (.common:ui32PWMClock)

.data      0    200027f0    00000c16     UNINITIALIZED
                  200027f0    00000360     KIRC_FltCmp_RTOS_pem4f.oem4f (.data:ti_sysbios_family_arm_m3_Hwi_Module_State_0_dispatchTable__A)
                  20002b50    0000016c     KIRC_FltCmp_RTOS_pem4f.oem4f (.data)
                  20002cbc    00000130     KIRC_FltCmp_RTOS_pem4f.oem4f (.data:ti_sysbios_knl_Task_Object__table__V)
                  20002dec    000000f0     rtsv7M4_T_le_v4SPD16_eabi.lib : defs.obj (.data:_ftable)
                  20002edc    000000d0                                   : lowlev.obj (.data)
                  20002fac    000000b0                                   : signal.obj (.data:sigtable)
                  2000305c    00000004     Main.obj (.data)
                  20003060    00000080     rtsv7M4_T_le_v4SPD16_eabi.lib : xvalues.obj (.data)
                  200030e0    00000068                                   : xfvalues.obj (.data)
                  20003148    0000005c     KIRC_FltCmp_RTOS_pem4f.oem4f (.data:ti_sysbios_family_arm_m3_Hwi_Module__state__V)
                  200031a4    00000044     KIRC_FltCmp_RTOS_pem4f.oem4f (.data:ti_sysbios_knl_Task_Module__state__V)
                  200031e8    0000003c     sensors.obj (.data:Gyro_Memory)
                  20003224    0000003c     Main.obj (.data:RxData)
                  20003260    00000038     KIRC_FltCmp_RTOS_pem4f.oem4f (.data:ti_sysbios_family_arm_lm4_Timer_Object__table__V)
                  20003298    00000038     KIRC_FltCmp_RTOS_pem4f.oem4f (.data:ti_sysbios_gates_GateMutex_Object__table__V)
                  200032d0    00000034     Main.obj (.data:controlData)
                  20003304    00000030     KIRC_FltCmp_RTOS_pem4f.oem4f (.data:ti_sysbios_family_arm_lm4_Timer_Module_State_0_device__A)
                  20003334    00000028     KIRC_FltCmp_RTOS_pem4f.oem4f (.data:ti_sysbios_knl_Clock_Module__state__V)
                  2000335c    00000024     Main.obj (.data:IMUdata)
                  20003380    00000018     UARTUtils.obj (.data)
                  20003398    00000018     sensors.obj (.data)
                  200033b0    00000010     quaternion.obj (.data)
                  200033c0    00000010     rtsv7M4_T_le_v4SPD16_eabi.lib : defs.obj (.data)
                  200033d0    00000008     gpio_tivaware.aem4f : GPIO.oem4f (.data)
                  200033d8    00000008     rtsv7M4_T_le_v4SPD16_eabi.lib : _lock.obj (.data)
                  200033e0    00000008                                   : exit.obj (.data)
                  200033e8    00000008                                   : feraiseexcept.obj (.data)
                  200033f0    00000004                                   : dtor_list.obj (.data)
                  200033f4    00000004                                   : errno.obj (.data)
                  200033f8    00000004                                   : fopen.obj (.data)
                  200033fc    00000004                                   : stkdepth_vars.obj (.data)
                  20003400    00000004     uart_tivaware.aem4f : UART.oem4f (.data)
                  20003404    00000002     RxFunctions.obj (.data)

.stack     0    20003408    00000600     UNINITIALIZED
                  20003408    00000600     --HOLE--


LINKER GENERATED COPY TABLES

__TI_cinit_table @ 0000ca20 records: 3, size/record: 8, table size: 24
	.data: load addr=0000c688, load size=0000037c bytes, run addr=200027f0, run size=00000c16 bytes, compression=rle
	.bss: load addr=0000ca10, load size=00000008 bytes, run addr=20000360, run size=00002490 bytes, compression=zero_init
	.vecs: load addr=0000ca18, load size=00000008 bytes, run addr=20000000, run size=00000360 bytes, compression=zero_init


LINKER GENERATED HANDLER TABLE

__TI_handler_table @ 0000ca04 records: 3, size/record: 4, table size: 12
	index: 0, handler: __TI_zero_init
	index: 1, handler: __TI_decompress_rle24
	index: 2, handler: __TI_decompress_none


GLOBAL SYMBOLS: SORTED ALPHABETICALLY BY Name 

address    name
--------   ----
000098f9   Accel_Init
00008e25   C$$EXIT
0000856f   C$$IO$$
00006711   Calib_Accel
00004f55   Calib_Gyro
00009b03   ClearRxInterrupts
00001c89   ControlFxn
00009b2b   DisableRxInterrupts
0000c200   EK_TM4C123GXL_gpioPortACallbacks
0000c22c   EK_TM4C123GXL_gpioPortFCallbacks
00006541   EK_TM4C123GXL_initGPIO
00009001   EK_TM4C123GXL_initGeneral
00008141   EK_TM4C123GXL_initPWM
00009925   EK_TM4C123GXL_initUART
000094e9   EnableRxInterrupts
000045d1   Filter_GyroData
00009a85   GPIODirModeSet
0000a64d   GPIOIntClear
0000a471   GPIOIntDisable
0000a4e1   GPIOIntEnable
0000a47f   GPIOIntStatus
00008881   GPIOIntTypeSet
000057e1   GPIOPadConfigSet
00008b59   GPIOPinConfigure
0000a653   GPIOPinRead
0000a259   GPIOPinTypeGPIOInput
00009faf   GPIOPinTypeGPIOOutput
0000a26b   GPIOPinTypeI2C
0000a27d   GPIOPinTypeI2CSCL
0000a28f   GPIOPinTypePWM
0000a2a1   GPIOPinTypeUART
0000a659   GPIOPinWrite
0000a1a5   GPIO_clearInt
0000c1a0   GPIO_config
00009c1d   GPIO_disableInt
00009041   GPIO_enableInt
00009aaf   GPIO_hwiIntFxn
00009c41   GPIO_init
000088d9   GPIO_setupCallbacks
00009201   GPIO_toggle
00009b55   GPIO_write
00007b11   GetData_Accel
00007b95   GetData_Gyro
00009fc7   Gyro_Init
200031e8   Gyro_Memory
20003398   Gyro_Offset
00002e89   HOSTclock
00002e51   HOSTclose
00002e13   HOSTgetenv
00002db7   HOSTlseek
00002d65   HOSTopen
00002d19   HOSTread
00002cbb   HOSTrename
00002c81   HOSTtime
00002c49   HOSTunlink
00002bfd   HOSTwrite
00008ba1   I2C0_MasterInit
000084e5   I2C0_RxData
000087d1   I2C0_TxData
0000a60d   I2CMasterBusy
0000a6a1   I2CMasterControl
0000a6a5   I2CMasterDataGet
0000a6a9   I2CMasterDataPut
0000a595   I2CMasterEnable
00008be9   I2CMasterInitExpClk
0000a615   I2CMasterSlaveAddrSet
2000335c   IMUdata
200033a4   Magn_Offset
00009d3d   PWMGenConfigure
0000a4ed   PWMGenEnable
0000a331   PWMGenPeriodSet
0000a2b3   PWMOutputState
00009e61   PWMPulseWidthSet
00007c19   RCinputIntHandler
20003404   RXChannelLock
000042b9   ReadInputFxn
00007e1d   ReadSensorsFxn
00007c9d   Read_Accel
000048c1   Read_Gyro
20003224   RxData
UNDEFED    SHT$$INIT_ARRAY$$Base
UNDEFED    SHT$$INIT_ARRAY$$Limit
200033b0   State
00006e7d   StateEst_Calib
00006c31   SysCtlClockGet
0000a65f   SysCtlDelay
0000a1b9   SysCtlPWMClockSet
0000951d   SysCtlPeripheralEnable
20002da0   TSK_idle
0000a59f   UARTCharGet
0000a48d   UARTCharGetNonBlocking
0000a5a9   UARTCharPut
0000a49b   UARTCharPutNonBlocking
00008fbd   UARTConfigSetExpClk
00009e9d   UARTDisable
0000a1cd   UARTEnable
0000a665   UARTFIFOLevelSet
0000a6ad   UARTIntClear
0000a5b3   UARTIntDisable
0000a61d   UARTIntEnable
0000a5bd   UARTIntStatus
0000c280   UARTTiva_fxnTable
00009fdf   UARTUtils_deviceclose
0000a2c5   UARTUtils_devicelseek
00009841   UARTUtils_deviceopen
00009585   UARTUtils_deviceread
0000a341   UARTUtils_devicerename
0000a4a9   UARTUtils_deviceunlink
000095b9   UARTUtils_devicewrite
00009c65   UARTUtils_systemAbort
0000796d   UARTUtils_systemInit
00009d61   UARTUtils_systemPutch
0000a1e1   UARTUtils_systemReady
00009951   UART_Params_init
0000a5c7   UART_close
0000c188   UART_config
000092f1   UART_init
00009ff9   UART_open
0000a5d1   UART_read
0000a5db   UART_write
0000a5e5   UART_writePolling
000011ed   Update_State
00004445   _Atan
0000a2e9   _Dclass
20003060   _Denorm
00006cf9   _Dnorm
00005b51   _Dscale
00008e69   _Dtest
0000841d   _Dunscale
20003070   _Eps
200033f4   _Errno
000072a1   _FAtan
200030e0   _FDenorm
00009655   _FDtest
200030f0   _FEps
20003100   _FInf
20003110   _FNan
20003130   _FRteps
20003120   _FSnan
20003140   _FXbig
20003144   _FZero
200033e8   _Fenv
00009751   _Feraise
20003080   _Hugeval
20003090   _Inf
200030a0   _Nan
200030c0   _Rteps
200030b0   _Snan
200033ec   _Tls_setup__Fenv
200030d0   _Xbig
200030d8   _Zero
00000000   __ASM__
20002560   __CIOBUF_
00000082   __ISA__
00000095   __PLAT__
20003a08   __STACK_END
00000600   __STACK_SIZE
20003508   __STACK_TOP
000000b6   __TARG__
0000ca20   __TI_CINIT_Base
0000ca38   __TI_CINIT_Limit
0000ca04   __TI_Handler_Table_Base
0000ca10   __TI_Handler_Table_Limit
00000001   __TI_args_main
00007539   __TI_auto_init
00003cc5   __TI_cleanup
200033e0   __TI_cleanup_ptr
000077ad   __TI_closefile
0000a4b7   __TI_decompress_none
0000a671   __TI_decompress_rle24
00006dbd   __TI_doflush
200033e4   __TI_dtors_ptr
200033c0   __TI_ft_end
00000ee3   __TI_printfi
000071ab   __TI_rd_ok
00008573   __TI_readmsg
00000000   __TI_static_base__
20002680   __TI_tmpnams
00008545   __TI_writemsg
00007149   __TI_wrt_ok
0000a2d7   __TI_zero_init
000000dc   __TRDR__
000062c9   __aeabi_atexit
00007d21   __aeabi_cdcmpeq
00007d21   __aeabi_cdcmple
00007d9f   __aeabi_cdrcmple
00008b0d   __aeabi_d2f
00008c31   __aeabi_d2iz
00003dc7   __aeabi_dadd
00005441   __aeabi_ddiv
0000607d   __aeabi_dmul
00003dbd   __aeabi_dsub
00009329   __aeabi_f2d
0000989d   __aeabi_i2d
0000a041   __aeabi_lmul
00007e99   __aeabi_memclr
00007e99   __aeabi_memclr4
00007e99   __aeabi_memclr8
00007675   __aeabi_memcpy
00007675   __aeabi_memcpy4
00007675   __aeabi_memcpy8
00007e9b   __aeabi_memset
00007e9b   __aeabi_memset4
00007e9b   __aeabi_memset8
200033cc   __aeabi_stderr
200033c4   __aeabi_stdin
200033c8   __aeabi_stdout
00003a09   __aeabi_uldivmod
ffffffff   __binit__
ffffffff   __c_args__
000062b7   __cxa_atexit
00006271   __cxa_finalize
000062b1   __cxa_ia64_exit
20003408   __stack
0000a66b   __xdc__init
20002cb8   __xdc__init__addr
0000a029   _args_main
00008779   _c_int00
0000bcd0   _ctypes_
20002dec   _ftable
200033d8   _lock
0000a203   _nop
0000a1fb   _register_lock
0000a1f5   _register_unlock
200033dc   _unlock
00008e29   abort
00002b4f   add_device
00005a35   asin
00006a85   atan2f
000062bb   atexit
00008ac1   atoi
ffffffff   binit
200027a8   callbackHwi
200027c4   callbackHwi2
00002afd   close
200032d0   controlData
00008de1   copy_in
20003405   currentRXChannel
00008e31   exit
00007813   fclose
00009621   feraiseexcept
00006e09   fflush
00003d1b   fopen
000075d9   fputc
00005579   fputs
0000a011   free
00003cf1   freopen
000083b9   fseek
0000bfc8   gpioHWAttrs
0000c170   i2cTivaHWAttrs
00002ad9   lseek
0000871d   ltoa
00006365   main
200033fc   main_func_sp
0000986f   malloc
00009eb9   memccpy
0000a179   memchr
00007675   memcpy
00007ea1   memset
00009f61   motorsDisable
00005091   motors_init
000069ad   motors_out
00002a2b   open
00007f19   printf
0000765d   putc
00007661   putchar
00005685   puts
000098cb   raise
00002a07   read
0000297d   remove
000029df   remove_device
000029a1   rename
000068d1   setvbuf
000090c1   signal
00004ccd   sqrt
0000a18f   strchr
0000a059   strcmp
0000a351   strcpy
0000a209   strlen
00009721   strncpy
0000bf3c   ti_catalog_arm_cortexm4_tiva_ce_Boot_A_mustUseEnhancedClockMode__C
0000c4cc   ti_catalog_arm_cortexm4_tiva_ce_Boot_Module__diagsEnabled__C
0000c4d0   ti_catalog_arm_cortexm4_tiva_ce_Boot_Module__diagsIncluded__C
0000c4d4   ti_catalog_arm_cortexm4_tiva_ce_Boot_Module__diagsMask__C
0000beaa   ti_catalog_arm_cortexm4_tiva_ce_Boot_Module__id__C
0000a4d5   ti_catalog_arm_cortexm4_tiva_ce_Boot_init__I
00005c61   ti_catalog_arm_cortexm4_tiva_ce_Boot_sysCtlClockSetI__I
00007845   ti_catalog_arm_cortexm4_tiva_ce_Boot_sysCtlClockSet__E
0000a677   ti_catalog_arm_cortexm4_tiva_ce_Boot_sysCtlDelayI__I
0000c4d8   ti_sysbios_BIOS_Module__diagsEnabled__C
0000c4dc   ti_sysbios_BIOS_Module__diagsIncluded__C
0000c4e0   ti_sysbios_BIOS_Module__diagsMask__C
0000c4a2   ti_sysbios_BIOS_Module__id__C
20002b50   ti_sysbios_BIOS_Module__state__V
0000a6b1   ti_sysbios_BIOS_RtsGateProxy_enter__E
0000a6b5   ti_sysbios_BIOS_RtsGateProxy_leave__E
0000a6c9   ti_sysbios_BIOS_RtsGateProxy_query__E
00008c79   ti_sysbios_BIOS_errorRaiseHook__I
0000997d   ti_sysbios_BIOS_exitFunc__I
0000a361   ti_sysbios_BIOS_getCpuFreq__E
0000c4e4   ti_sysbios_BIOS_installedErrorHook__C
00003f73   ti_sysbios_BIOS_nullFunc__I
00009c89   ti_sysbios_BIOS_registerRTSLock__I
00009ed5   ti_sysbios_BIOS_rtsLock__I
00008285   ti_sysbios_BIOS_rtsUnlock__I
0000a371   ti_sysbios_BIOS_setThreadType__E
00009d81   ti_sysbios_BIOS_startFunc__I
0000a381   ti_sysbios_BIOS_start__E
20003304   ti_sysbios_family_arm_lm4_Timer_Module_State_0_device__A
20002b78   ti_sysbios_family_arm_lm4_Timer_Module_State_0_handles__A
20002b70   ti_sysbios_family_arm_lm4_Timer_Module__root__V
0000a071   ti_sysbios_family_arm_lm4_Timer_Module__startupDone__F
0000a071   ti_sysbios_family_arm_lm4_Timer_Module__startupDone__S
20002b90   ti_sysbios_family_arm_lm4_Timer_Module__state__V
00008665   ti_sysbios_family_arm_lm4_Timer_Module_startup__E
00008665   ti_sysbios_family_arm_lm4_Timer_Module_startup__F
20003260   ti_sysbios_family_arm_lm4_Timer_Object__table__V
0000c4e8   ti_sysbios_family_arm_lm4_Timer_enableFunc__C
000073f1   ti_sysbios_family_arm_lm4_Timer_enableTimers__I
000071f5   ti_sysbios_family_arm_lm4_Timer_enableTiva__I
0000a6b9   ti_sysbios_family_arm_lm4_Timer_getPeriod__E
000085a5   ti_sysbios_family_arm_lm4_Timer_isrStub__E
0000a4f9   ti_sysbios_family_arm_lm4_Timer_masterDisable__I
0000a6bd   ti_sysbios_family_arm_lm4_Timer_masterEnable__I
0000c4ec   ti_sysbios_family_arm_lm4_Timer_numTimerDevices__C
000035fd   ti_sysbios_family_arm_lm4_Timer_start__E
0000c4f0   ti_sysbios_family_arm_lm4_Timer_startupNeeded__C
00009101   ti_sysbios_family_arm_lm4_Timer_startup__E
00008ead   ti_sysbios_family_arm_lm4_Timer_stop__E
00009e7f   ti_sysbios_family_arm_lm4_Timer_write__I
0000c4f4   ti_sysbios_family_arm_m3_Hwi_E_NMI__C
0000c4f8   ti_sysbios_family_arm_m3_Hwi_E_alreadyDefined__C
0000c4fc   ti_sysbios_family_arm_m3_Hwi_E_busFault__C
0000c500   ti_sysbios_family_arm_m3_Hwi_E_debugMon__C
0000c504   ti_sysbios_family_arm_m3_Hwi_E_hardFault__C
0000c508   ti_sysbios_family_arm_m3_Hwi_E_memFault__C
0000c50c   ti_sysbios_family_arm_m3_Hwi_E_noIsr__C
0000c510   ti_sysbios_family_arm_m3_Hwi_E_reserved__C
0000c514   ti_sysbios_family_arm_m3_Hwi_E_svCall__C
0000c518   ti_sysbios_family_arm_m3_Hwi_E_usageFault__C
0000a089   ti_sysbios_family_arm_m3_Hwi_Handle__label__S
00009cad   ti_sysbios_family_arm_m3_Hwi_Instance_finalize__F
000079f9   ti_sysbios_family_arm_m3_Hwi_Instance_init__F
200027f0   ti_sysbios_family_arm_m3_Hwi_Module_State_0_dispatchTable__A
20002bbc   ti_sysbios_family_arm_m3_Hwi_Module_State_0_excActive__A
20002bc0   ti_sysbios_family_arm_m3_Hwi_Module_State_0_excContext__A
20002bc4   ti_sysbios_family_arm_m3_Hwi_Module_State_0_excStack__A
0000c664   ti_sysbios_family_arm_m3_Hwi_Module__id__C
20002b9c   ti_sysbios_family_arm_m3_Hwi_Module__root__V
0000a0a1   ti_sysbios_family_arm_m3_Hwi_Module__startupDone__F
0000a0a1   ti_sysbios_family_arm_m3_Hwi_Module__startupDone__S
20003148   ti_sysbios_family_arm_m3_Hwi_Module__state__V
00007495   ti_sysbios_family_arm_m3_Hwi_Module_startup__E
00007495   ti_sysbios_family_arm_m3_Hwi_Module_startup__F
0000c51c   ti_sysbios_family_arm_m3_Hwi_NUM_INTERRUPTS__C
0000c334   ti_sysbios_family_arm_m3_Hwi_Object__DESC__C
0000c1d0   ti_sysbios_family_arm_m3_Hwi_Object__PARAMS__C
00007f81   ti_sysbios_family_arm_m3_Hwi_Object__create__S
00009ef1   ti_sysbios_family_arm_m3_Hwi_Object__destruct__S
20002ba4   ti_sysbios_family_arm_m3_Hwi_Object__table__V
[...]
00009f95   xdc_runtime_System_printf__E
00009faf   GPIOPinTypeGPIOOutput
00009fc7   Gyro_Init
00009fdf   UARTUtils_deviceclose
00009ff9   UART_open
0000a011   free
0000a029   _args_main
0000a041   __aeabi_lmul
0000a059   strcmp
0000a071   ti_sysbios_family_arm_lm4_Timer_Module__startupDone__F
0000a071   ti_sysbios_family_arm_lm4_Timer_Module__startupDone__S
0000a089   ti_sysbios_family_arm_m3_Hwi_Handle__label__S
0000a0a1   ti_sysbios_family_arm_m3_Hwi_Module__startupDone__F
0000a0a1   ti_sysbios_family_arm_m3_Hwi_Module__startupDone__S
0000a0b9   ti_sysbios_family_arm_m3_TaskSupport_swap__E
0000a0b9   ti_sysbios_knl_Task_SupportProxy_swap__E
0000a0c5   ti_sysbios_knl_Task_swapReturn
0000a0d1   ti_sysbios_gates_GateHwi_Handle__label__S
0000a0e9   ti_sysbios_gates_GateMutex_Handle__label__S
0000a101   ti_sysbios_gates_GateMutex_leave__E
0000a119   ti_sysbios_hal_Timer_Module__startupDone__F
0000a119   ti_sysbios_hal_Timer_Module__startupDone__S
0000a131   ti_sysbios_heaps_HeapMem_Handle__label__S
0000a149   ti_sysbios_knl_Task_Handle__label__S
0000a161   xdc_runtime_Text_ropeText__E
0000a161   xdc_runtime_Text_ropeText__F
0000a179   memchr
0000a18f   strchr
0000a1a5   GPIO_clearInt
0000a1b9   SysCtlPWMClockSet
0000a1cd   UARTEnable
0000a1e1   UARTUtils_systemReady
0000a1f5   _register_unlock
0000a1fb   _register_lock
0000a203   _nop
0000a209   strlen
0000a21d   ti_sysbios_family_arm_m3_Hwi_switchFromBootStack__E
0000a21d   ti_sysbios_hal_Hwi_HwiProxy_switchFromBootStack__E
0000a21d   ti_sysbios_hal_Hwi_switchFromBootStack__E
0000a231   ti_sysbios_heaps_HeapMem_Object__get__S
0000a245   xdc_runtime_System_abort__E
0000a245   xdc_runtime_System_abort__F
0000a259   GPIOPinTypeGPIOInput
0000a26b   GPIOPinTypeI2C
0000a27d   GPIOPinTypeI2CSCL
0000a28f   GPIOPinTypePWM
0000a2a1   GPIOPinTypeUART
0000a2b3   PWMOutputState
0000a2c5   UARTUtils_devicelseek
0000a2d7   __TI_zero_init
0000a2e9   _Dclass
0000a2fb   ti_sysbios_hal_Hwi_Module_startup__E
0000a2fb   ti_sysbios_hal_Hwi_Module_startup__F
0000a30d   ti_sysbios_hal_Timer_Module_startup__E
0000a30d   ti_sysbios_hal_Timer_Module_startup__F
0000a31f   xdc_runtime_Startup_exec__I
0000a331   PWMGenPeriodSet
0000a341   UARTUtils_devicerename
0000a351   strcpy
0000a361   ti_sysbios_BIOS_getCpuFreq__E
0000a371   ti_sysbios_BIOS_setThreadType__E
0000a381   ti_sysbios_BIOS_start__E
0000a391   ti_sysbios_family_arm_m3_Hwi_excHandler__I
0000a3a1   ti_sysbios_family_arm_m3_TaskSupport_glue
0000a3b1   ti_sysbios_gates_GateMutex_Instance_finalize__F
0000a3c1   ti_sysbios_knl_Semaphore_Instance_finalize__F
0000a3d1   ti_sysbios_knl_Task_Object__get__S
0000a3e1   ti_sysbios_knl_Task_disable__E
0000a3f1   xdc_runtime_Gate_leaveSystem__E
0000a3f1   xdc_runtime_Gate_leaveSystem__F
0000a401   xdc_runtime_Memory_free__E
0000a401   xdc_runtime_Memory_free__F
0000a411   xdc_runtime_SysCallback_abort__E
0000a411   xdc_runtime_SysCallback_abort__F
0000a411   xdc_runtime_System_SupportProxy_abort__E
0000a421   xdc_runtime_SysCallback_exit__E
0000a421   xdc_runtime_SysCallback_exit__F
0000a421   xdc_runtime_System_SupportProxy_exit__E
0000a431   xdc_runtime_SysCallback_flush__E
0000a431   xdc_runtime_SysCallback_flush__F
0000a431   xdc_runtime_System_SupportProxy_flush__E
0000a431   xdc_runtime_System_flush__E
0000a431   xdc_runtime_System_flush__F
0000a441   xdc_runtime_SysCallback_putch__E
0000a441   xdc_runtime_SysCallback_putch__F
0000a441   xdc_runtime_System_SupportProxy_putch__E
0000a451   xdc_runtime_SysCallback_ready__E
0000a451   xdc_runtime_SysCallback_ready__F
0000a451   xdc_runtime_System_SupportProxy_ready__E
0000a461   xdc_runtime_System_vsnprintf__F
0000a471   GPIOIntDisable
0000a47f   GPIOIntStatus
0000a48d   UARTCharGetNonBlocking
0000a49b   UARTCharPutNonBlocking
0000a4a9   UARTUtils_deviceunlink
0000a4b7   __TI_decompress_none
0000a4c5   ti_sysbios_knl_Queue_empty__E
0000a4d5   ti_catalog_arm_cortexm4_tiva_ce_Boot_init__I
0000a4e1   GPIOIntEnable
0000a4ed   PWMGenEnable
0000a4f9   ti_sysbios_family_arm_lm4_Timer_masterDisable__I
0000a505   ti_sysbios_family_arm_m3_Hwi_Params__init__S
0000a511   ti_sysbios_family_arm_m3_Hwi_disableFxn__E
0000a511   ti_sysbios_hal_Hwi_HwiProxy_disable__E
0000a511   ti_sysbios_hal_Hwi_disable__E
0000a51d   ti_sysbios_gates_GateHwi_enter__E
0000a529   ti_sysbios_knl_Clock_getTicks__E
0000a535   ti_sysbios_knl_Queue_Object__get__S
0000a541   ti_sysbios_knl_Semaphore_Params__init__S
0000a54d   xdc_runtime_Error_init__E
0000a54d   xdc_runtime_Error_init__F
0000a559   xdc_runtime_Gate_enterSystem__E
0000a559   xdc_runtime_Gate_enterSystem__F
0000a565   xdc_runtime_Memory_calloc__E
0000a565   xdc_runtime_Memory_calloc__F
0000a571   xdc_runtime_Memory_getMaxDefaultTypeAlign__E
0000a571   xdc_runtime_Memory_getMaxDefaultTypeAlign__F
0000a57d   xdc_runtime_System_exit__E
0000a57d   xdc_runtime_System_exit__F
0000a589   xdc_runtime_System_lastFxn__I
0000a595   I2CMasterEnable
0000a59f   UARTCharGet
0000a5a9   UARTCharPut
0000a5b3   UARTIntDisable
0000a5bd   UARTIntStatus
0000a5c7   UART_close
0000a5d1   UART_read
0000a5db   UART_write
0000a5e5   UART_writePolling
0000a603   xdc_runtime_Text_visitRope__I
0000a60d   I2CMasterBusy
0000a615   I2CMasterSlaveAddrSet
0000a61d   UARTIntEnable
0000a635   ti_sysbios_family_arm_m3_Hwi_startup__E
0000a635   ti_sysbios_hal_Hwi_HwiProxy_startup__E
0000a635   ti_sysbios_hal_Hwi_startup__E
0000a63d   ti_sysbios_knl_Idle_loop__E
0000a64d   GPIOIntClear
0000a653   GPIOPinRead
0000a659   GPIOPinWrite
0000a65f   SysCtlDelay
0000a665   UARTFIFOLevelSet
0000a66b   __xdc__init
0000a671   __TI_decompress_rle24
0000a677   ti_catalog_arm_cortexm4_tiva_ce_Boot_sysCtlDelayI__I
0000a67d   ti_sysbios_family_arm_m3_Hwi_restoreFxn__E
0000a67d   ti_sysbios_hal_Hwi_HwiProxy_restore__E
0000a67d   ti_sysbios_hal_Hwi_restore__E
0000a683   ti_sysbios_gates_GateHwi_leave__E
0000a689   ti_sysbios_heaps_HeapMem_isBlocking__E
0000a68f   ti_sysbios_knl_Queue_Instance_init__F
0000a695   ti_sysbios_knl_Swi_Module_startup__E
0000a695   ti_sysbios_knl_Swi_Module_startup__F
0000a69b   xdc_runtime_System_Module_startup__E
0000a69b   xdc_runtime_System_Module_startup__F
0000a6a1   I2CMasterControl
0000a6a5   I2CMasterDataGet
0000a6a9   I2CMasterDataPut
0000a6ad   UARTIntClear
0000a6b1   ti_sysbios_BIOS_RtsGateProxy_enter__E
0000a6b5   ti_sysbios_BIOS_RtsGateProxy_leave__E
0000a6b9   ti_sysbios_family_arm_lm4_Timer_getPeriod__E
0000a6bd   ti_sysbios_family_arm_lm4_Timer_masterEnable__I
0000a6c1   ti_sysbios_family_arm_m3_TaskSupport_Module__startupDone__S
0000a6c5   ti_sysbios_gates_GateHwi_query__E
0000a6c5   ti_sysbios_gates_GateHwi_query__F
0000a6c5   xdc_runtime_Main_Module_GateProxy_query__E
0000a6c5   xdc_runtime_System_Module_GateProxy_query__E
0000a6c9   ti_sysbios_BIOS_RtsGateProxy_query__E
0000a6c9   ti_sysbios_gates_GateMutex_query__E
0000a6c9   ti_sysbios_gates_GateMutex_query__F
0000a6c9   ti_sysbios_heaps_HeapMem_Module_GateProxy_query__E
0000a6cd   ti_sysbios_hal_Hwi_HwiProxy_Module__startupDone__S
0000a6d1   ti_sysbios_hal_Timer_TimerProxy_Module__startupDone__S
0000a6d5   ti_sysbios_hal_Timer_TimerProxy_getPeriod__E
0000a6d9   ti_sysbios_heaps_HeapMem_Module_GateProxy_enter__E
0000a6dd   ti_sysbios_heaps_HeapMem_Module_GateProxy_leave__E
0000a6e1   ti_sysbios_knl_Task_SupportProxy_Module__startupDone__S
0000a6e5   ti_sysbios_knl_Task_startup__E
0000a6e9   xdc_runtime_Error_getSite__E
0000a6e9   xdc_runtime_Error_getSite__F
0000a6ed   xdc_runtime_Memory_HeapProxy_alloc__E
0000a6f1   xdc_runtime_Memory_HeapProxy_free__E
0000a6f5   xdc_runtime_System_Module_GateProxy_enter__E
0000a6f9   xdc_runtime_System_Module_GateProxy_leave__E
0000a6fd   xdc_runtime_System_aprintf_va__F
0000a701   xdc_runtime_System_printf_va__F
0000a705   xdc_runtime_System_vsnprintf__E
0000a708   xdc_runtime_Text_charTab__A
0000bccf   xdc_runtime_Error_policy__C
0000bcd0   _ctypes_
0000bdd2   ti_sysbios_family_arm_m3_Hwi_priorities__A
0000beaa   ti_catalog_arm_cortexm4_tiva_ce_Boot_Module__id__C
0000bf3c   ti_catalog_arm_cortexm4_tiva_ce_Boot_A_mustUseEnhancedClockMode__C
0000bfc8   gpioHWAttrs
0000c170   i2cTivaHWAttrs
0000c180   uartTivaHWAttrs
0000c188   UART_config
0000c1a0   GPIO_config
0000c1d0   ti_sysbios_family_arm_m3_Hwi_Object__PARAMS__C
0000c200   EK_TM4C123GXL_gpioPortACallbacks
0000c22c   EK_TM4C123GXL_gpioPortFCallbacks
0000c258   ti_sysbios_heaps_HeapMem_Module__FXNS__C
0000c280   UARTTiva_fxnTable
0000c2a4   ti_sysbios_gates_GateHwi_Module__FXNS__C
0000c2c8   ti_sysbios_gates_GateMutex_Module__FXNS__C
0000c2ec   ti_sysbios_heaps_HeapMem_Object__PARAMS__C
0000c310   ti_sysbios_knl_Semaphore_Object__PARAMS__C
0000c334   ti_sysbios_family_arm_m3_Hwi_Object__DESC__C
0000c354   ti_sysbios_gates_GateHwi_Object__DESC__C
0000c374   ti_sysbios_gates_GateMutex_Object__DESC__C
0000c394   ti_sysbios_heaps_HeapMem_Object__DESC__C
0000c3b4   ti_sysbios_knl_Queue_Object__DESC__C
0000c3d4   ti_sysbios_knl_Semaphore_Object__DESC__C
0000c3f4   xdc_runtime_Startup_sfxnTab__A
0000c414   ti_sysbios_gates_GateHwi_Object__PARAMS__C
0000c42c   ti_sysbios_gates_GateMutex_Object__PARAMS__C
0000c444   ti_sysbios_knl_Queue_Object__PARAMS__C
0000c45c   xdc_runtime_Startup_firstFxns__A
0000c482   xdc_runtime_Startup_sfxnRts__A
0000c492   xdc_runtime_Text_nodeTab__A
0000c4a2   ti_sysbios_BIOS_Module__id__C
0000c4a4   ti_sysbios_family_arm_m3_Hwi_excHookFuncs__A
0000c4ac   ti_sysbios_knl_Idle_coreList__C
0000c4b4   ti_sysbios_knl_Idle_funcList__C
0000c4bc   xdc_runtime_Startup_firstFxns__C
0000c4c4   xdc_runtime_Startup_lastFxns__C
0000c4cc   ti_catalog_arm_cortexm4_tiva_ce_Boot_Module__diagsEnabled__C
0000c4d0   ti_catalog_arm_cortexm4_tiva_ce_Boot_Module__diagsIncluded__C
0000c4d4   ti_catalog_arm_cortexm4_tiva_ce_Boot_Module__diagsMask__C
0000c4d8   ti_sysbios_BIOS_Module__diagsEnabled__C
0000c4dc   ti_sysbios_BIOS_Module__diagsIncluded__C
0000c4e0   ti_sysbios_BIOS_Module__diagsMask__C
0000c4e4   ti_sysbios_BIOS_installedErrorHook__C
0000c4e8   ti_sysbios_family_arm_lm4_Timer_enableFunc__C
0000c4ec   ti_sysbios_family_arm_lm4_Timer_numTimerDevices__C
0000c4f0   ti_sysbios_family_arm_lm4_Timer_startupNeeded__C
0000c4f4   ti_sysbios_family_arm_m3_Hwi_E_NMI__C
0000c4f8   ti_sysbios_family_arm_m3_Hwi_E_alreadyDefined__C
0000c4fc   ti_sysbios_family_arm_m3_Hwi_E_busFault__C
0000c500   ti_sysbios_family_arm_m3_Hwi_E_debugMon__C
0000c504   ti_sysbios_family_arm_m3_Hwi_E_hardFault__C
0000c508   ti_sysbios_family_arm_m3_Hwi_E_memFault__C
0000c50c   ti_sysbios_family_arm_m3_Hwi_E_noIsr__C
0000c510   ti_sysbios_family_arm_m3_Hwi_E_reserved__C
0000c514   ti_sysbios_family_arm_m3_Hwi_E_svCall__C
0000c518   ti_sysbios_family_arm_m3_Hwi_E_usageFault__C
0000c51c   ti_sysbios_family_arm_m3_Hwi_NUM_INTERRUPTS__C
0000c520   ti_sysbios_family_arm_m3_Hwi_ccr__C
0000c524   ti_sysbios_family_arm_m3_Hwi_dispatchTable__C
0000c528   ti_sysbios_family_arm_m3_Hwi_excHandlerFunc__C
0000c52c   ti_sysbios_family_arm_m3_Hwi_excHookFuncs__C
0000c530   ti_sysbios_family_arm_m3_Hwi_priGroup__C
0000c534   ti_sysbios_family_arm_m3_Hwi_priorities__C
0000c538   ti_sysbios_gates_GateMutex_A_badContext__C
0000c53c   ti_sysbios_gates_GateMutex_Instance_State_sem__O
0000c540   ti_sysbios_gates_GateMutex_Module__diagsEnabled__C
0000c544   ti_sysbios_gates_GateMutex_Module__diagsIncluded__C
0000c548   ti_sysbios_gates_GateMutex_Module__diagsMask__C
0000c54c   ti_sysbios_heaps_HeapMem_A_align__C
0000c550   ti_sysbios_heaps_HeapMem_A_heapSize__C
0000c554   ti_sysbios_heaps_HeapMem_A_invalidFree__C
0000c558   ti_sysbios_heaps_HeapMem_A_zeroBlock__C
0000c55c   ti_sysbios_heaps_HeapMem_E_memory__C
0000c560   ti_sysbios_heaps_HeapMem_Module__diagsEnabled__C
0000c564   ti_sysbios_heaps_HeapMem_Module__diagsIncluded__C
0000c568   ti_sysbios_heaps_HeapMem_Module__diagsMask__C
0000c56c   ti_sysbios_heaps_HeapMem_Module__gateObj__C
0000c570   ti_sysbios_heaps_HeapMem_Object__count__C
0000c574   ti_sysbios_heaps_HeapMem_reqAlign__C
0000c578   ti_sysbios_knl_Clock_Module_State_clockQ__O
0000c57c   ti_sysbios_knl_Semaphore_A_badContext__C
0000c580   ti_sysbios_knl_Semaphore_A_noEvents__C
0000c584   ti_sysbios_knl_Semaphore_A_overflow__C
0000c588   ti_sysbios_knl_Semaphore_A_pendTaskDisabled__C
0000c58c   ti_sysbios_knl_Semaphore_Instance_State_pendQ__O
0000c590   ti_sysbios_knl_Semaphore_Module__diagsEnabled__C
0000c594   ti_sysbios_knl_Semaphore_Module__diagsIncluded__C
0000c598   ti_sysbios_knl_Semaphore_Module__diagsMask__C
0000c59c   ti_sysbios_knl_Task_A_badTimeout__C
0000c5a0   ti_sysbios_knl_Task_A_sleepTaskDisabled__C
0000c5a4   ti_sysbios_knl_Task_Module_State_inactiveQ__O
0000c5a8   ti_sysbios_knl_Task_Module__diagsEnabled__C
0000c5ac   ti_sysbios_knl_Task_Module__diagsIncluded__C
0000c5b0   ti_sysbios_knl_Task_Module__diagsMask__C
0000c5b4   ti_sysbios_knl_Task_Object__count__C
0000c5b8   ti_sysbios_knl_Task_allBlockedFunc__C
0000c5bc   ti_sysbios_knl_Task_numConstructedTasks__C
0000c5c0   xdc_runtime_Assert_E_assertFailed__C
0000c5c4   xdc_runtime_Core_A_initializedParams__C
0000c5c8   xdc_runtime_Core_Module__diagsEnabled__C
0000c5cc   xdc_runtime_Core_Module__diagsIncluded__C
0000c5d0   xdc_runtime_Core_Module__diagsMask__C
0000c5d4   xdc_runtime_Error_E_memory__C
0000c5d8   xdc_runtime_Error_Module__diagsEnabled__C
0000c5dc   xdc_runtime_Error_Module__diagsIncluded__C
0000c5e0   xdc_runtime_Error_Module__diagsMask__C
0000c5e4   xdc_runtime_Error_Module__loggerFxn8__C
0000c5e8   xdc_runtime_Error_Module__loggerObj__C
0000c5ec   xdc_runtime_Error_raiseHook__C
0000c5f0   xdc_runtime_IGateProvider_Interface__BASE__C
0000c5f4   xdc_runtime_IHeap_Interface__BASE__C
0000c5f8   xdc_runtime_IModule_Interface__BASE__C
0000c5fc   xdc_runtime_Log_L_error__C
0000c600   xdc_runtime_Main_Module__diagsEnabled__C
0000c604   xdc_runtime_Main_Module__diagsIncluded__C
0000c608   xdc_runtime_Main_Module__diagsMask__C
0000c60c   xdc_runtime_Main_Module__loggerFxn2__C
0000c610   xdc_runtime_Main_Module__loggerObj__C
0000c614   xdc_runtime_Memory_defaultHeapInstance__C
0000c618   xdc_runtime_Startup_execImpl__C
0000c61c   xdc_runtime_Startup_lastFxns__A
0000c620   xdc_runtime_Startup_maxPasses__C
0000c624   xdc_runtime_Startup_sfxnRts__C
0000c628   xdc_runtime_Startup_sfxnTab__C
0000c62c   xdc_runtime_SysCallback_abortFxn__C
0000c630   xdc_runtime_SysCallback_exitFxn__C
0000c634   xdc_runtime_SysCallback_flushFxn__C
0000c638   xdc_runtime_SysCallback_putchFxn__C
0000c63c   xdc_runtime_SysCallback_readyFxn__C
0000c640   xdc_runtime_System_Module__gateObj__C
0000c644   xdc_runtime_System_extendFxn__C
0000c648   xdc_runtime_System_maxAtexitHandlers__C
0000c64c   xdc_runtime_Text_charTab__C
0000c650   xdc_runtime_Text_nameEmpty__C
0000c654   xdc_runtime_Text_nameStatic__C
0000c658   xdc_runtime_Text_nameUnknown__C
0000c65c   xdc_runtime_Text_nodeTab__C
0000c660   xdc_runtime_Text_visitRopeFxn__C
0000c664   ti_sysbios_family_arm_m3_Hwi_Module__id__C
0000c666   ti_sysbios_gates_GateMutex_Module__id__C
0000c668   ti_sysbios_heaps_HeapMem_Module__id__C
0000c66a   ti_sysbios_knl_Semaphore_Module__id__C
0000c66c   ti_sysbios_knl_Task_Module__id__C
0000c66e   ti_sysbios_knl_Task_initStackFlag__C
0000c670   xdc_runtime_Core_Module__id__C
0000c672   xdc_runtime_Error_Module__loggerDefined__C
0000c674   xdc_runtime_Error_maxDepth__C
0000c676   xdc_runtime_Main_Module__id__C
0000c678   xdc_runtime_Main_Module__loggerDefined__C
0000c67a   xdc_runtime_Memory_Module__id__C
0000c67c   xdc_runtime_Text_charCnt__C
0000c67e   xdc_runtime_Text_isLoaded__C
0000c680   xdc_runtime_Text_registryModsLastId__C
0000c682   xdc_runtime_Text_unnamedModsLastId__C
0000ca04   __TI_Handler_Table_Base
0000ca10   __TI_Handler_Table_Limit
0000ca20   __TI_CINIT_Base
0000ca38   __TI_CINIT_Limit
20000000   ti_sysbios_family_arm_m3_Hwi_ramVectors
20000360   ti_sysbios_knl_Task_Instance_State_0_stack__A
20000b60   ti_sysbios_knl_Task_Instance_State_1_stack__A
20001160   ti_sysbios_knl_Task_Instance_State_2_stack__A
20001960   ti_sysbios_knl_Task_Instance_State_3_stack__A
20002160   ti_sysbios_heaps_HeapMem_Instance_State_0_buf__A
20002560   __CIOBUF_
20002680   __TI_tmpnams
20002720   uartTivaObjects
200027a8   callbackHwi
200027c4   callbackHwi2
200027e8   ui32Load
200027ec   ui32PWMClock
200027f0   ti_sysbios_family_arm_m3_Hwi_Module_State_0_dispatchTable__A
20002b50   ti_sysbios_BIOS_Module__state__V
20002b70   ti_sysbios_family_arm_lm4_Timer_Module__root__V
20002b78   ti_sysbios_family_arm_lm4_Timer_Module_State_0_handles__A
20002b90   ti_sysbios_family_arm_lm4_Timer_Module__state__V
20002b9c   ti_sysbios_family_arm_m3_Hwi_Module__root__V
20002ba4   ti_sysbios_family_arm_m3_Hwi_Object__table__V
20002bbc   ti_sysbios_family_arm_m3_Hwi_Module_State_0_excActive__A
20002bc0   ti_sysbios_family_arm_m3_Hwi_Module_State_0_excContext__A
20002bc4   ti_sysbios_family_arm_m3_Hwi_Module_State_0_excStack__A
20002bc8   ti_sysbios_gates_GateHwi_Module__root__V
20002bd0   ti_sysbios_gates_GateHwi_Object__table__V
20002bd4   ti_sysbios_gates_GateMutex_Module__root__V
20002bdc   ti_sysbios_hal_Hwi_Module__root__V
20002be4   ti_sysbios_hal_Timer_Module__root__V
20002bec   ti_sysbios_hal_Timer_Object__table__V
20002bf4   ti_sysbios_heaps_HeapMem_Module__root__V
20002bfc   ti_sysbios_heaps_HeapMem_Object__table__V
20002c14   ti_sysbios_knl_Clock_Module__root__V
20002c1c   ti_sysbios_knl_Queue_Module__root__V
20002c24   ti_sysbios_knl_Semaphore_Module__root__V
20002c2c   ti_sysbios_knl_Swi_Module__root__V
20002c34   ti_sysbios_knl_Swi_Module_State_0_readyQ__A
20002c3c   ti_sysbios_knl_Swi_Module__state__V
20002c58   ti_sysbios_knl_Task_Module__root__V
20002c60   ti_sysbios_knl_Task_Module_State_0_readyQ__A
20002c80   ti_sysbios_knl_Task_Module_State_0_idleTask__A
20002c84   xdc_runtime_Error_Module__state__V
20002c88   xdc_runtime_Memory_Module__state__V
20002c8c   xdc_runtime_Registry_Module__state__V
20002c94   xdc_runtime_Startup_Module__state__V
20002c9c   xdc_runtime_System_Module_State_0_atexitHandlers__A
20002ca4   xdc_runtime_System_Module__state__V
20002cb0   xdc_runtime_Text_Module__state__V
20002cb8   __xdc__init__addr
20002cbc   ti_sysbios_knl_Task_Object__table__V
20002da0   TSK_idle
20002dec   _ftable
20003060   _Denorm
20003070   _Eps
20003080   _Hugeval
20003090   _Inf
200030a0   _Nan
200030b0   _Snan
200030c0   _Rteps
200030d0   _Xbig
200030d8   _Zero
200030e0   _FDenorm
200030f0   _FEps
20003100   _FInf
20003110   _FNan
20003120   _FSnan
20003130   _FRteps
20003140   _FXbig
20003144   _FZero
20003148   ti_sysbios_family_arm_m3_Hwi_Module__state__V
200031a4   ti_sysbios_knl_Task_Module__state__V
200031e8   Gyro_Memory
20003224   RxData
20003260   ti_sysbios_family_arm_lm4_Timer_Object__table__V
20003298   ti_sysbios_gates_GateMutex_Object__table__V
200032d0   controlData
20003304   ti_sysbios_family_arm_lm4_Timer_Module_State_0_device__A
20003334   ti_sysbios_knl_Clock_Module__state__V
2000335c   IMUdata
20003398   Gyro_Offset
200033a4   Magn_Offset
200033b0   State
200033c0   __TI_ft_end
200033c4   __aeabi_stdin
200033c8   __aeabi_stdout
200033cc   __aeabi_stderr
200033d8   _lock
200033dc   _unlock
200033e0   __TI_cleanup_ptr
200033e4   __TI_dtors_ptr
200033e8   _Fenv
200033ec   _Tls_setup__Fenv
200033f4   _Errno
200033fc   main_func_sp
20003404   RXChannelLock
20003405   currentRXChannel
20003408   __stack
20003508   __STACK_TOP
20003a08   __STACK_END
e000e000   ti_sysbios_family_arm_m3_Hwi_nvic
ffffffff   __binit__
ffffffff   __c_args__
ffffffff   binit
UNDEFED    SHT$$INIT_ARRAY$$Base
UNDEFED    SHT$$INIT_ARRAY$$Limit

[756 symbols]
