******************************************************************************
                  TI ARM Linker PC v5.1.1                      
******************************************************************************
>> Linked Fri Mar 07 19:33:58 2014

OUTPUT FILE NAME:   <KIRC_FltCmp_Software.out>
ENTRY POINT SYMBOL: "_c_int00"  address: 000073bd


MEMORY CONFIGURATION

         name            origin    length      used     unused   attr    fill
----------------------  --------  ---------  --------  --------  ----  --------
  FLASH                 00000000   00040000  0000b4d2  00034b2e  R  X
  SRAM                  20000000   00008000  00003a06  000045fa  RW X


SEGMENT ALLOCATION MAP

run origin  load origin   length   init length attrs members
----------  ----------- ---------- ----------- ----- -------
00000000    00000000    0000b4d8   0000b4d8    r-x
  00000000    00000000    00000360   00000360    r-- .resetVecs
  00000360    00000360    00008f48   00008f48    r-x .text
  000092a8    000092a8    00001e7a   00001e7a    r-- .const
  0000b128    0000b128    000003b0   000003b0    r-- .cinit
20000000    20000000    00003a08   00000000    rw-
  20000000    20000000    00000360   00000000    rw- .vecs
  20000360    20000360    00002490   00000000    rw- .bss
  200027f0    200027f0    00000c16   00000000    rw- .data
  20003408    20003408    00000600   00000000    rw- .stack


SECTION ALLOCATION MAP

 output                                  attributes/
section   page    origin      length       input sections
--------  ----  ----------  ----------   ----------------
.bootVecs 
*          0    00000000    00000008     DSECT
                  00000000    00000008     boot.aem4f : boot.oem4f (.bootVecs)

.resetVecs 
*          0    00000000    00000360     
                  00000000    00000360     KIRC_FltCmp_RTOS_pem4f.oem4f (.resetVecs)

xdc.meta   0    00000000    00000108     COPY SECTION
                  00000000    00000108     KIRC_FltCmp_RTOS_pem4f.oem4f (xdc.meta)

.text      0    00000360    00008f48     
                  00000360    00000a9c     quaternion.obj (.text:Update_State)
                  00000dfc    00000568     Main.obj (.text:ControlFxn)
                  00001364    0000042c     sysbios.aem4f : BIOS.obj (.text:ti_sysbios_family_arm_m3_Hwi_excDumpRegs__I)
                  00001790    00000344     ti.targets.arm.rtsarm.aem4f : System.oem4f (.text:xdc_runtime_System_doPrint__I)
                  00001ad4    00000310     rtsv7M4_T_le_v4SPD16_eabi.lib : lowlev.obj (.text)
                  00001de4    000002d4                                   : trgdrv.obj (.text)
                  000020b8    000002b0     sysbios.aem4f : BIOS.obj (.text:ti_sysbios_knl_Semaphore_pend__E)
                  00002368    00000248                   : BIOS.obj (.text:ti_sysbios_heaps_HeapMem_free__E)
                  000025b0    00000234                   : BIOS.obj (.text:ti_sysbios_heaps_HeapMem_alloc__E)
                  000027e4    0000020c                   : BIOS.obj (.text:ti_sysbios_family_arm_lm4_Timer_start__E)
                  000029f0    00000200                   : BIOS.obj (.text:ti_sysbios_family_arm_m3_Hwi_excHandlerMax__I)
                  00002bf0    000001c0     rtsv7M4_T_le_v4SPD16_eabi.lib : fopen.obj (.text)
                  00002db0    000001b6                                   : fd_add_t2.obj (.text)
                  00002f66    00000002     sysbios.aem4f : BIOS.obj (.text:ti_sysbios_BIOS_nullFunc__I)
                  00002f68    000001b4                   : BIOS.obj (.text:ti_sysbios_knl_Task_sleep__E)
                  0000311c    00000190                   : BIOS.obj (.text:ti_sysbios_knl_Task_Module_startup__F)
                  000032ac    0000018c     Main.obj (.text:ReadInputFxn)
                  00003438    0000018c     rtsv7M4_T_le_v4SPD16_eabi.lib : xatan.obj (.text)
                  000035c4    00000188     sensors.obj (.text:Filter_GyroData)
                  0000374c    00000168     sysbios.aem4f : BIOS.obj (.text:ti_sysbios_family_arm_m3_Hwi_excBusFault__I)
                  000038b4    0000015c     sensors.obj (.text:Read_Gyro)
                  00003a10    0000015c     uart_tivaware.aem4f : UARTTiva.oem4f (.text:UARTTiva_open)
                  00003b6c    00000154     sysbios.aem4f : BIOS.obj (.text:ti_sysbios_family_arm_m3_Hwi_excUsageFault__I)
                  00003cc0    00000148     rtsv7M4_T_le_v4SPD16_eabi.lib : sqrt.obj (.text)
                  00003e08    00000140     sysbios.aem4f : BIOS.obj (.text:ti_sysbios_family_arm_m3_Hwi_excMemFault__I)
                  00003f48    0000013c     sensors.obj (.text:Calib_Gyro)
                  00004084    0000013c     motors.obj (.text:motors_init)
                  000041c0    0000013c     ti.targets.arm.rtsarm.aem4f : Error.oem4f (.text:xdc_runtime_Error_raiseX__F)
                  000042fc    00000138     sysbios.aem4f : BIOS.obj (.text:ti_sysbios_heaps_HeapMem_Instance_init__F)
                  00004434    00000136     rtsv7M4_T_le_v4SPD16_eabi.lib : fd_div_t2.obj (.text)
                  0000456a    00000002     sysbios.aem4f : BIOS.obj (.text:ti_sysbios_family_arm_m3_Hwi_doSwiRestore__I)
                  0000456c    00000134                   : m3_Hwi_asm.obj (.text:ti_sysbios_family_arm_m3_Hwi_dispatch__I)
                  000046a0    00000130     driverlib.lib : gpio.obj (.text:GPIOPadConfigSet)
                  000047d0    00000124     uart_tivaware.aem4f : UARTTiva.oem4f (.text:UARTTiva_hwiIntFxn)
                  000048f4    0000011c     rtsv7M4_T_le_v4SPD16_eabi.lib : asin.obj (.text)
                  00004a10    00000110                                   : xdscale.obj (.text)
                  00004b20    0000010c     Boot.aem4f : Boot_sysctl.oem4f (.text:ti_catalog_arm_cortexm4_tiva_ce_Boot_sysCtlClockSetI__I)
                  00004c2c    00000108     UARTUtils.obj (.text:openHandle)
                  00004d34    00000104     ti.targets.arm.rtsarm.aem4f : Core-mem.oem4f (.text:xdc_runtime_Core_createObject__I)
                  00004e38    00000104     KIRC_FltCmp_RTOS_pem4f.oem4f (.text:xdc_runtime_System_printfExtend__I)
                  00004f3c    000000fc     rtsv7M4_T_le_v4SPD16_eabi.lib : fd_mul_t2.obj (.text)
                  00005038    000000f8     ti.targets.arm.rtsarm.aem4f : Startup.oem4f (.text:xdc_runtime_Startup_startMods__I)
                  00005130    000000f4     rtsv7M4_T_le_v4SPD16_eabi.lib : dtor_list.obj (.text)
                  00005224    000000f0     Main.obj (.text:main)
                  00005314    000000ec     sysbios.aem4f : BIOS.obj (.text:ti_sysbios_knl_Semaphore_post__E)
                  00005400    000000e8     EK_TM4C123GXL.obj (.text:EK_TM4C123GXL_initGPIO)
                  000054e8    000000e8     sysbios.aem4f : BIOS.obj (.text:ti_sysbios_family_arm_m3_Hwi_initNVIC__E)
                  000055d0    000000e4     sensors.obj (.text:Calib_Accel)
                  000056b4    000000dc     uart_tivaware.aem4f : UARTTiva.oem4f (.text:UARTTiva_write)
                  00005790    000000dc     rtsv7M4_T_le_v4SPD16_eabi.lib : setvbuf.obj (.text)
                  0000586c    000000d8     motors.obj (.text:motors_out)
                  00005944    000000d8     rtsv7M4_T_le_v4SPD16_eabi.lib : atan2f.obj (.text)
                  00005a1c    000000d2     uart_tivaware.aem4f : UARTTiva.oem4f (.text:UARTTiva_read)
                  00005aee    00000002     sysbios.aem4f : BIOS.obj (.text:ti_sysbios_gates_GateHwi_Instance_init__F)
                  00005af0    000000c8     driverlib.lib : sysctl.obj (.text:SysCtlClockGet)
                  00005bb8    000000c4     rtsv7M4_T_le_v4SPD16_eabi.lib : xdnorm.obj (.text)
                  00005c7c    000000c0                                   : fflush.obj (.text)
                  00005d3c    000000b4     quaternion.obj (.text:StateEst_Calib)
                  00005df0    000000b4     sysbios.aem4f : BIOS.obj (.text:ti_sysbios_family_arm_m3_Hwi_excHardFault__I)
                  00005ea4    000000b4                   : BIOS.obj (.text:ti_sysbios_gates_GateMutex_enter__E)
                  00005f58    000000b0                   : BIOS.obj (.text:ti_sysbios_family_arm_m3_Hwi_excDebugMon__I)
                  00006008    000000ac                   : BIOS.obj (.text:ti_sysbios_family_arm_lm4_Timer_enableTiva__I)
                  000060b4    000000a8     rtsv7M4_T_le_v4SPD16_eabi.lib : xfatan.obj (.text)
                  0000615c    000000a8     sysbios.aem4f : BIOS.obj (.text:ti_sysbios_knl_Semaphore_Instance_init__F)
                  00006204    000000a4                   : BIOS.obj (.text:ti_sysbios_family_arm_lm4_Timer_enableTimers__I)
                  000062a8    000000a4                   : BIOS.obj (.text:ti_sysbios_family_arm_m3_Hwi_Module_startup__F)
                  0000634c    000000a0     auto_init.aem4f : auto_init.oem4f (.text)
                  000063ec    0000009c     rtsv7M4_T_le_v4SPD16_eabi.lib : memcpy_t2.obj (.text)
                  00006488    0000009a     ti.targets.arm.rtsarm.aem4f : Text.oem4f (.text:xdc_runtime_Text_putSite__F)
                  00006522    00000002     sysbios.aem4f : BIOS.obj (.text:ti_sysbios_knl_Clock_logTick__E)
                  00006524    00000098     rtsv7M4_T_le_v4SPD16_eabi.lib : fclose.obj (.text)
                  000065bc    00000094     Boot.aem4f : Boot.oem4f (.text:ti_catalog_arm_cortexm4_tiva_ce_Boot_sysCtlClockSet__E)
                  00006650    00000094     ti.targets.arm.rtsarm.aem4f : Text.oem4f (.text:xdc_runtime_Text_putMod__F)
                  000066e4    0000008c     UARTUtils.obj (.text:UARTUtils_systemInit)
                  00006770    0000008c     sysbios.aem4f : BIOS.obj (.text:ti_sysbios_family_arm_m3_Hwi_Instance_init__F)
                  000067fc    0000008c                   : m3_TaskSupport_asm.obj (.text:ti_sysbios_family_arm_m3_TaskSupport_buildTaskStack)
                  00006888    00000084     sensors.obj (.text:GetData_Accel)
                  0000690c    00000084     sensors.obj (.text:GetData_Gyro)
                  00006990    00000084     RxFunctions.obj (.text:RCinputIntHandler)
                  00006a14    00000084     sensors.obj (.text:Read_Accel)
                  00006a98    0000007e     rtsv7M4_T_le_v4SPD16_eabi.lib : fd_cmp_t2.obj (.text:__aeabi_cdcmple)
                  00006b16    0000007e                                   : fd_cmp_t2.obj (.text:__aeabi_cdrcmple)
                  00006b94    00000078                                   : memset_t2.obj (.text)
                  00006c0c    00000075     Main.obj (.text:ReadSensorsFxn)
                  00006c81    00000001     --HOLE-- [fill = 0]
                  00006c82    00000002     KIRC_FltCmp_RTOS_pem4f.oem4f (.text:xdc_runtime_Startup_reset__I)
                  00006c84    00000070     KIRC_FltCmp_RTOS_pem4f.oem4f (.text:ti_sysbios_family_arm_m3_Hwi_Object__create__S)
                  00006cf4    00000070     sysbios.aem4f : BIOS.obj (.text:ti_sysbios_family_arm_m3_Hwi_reconfig__E)
                  00006d64    00000070                   : BIOS.obj (.text:ti_sysbios_knl_Clock_workFunc__E)
                  00006dd4    00000070     ti.targets.arm.rtsarm.aem4f : Memory.oem4f (.text:xdc_runtime_Memory_alloc__F)
                  00006e44    0000006c     EK_TM4C123GXL.obj (.text:EK_TM4C123GXL_initPWM)
                  00006eb0    0000006c     sysbios.aem4f : BIOS.obj (.text:ti_sysbios_knl_Task_exit__E)
                  00006f1c    0000006c     ti.targets.arm.rtsarm.aem4f : Error.oem4f (.text:xdc_runtime_Error_print__F)
                  00006f88    00000068     sysbios.aem4f : BIOS.obj (.text:ti_sysbios_BIOS_rtsUnlock__I)
                  00006ff0    00000066     uart_tivaware.aem4f : UARTTiva.oem4f (.text:UARTTiva_readPolling)
                  00007056    00000066     ti.targets.arm.rtsarm.aem4f : Core-mem.oem4f (.text:xdc_runtime_Core_deleteObject__I)
                  000070bc    00000064     rtsv7M4_T_le_v4SPD16_eabi.lib : xdunscal.obj (.text)
                  00007120    00000064     sysbios.aem4f : BIOS.obj (.text:ti_sysbios_knl_Task_startCore__E)
                  00007184    00000060     sensors.obj (.text:I2C0_RxData)
                  000071e4    00000060     rtsv7M4_T_le_v4SPD16_eabi.lib : trgmsg.obj (.text)
                  00007244    00000060     sysbios.aem4f : BIOS.obj (.text:ti_sysbios_family_arm_lm4_Timer_isrStub__E)
                  000072a4    0000005e     rtsv7M4_T_le_v4SPD16_eabi.lib : copy_decompress_rle.obj (.text)
                  00007302    00000002     ti.targets.arm.rtsarm.aem4f : SysCallback.oem4f (.text:xdc_runtime_SysCallback_defaultExit)
                  00007304    0000005c     sysbios.aem4f : BIOS.obj (.text:ti_sysbios_family_arm_lm4_Timer_Module_startup__F)
                  00007360    0000005b     ti.targets.arm.rtsarm.aem4f : Text.oem4f (.text:xdc_runtime_Text_putLab__F)
                  000073bb    00000001     --HOLE-- [fill = 0]
                  000073bc    00000058     boot.aem4f : boot.oem4f (.text)
                  00007414    00000058     sensors.obj (.text:I2C0_TxData)
                  0000746c    00000058     sysbios.aem4f : BIOS.obj (.text:ti_sysbios_family_arm_m3_Hwi_dispatchC__I)
                  000074c4    00000056     driverlib.lib : gpio.obj (.text:GPIOIntTypeSet)
                  0000751a    00000002     ti.targets.arm.rtsarm.aem4f : SysCallback.oem4f (.text:xdc_runtime_SysCallback_defaultFlush)
                  0000751c    00000054     gpio_tivaware.aem4f : GPIO.oem4f (.text:GPIO_setupCallbacks)
                  00007570    00000054     sysbios.aem4f : BIOS.obj (.text:ti_sysbios_knl_Task_processVitalTaskFlag__I)
                  000075c4    00000050                   : BIOS.obj (.text:ti_sysbios_knl_Task_schedule__I)
                  00007614    00000050     ti.targets.arm.rtsarm.aem4f : Startup.oem4f (.text:xdc_runtime_Startup_exec__F)
                  00007664    00000050                                 : System.oem4f (.text:xdc_runtime_System_formatNum__I)
                  000076b4    00000050                                 : Text.oem4f (.text:xdc_runtime_Text_visitRope2__I)
                  00007704    0000004a     rtsv7M4_T_le_v4SPD16_eabi.lib : fd_tos_t2.obj (.text)
                  0000774e    00000002     --HOLE-- [fill = 0]
                  00007750    00000048     driverlib.lib : gpio.obj (.text:GPIOPinConfigure)
                  00007798    00000048     EK_TM4C123GXL.obj (.text:I2C0_MasterInit)
                  000077e0    00000048     driverlib.lib : i2c.obj (.text:I2CMasterInitExpClk)
                  00007828    00000048     rtsv7M4_T_le_v4SPD16_eabi.lib : fd_toi_t2.obj (.text)
                  00007870    00000048     sysbios.aem4f : BIOS.obj (.text:ti_sysbios_BIOS_errorRaiseHook__I)
                  000078b8    00000048                   : BIOS.obj (.text:ti_sysbios_family_arm_m3_Hwi_excReserved__I)
                  00007900    00000048                   : BIOS.obj (.text:ti_sysbios_heaps_HeapMem_getStats__E)
                  00007948    00000048     ti.targets.arm.rtsarm.aem4f : Assert.oem4f (.text:xdc_runtime_Assert_raise__I)
                  00007990    00000048                                 : Core-params.oem4f (.text:xdc_runtime_Core_assignParams__I)
                  000079d8    00000044     rtsv7M4_T_le_v4SPD16_eabi.lib : cpy_tbl.obj (.text)
                  00007a1c    00000044                                   : exit.obj (.text)
                  00007a60    00000044                                   : xdtest.obj (.text)
                  00007aa4    00000044     sysbios.aem4f : BIOS.obj (.text:ti_sysbios_family_arm_lm4_Timer_stop__E)
                  00007ae8    00000044                   : BIOS.obj (.text:ti_sysbios_family_arm_m3_Hwi_disableInterrupt__E)
                  00007b2c    00000044                   : BIOS.obj (.text:ti_sysbios_family_arm_m3_Hwi_enableInterrupt__E)
                  00007b70    00000044                   : BIOS.obj (.text:ti_sysbios_knl_Task_allBlockedFunction__I)
                  00007bb4    00000042     driverlib.lib : uart.obj (.text:UARTConfigSetExpClk)
                  00007bf6    00000002     --HOLE-- [fill = 0]
                  00007bf8    00000040     EK_TM4C123GXL.obj (.text:EK_TM4C123GXL_initGeneral)
                  00007c38    00000040     gpio_tivaware.aem4f : GPIO.oem4f (.text:GPIO_enableInt)
                  00007c78    00000040     uart_tivaware.aem4f : UARTTiva.oem4f (.text:UARTTiva_writePolling)
                  00007cb8    00000040     rtsv7M4_T_le_v4SPD16_eabi.lib : signal.obj (.text)
                  00007cf8    00000040     sysbios.aem4f : BIOS.obj (.text:ti_sysbios_family_arm_lm4_Timer_startup__E)
                  00007d38    00000040     KIRC_FltCmp_RTOS_pem4f.oem4f (.text:ti_sysbios_knl_Semaphore_Object__create__S)
                  00007d78    00000040     sysbios.aem4f : BIOS.obj (.text:ti_sysbios_knl_Semaphore_pendTimeout__I)
                  00007db8    00000040     ti.targets.arm.rtsarm.aem4f : System.oem4f (.text:xdc_runtime_System_atexit__F)
                  00007df8    0000003c     gpio_tivaware.aem4f : GPIO.oem4f (.text:GPIO_toggle)
                  00007e34    0000003c     sysbios.aem4f : BIOS.obj (.text:ti_sysbios_family_arm_m3_Hwi_excSvCall__I)
                  00007e70    0000003c                   : BIOS.obj (.text:ti_sysbios_heaps_HeapMem_init__I)
                  00007eac    0000003c     ti.targets.arm.rtsarm.aem4f : Text.oem4f (.text:xdc_runtime_Text_xprintf__I)
                  00007ee8    00000038     uart_tivaware.aem4f : UART.oem4f (.text:UART_init)
                  00007f20    00000038     rtsv7M4_T_le_v4SPD16_eabi.lib : fs_tod_t2.obj (.text)
                  00007f58    00000038     sysbios.aem4f : BIOS.obj (.text:ti_sysbios_family_arm_m3_Hwi_excNoIsr__I)
                  00007f90    00000038                   : BIOS.obj (.text:ti_sysbios_family_arm_m3_Hwi_getStackInfo__E)
                  00007fc8    00000038                   : BIOS.obj (.text:ti_sysbios_family_arm_m3_TaskSupport_start__E)
                  00008000    00000038     KIRC_FltCmp_RTOS_pem4f.oem4f (.text:ti_sysbios_gates_GateHwi_Object__create__S)
                  00008038    00000038     KIRC_FltCmp_RTOS_pem4f.oem4f (.text:ti_sysbios_gates_GateMutex_Object__create__S)
                  00008070    00000038     KIRC_FltCmp_RTOS_pem4f.oem4f (.text:ti_sysbios_heaps_HeapMem_Object__create__S)
                  000080a8    00000038     KIRC_FltCmp_RTOS_pem4f.oem4f (.text:ti_sysbios_knl_Queue_Object__create__S)
                  000080e0    00000034     RxFunctions.obj (.text:EnableRxInterrupts)
                  00008114    00000034     driverlib.lib : sysctl.obj (.text:SysCtlPeripheralEnable)
                  00008148    00000034     uart_tivaware.aem4f : UARTTiva.oem4f (.text:UARTTiva_close)
                  0000817c    00000034     UARTUtils.obj (.text:UARTUtils_deviceread)
                  000081b0    00000034     UARTUtils.obj (.text:UARTUtils_devicewrite)
                  000081e4    00000034     UARTUtils.obj (.text:closeHandle)
                  00008218    00000034     rtsv7M4_T_le_v4SPD16_eabi.lib : feraiseexcept.obj (.text)
                  0000824c    00000034                                   : xfdtest.obj (.text)
                  00008280    00000034     sysbios.aem4f : BIOS.obj (.text:ti_sysbios_family_arm_m3_Hwi_excNmi__I)
                  000082b4    00000032     uart_tivaware.aem4f : UARTTiva.oem4f (.text:UARTTiva_readCancel)
                  000082e6    00000032                         : UARTTiva.oem4f (.text:UARTTiva_writeCancel)
                  00008318    00000030     rtsv7M4_T_le_v4SPD16_eabi.lib : strncpy.obj (.text)
                  00008348    00000030                                   : xferaise.obj (.text)
                  00008378    00000030     sysbios.aem4f : BIOS.obj (.text:ti_sysbios_knl_Idle_run__E)
                  000083a8    00000030                   : BIOS.obj (.text:ti_sysbios_knl_Task_unblockI__E)
                  000083d8    00000030     ti.targets.arm.rtsarm.aem4f : Core-label.oem4f (.text:xdc_runtime_Core_assignLabel__I)
                  00008408    0000002f                                 : Text.oem4f (.text:xdc_runtime_Text_printVisFxn__I)
                  00008437    00000001     --HOLE-- [fill = 0]
                  00008438    0000002e     UARTUtils.obj (.text:UARTUtils_deviceopen)
                  00008466    0000002e     KIRC_FltCmp_RTOS_pem4f.oem4f (.text:malloc)
                  00008494    0000002e     rtsv7M4_T_le_v4SPD16_eabi.lib : i_tofd_t2.obj (.text)
                  000084c2    0000002e                                   : raise.obj (.text)
                  000084f0    0000002c     sensors.obj (.text:Accel_Init)
                  0000851c    0000002c     EK_TM4C123GXL.obj (.text:EK_TM4C123GXL_initUART)
                  00008548    0000002c     uart_tivaware.aem4f : UART.oem4f (.text:UART_Params_init)
                  00008574    0000002c     KIRC_FltCmp_RTOS_pem4f.oem4f (.text:ti_sysbios_BIOS_exitFunc__I)
                  000085a0    0000002c     sysbios.aem4f : BIOS.obj (.text:ti_sysbios_hal_Hwi_initStack:ti_sysbios_hal_Hwi_initStack)
                  000085cc    0000002c     KIRC_FltCmp_RTOS_pem4f.oem4f (.text:ti_sysbios_knl_Clock_doTick__I)
                  000085f8    0000002c     sysbios.aem4f : BIOS.obj (.text:ti_sysbios_knl_Task_sleepTimeout__I)
                  00008624    0000002c     ti.targets.arm.rtsarm.aem4f : System.oem4f (.text:xdc_runtime_System_rtsExit__I)
                  00008650    0000002c                                 : Text.oem4f (.text:xdc_runtime_Text_cordText__F)
                  0000867c    0000002a     driverlib.lib : gpio.obj (.text:GPIODirModeSet)
                  000086a6    0000002a     gpio_tivaware.aem4f : GPIO.oem4f (.text:GPIO_hwiIntFxn)
                  000086d0    0000002a     ti.targets.arm.rtsarm.aem4f : System.oem4f (.text:xdc_runtime_System_putchar__I)
                  000086fa    00000028     RxFunctions.obj (.text:ClearRxInterrupts)
                  00008722    00000028     RxFunctions.obj (.text:DisableRxInterrupts)
                  0000874a    00000002     --HOLE-- [fill = 0]
                  0000874c    00000028     gpio_tivaware.aem4f : GPIO.oem4f (.text:GPIO_write)
                  00008774    00000028     sysbios.aem4f : m3_Hwi_asm_switch.obj (.text:ti_sysbios_family_arm_m3_Hwi_initStacks__E)
                  0000879c    00000028                   : BIOS.obj (.text:ti_sysbios_gates_GateMutex_Instance_init__F)
                  000087c4    00000028                   : BIOS.obj (.text:ti_sysbios_knl_Task_restore__E)
                  000087ec    00000026     ti.targets.arm.rtsarm.aem4f : System.oem4f (.text:xdc_runtime_System_avprintf__F)
                  00008812    00000002     --HOLE-- [fill = 0]
                  00008814    00000024     gpio_tivaware.aem4f : GPIO.oem4f (.text:GPIO_disableInt)
                  00008838    00000024                         : GPIO.oem4f (.text:GPIO_init)
                  0000885c    00000024     UARTUtils.obj (.text:UARTUtils_systemAbort)
                  00008880    00000024     sysbios.aem4f : BIOS.obj (.text:ti_sysbios_BIOS_registerRTSLock__I)
                  000088a4    00000024                   : BIOS.obj (.text:ti_sysbios_family_arm_m3_Hwi_Instance_finalize__F)
                  000088c8    00000024     KIRC_FltCmp_RTOS_pem4f.oem4f (.text:ti_sysbios_gates_GateMutex_Object__delete__S)
                  000088ec    00000024     sysbios.aem4f : BIOS.obj (.text:ti_sysbios_knl_Clock_Module_startup__F)
                  00008910    00000024     ti.targets.arm.rtsarm.aem4f : System.oem4f (.text:xdc_runtime_System_vprintf__F)
                  00008934    00000022     driverlib.lib : pwm.obj (.text:PWMGenConfigure)
                  00008956    00000002     --HOLE-- [fill = 0]
                  00008958    00000020     UARTUtils.obj (.text:UARTUtils_systemPutch)
                  00008978    00000020     KIRC_FltCmp_RTOS_pem4f.oem4f (.text:ti_sysbios_BIOS_startFunc__I)
                  00008998    00000020     sysbios.aem4f : BIOS.obj (.text:ti_sysbios_family_arm_m3_Hwi_doTaskRestore__I)
                  000089b8    00000020     KIRC_FltCmp_RTOS_pem4f.oem4f (.text:ti_sysbios_gates_GateHwi_Object__delete__S)
                  000089d8    00000020     KIRC_FltCmp_RTOS_pem4f.oem4f (.text:ti_sysbios_heaps_HeapMem_Object__delete__S)
                  000089f8    00000020     KIRC_FltCmp_RTOS_pem4f.oem4f (.text:ti_sysbios_knl_Semaphore_Object__destruct__S)
                  00008a18    00000020     sysbios.aem4f : BIOS.obj (.text:ti_sysbios_knl_Task_enter__I)
                  00008a38    00000020     ti.targets.arm.rtsarm.aem4f : Registry.oem4f (.text:xdc_runtime_Registry_findById__F)
                  00008a58    0000001e     driverlib.lib : pwm.obj (.text:PWMPulseWidthSet)
                  00008a76    0000001e     sysbios.aem4f : BIOS.obj (.text:ti_sysbios_family_arm_lm4_Timer_write__I)
                  00008a94    0000001c     driverlib.lib : uart.obj (.text:UARTDisable)
                  00008ab0    0000001c     sysbios.aem4f : BIOS.obj (.text:ti_sysbios_BIOS_rtsLock__I)
                  00008acc    0000001c     KIRC_FltCmp_RTOS_pem4f.oem4f (.text:ti_sysbios_family_arm_m3_Hwi_Object__destruct__S)
                  00008ae8    0000001c     KIRC_FltCmp_RTOS_pem4f.oem4f (.text:ti_sysbios_knl_Queue_Object__destruct__S)
                  00008b04    0000001c     ti.targets.arm.rtsarm.aem4f : Error.oem4f (.text:xdc_runtime_Error_check__F)
                  00008b20    0000001c                                 : Memory.oem4f (.text:xdc_runtime_Memory_valloc__F)
                  00008b3c    0000001a     motors.obj (.text:motorsDisable)
                  00008b56    0000001a     KIRC_FltCmp_RTOS_pem4f.oem4f (.text:xdc_runtime_System_aprintf__E)
                  00008b70    0000001a     KIRC_FltCmp_RTOS_pem4f.oem4f (.text:xdc_runtime_System_printf__E)
                  00008b8a    00000018     driverlib.lib : gpio.obj (.text:GPIOPinTypeGPIOOutput)
                  00008ba2    00000018     sensors.obj (.text:Gyro_Init)
                  00008bba    00000018     UARTUtils.obj (.text:UARTUtils_deviceclose)
                  00008bd2    00000002     --HOLE-- [fill = 0]
                  00008bd4    00000018     uart_tivaware.aem4f : UART.oem4f (.text:UART_open)
                  00008bec    00000018     KIRC_FltCmp_RTOS_pem4f.oem4f (.text:free)
                  00008c04    00000018     rtsv7M4_T_le_v4SPD16_eabi.lib : args_main.obj (.text)
                  00008c1c    00000018                                   : strcmp.obj (.text)
                  00008c34    00000018     KIRC_FltCmp_RTOS_pem4f.oem4f (.text:ti_sysbios_family_arm_lm4_Timer_Module__startupDone__F)
                  00008c4c    00000018     KIRC_FltCmp_RTOS_pem4f.oem4f (.text:ti_sysbios_family_arm_m3_Hwi_Handle__label__S)
                  00008c64    00000018     KIRC_FltCmp_RTOS_pem4f.oem4f (.text:ti_sysbios_family_arm_m3_Hwi_Module__startupDone__F)
                  00008c7c    00000018     sysbios.aem4f : m3_TaskSupport_asm.obj (.text:ti_sysbios_family_arm_m3_TaskSupport_swap__E)
                  00008c94    00000018     KIRC_FltCmp_RTOS_pem4f.oem4f (.text:ti_sysbios_gates_GateHwi_Handle__label__S)
                  00008cac    00000018     KIRC_FltCmp_RTOS_pem4f.oem4f (.text:ti_sysbios_gates_GateMutex_Handle__label__S)
                  00008cc4    00000018     sysbios.aem4f : BIOS.obj (.text:ti_sysbios_gates_GateMutex_leave__E)
                  00008cdc    00000018     KIRC_FltCmp_RTOS_pem4f.oem4f (.text:ti_sysbios_hal_Timer_Module__startupDone__F)
                  00008cf4    00000018     KIRC_FltCmp_RTOS_pem4f.oem4f (.text:ti_sysbios_heaps_HeapMem_Handle__label__S)
                  00008d0c    00000018     KIRC_FltCmp_RTOS_pem4f.oem4f (.text:ti_sysbios_knl_Task_Handle__label__S)
                  00008d24    00000018     ti.targets.arm.rtsarm.aem4f : Text.oem4f (.text:xdc_runtime_Text_ropeText__F)
                  00008d3c    00000016     rtsv7M4_T_le_v4SPD16_eabi.lib : strchr.obj (.text)
                  00008d52    00000002     --HOLE-- [fill = 0]
                  00008d54    00000014     gpio_tivaware.aem4f : GPIO.oem4f (.text:GPIO_clearInt)
                  00008d68    00000014     driverlib.lib : sysctl.obj (.text:SysCtlPWMClockSet)
                  00008d7c    00000014                   : uart.obj (.text:UARTEnable)
                  00008d90    00000014     UARTUtils.obj (.text:UARTUtils_systemReady)
                  00008da4    00000014     rtsv7M4_T_le_v4SPD16_eabi.lib : _lock.obj (.text)
                  00008db8    00000014                                   : strlen.obj (.text)
                  00008dcc    00000014     sysbios.aem4f : BIOS.obj (.text:ti_sysbios_family_arm_m3_Hwi_switchFromBootStack__E)
                  00008de0    00000014     KIRC_FltCmp_RTOS_pem4f.oem4f (.text:ti_sysbios_heaps_HeapMem_Object__get__S)
                  00008df4    00000014     ti.targets.arm.rtsarm.aem4f : System.oem4f (.text:xdc_runtime_System_abort__F)
                  00008e08    00000012     driverlib.lib : gpio.obj (.text:GPIOPinTypeGPIOInput)
                  00008e1a    00000012                   : gpio.obj (.text:GPIOPinTypeI2C)
                  00008e2c    00000012                   : gpio.obj (.text:GPIOPinTypeI2CSCL)
                  00008e3e    00000012                   : gpio.obj (.text:GPIOPinTypePWM)
                  00008e50    00000012                   : gpio.obj (.text:GPIOPinTypeUART)
                  00008e62    00000012                   : pwm.obj (.text:PWMOutputState)
                  00008e74    00000012     UARTUtils.obj (.text:UARTUtils_devicelseek)
                  00008e86    00000012     rtsv7M4_T_le_v4SPD16_eabi.lib : copy_zero_init.obj (.text:decompress:ZI)
                  00008e98    00000012     sysbios.aem4f : BIOS.obj (.text:ti_sysbios_hal_Hwi_Module_startup__F)
                  00008eaa    00000012                   : BIOS.obj (.text:ti_sysbios_hal_Timer_Module_startup__F)
                  00008ebc    00000012     KIRC_FltCmp_RTOS_pem4f.oem4f (.text:xdc_runtime_Startup_exec__I)
                  00008ece    00000010     driverlib.lib : pwm.obj (.text:PWMGenPeriodSet)
                  00008ede    00000010     UARTUtils.obj (.text:UARTUtils_devicerename)
                  00008eee    00000010     rtsv7M4_T_le_v4SPD16_eabi.lib : strcpy.obj (.text)
                  00008efe    00000002     --HOLE-- [fill = 0]
                  00008f00    00000010     sysbios.aem4f : BIOS.obj (.text:ti_sysbios_BIOS_getCpuFreq__E)
                  00008f10    00000010                   : BIOS.obj (.text:ti_sysbios_BIOS_setThreadType__E)
                  00008f20    00000010                   : BIOS.obj (.text:ti_sysbios_BIOS_start__E)
                  00008f30    00000010                   : BIOS.obj (.text:ti_sysbios_family_arm_m3_Hwi_excHandler__I)
                  00008f40    00000010                   : m3_TaskSupport_asm.obj (.text:ti_sysbios_family_arm_m3_TaskSupport_glue)
                  00008f50    00000010                   : BIOS.obj (.text:ti_sysbios_gates_GateMutex_Instance_finalize__F)
                  00008f60    00000010                   : BIOS.obj (.text:ti_sysbios_knl_Semaphore_Instance_finalize__F)
                  00008f70    00000010     KIRC_FltCmp_RTOS_pem4f.oem4f (.text:ti_sysbios_knl_Task_Object__get__S)
                  00008f80    00000010     sysbios.aem4f : BIOS.obj (.text:ti_sysbios_knl_Task_disable__E)
                  00008f90    00000010     ti.targets.arm.rtsarm.aem4f : Gate.oem4f (.text:xdc_runtime_Gate_leaveSystem__F)
                  00008fa0    00000010                                 : Memory.oem4f (.text:xdc_runtime_Memory_free__F)
                  00008fb0    00000010                                 : SysCallback.oem4f (.text:xdc_runtime_SysCallback_abort__F)
                  00008fc0    00000010                                 : SysCallback.oem4f (.text:xdc_runtime_SysCallback_exit__F)
                  00008fd0    00000010                                 : SysCallback.oem4f (.text:xdc_runtime_SysCallback_flush__F)
                  00008fe0    00000010                                 : SysCallback.oem4f (.text:xdc_runtime_SysCallback_putch__F)
                  00008ff0    00000010                                 : SysCallback.oem4f (.text:xdc_runtime_SysCallback_ready__F)
                  00009000    00000010                                 : System.oem4f (.text:xdc_runtime_System_vsnprintf__F)
                  00009010    0000000e     driverlib.lib : gpio.obj (.text:GPIOIntDisable)
                  0000901e    0000000e                   : gpio.obj (.text:GPIOIntStatus)
                  0000902c    0000000e                   : uart.obj (.text:UARTCharGetNonBlocking)
                  0000903a    0000000e                   : uart.obj (.text:UARTCharPutNonBlocking)
                  00009048    0000000e     UARTUtils.obj (.text:UARTUtils_deviceunlink)
                  00009056    0000000e     rtsv7M4_T_le_v4SPD16_eabi.lib : copy_decompress_none.obj (.text:decompress:none)
                  00009064    0000000e     sysbios.aem4f : BIOS.obj (.text:ti_sysbios_knl_Queue_empty__E)
                  00009072    00000002     --HOLE-- [fill = 0]
                  00009074    0000000c     KIRC_FltCmp_RTOS_pem4f.oem4f (.text:.bootCodeSection:ti_catalog_arm_cortexm4_tiva_ce_Boot_init__I)
                  00009080    0000000c     driverlib.lib : gpio.obj (.text:GPIOIntEnable)
                  0000908c    0000000c                   : pwm.obj (.text:PWMGenEnable)
                  00009098    0000000c     sysbios.aem4f : BIOS.obj (.text:ti_sysbios_family_arm_lm4_Timer_masterDisable__I)
                  000090a4    0000000c     KIRC_FltCmp_RTOS_pem4f.oem4f (.text:ti_sysbios_family_arm_m3_Hwi_Params__init__S)
                  000090b0    0000000c     sysbios.aem4f : BIOS.obj (.text:ti_sysbios_family_arm_m3_Hwi_disableFxn__E)
                  000090bc    0000000c                   : BIOS.obj (.text:ti_sysbios_gates_GateHwi_enter__E)
                  000090c8    0000000c                   : BIOS.obj (.text:ti_sysbios_knl_Clock_getTicks__E)
                  000090d4    0000000c     KIRC_FltCmp_RTOS_pem4f.oem4f (.text:ti_sysbios_knl_Queue_Object__get__S)
                  000090e0    0000000c     KIRC_FltCmp_RTOS_pem4f.oem4f (.text:ti_sysbios_knl_Semaphore_Params__init__S)
                  000090ec    0000000c     ti.targets.arm.rtsarm.aem4f : Error.oem4f (.text:xdc_runtime_Error_init__F)
                  000090f8    0000000c                                 : Gate.oem4f (.text:xdc_runtime_Gate_enterSystem__F)
                  00009104    0000000c                                 : Memory.oem4f (.text:xdc_runtime_Memory_calloc__F)
                  00009110    0000000c                                 : Memory.oem4f (.text:xdc_runtime_Memory_getMaxDefaultTypeAlign__F)
                  0000911c    0000000c                                 : System.oem4f (.text:xdc_runtime_System_exit__F)
                  00009128    0000000c                                 : System.oem4f (.text:xdc_runtime_System_lastFxn__I)
                  00009134    0000000a     driverlib.lib : i2c.obj (.text:I2CMasterEnable)
                  0000913e    0000000a                   : uart.obj (.text:UARTCharGet)
                  00009148    0000000a                   : uart.obj (.text:UARTCharPut)
                  00009152    0000000a                   : uart.obj (.text:UARTIntDisable)
                  0000915c    0000000a                   : uart.obj (.text:UARTIntStatus)
                  00009166    0000000a     uart_tivaware.aem4f : UART.oem4f (.text:UART_close)
                  00009170    0000000a                         : UART.oem4f (.text:UART_read)
                  0000917a    0000000a                         : UART.oem4f (.text:UART_write)
                  00009184    0000000a                         : UART.oem4f (.text:UART_writePolling)
                  0000918e    0000000a     KIRC_FltCmp_RTOS_pem4f.oem4f (.text:xdc_runtime_IHeap_alloc)
                  00009198    0000000a     KIRC_FltCmp_RTOS_pem4f.oem4f (.text:xdc_runtime_IHeap_free)
                  000091a2    0000000a     KIRC_FltCmp_RTOS_pem4f.oem4f (.text:xdc_runtime_Text_visitRope__I)
                  000091ac    00000008     driverlib.lib : i2c.obj (.text:I2CMasterBusy)
                  000091b4    00000008                   : i2c.obj (.text:I2CMasterSlaveAddrSet)
                  000091bc    00000008                   : uart.obj (.text:UARTIntEnable)
                  000091c4    00000008     uart_tivaware.aem4f : UARTTiva.oem4f (.text:UARTTiva_init)
                  000091cc    00000008                         : UARTTiva.oem4f (.text:readSemCallback)
                  000091d4    00000008     sysbios.aem4f : BIOS.obj (.text:ti_sysbios_family_arm_m3_Hwi_startup__E)
                  000091dc    00000008                   : BIOS.obj (.text:ti_sysbios_knl_Idle_loop__E)
                  000091e4    00000008     uart_tivaware.aem4f : UARTTiva.oem4f (.text:writeSemCallback)
                  000091ec    00000006     driverlib.lib : gpio.obj (.text:GPIOIntClear)
                  000091f2    00000006                   : gpio.obj (.text:GPIOPinRead)
                  000091f8    00000006                   : gpio.obj (.text:GPIOPinWrite)
                  000091fe    00000006                   : sysctl.obj (.text:SysCtlDelay)
                  00009204    00000006                   : uart.obj (.text:UARTFIFOLevelSet)
                  0000920a    00000006     ti.targets.arm.rtsarm.aem4f : xdc_noinit.oem4f (.text:__xdc__init)
                  00009210    00000006     rtsv7M4_T_le_v4SPD16_eabi.lib : copy_decompress_rle.obj (.text:decompress:rle24)
                  00009216    00000006     Boot.aem4f : Boot_sysctl.oem4f (.text:ti_catalog_arm_cortexm4_tiva_ce_Boot_sysCtlDelayI__I)
                  0000921c    00000006     sysbios.aem4f : BIOS.obj (.text:ti_sysbios_family_arm_m3_Hwi_restoreFxn__E)
                  00009222    00000006                   : BIOS.obj (.text:ti_sysbios_gates_GateHwi_leave__E)
                  00009228    00000006                   : BIOS.obj (.text:ti_sysbios_heaps_HeapMem_isBlocking__E)
                  0000922e    00000006                   : BIOS.obj (.text:ti_sysbios_knl_Queue_Instance_init__F)
                  00009234    00000006                   : BIOS.obj (.text:ti_sysbios_knl_Swi_Module_startup__F)
                  0000923a    00000006     ti.targets.arm.rtsarm.aem4f : System.oem4f (.text:xdc_runtime_System_Module_startup__F)
                  00009240    00000004     driverlib.lib : i2c.obj (.text:I2CMasterControl)
                  00009244    00000004                   : i2c.obj (.text:I2CMasterDataGet)
                  00009248    00000004                   : i2c.obj (.text:I2CMasterDataPut)
                  0000924c    00000004                   : uart.obj (.text:UARTIntClear)
                  00009250    00000004     KIRC_FltCmp_RTOS_pem4f.oem4f (.text:ti_sysbios_BIOS_RtsGateProxy_enter__E)
                  00009254    00000004     KIRC_FltCmp_RTOS_pem4f.oem4f (.text:ti_sysbios_BIOS_RtsGateProxy_leave__E)
                  00009258    00000004     sysbios.aem4f : BIOS.obj (.text:ti_sysbios_family_arm_lm4_Timer_getPeriod__E)
                  0000925c    00000004                   : BIOS.obj (.text:ti_sysbios_family_arm_lm4_Timer_masterEnable__I)
                  00009260    00000004     KIRC_FltCmp_RTOS_pem4f.oem4f (.text:ti_sysbios_family_arm_m3_TaskSupport_Module__startupDone__S)
                  00009264    00000004     sysbios.aem4f : BIOS.obj (.text:ti_sysbios_gates_GateHwi_query__F)
                  00009268    00000004                   : BIOS.obj (.text:ti_sysbios_gates_GateMutex_query__F)
                  0000926c    00000004     KIRC_FltCmp_RTOS_pem4f.oem4f (.text:ti_sysbios_hal_Hwi_HwiProxy_Module__startupDone__S)
                  00009270    00000004     KIRC_FltCmp_RTOS_pem4f.oem4f (.text:ti_sysbios_hal_Timer_TimerProxy_Module__startupDone__S)
                  00009274    00000004     KIRC_FltCmp_RTOS_pem4f.oem4f (.text:ti_sysbios_hal_Timer_TimerProxy_getPeriod__E)
                  00009278    00000004     KIRC_FltCmp_RTOS_pem4f.oem4f (.text:ti_sysbios_heaps_HeapMem_Module_GateProxy_enter__E)
                  0000927c    00000004     KIRC_FltCmp_RTOS_pem4f.oem4f (.text:ti_sysbios_heaps_HeapMem_Module_GateProxy_leave__E)
                  00009280    00000004     KIRC_FltCmp_RTOS_pem4f.oem4f (.text:ti_sysbios_knl_Task_SupportProxy_Module__startupDone__S)
                  00009284    00000004     sysbios.aem4f : BIOS.obj (.text:ti_sysbios_knl_Task_startup__E)
                  00009288    00000004     ti.targets.arm.rtsarm.aem4f : Error.oem4f (.text:xdc_runtime_Error_getSite__F)
                  0000928c    00000004     KIRC_FltCmp_RTOS_pem4f.oem4f (.text:xdc_runtime_Memory_HeapProxy_alloc__E)
                  00009290    00000004     KIRC_FltCmp_RTOS_pem4f.oem4f (.text:xdc_runtime_Memory_HeapProxy_free__E)
                  00009294    00000004     KIRC_FltCmp_RTOS_pem4f.oem4f (.text:xdc_runtime_System_Module_GateProxy_enter__E)
                  00009298    00000004     KIRC_FltCmp_RTOS_pem4f.oem4f (.text:xdc_runtime_System_Module_GateProxy_leave__E)
                  0000929c    00000004     ti.targets.arm.rtsarm.aem4f : System.oem4f (.text:xdc_runtime_System_aprintf_va__F)
                  000092a0    00000004                                 : System.oem4f (.text:xdc_runtime_System_printf_va__F)
                  000092a4    00000004     KIRC_FltCmp_RTOS_pem4f.oem4f (.text:xdc_runtime_System_vsnprintf__E)

.const     0    000092a8    00001e7a     
                  000092a8    000015c7     KIRC_FltCmp_RTOS_pem4f.oem4f (.const:xdc_runtime_Text_charTab__A)
                  0000a86f    000000d8     KIRC_FltCmp_RTOS_pem4f.oem4f (.const:ti_sysbios_family_arm_m3_Hwi_priorities__A)
                  0000a947    00000001     KIRC_FltCmp_RTOS_pem4f.oem4f (.const:xdc_runtime_Error_policy__C)
                  0000a948    00000090     driverlib.lib : gpio.obj (.const:g_pui32GPIOBaseAddrs)
                  0000a9d8    00000088     rtsv7M4_T_le_v4SPD16_eabi.lib : xatan.obj (.const)
                  0000aa60    00000084     EK_TM4C123GXL.obj (.const:gpioHWAttrs)
                  0000aae4    0000006c     driverlib.lib : sysctl.obj (.const:g_pui32Xtals)
                  0000ab50    00000048     KIRC_FltCmp_RTOS_pem4f.oem4f (.const:.string)
                  0000ab98    0000003c     Main.obj (.const)
                  0000abd4    00000034     rtsv7M4_T_le_v4SPD16_eabi.lib : xfatan.obj (.const)
                  0000ac08    00000030     EK_TM4C123GXL.obj (.const)
                  0000ac38    00000030     EK_TM4C123GXL.obj (.const:GPIO_config)
                  0000ac68    00000030     KIRC_FltCmp_RTOS_pem4f.oem4f (.const:ti_sysbios_family_arm_m3_Hwi_Object__PARAMS__C)
                  0000ac98    0000002c     EK_TM4C123GXL.obj (.const:EK_TM4C123GXL_gpioPortACallbacks)
                  0000acc4    0000002c     EK_TM4C123GXL.obj (.const:EK_TM4C123GXL_gpioPortFCallbacks)
                  0000acf0    00000028     KIRC_FltCmp_RTOS_pem4f.oem4f (.const:ti_sysbios_heaps_HeapMem_Module__FXNS__C)
                  0000ad18    00000024     uart_tivaware.aem4f : UARTTiva.oem4f (.const:UARTTiva_fxnTable)
                  0000ad3c    00000024     KIRC_FltCmp_RTOS_pem4f.oem4f (.const:ti_sysbios_gates_GateHwi_Module__FXNS__C)
                  0000ad60    00000024     KIRC_FltCmp_RTOS_pem4f.oem4f (.const:ti_sysbios_gates_GateMutex_Module__FXNS__C)
                  0000ad84    00000024     KIRC_FltCmp_RTOS_pem4f.oem4f (.const:ti_sysbios_heaps_HeapMem_Object__PARAMS__C)
                  0000ada8    00000024     KIRC_FltCmp_RTOS_pem4f.oem4f (.const:ti_sysbios_knl_Semaphore_Object__PARAMS__C)
                  0000adcc    00000020     KIRC_FltCmp_RTOS_pem4f.oem4f (.const:ti_sysbios_family_arm_m3_Hwi_Object__DESC__C)
                  0000adec    00000020     KIRC_FltCmp_RTOS_pem4f.oem4f (.const:ti_sysbios_gates_GateHwi_Object__DESC__C)
                  0000ae0c    00000020     KIRC_FltCmp_RTOS_pem4f.oem4f (.const:ti_sysbios_gates_GateMutex_Object__DESC__C)
                  0000ae2c    00000020     KIRC_FltCmp_RTOS_pem4f.oem4f (.const:ti_sysbios_heaps_HeapMem_Object__DESC__C)
                  0000ae4c    00000020     KIRC_FltCmp_RTOS_pem4f.oem4f (.const:ti_sysbios_knl_Queue_Object__DESC__C)
                  0000ae6c    00000020     KIRC_FltCmp_RTOS_pem4f.oem4f (.const:ti_sysbios_knl_Semaphore_Object__DESC__C)
                  0000ae8c    00000020     KIRC_FltCmp_RTOS_pem4f.oem4f (.const:xdc_runtime_Startup_sfxnTab__A)
                  0000aeac    00000018     KIRC_FltCmp_RTOS_pem4f.oem4f (.const:ti_sysbios_gates_GateHwi_Object__PARAMS__C)
                  0000aec4    00000018     KIRC_FltCmp_RTOS_pem4f.oem4f (.const:ti_sysbios_gates_GateMutex_Object__PARAMS__C)
                  0000aedc    00000018     KIRC_FltCmp_RTOS_pem4f.oem4f (.const:ti_sysbios_knl_Queue_Object__PARAMS__C)
                  0000aef4    00000014     KIRC_FltCmp_RTOS_pem4f.oem4f (.const:xdc_runtime_Startup_firstFxns__A)
                  0000af08    00000011     ti.targets.arm.rtsarm.aem4f : System.oem4f (.const)
                  0000af19    00000001     --HOLE-- [fill = 0]
                  0000af1a    00000010     KIRC_FltCmp_RTOS_pem4f.oem4f (.const:xdc_runtime_Startup_sfxnRts__A)
                  0000af2a    00000010     KIRC_FltCmp_RTOS_pem4f.oem4f (.const:xdc_runtime_Text_nodeTab__A)
                  0000af3a    00000002     KIRC_FltCmp_RTOS_pem4f.oem4f (.const:ti_catalog_arm_cortexm4_tiva_ce_Boot_Module__id__C)
                  0000af3c    00000008     KIRC_FltCmp_RTOS_pem4f.oem4f (.const:ti_sysbios_family_arm_m3_Hwi_excHookFuncs__A)
                  0000af44    00000008     KIRC_FltCmp_RTOS_pem4f.oem4f (.const:ti_sysbios_knl_Idle_coreList__C)
                  0000af4c    00000008     KIRC_FltCmp_RTOS_pem4f.oem4f (.const:ti_sysbios_knl_Idle_funcList__C)
                  0000af54    00000008     KIRC_FltCmp_RTOS_pem4f.oem4f (.const:xdc_runtime_Startup_firstFxns__C)
                  0000af5c    00000008     KIRC_FltCmp_RTOS_pem4f.oem4f (.const:xdc_runtime_Startup_lastFxns__C)
                  0000af64    00000004     KIRC_FltCmp_RTOS_pem4f.oem4f (.const:ti_catalog_arm_cortexm4_tiva_ce_Boot_A_mustUseEnhancedClockMode__C)
                  0000af68    00000004     KIRC_FltCmp_RTOS_pem4f.oem4f (.const:ti_catalog_arm_cortexm4_tiva_ce_Boot_Module__diagsEnabled__C)
                  0000af6c    00000004     KIRC_FltCmp_RTOS_pem4f.oem4f (.const:ti_catalog_arm_cortexm4_tiva_ce_Boot_Module__diagsIncluded__C)
                  0000af70    00000004     KIRC_FltCmp_RTOS_pem4f.oem4f (.const:ti_catalog_arm_cortexm4_tiva_ce_Boot_Module__diagsMask__C)
                  0000af74    00000004     KIRC_FltCmp_RTOS_pem4f.oem4f (.const:ti_sysbios_BIOS_Module__diagsEnabled__C)
                  0000af78    00000004     KIRC_FltCmp_RTOS_pem4f.oem4f (.const:ti_sysbios_BIOS_Module__diagsIncluded__C)
                  0000af7c    00000004     KIRC_FltCmp_RTOS_pem4f.oem4f (.const:ti_sysbios_BIOS_Module__diagsMask__C)
                  0000af80    00000004     KIRC_FltCmp_RTOS_pem4f.oem4f (.const:ti_sysbios_BIOS_installedErrorHook__C)
                  0000af84    00000004     KIRC_FltCmp_RTOS_pem4f.oem4f (.const:ti_sysbios_family_arm_lm4_Timer_enableFunc__C)
                  0000af88    00000004     KIRC_FltCmp_RTOS_pem4f.oem4f (.const:ti_sysbios_family_arm_lm4_Timer_numTimerDevices__C)
                  0000af8c    00000004     KIRC_FltCmp_RTOS_pem4f.oem4f (.const:ti_sysbios_family_arm_lm4_Timer_startupNeeded__C)
                  0000af90    00000004     KIRC_FltCmp_RTOS_pem4f.oem4f (.const:ti_sysbios_family_arm_m3_Hwi_E_NMI__C)
                  0000af94    00000004     KIRC_FltCmp_RTOS_pem4f.oem4f (.const:ti_sysbios_family_arm_m3_Hwi_E_alreadyDefined__C)
                  0000af98    00000004     KIRC_FltCmp_RTOS_pem4f.oem4f (.const:ti_sysbios_family_arm_m3_Hwi_E_busFault__C)
                  0000af9c    00000004     KIRC_FltCmp_RTOS_pem4f.oem4f (.const:ti_sysbios_family_arm_m3_Hwi_E_debugMon__C)
                  0000afa0    00000004     KIRC_FltCmp_RTOS_pem4f.oem4f (.const:ti_sysbios_family_arm_m3_Hwi_E_hardFault__C)
                  0000afa4    00000004     KIRC_FltCmp_RTOS_pem4f.oem4f (.const:ti_sysbios_family_arm_m3_Hwi_E_memFault__C)
                  0000afa8    00000004     KIRC_FltCmp_RTOS_pem4f.oem4f (.const:ti_sysbios_family_arm_m3_Hwi_E_noIsr__C)
                  0000afac    00000004     KIRC_FltCmp_RTOS_pem4f.oem4f (.const:ti_sysbios_family_arm_m3_Hwi_E_reserved__C)
                  0000afb0    00000004     KIRC_FltCmp_RTOS_pem4f.oem4f (.const:ti_sysbios_family_arm_m3_Hwi_E_svCall__C)
                  0000afb4    00000004     KIRC_FltCmp_RTOS_pem4f.oem4f (.const:ti_sysbios_family_arm_m3_Hwi_E_usageFault__C)
                  0000afb8    00000004     KIRC_FltCmp_RTOS_pem4f.oem4f (.const:ti_sysbios_family_arm_m3_Hwi_NUM_INTERRUPTS__C)
                  0000afbc    00000004     KIRC_FltCmp_RTOS_pem4f.oem4f (.const:ti_sysbios_family_arm_m3_Hwi_ccr__C)
                  0000afc0    00000004     KIRC_FltCmp_RTOS_pem4f.oem4f (.const:ti_sysbios_family_arm_m3_Hwi_dispatchTable__C)
                  0000afc4    00000004     KIRC_FltCmp_RTOS_pem4f.oem4f (.const:ti_sysbios_family_arm_m3_Hwi_excHandlerFunc__C)
                  0000afc8    00000004     KIRC_FltCmp_RTOS_pem4f.oem4f (.const:ti_sysbios_family_arm_m3_Hwi_excHookFuncs__C)
                  0000afcc    00000004     KIRC_FltCmp_RTOS_pem4f.oem4f (.const:ti_sysbios_family_arm_m3_Hwi_priGroup__C)
                  0000afd0    00000004     KIRC_FltCmp_RTOS_pem4f.oem4f (.const:ti_sysbios_family_arm_m3_Hwi_priorities__C)
                  0000afd4    00000004     KIRC_FltCmp_RTOS_pem4f.oem4f (.const:ti_sysbios_gates_GateMutex_A_badContext__C)
                  0000afd8    00000004     KIRC_FltCmp_RTOS_pem4f.oem4f (.const:ti_sysbios_gates_GateMutex_Instance_State_sem__O)
                  0000afdc    00000004     KIRC_FltCmp_RTOS_pem4f.oem4f (.const:ti_sysbios_gates_GateMutex_Module__diagsEnabled__C)
                  0000afe0    00000004     KIRC_FltCmp_RTOS_pem4f.oem4f (.const:ti_sysbios_gates_GateMutex_Module__diagsIncluded__C)
                  0000afe4    00000004     KIRC_FltCmp_RTOS_pem4f.oem4f (.const:ti_sysbios_gates_GateMutex_Module__diagsMask__C)
                  0000afe8    00000004     KIRC_FltCmp_RTOS_pem4f.oem4f (.const:ti_sysbios_heaps_HeapMem_A_align__C)
                  0000afec    00000004     KIRC_FltCmp_RTOS_pem4f.oem4f (.const:ti_sysbios_heaps_HeapMem_A_heapSize__C)
                  0000aff0    00000004     KIRC_FltCmp_RTOS_pem4f.oem4f (.const:ti_sysbios_heaps_HeapMem_A_invalidFree__C)
                  0000aff4    00000004     KIRC_FltCmp_RTOS_pem4f.oem4f (.const:ti_sysbios_heaps_HeapMem_A_zeroBlock__C)
                  0000aff8    00000004     KIRC_FltCmp_RTOS_pem4f.oem4f (.const:ti_sysbios_heaps_HeapMem_E_memory__C)
                  0000affc    00000004     KIRC_FltCmp_RTOS_pem4f.oem4f (.const:ti_sysbios_heaps_HeapMem_Module__diagsEnabled__C)
                  0000b000    00000004     KIRC_FltCmp_RTOS_pem4f.oem4f (.const:ti_sysbios_heaps_HeapMem_Module__diagsIncluded__C)
                  0000b004    00000004     KIRC_FltCmp_RTOS_pem4f.oem4f (.const:ti_sysbios_heaps_HeapMem_Module__diagsMask__C)
                  0000b008    00000004     KIRC_FltCmp_RTOS_pem4f.oem4f (.const:ti_sysbios_heaps_HeapMem_Module__gateObj__C)
                  0000b00c    00000004     KIRC_FltCmp_RTOS_pem4f.oem4f (.const:ti_sysbios_heaps_HeapMem_Object__count__C)
                  0000b010    00000004     KIRC_FltCmp_RTOS_pem4f.oem4f (.const:ti_sysbios_heaps_HeapMem_reqAlign__C)
                  0000b014    00000004     KIRC_FltCmp_RTOS_pem4f.oem4f (.const:ti_sysbios_knl_Clock_Module_State_clockQ__O)
                  0000b018    00000004     KIRC_FltCmp_RTOS_pem4f.oem4f (.const:ti_sysbios_knl_Semaphore_A_badContext__C)
                  0000b01c    00000004     KIRC_FltCmp_RTOS_pem4f.oem4f (.const:ti_sysbios_knl_Semaphore_A_noEvents__C)
                  0000b020    00000004     KIRC_FltCmp_RTOS_pem4f.oem4f (.const:ti_sysbios_knl_Semaphore_A_overflow__C)
                  0000b024    00000004     KIRC_FltCmp_RTOS_pem4f.oem4f (.const:ti_sysbios_knl_Semaphore_A_pendTaskDisabled__C)
                  0000b028    00000004     KIRC_FltCmp_RTOS_pem4f.oem4f (.const:ti_sysbios_knl_Semaphore_Instance_State_pendQ__O)
                  0000b02c    00000004     KIRC_FltCmp_RTOS_pem4f.oem4f (.const:ti_sysbios_knl_Semaphore_Module__diagsEnabled__C)
                  0000b030    00000004     KIRC_FltCmp_RTOS_pem4f.oem4f (.const:ti_sysbios_knl_Semaphore_Module__diagsIncluded__C)
                  0000b034    00000004     KIRC_FltCmp_RTOS_pem4f.oem4f (.const:ti_sysbios_knl_Semaphore_Module__diagsMask__C)
                  0000b038    00000004     KIRC_FltCmp_RTOS_pem4f.oem4f (.const:ti_sysbios_knl_Task_A_badTimeout__C)
                  0000b03c    00000004     KIRC_FltCmp_RTOS_pem4f.oem4f (.const:ti_sysbios_knl_Task_A_sleepTaskDisabled__C)
                  0000b040    00000004     KIRC_FltCmp_RTOS_pem4f.oem4f (.const:ti_sysbios_knl_Task_Module_State_inactiveQ__O)
                  0000b044    00000004     KIRC_FltCmp_RTOS_pem4f.oem4f (.const:ti_sysbios_knl_Task_Module__diagsEnabled__C)
                  0000b048    00000004     KIRC_FltCmp_RTOS_pem4f.oem4f (.const:ti_sysbios_knl_Task_Module__diagsIncluded__C)
                  0000b04c    00000004     KIRC_FltCmp_RTOS_pem4f.oem4f (.const:ti_sysbios_knl_Task_Module__diagsMask__C)
                  0000b050    00000004     KIRC_FltCmp_RTOS_pem4f.oem4f (.const:ti_sysbios_knl_Task_Object__count__C)
                  0000b054    00000004     KIRC_FltCmp_RTOS_pem4f.oem4f (.const:ti_sysbios_knl_Task_allBlockedFunc__C)
                  0000b058    00000004     KIRC_FltCmp_RTOS_pem4f.oem4f (.const:ti_sysbios_knl_Task_numConstructedTasks__C)
                  0000b05c    00000004     KIRC_FltCmp_RTOS_pem4f.oem4f (.const:xdc_runtime_Assert_E_assertFailed__C)
                  0000b060    00000004     KIRC_FltCmp_RTOS_pem4f.oem4f (.const:xdc_runtime_Core_A_initializedParams__C)
                  0000b064    00000004     KIRC_FltCmp_RTOS_pem4f.oem4f (.const:xdc_runtime_Core_Module__diagsEnabled__C)
                  0000b068    00000004     KIRC_FltCmp_RTOS_pem4f.oem4f (.const:xdc_runtime_Core_Module__diagsIncluded__C)
                  0000b06c    00000004     KIRC_FltCmp_RTOS_pem4f.oem4f (.const:xdc_runtime_Core_Module__diagsMask__C)
                  0000b070    00000004     KIRC_FltCmp_RTOS_pem4f.oem4f (.const:xdc_runtime_Error_E_memory__C)
                  0000b074    00000004     KIRC_FltCmp_RTOS_pem4f.oem4f (.const:xdc_runtime_Error_Module__diagsEnabled__C)
                  0000b078    00000004     KIRC_FltCmp_RTOS_pem4f.oem4f (.const:xdc_runtime_Error_Module__diagsIncluded__C)
                  0000b07c    00000004     KIRC_FltCmp_RTOS_pem4f.oem4f (.const:xdc_runtime_Error_Module__diagsMask__C)
                  0000b080    00000004     KIRC_FltCmp_RTOS_pem4f.oem4f (.const:xdc_runtime_Error_Module__loggerFxn8__C)
                  0000b084    00000004     KIRC_FltCmp_RTOS_pem4f.oem4f (.const:xdc_runtime_Error_Module__loggerObj__C)
                  0000b088    00000004     KIRC_FltCmp_RTOS_pem4f.oem4f (.const:xdc_runtime_Error_raiseHook__C)
                  0000b08c    00000004     KIRC_FltCmp_RTOS_pem4f.oem4f (.const:xdc_runtime_IGateProvider_Interface__BASE__C)
                  0000b090    00000004     KIRC_FltCmp_RTOS_pem4f.oem4f (.const:xdc_runtime_IHeap_Interface__BASE__C)
                  0000b094    00000004     KIRC_FltCmp_RTOS_pem4f.oem4f (.const:xdc_runtime_IModule_Interface__BASE__C)
                  0000b098    00000004     KIRC_FltCmp_RTOS_pem4f.oem4f (.const:xdc_runtime_Log_L_error__C)
                  0000b09c    00000004     KIRC_FltCmp_RTOS_pem4f.oem4f (.const:xdc_runtime_Main_Module__diagsEnabled__C)
                  0000b0a0    00000004     KIRC_FltCmp_RTOS_pem4f.oem4f (.const:xdc_runtime_Main_Module__diagsIncluded__C)
                  0000b0a4    00000004     KIRC_FltCmp_RTOS_pem4f.oem4f (.const:xdc_runtime_Main_Module__diagsMask__C)
                  0000b0a8    00000004     KIRC_FltCmp_RTOS_pem4f.oem4f (.const:xdc_runtime_Main_Module__loggerFxn2__C)
                  0000b0ac    00000004     KIRC_FltCmp_RTOS_pem4f.oem4f (.const:xdc_runtime_Main_Module__loggerObj__C)
                  0000b0b0    00000004     KIRC_FltCmp_RTOS_pem4f.oem4f (.const:xdc_runtime_Memory_defaultHeapInstance__C)
                  0000b0b4    00000004     KIRC_FltCmp_RTOS_pem4f.oem4f (.const:xdc_runtime_Startup_execImpl__C)
                  0000b0b8    00000004     KIRC_FltCmp_RTOS_pem4f.oem4f (.const:xdc_runtime_Startup_lastFxns__A)
                  0000b0bc    00000004     KIRC_FltCmp_RTOS_pem4f.oem4f (.const:xdc_runtime_Startup_maxPasses__C)
                  0000b0c0    00000004     KIRC_FltCmp_RTOS_pem4f.oem4f (.const:xdc_runtime_Startup_sfxnRts__C)
                  0000b0c4    00000004     KIRC_FltCmp_RTOS_pem4f.oem4f (.const:xdc_runtime_Startup_sfxnTab__C)
                  0000b0c8    00000004     KIRC_FltCmp_RTOS_pem4f.oem4f (.const:xdc_runtime_SysCallback_abortFxn__C)
                  0000b0cc    00000004     KIRC_FltCmp_RTOS_pem4f.oem4f (.const:xdc_runtime_SysCallback_exitFxn__C)
                  0000b0d0    00000004     KIRC_FltCmp_RTOS_pem4f.oem4f (.const:xdc_runtime_SysCallback_flushFxn__C)
                  0000b0d4    00000004     KIRC_FltCmp_RTOS_pem4f.oem4f (.const:xdc_runtime_SysCallback_putchFxn__C)
                  0000b0d8    00000004     KIRC_FltCmp_RTOS_pem4f.oem4f (.const:xdc_runtime_SysCallback_readyFxn__C)
                  0000b0dc    00000004     KIRC_FltCmp_RTOS_pem4f.oem4f (.const:xdc_runtime_System_Module__gateObj__C)
                  0000b0e0    00000004     KIRC_FltCmp_RTOS_pem4f.oem4f (.const:xdc_runtime_System_extendFxn__C)
                  0000b0e4    00000004     KIRC_FltCmp_RTOS_pem4f.oem4f (.const:xdc_runtime_System_maxAtexitHandlers__C)
                  0000b0e8    00000004     KIRC_FltCmp_RTOS_pem4f.oem4f (.const:xdc_runtime_Text_charTab__C)
                  0000b0ec    00000004     KIRC_FltCmp_RTOS_pem4f.oem4f (.const:xdc_runtime_Text_nameEmpty__C)
                  0000b0f0    00000004     KIRC_FltCmp_RTOS_pem4f.oem4f (.const:xdc_runtime_Text_nameStatic__C)
                  0000b0f4    00000004     KIRC_FltCmp_RTOS_pem4f.oem4f (.const:xdc_runtime_Text_nameUnknown__C)
                  0000b0f8    00000004     KIRC_FltCmp_RTOS_pem4f.oem4f (.const:xdc_runtime_Text_nodeTab__C)
                  0000b0fc    00000004     KIRC_FltCmp_RTOS_pem4f.oem4f (.const:xdc_runtime_Text_visitRopeFxn__C)
                  0000b100    00000002     KIRC_FltCmp_RTOS_pem4f.oem4f (.const:ti_sysbios_BIOS_Module__id__C)
                  0000b102    00000002     KIRC_FltCmp_RTOS_pem4f.oem4f (.const:ti_sysbios_family_arm_m3_Hwi_Module__id__C)
                  0000b104    00000002     KIRC_FltCmp_RTOS_pem4f.oem4f (.const:ti_sysbios_gates_GateMutex_Module__id__C)
                  0000b106    00000002     KIRC_FltCmp_RTOS_pem4f.oem4f (.const:ti_sysbios_heaps_HeapMem_Module__id__C)
                  0000b108    00000002     KIRC_FltCmp_RTOS_pem4f.oem4f (.const:ti_sysbios_knl_Semaphore_Module__id__C)
                  0000b10a    00000002     KIRC_FltCmp_RTOS_pem4f.oem4f (.const:ti_sysbios_knl_Task_Module__id__C)
                  0000b10c    00000002     KIRC_FltCmp_RTOS_pem4f.oem4f (.const:ti_sysbios_knl_Task_initStackFlag__C)
                  0000b10e    00000002     KIRC_FltCmp_RTOS_pem4f.oem4f (.const:xdc_runtime_Core_Module__id__C)
                  0000b110    00000002     KIRC_FltCmp_RTOS_pem4f.oem4f (.const:xdc_runtime_Error_Module__loggerDefined__C)
                  0000b112    00000002     KIRC_FltCmp_RTOS_pem4f.oem4f (.const:xdc_runtime_Error_maxDepth__C)
                  0000b114    00000002     KIRC_FltCmp_RTOS_pem4f.oem4f (.const:xdc_runtime_Main_Module__id__C)
                  0000b116    00000002     KIRC_FltCmp_RTOS_pem4f.oem4f (.const:xdc_runtime_Main_Module__loggerDefined__C)
                  0000b118    00000002     KIRC_FltCmp_RTOS_pem4f.oem4f (.const:xdc_runtime_Memory_Module__id__C)
                  0000b11a    00000002     KIRC_FltCmp_RTOS_pem4f.oem4f (.const:xdc_runtime_Text_charCnt__C)
                  0000b11c    00000002     KIRC_FltCmp_RTOS_pem4f.oem4f (.const:xdc_runtime_Text_isLoaded__C)
                  0000b11e    00000002     KIRC_FltCmp_RTOS_pem4f.oem4f (.const:xdc_runtime_Text_registryModsLastId__C)
                  0000b120    00000002     KIRC_FltCmp_RTOS_pem4f.oem4f (.const:xdc_runtime_Text_unnamedModsLastId__C)

.cinit     0    0000b128    000003b0     
                  0000b128    0000037c     (.cinit..data.load) [load image, compression = rle]
                  0000b4a4    0000000c     (__TI_handler_table)
                  0000b4b0    00000008     (.cinit..bss.load) [load image, compression = zero_init]
                  0000b4b8    00000008     (.cinit..vecs.load) [load image, compression = zero_init]
                  0000b4c0    00000018     (__TI_cinit_table)

.vecs      0    20000000    00000360     UNINITIALIZED
                  20000000    00000360     KIRC_FltCmp_RTOS_pem4f.oem4f (.vecs)

.bss       0    20000360    00002490     UNINITIALIZED
                  20000360    00001e00     KIRC_FltCmp_RTOS_pem4f.oem4f (.bss:taskStackSection)
                  20002160    00000400     KIRC_FltCmp_RTOS_pem4f.oem4f (.bss:ti_sysbios_heaps_HeapMem_Instance_State_0_buf__A)
                  20002560    00000120     rtsv7M4_T_le_v4SPD16_eabi.lib : trgmsg.obj (.bss:__CIOBUF_)
                  20002680    000000a0                                   : defs.obj (.bss:__TI_tmpnams)
                  20002720    00000088     EK_TM4C123GXL.obj (.bss:uartTivaObjects)
                  200027a8    0000001c     (.common:callbackHwi)
                  200027c4    0000001c     (.common:callbackHwi2)
                  200027e0    00000008     (.common:parmbuf)
                  200027e8    00000004     (.common:ui32Load)
                  200027ec    00000004     (.common:ui32PWMClock)

.data      0    200027f0    00000c16     UNINITIALIZED
                  200027f0    00000360     KIRC_FltCmp_RTOS_pem4f.oem4f (.data:ti_sysbios_family_arm_m3_Hwi_Module_State_0_dispatchTable__A)
                  20002b50    0000016c     KIRC_FltCmp_RTOS_pem4f.oem4f (.data)
                  20002cbc    00000130     KIRC_FltCmp_RTOS_pem4f.oem4f (.data:ti_sysbios_knl_Task_Object__table__V)
                  20002dec    000000f0     rtsv7M4_T_le_v4SPD16_eabi.lib : defs.obj (.data:_ftable)
                  20002edc    000000d0                                   : lowlev.obj (.data)
                  20002fac    000000b0                                   : signal.obj (.data:sigtable)
                  2000305c    00000004     Main.obj (.data)
                  20003060    00000080     rtsv7M4_T_le_v4SPD16_eabi.lib : xvalues.obj (.data)
                  200030e0    00000068                                   : xfvalues.obj (.data)
                  20003148    0000005c     KIRC_FltCmp_RTOS_pem4f.oem4f (.data:ti_sysbios_family_arm_m3_Hwi_Module__state__V)
                  200031a4    00000044     KIRC_FltCmp_RTOS_pem4f.oem4f (.data:ti_sysbios_knl_Task_Module__state__V)
                  200031e8    0000003c     sensors.obj (.data:Gyro_Memory)
                  20003224    0000003c     Main.obj (.data:RxData)
                  20003260    00000038     KIRC_FltCmp_RTOS_pem4f.oem4f (.data:ti_sysbios_family_arm_lm4_Timer_Object__table__V)
                  20003298    00000038     KIRC_FltCmp_RTOS_pem4f.oem4f (.data:ti_sysbios_gates_GateMutex_Object__table__V)
                  200032d0    00000034     Main.obj (.data:controlData)
                  20003304    00000030     KIRC_FltCmp_RTOS_pem4f.oem4f (.data:ti_sysbios_family_arm_lm4_Timer_Module_State_0_device__A)
                  20003334    00000028     KIRC_FltCmp_RTOS_pem4f.oem4f (.data:ti_sysbios_knl_Clock_Module__state__V)
                  2000335c    00000024     Main.obj (.data:IMUdata)
                  20003380    00000018     UARTUtils.obj (.data)
                  20003398    00000018     sensors.obj (.data)
                  200033b0    00000010     quaternion.obj (.data)
                  200033c0    00000010     rtsv7M4_T_le_v4SPD16_eabi.lib : defs.obj (.data)
                  200033d0    00000008     gpio_tivaware.aem4f : GPIO.oem4f (.data)
                  200033d8    00000008     rtsv7M4_T_le_v4SPD16_eabi.lib : _lock.obj (.data)
                  200033e0    00000008                                   : exit.obj (.data)
                  200033e8    00000008                                   : feraiseexcept.obj (.data)
                  200033f0    00000004                                   : dtor_list.obj (.data)
                  200033f4    00000004                                   : errno.obj (.data)
                  200033f8    00000004                                   : fopen.obj (.data)
                  200033fc    00000004                                   : stkdepth_vars.obj (.data)
                  20003400    00000004     uart_tivaware.aem4f : UART.oem4f (.data)
                  20003404    00000002     RxFunctions.obj (.data)

.stack     0    20003408    00000600     UNINITIALIZED
                  20003408    00000600     --HOLE--


LINKER GENERATED COPY TABLES

__TI_cinit_table @ 0000b4c0 records: 3, size/record: 8, table size: 24
	.data: load addr=0000b128, load size=0000037c bytes, run addr=200027f0, run size=00000c16 bytes, compression=rle
	.bss: load addr=0000b4b0, load size=00000008 bytes, run addr=20000360, run size=00002490 bytes, compression=zero_init
	.vecs: load addr=0000b4b8, load size=00000008 bytes, run addr=20000000, run size=00000360 bytes, compression=zero_init


LINKER GENERATED HANDLER TABLE

__TI_handler_table @ 0000b4a4 records: 3, size/record: 4, table size: 12
	index: 0, handler: __TI_zero_init
	index: 1, handler: __TI_decompress_rle24
	index: 2, handler: __TI_decompress_none


GLOBAL SYMBOLS: SORTED ALPHABETICALLY BY Name 

address    name
--------   ----
000084f1   Accel_Init
00007a1d   C$$EXIT
0000720f   C$$IO$$
000055d1   Calib_Accel
00003f49   Calib_Gyro
000086fb   ClearRxInterrupts
00000dfd   ControlFxn
00008723   DisableRxInterrupts
0000ac98   EK_TM4C123GXL_gpioPortACallbacks
0000acc4   EK_TM4C123GXL_gpioPortFCallbacks
00005401   EK_TM4C123GXL_initGPIO
00007bf9   EK_TM4C123GXL_initGeneral
00006e45   EK_TM4C123GXL_initPWM
0000851d   EK_TM4C123GXL_initUART
000080e1   EnableRxInterrupts
000035c5   Filter_GyroData
0000867d   GPIODirModeSet
000091ed   GPIOIntClear
00009011   GPIOIntDisable
00009081   GPIOIntEnable
0000901f   GPIOIntStatus
000074c5   GPIOIntTypeSet
000046a1   GPIOPadConfigSet
00007751   GPIOPinConfigure
000091f3   GPIOPinRead
00008e09   GPIOPinTypeGPIOInput
00008b8b   GPIOPinTypeGPIOOutput
00008e1b   GPIOPinTypeI2C
00008e2d   GPIOPinTypeI2CSCL
00008e3f   GPIOPinTypePWM
00008e51   GPIOPinTypeUART
000091f9   GPIOPinWrite
00008d55   GPIO_clearInt
0000ac38   GPIO_config
00008815   GPIO_disableInt
00007c39   GPIO_enableInt
000086a7   GPIO_hwiIntFxn
00008839   GPIO_init
0000751d   GPIO_setupCallbacks
00007df9   GPIO_toggle
0000874d   GPIO_write
00006889   GetData_Accel
0000690d   GetData_Gyro
00008ba3   Gyro_Init
200031e8   Gyro_Memory
20003398   Gyro_Offset
00002071   HOSTclock
00002039   HOSTclose
00001ffb   HOSTgetenv
00001f9f   HOSTlseek
00001f4d   HOSTopen
00001f01   HOSTread
00001ea3   HOSTrename
00001e69   HOSTtime
00001e31   HOSTunlink
00001de5   HOSTwrite
00007799   I2C0_MasterInit
00007185   I2C0_RxData
00007415   I2C0_TxData
000091ad   I2CMasterBusy
00009241   I2CMasterControl
00009245   I2CMasterDataGet
00009249   I2CMasterDataPut
00009135   I2CMasterEnable
000077e1   I2CMasterInitExpClk
000091b5   I2CMasterSlaveAddrSet
2000335c   IMUdata
200033a4   Magn_Offset
00008935   PWMGenConfigure
0000908d   PWMGenEnable
00008ecf   PWMGenPeriodSet
00008e63   PWMOutputState
00008a59   PWMPulseWidthSet
00006991   RCinputIntHandler
20003404   RXChannelLock
000032ad   ReadInputFxn
00006c0d   ReadSensorsFxn
00006a15   Read_Accel
000038b5   Read_Gyro
20003224   RxData
UNDEFED    SHT$$INIT_ARRAY$$Base
UNDEFED    SHT$$INIT_ARRAY$$Limit
200033b0   State
00005d3d   StateEst_Calib
00005af1   SysCtlClockGet
000091ff   SysCtlDelay
00008d69   SysCtlPWMClockSet
00008115   SysCtlPeripheralEnable
20002da0   TSK_idle
0000913f   UARTCharGet
0000902d   UARTCharGetNonBlocking
00009149   UARTCharPut
0000903b   UARTCharPutNonBlocking
00007bb5   UARTConfigSetExpClk
00008a95   UARTDisable
00008d7d   UARTEnable
00009205   UARTFIFOLevelSet
0000924d   UARTIntClear
00009153   UARTIntDisable
000091bd   UARTIntEnable
0000915d   UARTIntStatus
0000ad18   UARTTiva_fxnTable
00008bbb   UARTUtils_deviceclose
00008e75   UARTUtils_devicelseek
00008439   UARTUtils_deviceopen
0000817d   UARTUtils_deviceread
00008edf   UARTUtils_devicerename
00009049   UARTUtils_deviceunlink
000081b1   UARTUtils_devicewrite
0000885d   UARTUtils_systemAbort
000066e5   UARTUtils_systemInit
00008959   UARTUtils_systemPutch
00008d91   UARTUtils_systemReady
00008549   UART_Params_init
00009167   UART_close
0000ac20   UART_config
00007ee9   UART_init
00008bd5   UART_open
00009171   UART_read
0000917b   UART_write
00009185   UART_writePolling
00000361   Update_State
00003439   _Atan
20003060   _Denorm
00005bb9   _Dnorm
00004a11   _Dscale
00007a61   _Dtest
000070bd   _Dunscale
20003070   _Eps
200033f4   _Errno
000060b5   _FAtan
200030e0   _FDenorm
0000824d   _FDtest
200030f0   _FEps
20003100   _FInf
20003110   _FNan
20003130   _FRteps
20003120   _FSnan
20003140   _FXbig
20003144   _FZero
200033e8   _Fenv
00008349   _Feraise
20003080   _Hugeval
20003090   _Inf
200030a0   _Nan
200030c0   _Rteps
200030b0   _Snan
200033ec   _Tls_setup__Fenv
200030d0   _Xbig
200030d8   _Zero
00000000   __ASM__
20002560   __CIOBUF_
00000086   __ISA__
00000099   __PLAT__
20003a08   __STACK_END
00000600   __STACK_SIZE
20003508   __STACK_TOP
000000ba   __TARG__
0000b4c0   __TI_CINIT_Base
0000b4d8   __TI_CINIT_Limit
0000b4a4   __TI_Handler_Table_Base
0000b4b0   __TI_Handler_Table_Limit
00000001   __TI_args_main
0000634d   __TI_auto_init
00002cb9   __TI_cleanup
200033e0   __TI_cleanup_ptr
00006525   __TI_closefile
00009057   __TI_decompress_none
00009211   __TI_decompress_rle24
00005c7d   __TI_doflush
200033e4   __TI_dtors_ptr
200033c0   __TI_ft_end
00007213   __TI_readmsg
00000000   __TI_static_base__
20002680   __TI_tmpnams
000071e5   __TI_writemsg
00008e87   __TI_zero_init
000000e0   __TRDR__
00005189   __aeabi_atexit
00006a99   __aeabi_cdcmpeq
00006a99   __aeabi_cdcmple
00006b17   __aeabi_cdrcmple
00007705   __aeabi_d2f
00007829   __aeabi_d2iz
00002dbb   __aeabi_dadd
00004435   __aeabi_ddiv
00004f3d   __aeabi_dmul
00002db1   __aeabi_dsub
00007f21   __aeabi_f2d
00008495   __aeabi_i2d
00006b95   __aeabi_memclr
00006b95   __aeabi_memclr4
00006b95   __aeabi_memclr8
000063ed   __aeabi_memcpy
000063ed   __aeabi_memcpy4
000063ed   __aeabi_memcpy8
00006b97   __aeabi_memset
00006b97   __aeabi_memset4
00006b97   __aeabi_memset8
200033cc   __aeabi_stderr
200033c4   __aeabi_stdin
200033c8   __aeabi_stdout
ffffffff   __binit__
ffffffff   __c_args__
00005177   __cxa_atexit
00005131   __cxa_finalize
00005171   __cxa_ia64_exit
20003408   __stack
0000920b   __xdc__init
20002cb8   __xdc__init__addr
00008c05   _args_main
000073bd   _c_int00
20002dec   _ftable
200033d8   _lock
00008db3   _nop
00008dab   _register_lock
00008da5   _register_unlock
200033dc   _unlock
00007a21   abort
00001d37   add_device
000048f5   asin
00005945   atan2f
0000517b   atexit
ffffffff   binit
200027a8   callbackHwi
200027c4   callbackHwi2
00001ce5   close
200032d0   controlData
000079d9   copy_in
20003405   currentRXChannel
00007a29   exit
0000658b   fclose
00008219   feraiseexcept
00005cc9   fflush
00002d0f   fopen
00008bed   free
00002ce5   freopen
0000aa60   gpioHWAttrs
0000ac08   i2cTivaHWAttrs
00001cc1   lseek
00005225   main
200033fc   main_func_sp
00008467   malloc
000063ed   memcpy
00006b9d   memset
00008b3d   motorsDisable
00004085   motors_init
0000586d   motors_out
00001c13   open
000084c3   raise
00001bef   read
00001b65   remove
00001bc7   remove_device
00001b89   rename
00005791   setvbuf
00007cb9   signal
00003cc1   sqrt
00008d3d   strchr
00008c1d   strcmp
00008eef   strcpy
00008db9   strlen
00008319   strncpy
0000af64   ti_catalog_arm_cortexm4_tiva_ce_Boot_A_mustUseEnhancedClockMode__C
0000af68   ti_catalog_arm_cortexm4_tiva_ce_Boot_Module__diagsEnabled__C
0000af6c   ti_catalog_arm_cortexm4_tiva_ce_Boot_Module__diagsIncluded__C
0000af70   ti_catalog_arm_cortexm4_tiva_ce_Boot_Module__diagsMask__C
0000af3a   ti_catalog_arm_cortexm4_tiva_ce_Boot_Module__id__C
00009075   ti_catalog_arm_cortexm4_tiva_ce_Boot_init__I
00004b21   ti_catalog_arm_cortexm4_tiva_ce_Boot_sysCtlClockSetI__I
000065bd   ti_catalog_arm_cortexm4_tiva_ce_Boot_sysCtlClockSet__E
00009217   ti_catalog_arm_cortexm4_tiva_ce_Boot_sysCtlDelayI__I
0000af74   ti_sysbios_BIOS_Module__diagsEnabled__C
0000af78   ti_sysbios_BIOS_Module__diagsIncluded__C
0000af7c   ti_sysbios_BIOS_Module__diagsMask__C
0000b100   ti_sysbios_BIOS_Module__id__C
20002b50   ti_sysbios_BIOS_Module__state__V
00009251   ti_sysbios_BIOS_RtsGateProxy_enter__E
00009255   ti_sysbios_BIOS_RtsGateProxy_leave__E
00009269   ti_sysbios_BIOS_RtsGateProxy_query__E
00007871   ti_sysbios_BIOS_errorRaiseHook__I
00008575   ti_sysbios_BIOS_exitFunc__I
00008f01   ti_sysbios_BIOS_getCpuFreq__E
0000af80   ti_sysbios_BIOS_installedErrorHook__C
00002f67   ti_sysbios_BIOS_nullFunc__I
00008881   ti_sysbios_BIOS_registerRTSLock__I
00008ab1   ti_sysbios_BIOS_rtsLock__I
00006f89   ti_sysbios_BIOS_rtsUnlock__I
00008f11   ti_sysbios_BIOS_setThreadType__E
00008979   ti_sysbios_BIOS_startFunc__I
00008f21   ti_sysbios_BIOS_start__E
20003304   ti_sysbios_family_arm_lm4_Timer_Module_State_0_device__A
20002b78   ti_sysbios_family_arm_lm4_Timer_Module_State_0_handles__A
20002b70   ti_sysbios_family_arm_lm4_Timer_Module__root__V
00008c35   ti_sysbios_family_arm_lm4_Timer_Module__startupDone__F
00008c35   ti_sysbios_family_arm_lm4_Timer_Module__startupDone__S
20002b90   ti_sysbios_family_arm_lm4_Timer_Module__state__V
00007305   ti_sysbios_family_arm_lm4_Timer_Module_startup__E
00007305   ti_sysbios_family_arm_lm4_Timer_Module_startup__F
20003260   ti_sysbios_family_arm_lm4_Timer_Object__table__V
0000af84   ti_sysbios_family_arm_lm4_Timer_enableFunc__C
00006205   ti_sysbios_family_arm_lm4_Timer_enableTimers__I
00006009   ti_sysbios_family_arm_lm4_Timer_enableTiva__I
00009259   ti_sysbios_family_arm_lm4_Timer_getPeriod__E
00007245   ti_sysbios_family_arm_lm4_Timer_isrStub__E
00009099   ti_sysbios_family_arm_lm4_Timer_masterDisable__I
0000925d   ti_sysbios_family_arm_lm4_Timer_masterEnable__I
0000af88   ti_sysbios_family_arm_lm4_Timer_numTimerDevices__C
000027e5   ti_sysbios_family_arm_lm4_Timer_start__E
0000af8c   ti_sysbios_family_arm_lm4_Timer_startupNeeded__C
00007cf9   ti_sysbios_family_arm_lm4_Timer_startup__E
00007aa5   ti_sysbios_family_arm_lm4_Timer_stop__E
00008a77   ti_sysbios_family_arm_lm4_Timer_write__I
0000af90   ti_sysbios_family_arm_m3_Hwi_E_NMI__C
0000af94   ti_sysbios_family_arm_m3_Hwi_E_alreadyDefined__C
0000af98   ti_sysbios_family_arm_m3_Hwi_E_busFault__C
0000af9c   ti_sysbios_family_arm_m3_Hwi_E_debugMon__C
0000afa0   ti_sysbios_family_arm_m3_Hwi_E_hardFault__C
0000afa4   ti_sysbios_family_arm_m3_Hwi_E_memFault__C
0000afa8   ti_sysbios_family_arm_m3_Hwi_E_noIsr__C
0000afac   ti_sysbios_family_arm_m3_Hwi_E_reserved__C
0000afb0   ti_sysbios_family_arm_m3_Hwi_E_svCall__C
0000afb4   ti_sysbios_family_arm_m3_Hwi_E_usageFault__C
00008c4d   ti_sysbios_family_arm_m3_Hwi_Handle__label__S
000088a5   ti_sysbios_family_arm_m3_Hwi_Instance_finalize__F
00006771   ti_sysbios_family_arm_m3_Hwi_Instance_init__F
200027f0   ti_sysbios_family_arm_m3_Hwi_Module_State_0_dispatchTable__A
20002bbc   ti_sysbios_family_arm_m3_Hwi_Module_State_0_excActive__A
20002bc0   ti_sysbios_family_arm_m3_Hwi_Module_State_0_excContext__A
20002bc4   ti_sysbios_family_arm_m3_Hwi_Module_State_0_excStack__A
0000b102   ti_sysbios_family_arm_m3_Hwi_Module__id__C
20002b9c   ti_sysbios_family_arm_m3_Hwi_Module__root__V
00008c65   ti_sysbios_family_arm_m3_Hwi_Module__startupDone__F
00008c65   ti_sysbios_family_arm_m3_Hwi_Module__startupDone__S
20003148   ti_sysbios_family_arm_m3_Hwi_Module__state__V
000062a9   ti_sysbios_family_arm_m3_Hwi_Module_startup__E
000062a9   ti_sysbios_family_arm_m3_Hwi_Module_startup__F
0000afb8   ti_sysbios_family_arm_m3_Hwi_NUM_INTERRUPTS__C
0000adcc   ti_sysbios_family_arm_m3_Hwi_Object__DESC__C
0000ac68   ti_sysbios_family_arm_m3_Hwi_Object__PARAMS__C
00006c85   ti_sysbios_family_arm_m3_Hwi_Object__create__S
00008acd   ti_sysbios_family_arm_m3_Hwi_Object__destruct__S
20002ba4   ti_sysbios_family_arm_m3_Hwi_Object__table__V
000090a5   ti_sysbios_family_arm_m3_Hwi_Params__init__S
0000afbc   ti_sysbios_family_arm_m3_Hwi_ccr__C
000090b1   ti_sysbios_family_arm_m3_Hwi_disableFxn__E
00007ae9   ti_sysbios_family_arm_m3_Hwi_disableInterrupt__E
0000746d   ti_sysbios_family_arm_m3_Hwi_dispatchC__I
0000afc0   ti_sysbios_family_arm_m3_Hwi_dispatchTable__C
0000456d   ti_sysbios_family_arm_m3_Hwi_dispatch__I
0000456b   ti_sysbios_family_arm_m3_Hwi_doSwiRestore__I
00008999   ti_sysbios_family_arm_m3_Hwi_doTaskRestore__I
00007b2d   ti_sysbios_family_arm_m3_Hwi_enableInterrupt__E
0000374d   ti_sysbios_family_arm_m3_Hwi_excBusFault__I
00005f59   ti_sysbios_family_arm_m3_Hwi_excDebugMon__I
00001365   ti_sysbios_family_arm_m3_Hwi_excDumpRegs__I
00004681   ti_sysbios_family_arm_m3_Hwi_excHandlerAsm__I
0000afc4   ti_sysbios_family_arm_m3_Hwi_excHandlerFunc__C
000029f1   ti_sysbios_family_arm_m3_Hwi_excHandlerMax__I
00008f31   ti_sysbios_family_arm_m3_Hwi_excHandler__I
00005df1   ti_sysbios_family_arm_m3_Hwi_excHardFault__I
0000af3c   ti_sysbios_family_arm_m3_Hwi_excHookFuncs__A
0000afc8   ti_sysbios_family_arm_m3_Hwi_excHookFuncs__C
00003e09   ti_sysbios_family_arm_m3_Hwi_excMemFault__I
00008281   ti_sysbios_family_arm_m3_Hwi_excNmi__I
00007f59   ti_sysbios_family_arm_m3_Hwi_excNoIsr__I
000078b9   ti_sysbios_family_arm_m3_Hwi_excReserved__I
00007e35   ti_sysbios_family_arm_m3_Hwi_excSvCall__I
00003b6d   ti_sysbios_family_arm_m3_Hwi_excUsageFault__I
00007f91   ti_sysbios_family_arm_m3_Hwi_getStackInfo__E
000054e9   ti_sysbios_family_arm_m3_Hwi_initNVIC__E
[...]
00008b3d   motorsDisable
00008b57   xdc_runtime_System_aprintf__E
00008b71   xdc_runtime_System_printf__E
00008b8b   GPIOPinTypeGPIOOutput
00008ba3   Gyro_Init
00008bbb   UARTUtils_deviceclose
00008bd5   UART_open
00008bed   free
00008c05   _args_main
00008c1d   strcmp
00008c35   ti_sysbios_family_arm_lm4_Timer_Module__startupDone__F
00008c35   ti_sysbios_family_arm_lm4_Timer_Module__startupDone__S
00008c4d   ti_sysbios_family_arm_m3_Hwi_Handle__label__S
00008c65   ti_sysbios_family_arm_m3_Hwi_Module__startupDone__F
00008c65   ti_sysbios_family_arm_m3_Hwi_Module__startupDone__S
00008c7d   ti_sysbios_family_arm_m3_TaskSupport_swap__E
00008c7d   ti_sysbios_knl_Task_SupportProxy_swap__E
00008c89   ti_sysbios_knl_Task_swapReturn
00008c95   ti_sysbios_gates_GateHwi_Handle__label__S
00008cad   ti_sysbios_gates_GateMutex_Handle__label__S
00008cc5   ti_sysbios_gates_GateMutex_leave__E
00008cdd   ti_sysbios_hal_Timer_Module__startupDone__F
00008cdd   ti_sysbios_hal_Timer_Module__startupDone__S
00008cf5   ti_sysbios_heaps_HeapMem_Handle__label__S
00008d0d   ti_sysbios_knl_Task_Handle__label__S
00008d25   xdc_runtime_Text_ropeText__E
00008d25   xdc_runtime_Text_ropeText__F
00008d3d   strchr
00008d55   GPIO_clearInt
00008d69   SysCtlPWMClockSet
00008d7d   UARTEnable
00008d91   UARTUtils_systemReady
00008da5   _register_unlock
00008dab   _register_lock
00008db3   _nop
00008db9   strlen
00008dcd   ti_sysbios_family_arm_m3_Hwi_switchFromBootStack__E
00008dcd   ti_sysbios_hal_Hwi_HwiProxy_switchFromBootStack__E
00008dcd   ti_sysbios_hal_Hwi_switchFromBootStack__E
00008de1   ti_sysbios_heaps_HeapMem_Object__get__S
00008df5   xdc_runtime_System_abort__E
00008df5   xdc_runtime_System_abort__F
00008e09   GPIOPinTypeGPIOInput
00008e1b   GPIOPinTypeI2C
00008e2d   GPIOPinTypeI2CSCL
00008e3f   GPIOPinTypePWM
00008e51   GPIOPinTypeUART
00008e63   PWMOutputState
00008e75   UARTUtils_devicelseek
00008e87   __TI_zero_init
00008e99   ti_sysbios_hal_Hwi_Module_startup__E
00008e99   ti_sysbios_hal_Hwi_Module_startup__F
00008eab   ti_sysbios_hal_Timer_Module_startup__E
00008eab   ti_sysbios_hal_Timer_Module_startup__F
00008ebd   xdc_runtime_Startup_exec__I
00008ecf   PWMGenPeriodSet
00008edf   UARTUtils_devicerename
00008eef   strcpy
00008f01   ti_sysbios_BIOS_getCpuFreq__E
00008f11   ti_sysbios_BIOS_setThreadType__E
00008f21   ti_sysbios_BIOS_start__E
00008f31   ti_sysbios_family_arm_m3_Hwi_excHandler__I
00008f41   ti_sysbios_family_arm_m3_TaskSupport_glue
00008f51   ti_sysbios_gates_GateMutex_Instance_finalize__F
00008f61   ti_sysbios_knl_Semaphore_Instance_finalize__F
00008f71   ti_sysbios_knl_Task_Object__get__S
00008f81   ti_sysbios_knl_Task_disable__E
00008f91   xdc_runtime_Gate_leaveSystem__E
00008f91   xdc_runtime_Gate_leaveSystem__F
00008fa1   xdc_runtime_Memory_free__E
00008fa1   xdc_runtime_Memory_free__F
00008fb1   xdc_runtime_SysCallback_abort__E
00008fb1   xdc_runtime_SysCallback_abort__F
00008fb1   xdc_runtime_System_SupportProxy_abort__E
00008fc1   xdc_runtime_SysCallback_exit__E
00008fc1   xdc_runtime_SysCallback_exit__F
00008fc1   xdc_runtime_System_SupportProxy_exit__E
00008fd1   xdc_runtime_SysCallback_flush__E
00008fd1   xdc_runtime_SysCallback_flush__F
00008fd1   xdc_runtime_System_SupportProxy_flush__E
00008fd1   xdc_runtime_System_flush__E
00008fd1   xdc_runtime_System_flush__F
00008fe1   xdc_runtime_SysCallback_putch__E
00008fe1   xdc_runtime_SysCallback_putch__F
00008fe1   xdc_runtime_System_SupportProxy_putch__E
00008ff1   xdc_runtime_SysCallback_ready__E
00008ff1   xdc_runtime_SysCallback_ready__F
00008ff1   xdc_runtime_System_SupportProxy_ready__E
00009001   xdc_runtime_System_vsnprintf__F
00009011   GPIOIntDisable
0000901f   GPIOIntStatus
0000902d   UARTCharGetNonBlocking
0000903b   UARTCharPutNonBlocking
00009049   UARTUtils_deviceunlink
00009057   __TI_decompress_none
00009065   ti_sysbios_knl_Queue_empty__E
00009075   ti_catalog_arm_cortexm4_tiva_ce_Boot_init__I
00009081   GPIOIntEnable
0000908d   PWMGenEnable
00009099   ti_sysbios_family_arm_lm4_Timer_masterDisable__I
000090a5   ti_sysbios_family_arm_m3_Hwi_Params__init__S
000090b1   ti_sysbios_family_arm_m3_Hwi_disableFxn__E
000090b1   ti_sysbios_hal_Hwi_HwiProxy_disable__E
000090b1   ti_sysbios_hal_Hwi_disable__E
000090bd   ti_sysbios_gates_GateHwi_enter__E
000090c9   ti_sysbios_knl_Clock_getTicks__E
000090d5   ti_sysbios_knl_Queue_Object__get__S
000090e1   ti_sysbios_knl_Semaphore_Params__init__S
000090ed   xdc_runtime_Error_init__E
000090ed   xdc_runtime_Error_init__F
000090f9   xdc_runtime_Gate_enterSystem__E
000090f9   xdc_runtime_Gate_enterSystem__F
00009105   xdc_runtime_Memory_calloc__E
00009105   xdc_runtime_Memory_calloc__F
00009111   xdc_runtime_Memory_getMaxDefaultTypeAlign__E
00009111   xdc_runtime_Memory_getMaxDefaultTypeAlign__F
0000911d   xdc_runtime_System_exit__E
0000911d   xdc_runtime_System_exit__F
00009129   xdc_runtime_System_lastFxn__I
00009135   I2CMasterEnable
0000913f   UARTCharGet
00009149   UARTCharPut
00009153   UARTIntDisable
0000915d   UARTIntStatus
00009167   UART_close
00009171   UART_read
0000917b   UART_write
00009185   UART_writePolling
000091a3   xdc_runtime_Text_visitRope__I
000091ad   I2CMasterBusy
000091b5   I2CMasterSlaveAddrSet
000091bd   UARTIntEnable
000091d5   ti_sysbios_family_arm_m3_Hwi_startup__E
000091d5   ti_sysbios_hal_Hwi_HwiProxy_startup__E
000091d5   ti_sysbios_hal_Hwi_startup__E
000091dd   ti_sysbios_knl_Idle_loop__E
000091ed   GPIOIntClear
000091f3   GPIOPinRead
000091f9   GPIOPinWrite
000091ff   SysCtlDelay
00009205   UARTFIFOLevelSet
0000920b   __xdc__init
00009211   __TI_decompress_rle24
00009217   ti_catalog_arm_cortexm4_tiva_ce_Boot_sysCtlDelayI__I
0000921d   ti_sysbios_family_arm_m3_Hwi_restoreFxn__E
0000921d   ti_sysbios_hal_Hwi_HwiProxy_restore__E
0000921d   ti_sysbios_hal_Hwi_restore__E
00009223   ti_sysbios_gates_GateHwi_leave__E
00009229   ti_sysbios_heaps_HeapMem_isBlocking__E
0000922f   ti_sysbios_knl_Queue_Instance_init__F
00009235   ti_sysbios_knl_Swi_Module_startup__E
00009235   ti_sysbios_knl_Swi_Module_startup__F
0000923b   xdc_runtime_System_Module_startup__E
0000923b   xdc_runtime_System_Module_startup__F
00009241   I2CMasterControl
00009245   I2CMasterDataGet
00009249   I2CMasterDataPut
0000924d   UARTIntClear
00009251   ti_sysbios_BIOS_RtsGateProxy_enter__E
00009255   ti_sysbios_BIOS_RtsGateProxy_leave__E
00009259   ti_sysbios_family_arm_lm4_Timer_getPeriod__E
0000925d   ti_sysbios_family_arm_lm4_Timer_masterEnable__I
00009261   ti_sysbios_family_arm_m3_TaskSupport_Module__startupDone__S
00009265   ti_sysbios_gates_GateHwi_query__E
00009265   ti_sysbios_gates_GateHwi_query__F
00009265   xdc_runtime_Main_Module_GateProxy_query__E
00009265   xdc_runtime_System_Module_GateProxy_query__E
00009269   ti_sysbios_BIOS_RtsGateProxy_query__E
00009269   ti_sysbios_gates_GateMutex_query__E
00009269   ti_sysbios_gates_GateMutex_query__F
00009269   ti_sysbios_heaps_HeapMem_Module_GateProxy_query__E
0000926d   ti_sysbios_hal_Hwi_HwiProxy_Module__startupDone__S
00009271   ti_sysbios_hal_Timer_TimerProxy_Module__startupDone__S
00009275   ti_sysbios_hal_Timer_TimerProxy_getPeriod__E
00009279   ti_sysbios_heaps_HeapMem_Module_GateProxy_enter__E
0000927d   ti_sysbios_heaps_HeapMem_Module_GateProxy_leave__E
00009281   ti_sysbios_knl_Task_SupportProxy_Module__startupDone__S
00009285   ti_sysbios_knl_Task_startup__E
00009289   xdc_runtime_Error_getSite__E
00009289   xdc_runtime_Error_getSite__F
0000928d   xdc_runtime_Memory_HeapProxy_alloc__E
00009291   xdc_runtime_Memory_HeapProxy_free__E
00009295   xdc_runtime_System_Module_GateProxy_enter__E
00009299   xdc_runtime_System_Module_GateProxy_leave__E
0000929d   xdc_runtime_System_aprintf_va__F
000092a1   xdc_runtime_System_printf_va__F
000092a5   xdc_runtime_System_vsnprintf__E
000092a8   xdc_runtime_Text_charTab__A
0000a86f   ti_sysbios_family_arm_m3_Hwi_priorities__A
0000a947   xdc_runtime_Error_policy__C
0000aa60   gpioHWAttrs
0000ac08   i2cTivaHWAttrs
0000ac18   uartTivaHWAttrs
0000ac20   UART_config
0000ac38   GPIO_config
0000ac68   ti_sysbios_family_arm_m3_Hwi_Object__PARAMS__C
0000ac98   EK_TM4C123GXL_gpioPortACallbacks
0000acc4   EK_TM4C123GXL_gpioPortFCallbacks
0000acf0   ti_sysbios_heaps_HeapMem_Module__FXNS__C
0000ad18   UARTTiva_fxnTable
0000ad3c   ti_sysbios_gates_GateHwi_Module__FXNS__C
0000ad60   ti_sysbios_gates_GateMutex_Module__FXNS__C
0000ad84   ti_sysbios_heaps_HeapMem_Object__PARAMS__C
0000ada8   ti_sysbios_knl_Semaphore_Object__PARAMS__C
0000adcc   ti_sysbios_family_arm_m3_Hwi_Object__DESC__C
0000adec   ti_sysbios_gates_GateHwi_Object__DESC__C
0000ae0c   ti_sysbios_gates_GateMutex_Object__DESC__C
0000ae2c   ti_sysbios_heaps_HeapMem_Object__DESC__C
0000ae4c   ti_sysbios_knl_Queue_Object__DESC__C
0000ae6c   ti_sysbios_knl_Semaphore_Object__DESC__C
0000ae8c   xdc_runtime_Startup_sfxnTab__A
0000aeac   ti_sysbios_gates_GateHwi_Object__PARAMS__C
0000aec4   ti_sysbios_gates_GateMutex_Object__PARAMS__C
0000aedc   ti_sysbios_knl_Queue_Object__PARAMS__C
0000aef4   xdc_runtime_Startup_firstFxns__A
0000af1a   xdc_runtime_Startup_sfxnRts__A
0000af2a   xdc_runtime_Text_nodeTab__A
0000af3a   ti_catalog_arm_cortexm4_tiva_ce_Boot_Module__id__C
0000af3c   ti_sysbios_family_arm_m3_Hwi_excHookFuncs__A
0000af44   ti_sysbios_knl_Idle_coreList__C
0000af4c   ti_sysbios_knl_Idle_funcList__C
0000af54   xdc_runtime_Startup_firstFxns__C
0000af5c   xdc_runtime_Startup_lastFxns__C
0000af64   ti_catalog_arm_cortexm4_tiva_ce_Boot_A_mustUseEnhancedClockMode__C
0000af68   ti_catalog_arm_cortexm4_tiva_ce_Boot_Module__diagsEnabled__C
0000af6c   ti_catalog_arm_cortexm4_tiva_ce_Boot_Module__diagsIncluded__C
0000af70   ti_catalog_arm_cortexm4_tiva_ce_Boot_Module__diagsMask__C
0000af74   ti_sysbios_BIOS_Module__diagsEnabled__C
0000af78   ti_sysbios_BIOS_Module__diagsIncluded__C
0000af7c   ti_sysbios_BIOS_Module__diagsMask__C
0000af80   ti_sysbios_BIOS_installedErrorHook__C
0000af84   ti_sysbios_family_arm_lm4_Timer_enableFunc__C
0000af88   ti_sysbios_family_arm_lm4_Timer_numTimerDevices__C
0000af8c   ti_sysbios_family_arm_lm4_Timer_startupNeeded__C
0000af90   ti_sysbios_family_arm_m3_Hwi_E_NMI__C
0000af94   ti_sysbios_family_arm_m3_Hwi_E_alreadyDefined__C
0000af98   ti_sysbios_family_arm_m3_Hwi_E_busFault__C
0000af9c   ti_sysbios_family_arm_m3_Hwi_E_debugMon__C
0000afa0   ti_sysbios_family_arm_m3_Hwi_E_hardFault__C
0000afa4   ti_sysbios_family_arm_m3_Hwi_E_memFault__C
0000afa8   ti_sysbios_family_arm_m3_Hwi_E_noIsr__C
0000afac   ti_sysbios_family_arm_m3_Hwi_E_reserved__C
0000afb0   ti_sysbios_family_arm_m3_Hwi_E_svCall__C
0000afb4   ti_sysbios_family_arm_m3_Hwi_E_usageFault__C
0000afb8   ti_sysbios_family_arm_m3_Hwi_NUM_INTERRUPTS__C
0000afbc   ti_sysbios_family_arm_m3_Hwi_ccr__C
0000afc0   ti_sysbios_family_arm_m3_Hwi_dispatchTable__C
0000afc4   ti_sysbios_family_arm_m3_Hwi_excHandlerFunc__C
0000afc8   ti_sysbios_family_arm_m3_Hwi_excHookFuncs__C
0000afcc   ti_sysbios_family_arm_m3_Hwi_priGroup__C
0000afd0   ti_sysbios_family_arm_m3_Hwi_priorities__C
0000afd4   ti_sysbios_gates_GateMutex_A_badContext__C
0000afd8   ti_sysbios_gates_GateMutex_Instance_State_sem__O
0000afdc   ti_sysbios_gates_GateMutex_Module__diagsEnabled__C
0000afe0   ti_sysbios_gates_GateMutex_Module__diagsIncluded__C
0000afe4   ti_sysbios_gates_GateMutex_Module__diagsMask__C
0000afe8   ti_sysbios_heaps_HeapMem_A_align__C
0000afec   ti_sysbios_heaps_HeapMem_A_heapSize__C
0000aff0   ti_sysbios_heaps_HeapMem_A_invalidFree__C
0000aff4   ti_sysbios_heaps_HeapMem_A_zeroBlock__C
0000aff8   ti_sysbios_heaps_HeapMem_E_memory__C
0000affc   ti_sysbios_heaps_HeapMem_Module__diagsEnabled__C
0000b000   ti_sysbios_heaps_HeapMem_Module__diagsIncluded__C
0000b004   ti_sysbios_heaps_HeapMem_Module__diagsMask__C
0000b008   ti_sysbios_heaps_HeapMem_Module__gateObj__C
0000b00c   ti_sysbios_heaps_HeapMem_Object__count__C
0000b010   ti_sysbios_heaps_HeapMem_reqAlign__C
0000b014   ti_sysbios_knl_Clock_Module_State_clockQ__O
0000b018   ti_sysbios_knl_Semaphore_A_badContext__C
0000b01c   ti_sysbios_knl_Semaphore_A_noEvents__C
0000b020   ti_sysbios_knl_Semaphore_A_overflow__C
0000b024   ti_sysbios_knl_Semaphore_A_pendTaskDisabled__C
0000b028   ti_sysbios_knl_Semaphore_Instance_State_pendQ__O
0000b02c   ti_sysbios_knl_Semaphore_Module__diagsEnabled__C
0000b030   ti_sysbios_knl_Semaphore_Module__diagsIncluded__C
0000b034   ti_sysbios_knl_Semaphore_Module__diagsMask__C
0000b038   ti_sysbios_knl_Task_A_badTimeout__C
0000b03c   ti_sysbios_knl_Task_A_sleepTaskDisabled__C
0000b040   ti_sysbios_knl_Task_Module_State_inactiveQ__O
0000b044   ti_sysbios_knl_Task_Module__diagsEnabled__C
0000b048   ti_sysbios_knl_Task_Module__diagsIncluded__C
0000b04c   ti_sysbios_knl_Task_Module__diagsMask__C
0000b050   ti_sysbios_knl_Task_Object__count__C
0000b054   ti_sysbios_knl_Task_allBlockedFunc__C
0000b058   ti_sysbios_knl_Task_numConstructedTasks__C
0000b05c   xdc_runtime_Assert_E_assertFailed__C
0000b060   xdc_runtime_Core_A_initializedParams__C
0000b064   xdc_runtime_Core_Module__diagsEnabled__C
0000b068   xdc_runtime_Core_Module__diagsIncluded__C
0000b06c   xdc_runtime_Core_Module__diagsMask__C
0000b070   xdc_runtime_Error_E_memory__C
0000b074   xdc_runtime_Error_Module__diagsEnabled__C
0000b078   xdc_runtime_Error_Module__diagsIncluded__C
0000b07c   xdc_runtime_Error_Module__diagsMask__C
0000b080   xdc_runtime_Error_Module__loggerFxn8__C
0000b084   xdc_runtime_Error_Module__loggerObj__C
0000b088   xdc_runtime_Error_raiseHook__C
0000b08c   xdc_runtime_IGateProvider_Interface__BASE__C
0000b090   xdc_runtime_IHeap_Interface__BASE__C
0000b094   xdc_runtime_IModule_Interface__BASE__C
0000b098   xdc_runtime_Log_L_error__C
0000b09c   xdc_runtime_Main_Module__diagsEnabled__C
0000b0a0   xdc_runtime_Main_Module__diagsIncluded__C
0000b0a4   xdc_runtime_Main_Module__diagsMask__C
0000b0a8   xdc_runtime_Main_Module__loggerFxn2__C
0000b0ac   xdc_runtime_Main_Module__loggerObj__C
0000b0b0   xdc_runtime_Memory_defaultHeapInstance__C
0000b0b4   xdc_runtime_Startup_execImpl__C
0000b0b8   xdc_runtime_Startup_lastFxns__A
0000b0bc   xdc_runtime_Startup_maxPasses__C
0000b0c0   xdc_runtime_Startup_sfxnRts__C
0000b0c4   xdc_runtime_Startup_sfxnTab__C
0000b0c8   xdc_runtime_SysCallback_abortFxn__C
0000b0cc   xdc_runtime_SysCallback_exitFxn__C
0000b0d0   xdc_runtime_SysCallback_flushFxn__C
0000b0d4   xdc_runtime_SysCallback_putchFxn__C
0000b0d8   xdc_runtime_SysCallback_readyFxn__C
0000b0dc   xdc_runtime_System_Module__gateObj__C
0000b0e0   xdc_runtime_System_extendFxn__C
0000b0e4   xdc_runtime_System_maxAtexitHandlers__C
0000b0e8   xdc_runtime_Text_charTab__C
0000b0ec   xdc_runtime_Text_nameEmpty__C
0000b0f0   xdc_runtime_Text_nameStatic__C
0000b0f4   xdc_runtime_Text_nameUnknown__C
0000b0f8   xdc_runtime_Text_nodeTab__C
0000b0fc   xdc_runtime_Text_visitRopeFxn__C
0000b100   ti_sysbios_BIOS_Module__id__C
0000b102   ti_sysbios_family_arm_m3_Hwi_Module__id__C
0000b104   ti_sysbios_gates_GateMutex_Module__id__C
0000b106   ti_sysbios_heaps_HeapMem_Module__id__C
0000b108   ti_sysbios_knl_Semaphore_Module__id__C
0000b10a   ti_sysbios_knl_Task_Module__id__C
0000b10c   ti_sysbios_knl_Task_initStackFlag__C
0000b10e   xdc_runtime_Core_Module__id__C
0000b110   xdc_runtime_Error_Module__loggerDefined__C
0000b112   xdc_runtime_Error_maxDepth__C
0000b114   xdc_runtime_Main_Module__id__C
0000b116   xdc_runtime_Main_Module__loggerDefined__C
0000b118   xdc_runtime_Memory_Module__id__C
0000b11a   xdc_runtime_Text_charCnt__C
0000b11c   xdc_runtime_Text_isLoaded__C
0000b11e   xdc_runtime_Text_registryModsLastId__C
0000b120   xdc_runtime_Text_unnamedModsLastId__C
0000b4a4   __TI_Handler_Table_Base
0000b4b0   __TI_Handler_Table_Limit
0000b4c0   __TI_CINIT_Base
0000b4d8   __TI_CINIT_Limit
20000000   ti_sysbios_family_arm_m3_Hwi_ramVectors
20000360   ti_sysbios_knl_Task_Instance_State_0_stack__A
20000b60   ti_sysbios_knl_Task_Instance_State_1_stack__A
20001160   ti_sysbios_knl_Task_Instance_State_2_stack__A
20001960   ti_sysbios_knl_Task_Instance_State_3_stack__A
20002160   ti_sysbios_heaps_HeapMem_Instance_State_0_buf__A
20002560   __CIOBUF_
20002680   __TI_tmpnams
20002720   uartTivaObjects
200027a8   callbackHwi
200027c4   callbackHwi2
200027e8   ui32Load
200027ec   ui32PWMClock
200027f0   ti_sysbios_family_arm_m3_Hwi_Module_State_0_dispatchTable__A
20002b50   ti_sysbios_BIOS_Module__state__V
20002b70   ti_sysbios_family_arm_lm4_Timer_Module__root__V
20002b78   ti_sysbios_family_arm_lm4_Timer_Module_State_0_handles__A
20002b90   ti_sysbios_family_arm_lm4_Timer_Module__state__V
20002b9c   ti_sysbios_family_arm_m3_Hwi_Module__root__V
20002ba4   ti_sysbios_family_arm_m3_Hwi_Object__table__V
20002bbc   ti_sysbios_family_arm_m3_Hwi_Module_State_0_excActive__A
20002bc0   ti_sysbios_family_arm_m3_Hwi_Module_State_0_excContext__A
20002bc4   ti_sysbios_family_arm_m3_Hwi_Module_State_0_excStack__A
20002bc8   ti_sysbios_gates_GateHwi_Module__root__V
20002bd0   ti_sysbios_gates_GateHwi_Object__table__V
20002bd4   ti_sysbios_gates_GateMutex_Module__root__V
20002bdc   ti_sysbios_hal_Hwi_Module__root__V
20002be4   ti_sysbios_hal_Timer_Module__root__V
20002bec   ti_sysbios_hal_Timer_Object__table__V
20002bf4   ti_sysbios_heaps_HeapMem_Module__root__V
20002bfc   ti_sysbios_heaps_HeapMem_Object__table__V
20002c14   ti_sysbios_knl_Clock_Module__root__V
20002c1c   ti_sysbios_knl_Queue_Module__root__V
20002c24   ti_sysbios_knl_Semaphore_Module__root__V
20002c2c   ti_sysbios_knl_Swi_Module__root__V
20002c34   ti_sysbios_knl_Swi_Module_State_0_readyQ__A
20002c3c   ti_sysbios_knl_Swi_Module__state__V
20002c58   ti_sysbios_knl_Task_Module__root__V
20002c60   ti_sysbios_knl_Task_Module_State_0_readyQ__A
20002c80   ti_sysbios_knl_Task_Module_State_0_idleTask__A
20002c84   xdc_runtime_Error_Module__state__V
20002c88   xdc_runtime_Memory_Module__state__V
20002c8c   xdc_runtime_Registry_Module__state__V
20002c94   xdc_runtime_Startup_Module__state__V
20002c9c   xdc_runtime_System_Module_State_0_atexitHandlers__A
20002ca4   xdc_runtime_System_Module__state__V
20002cb0   xdc_runtime_Text_Module__state__V
20002cb8   __xdc__init__addr
20002cbc   ti_sysbios_knl_Task_Object__table__V
20002da0   TSK_idle
20002dec   _ftable
20003060   _Denorm
20003070   _Eps
20003080   _Hugeval
20003090   _Inf
200030a0   _Nan
200030b0   _Snan
200030c0   _Rteps
200030d0   _Xbig
200030d8   _Zero
200030e0   _FDenorm
200030f0   _FEps
20003100   _FInf
20003110   _FNan
20003120   _FSnan
20003130   _FRteps
20003140   _FXbig
20003144   _FZero
20003148   ti_sysbios_family_arm_m3_Hwi_Module__state__V
200031a4   ti_sysbios_knl_Task_Module__state__V
200031e8   Gyro_Memory
20003224   RxData
20003260   ti_sysbios_family_arm_lm4_Timer_Object__table__V
20003298   ti_sysbios_gates_GateMutex_Object__table__V
200032d0   controlData
20003304   ti_sysbios_family_arm_lm4_Timer_Module_State_0_device__A
20003334   ti_sysbios_knl_Clock_Module__state__V
2000335c   IMUdata
20003398   Gyro_Offset
200033a4   Magn_Offset
200033b0   State
200033c0   __TI_ft_end
200033c4   __aeabi_stdin
200033c8   __aeabi_stdout
200033cc   __aeabi_stderr
200033d8   _lock
200033dc   _unlock
200033e0   __TI_cleanup_ptr
200033e4   __TI_dtors_ptr
200033e8   _Fenv
200033ec   _Tls_setup__Fenv
200033f4   _Errno
200033fc   main_func_sp
20003404   RXChannelLock
20003405   currentRXChannel
20003408   __stack
20003508   __STACK_TOP
20003a08   __STACK_END
e000e000   ti_sysbios_family_arm_m3_Hwi_nvic
ffffffff   __binit__
ffffffff   __c_args__
ffffffff   binit
UNDEFED    SHT$$INIT_ARRAY$$Base
UNDEFED    SHT$$INIT_ARRAY$$Limit

[738 symbols]
