******************************************************************************
                  TI ARM Linker PC v5.1.1                      
******************************************************************************
>> Linked Fri Mar 07 13:51:31 2014

OUTPUT FILE NAME:   <KIRC_FltCmp_Software.out>
ENTRY POINT SYMBOL: "_c_int00"  address: 000072c5


MEMORY CONFIGURATION

         name            origin    length      used     unused   attr    fill
----------------------  --------  ---------  --------  --------  ----  --------
  FLASH                 00000000   00040000  0000b392  00034c6e  R  X
  SRAM                  20000000   00008000  00003a06  000045fa  RW X


SEGMENT ALLOCATION MAP

run origin  load origin   length   init length attrs members
----------  ----------- ---------- ----------- ----- -------
00000000    00000000    0000b398   0000b398    r-x
  00000000    00000000    00000360   00000360    r-- .resetVecs
  00000360    00000360    00008e08   00008e08    r-x .text
  00009168    00009168    00001e7a   00001e7a    r-- .const
  0000afe8    0000afe8    000003b0   000003b0    r-- .cinit
20000000    20000000    00003a08   00000000    rw-
  20000000    20000000    00000360   00000000    rw- .vecs
  20000360    20000360    00002490   00000000    rw- .bss
  200027f0    200027f0    00000c16   00000000    rw- .data
  20003408    20003408    00000600   00000000    rw- .stack


SECTION ALLOCATION MAP

 output                                  attributes/
section   page    origin      length       input sections
--------  ----  ----------  ----------   ----------------
.bootVecs 
*          0    00000000    00000008     DSECT
                  00000000    00000008     boot.aem4f : boot.oem4f (.bootVecs)

.resetVecs 
*          0    00000000    00000360     
                  00000000    00000360     KIRC_FltCmp_RTOS_pem4f.oem4f (.resetVecs)

xdc.meta   0    00000000    00000108     COPY SECTION
                  00000000    00000108     KIRC_FltCmp_RTOS_pem4f.oem4f (xdc.meta)

.text      0    00000360    00008e08     
                  00000360    00000a9c     quaternion.obj (.text:Update_State)
                  00000dfc    0000046c     Main.obj (.text:ControlFxn)
                  00001268    0000042c     sysbios.aem4f : BIOS.obj (.text:ti_sysbios_family_arm_m3_Hwi_excDumpRegs__I)
                  00001694    00000344     ti.targets.arm.rtsarm.aem4f : System.oem4f (.text:xdc_runtime_System_doPrint__I)
                  000019d8    00000310     rtsv7M4_T_le_v4SPD16_eabi.lib : lowlev.obj (.text)
                  00001ce8    000002d4                                   : trgdrv.obj (.text)
                  00001fbc    000002b0     sysbios.aem4f : BIOS.obj (.text:ti_sysbios_knl_Semaphore_pend__E)
                  0000226c    00000248                   : BIOS.obj (.text:ti_sysbios_heaps_HeapMem_free__E)
                  000024b4    00000234                   : BIOS.obj (.text:ti_sysbios_heaps_HeapMem_alloc__E)
                  000026e8    0000020c                   : BIOS.obj (.text:ti_sysbios_family_arm_lm4_Timer_start__E)
                  000028f4    00000200                   : BIOS.obj (.text:ti_sysbios_family_arm_m3_Hwi_excHandlerMax__I)
                  00002af4    000001c0     rtsv7M4_T_le_v4SPD16_eabi.lib : fopen.obj (.text)
                  00002cb4    000001b6                                   : fd_add_t2.obj (.text)
                  00002e6a    00000002     sysbios.aem4f : BIOS.obj (.text:ti_sysbios_BIOS_nullFunc__I)
                  00002e6c    000001b4                   : BIOS.obj (.text:ti_sysbios_knl_Task_sleep__E)
                  00003020    00000190                   : BIOS.obj (.text:ti_sysbios_knl_Task_Module_startup__F)
                  000031b0    0000018c     Main.obj (.text:ReadInputFxn)
                  0000333c    0000018c     rtsv7M4_T_le_v4SPD16_eabi.lib : xatan.obj (.text)
                  000034c8    00000188     sensors.obj (.text:Filter_GyroData)
                  00003650    00000168     sysbios.aem4f : BIOS.obj (.text:ti_sysbios_family_arm_m3_Hwi_excBusFault__I)
                  000037b8    0000015c     sensors.obj (.text:Read_Gyro)
                  00003914    0000015c     uart_tivaware.aem4f : UARTTiva.oem4f (.text:UARTTiva_open)
                  00003a70    00000154     sysbios.aem4f : BIOS.obj (.text:ti_sysbios_family_arm_m3_Hwi_excUsageFault__I)
                  00003bc4    00000148     rtsv7M4_T_le_v4SPD16_eabi.lib : sqrt.obj (.text)
                  00003d0c    00000140     sysbios.aem4f : BIOS.obj (.text:ti_sysbios_family_arm_m3_Hwi_excMemFault__I)
                  00003e4c    0000013c     sensors.obj (.text:Calib_Gyro)
                  00003f88    0000013c     motors.obj (.text:motors_init)
                  000040c4    0000013c     ti.targets.arm.rtsarm.aem4f : Error.oem4f (.text:xdc_runtime_Error_raiseX__F)
                  00004200    00000138     sysbios.aem4f : BIOS.obj (.text:ti_sysbios_heaps_HeapMem_Instance_init__F)
                  00004338    00000136     rtsv7M4_T_le_v4SPD16_eabi.lib : fd_div_t2.obj (.text)
                  0000446e    00000002     sysbios.aem4f : BIOS.obj (.text:ti_sysbios_family_arm_m3_Hwi_doSwiRestore__I)
                  00004470    00000134                   : m3_Hwi_asm.obj (.text:ti_sysbios_family_arm_m3_Hwi_dispatch__I)
                  000045a4    00000130     driverlib.lib : gpio.obj (.text:GPIOPadConfigSet)
                  000046d4    00000124     uart_tivaware.aem4f : UARTTiva.oem4f (.text:UARTTiva_hwiIntFxn)
                  000047f8    0000011c     rtsv7M4_T_le_v4SPD16_eabi.lib : asin.obj (.text)
                  00004914    00000110                                   : xdscale.obj (.text)
                  00004a24    0000010c     Boot.aem4f : Boot_sysctl.oem4f (.text:ti_catalog_arm_cortexm4_tiva_ce_Boot_sysCtlClockSetI__I)
                  00004b30    00000108     UARTUtils.obj (.text:openHandle)
                  00004c38    00000104     ti.targets.arm.rtsarm.aem4f : Core-mem.oem4f (.text:xdc_runtime_Core_createObject__I)
                  00004d3c    00000104     KIRC_FltCmp_RTOS_pem4f.oem4f (.text:xdc_runtime_System_printfExtend__I)
                  00004e40    000000fc     rtsv7M4_T_le_v4SPD16_eabi.lib : fd_mul_t2.obj (.text)
                  00004f3c    000000f8     ti.targets.arm.rtsarm.aem4f : Startup.oem4f (.text:xdc_runtime_Startup_startMods__I)
                  00005034    000000f4     rtsv7M4_T_le_v4SPD16_eabi.lib : dtor_list.obj (.text)
                  00005128    000000f0     Main.obj (.text:main)
                  00005218    000000ec     sysbios.aem4f : BIOS.obj (.text:ti_sysbios_knl_Semaphore_post__E)
                  00005304    000000e8     EK_TM4C123GXL.obj (.text:EK_TM4C123GXL_initGPIO)
                  000053ec    000000e8     sysbios.aem4f : BIOS.obj (.text:ti_sysbios_family_arm_m3_Hwi_initNVIC__E)
                  000054d4    000000e4     sensors.obj (.text:Calib_Accel)
                  000055b8    000000dc     uart_tivaware.aem4f : UARTTiva.oem4f (.text:UARTTiva_write)
                  00005694    000000dc     rtsv7M4_T_le_v4SPD16_eabi.lib : setvbuf.obj (.text)
                  00005770    000000d8     motors.obj (.text:motors_out)
                  00005848    000000d8     rtsv7M4_T_le_v4SPD16_eabi.lib : atan2f.obj (.text)
                  00005920    000000d2     uart_tivaware.aem4f : UARTTiva.oem4f (.text:UARTTiva_read)
                  000059f2    00000002     sysbios.aem4f : BIOS.obj (.text:ti_sysbios_gates_GateHwi_Instance_init__F)
                  000059f4    000000c8     driverlib.lib : sysctl.obj (.text:SysCtlClockGet)
                  00005abc    000000c4     rtsv7M4_T_le_v4SPD16_eabi.lib : xdnorm.obj (.text)
                  00005b80    000000c0                                   : fflush.obj (.text)
                  00005c40    000000b4     quaternion.obj (.text:StateEst_Calib)
                  00005cf4    000000b4     sysbios.aem4f : BIOS.obj (.text:ti_sysbios_family_arm_m3_Hwi_excHardFault__I)
                  00005da8    000000b4                   : BIOS.obj (.text:ti_sysbios_gates_GateMutex_enter__E)
                  00005e5c    000000b0                   : BIOS.obj (.text:ti_sysbios_family_arm_m3_Hwi_excDebugMon__I)
                  00005f0c    000000ac                   : BIOS.obj (.text:ti_sysbios_family_arm_lm4_Timer_enableTiva__I)
                  00005fb8    000000a8     rtsv7M4_T_le_v4SPD16_eabi.lib : xfatan.obj (.text)
                  00006060    000000a8     sysbios.aem4f : BIOS.obj (.text:ti_sysbios_knl_Semaphore_Instance_init__F)
                  00006108    000000a4                   : BIOS.obj (.text:ti_sysbios_family_arm_lm4_Timer_enableTimers__I)
                  000061ac    000000a4                   : BIOS.obj (.text:ti_sysbios_family_arm_m3_Hwi_Module_startup__F)
                  00006250    000000a0     auto_init.aem4f : auto_init.oem4f (.text)
                  000062f0    0000009c     rtsv7M4_T_le_v4SPD16_eabi.lib : memcpy_t2.obj (.text)
                  0000638c    0000009a     ti.targets.arm.rtsarm.aem4f : Text.oem4f (.text:xdc_runtime_Text_putSite__F)
                  00006426    00000002     sysbios.aem4f : BIOS.obj (.text:ti_sysbios_knl_Clock_logTick__E)
                  00006428    00000098     rtsv7M4_T_le_v4SPD16_eabi.lib : fclose.obj (.text)
                  000064c0    00000094     Boot.aem4f : Boot.oem4f (.text:ti_catalog_arm_cortexm4_tiva_ce_Boot_sysCtlClockSet__E)
                  00006554    00000094     ti.targets.arm.rtsarm.aem4f : Text.oem4f (.text:xdc_runtime_Text_putMod__F)
                  000065e8    0000008c     UARTUtils.obj (.text:UARTUtils_systemInit)
                  00006674    0000008c     sysbios.aem4f : BIOS.obj (.text:ti_sysbios_family_arm_m3_Hwi_Instance_init__F)
                  00006700    0000008c                   : m3_TaskSupport_asm.obj (.text:ti_sysbios_family_arm_m3_TaskSupport_buildTaskStack)
                  0000678c    00000084     sensors.obj (.text:GetData_Accel)
                  00006810    00000084     sensors.obj (.text:GetData_Gyro)
                  00006894    00000084     RxFunctions.obj (.text:RCinputIntHandler)
                  00006918    00000084     sensors.obj (.text:Read_Accel)
                  0000699c    0000007e     rtsv7M4_T_le_v4SPD16_eabi.lib : fd_cmp_t2.obj (.text:__aeabi_cdcmple)
                  00006a1a    0000007e                                   : fd_cmp_t2.obj (.text:__aeabi_cdrcmple)
                  00006a98    0000007c     Main.obj (.text:ReadSensorsFxn)
                  00006b14    00000078     rtsv7M4_T_le_v4SPD16_eabi.lib : memset_t2.obj (.text)
                  00006b8c    00000070     KIRC_FltCmp_RTOS_pem4f.oem4f (.text:ti_sysbios_family_arm_m3_Hwi_Object__create__S)
                  00006bfc    00000070     sysbios.aem4f : BIOS.obj (.text:ti_sysbios_family_arm_m3_Hwi_reconfig__E)
                  00006c6c    00000070                   : BIOS.obj (.text:ti_sysbios_knl_Clock_workFunc__E)
                  00006cdc    00000070     ti.targets.arm.rtsarm.aem4f : Memory.oem4f (.text:xdc_runtime_Memory_alloc__F)
                  00006d4c    0000006c     EK_TM4C123GXL.obj (.text:EK_TM4C123GXL_initPWM)
                  00006db8    0000006c     sysbios.aem4f : BIOS.obj (.text:ti_sysbios_knl_Task_exit__E)
                  00006e24    0000006c     ti.targets.arm.rtsarm.aem4f : Error.oem4f (.text:xdc_runtime_Error_print__F)
                  00006e90    00000068     sysbios.aem4f : BIOS.obj (.text:ti_sysbios_BIOS_rtsUnlock__I)
                  00006ef8    00000066     uart_tivaware.aem4f : UARTTiva.oem4f (.text:UARTTiva_readPolling)
                  00006f5e    00000066     ti.targets.arm.rtsarm.aem4f : Core-mem.oem4f (.text:xdc_runtime_Core_deleteObject__I)
                  00006fc4    00000064     rtsv7M4_T_le_v4SPD16_eabi.lib : xdunscal.obj (.text)
                  00007028    00000064     sysbios.aem4f : BIOS.obj (.text:ti_sysbios_knl_Task_startCore__E)
                  0000708c    00000060     sensors.obj (.text:I2C0_RxData)
                  000070ec    00000060     rtsv7M4_T_le_v4SPD16_eabi.lib : trgmsg.obj (.text)
                  0000714c    00000060     sysbios.aem4f : BIOS.obj (.text:ti_sysbios_family_arm_lm4_Timer_isrStub__E)
                  000071ac    0000005e     rtsv7M4_T_le_v4SPD16_eabi.lib : copy_decompress_rle.obj (.text)
                  0000720a    00000002     KIRC_FltCmp_RTOS_pem4f.oem4f (.text:xdc_runtime_Startup_reset__I)
                  0000720c    0000005c     sysbios.aem4f : BIOS.obj (.text:ti_sysbios_family_arm_lm4_Timer_Module_startup__F)
                  00007268    0000005b     ti.targets.arm.rtsarm.aem4f : Text.oem4f (.text:xdc_runtime_Text_putLab__F)
                  000072c3    00000001     --HOLE-- [fill = 0]
                  000072c4    00000058     boot.aem4f : boot.oem4f (.text)
                  0000731c    00000058     sensors.obj (.text:I2C0_TxData)
                  00007374    00000058     sysbios.aem4f : BIOS.obj (.text:ti_sysbios_family_arm_m3_Hwi_dispatchC__I)
                  000073cc    00000056     driverlib.lib : gpio.obj (.text:GPIOIntTypeSet)
                  00007422    00000002     ti.targets.arm.rtsarm.aem4f : SysCallback.oem4f (.text:xdc_runtime_SysCallback_defaultExit)
                  00007424    00000054     gpio_tivaware.aem4f : GPIO.oem4f (.text:GPIO_setupCallbacks)
                  00007478    00000054     sysbios.aem4f : BIOS.obj (.text:ti_sysbios_knl_Task_processVitalTaskFlag__I)
                  000074cc    00000050                   : BIOS.obj (.text:ti_sysbios_knl_Task_schedule__I)
                  0000751c    00000050     ti.targets.arm.rtsarm.aem4f : Startup.oem4f (.text:xdc_runtime_Startup_exec__F)
                  0000756c    00000050                                 : System.oem4f (.text:xdc_runtime_System_formatNum__I)
                  000075bc    00000050                                 : Text.oem4f (.text:xdc_runtime_Text_visitRope2__I)
                  0000760c    0000004a     rtsv7M4_T_le_v4SPD16_eabi.lib : fd_tos_t2.obj (.text)
                  00007656    00000002     ti.targets.arm.rtsarm.aem4f : SysCallback.oem4f (.text:xdc_runtime_SysCallback_defaultFlush)
                  00007658    00000048     driverlib.lib : gpio.obj (.text:GPIOPinConfigure)
                  000076a0    00000048     EK_TM4C123GXL.obj (.text:I2C0_MasterInit)
                  000076e8    00000048     driverlib.lib : i2c.obj (.text:I2CMasterInitExpClk)
                  00007730    00000048     sysbios.aem4f : BIOS.obj (.text:ti_sysbios_BIOS_errorRaiseHook__I)
                  00007778    00000048                   : BIOS.obj (.text:ti_sysbios_family_arm_m3_Hwi_excReserved__I)
                  000077c0    00000048                   : BIOS.obj (.text:ti_sysbios_heaps_HeapMem_getStats__E)
                  00007808    00000048     ti.targets.arm.rtsarm.aem4f : Assert.oem4f (.text:xdc_runtime_Assert_raise__I)
                  00007850    00000048                                 : Core-params.oem4f (.text:xdc_runtime_Core_assignParams__I)
                  00007898    00000044     rtsv7M4_T_le_v4SPD16_eabi.lib : cpy_tbl.obj (.text)
                  000078dc    00000044                                   : exit.obj (.text)
                  00007920    00000044                                   : xdtest.obj (.text)
                  00007964    00000044     sysbios.aem4f : BIOS.obj (.text:ti_sysbios_family_arm_lm4_Timer_stop__E)
                  000079a8    00000044                   : BIOS.obj (.text:ti_sysbios_family_arm_m3_Hwi_disableInterrupt__E)
                  000079ec    00000044                   : BIOS.obj (.text:ti_sysbios_family_arm_m3_Hwi_enableInterrupt__E)
                  00007a30    00000044                   : BIOS.obj (.text:ti_sysbios_knl_Task_allBlockedFunction__I)
                  00007a74    00000042     driverlib.lib : uart.obj (.text:UARTConfigSetExpClk)
                  00007ab6    00000002     --HOLE-- [fill = 0]
                  00007ab8    00000040     EK_TM4C123GXL.obj (.text:EK_TM4C123GXL_initGeneral)
                  00007af8    00000040     gpio_tivaware.aem4f : GPIO.oem4f (.text:GPIO_enableInt)
                  00007b38    00000040     uart_tivaware.aem4f : UARTTiva.oem4f (.text:UARTTiva_writePolling)
                  00007b78    00000040     rtsv7M4_T_le_v4SPD16_eabi.lib : signal.obj (.text)
                  00007bb8    00000040     sysbios.aem4f : BIOS.obj (.text:ti_sysbios_family_arm_lm4_Timer_startup__E)
                  00007bf8    00000040     KIRC_FltCmp_RTOS_pem4f.oem4f (.text:ti_sysbios_knl_Semaphore_Object__create__S)
                  00007c38    00000040     sysbios.aem4f : BIOS.obj (.text:ti_sysbios_knl_Semaphore_pendTimeout__I)
                  00007c78    00000040     ti.targets.arm.rtsarm.aem4f : System.oem4f (.text:xdc_runtime_System_atexit__F)
                  00007cb8    0000003c     gpio_tivaware.aem4f : GPIO.oem4f (.text:GPIO_toggle)
                  00007cf4    0000003c     sysbios.aem4f : BIOS.obj (.text:ti_sysbios_family_arm_m3_Hwi_excSvCall__I)
                  00007d30    0000003c                   : BIOS.obj (.text:ti_sysbios_heaps_HeapMem_init__I)
                  00007d6c    0000003c     ti.targets.arm.rtsarm.aem4f : Text.oem4f (.text:xdc_runtime_Text_xprintf__I)
                  00007da8    00000038     uart_tivaware.aem4f : UART.oem4f (.text:UART_init)
                  00007de0    00000038     rtsv7M4_T_le_v4SPD16_eabi.lib : fs_tod_t2.obj (.text)
                  00007e18    00000038     sysbios.aem4f : BIOS.obj (.text:ti_sysbios_family_arm_m3_Hwi_excNoIsr__I)
                  00007e50    00000038                   : BIOS.obj (.text:ti_sysbios_family_arm_m3_Hwi_getStackInfo__E)
                  00007e88    00000038                   : BIOS.obj (.text:ti_sysbios_family_arm_m3_TaskSupport_start__E)
                  00007ec0    00000038     KIRC_FltCmp_RTOS_pem4f.oem4f (.text:ti_sysbios_gates_GateHwi_Object__create__S)
                  00007ef8    00000038     KIRC_FltCmp_RTOS_pem4f.oem4f (.text:ti_sysbios_gates_GateMutex_Object__create__S)
                  00007f30    00000038     KIRC_FltCmp_RTOS_pem4f.oem4f (.text:ti_sysbios_heaps_HeapMem_Object__create__S)
                  00007f68    00000038     KIRC_FltCmp_RTOS_pem4f.oem4f (.text:ti_sysbios_knl_Queue_Object__create__S)
                  00007fa0    00000034     RxFunctions.obj (.text:EnableRxInterrupts)
                  00007fd4    00000034     driverlib.lib : sysctl.obj (.text:SysCtlPeripheralEnable)
                  00008008    00000034     uart_tivaware.aem4f : UARTTiva.oem4f (.text:UARTTiva_close)
                  0000803c    00000034     UARTUtils.obj (.text:UARTUtils_deviceread)
                  00008070    00000034     UARTUtils.obj (.text:UARTUtils_devicewrite)
                  000080a4    00000034     UARTUtils.obj (.text:closeHandle)
                  000080d8    00000034     rtsv7M4_T_le_v4SPD16_eabi.lib : feraiseexcept.obj (.text)
                  0000810c    00000034                                   : xfdtest.obj (.text)
                  00008140    00000034     sysbios.aem4f : BIOS.obj (.text:ti_sysbios_family_arm_m3_Hwi_excNmi__I)
                  00008174    00000032     uart_tivaware.aem4f : UARTTiva.oem4f (.text:UARTTiva_readCancel)
                  000081a6    00000032                         : UARTTiva.oem4f (.text:UARTTiva_writeCancel)
                  000081d8    00000030     rtsv7M4_T_le_v4SPD16_eabi.lib : strncpy.obj (.text)
                  00008208    00000030                                   : xferaise.obj (.text)
                  00008238    00000030     sysbios.aem4f : BIOS.obj (.text:ti_sysbios_knl_Idle_run__E)
                  00008268    00000030                   : BIOS.obj (.text:ti_sysbios_knl_Task_unblockI__E)
                  00008298    00000030     ti.targets.arm.rtsarm.aem4f : Core-label.oem4f (.text:xdc_runtime_Core_assignLabel__I)
                  000082c8    0000002f                                 : Text.oem4f (.text:xdc_runtime_Text_printVisFxn__I)
                  000082f7    00000001     --HOLE-- [fill = 0]
                  000082f8    0000002e     UARTUtils.obj (.text:UARTUtils_deviceopen)
                  00008326    0000002e     KIRC_FltCmp_RTOS_pem4f.oem4f (.text:malloc)
                  00008354    0000002e     rtsv7M4_T_le_v4SPD16_eabi.lib : i_tofd_t2.obj (.text)
                  00008382    0000002e                                   : raise.obj (.text)
                  000083b0    0000002c     sensors.obj (.text:Accel_Init)
                  000083dc    0000002c     EK_TM4C123GXL.obj (.text:EK_TM4C123GXL_initUART)
                  00008408    0000002c     uart_tivaware.aem4f : UART.oem4f (.text:UART_Params_init)
                  00008434    0000002c     KIRC_FltCmp_RTOS_pem4f.oem4f (.text:ti_sysbios_BIOS_exitFunc__I)
                  00008460    0000002c     sysbios.aem4f : BIOS.obj (.text:ti_sysbios_hal_Hwi_initStack:ti_sysbios_hal_Hwi_initStack)
                  0000848c    0000002c     KIRC_FltCmp_RTOS_pem4f.oem4f (.text:ti_sysbios_knl_Clock_doTick__I)
                  000084b8    0000002c     sysbios.aem4f : BIOS.obj (.text:ti_sysbios_knl_Task_sleepTimeout__I)
                  000084e4    0000002c     ti.targets.arm.rtsarm.aem4f : System.oem4f (.text:xdc_runtime_System_rtsExit__I)
                  00008510    0000002c                                 : Text.oem4f (.text:xdc_runtime_Text_cordText__F)
                  0000853c    0000002a     driverlib.lib : gpio.obj (.text:GPIODirModeSet)
                  00008566    0000002a     gpio_tivaware.aem4f : GPIO.oem4f (.text:GPIO_hwiIntFxn)
                  00008590    0000002a     ti.targets.arm.rtsarm.aem4f : System.oem4f (.text:xdc_runtime_System_putchar__I)
                  000085ba    00000028     RxFunctions.obj (.text:ClearRxInterrupts)
                  000085e2    00000028     RxFunctions.obj (.text:DisableRxInterrupts)
                  0000860a    00000002     --HOLE-- [fill = 0]
                  0000860c    00000028     gpio_tivaware.aem4f : GPIO.oem4f (.text:GPIO_write)
                  00008634    00000028     sysbios.aem4f : m3_Hwi_asm_switch.obj (.text:ti_sysbios_family_arm_m3_Hwi_initStacks__E)
                  0000865c    00000028                   : BIOS.obj (.text:ti_sysbios_gates_GateMutex_Instance_init__F)
                  00008684    00000028                   : BIOS.obj (.text:ti_sysbios_knl_Task_restore__E)
                  000086ac    00000026     ti.targets.arm.rtsarm.aem4f : System.oem4f (.text:xdc_runtime_System_avprintf__F)
                  000086d2    00000002     --HOLE-- [fill = 0]
                  000086d4    00000024     gpio_tivaware.aem4f : GPIO.oem4f (.text:GPIO_disableInt)
                  000086f8    00000024                         : GPIO.oem4f (.text:GPIO_init)
                  0000871c    00000024     UARTUtils.obj (.text:UARTUtils_systemAbort)
                  00008740    00000024     sysbios.aem4f : BIOS.obj (.text:ti_sysbios_BIOS_registerRTSLock__I)
                  00008764    00000024                   : BIOS.obj (.text:ti_sysbios_family_arm_m3_Hwi_Instance_finalize__F)
                  00008788    00000024     KIRC_FltCmp_RTOS_pem4f.oem4f (.text:ti_sysbios_gates_GateMutex_Object__delete__S)
                  000087ac    00000024     sysbios.aem4f : BIOS.obj (.text:ti_sysbios_knl_Clock_Module_startup__F)
                  000087d0    00000024     ti.targets.arm.rtsarm.aem4f : System.oem4f (.text:xdc_runtime_System_vprintf__F)
                  000087f4    00000022     driverlib.lib : pwm.obj (.text:PWMGenConfigure)
                  00008816    00000002     --HOLE-- [fill = 0]
                  00008818    00000020     UARTUtils.obj (.text:UARTUtils_systemPutch)
                  00008838    00000020     KIRC_FltCmp_RTOS_pem4f.oem4f (.text:ti_sysbios_BIOS_startFunc__I)
                  00008858    00000020     sysbios.aem4f : BIOS.obj (.text:ti_sysbios_family_arm_m3_Hwi_doTaskRestore__I)
                  00008878    00000020     KIRC_FltCmp_RTOS_pem4f.oem4f (.text:ti_sysbios_gates_GateHwi_Object__delete__S)
                  00008898    00000020     KIRC_FltCmp_RTOS_pem4f.oem4f (.text:ti_sysbios_heaps_HeapMem_Object__delete__S)
                  000088b8    00000020     KIRC_FltCmp_RTOS_pem4f.oem4f (.text:ti_sysbios_knl_Semaphore_Object__destruct__S)
                  000088d8    00000020     sysbios.aem4f : BIOS.obj (.text:ti_sysbios_knl_Task_enter__I)
                  000088f8    00000020     ti.targets.arm.rtsarm.aem4f : Registry.oem4f (.text:xdc_runtime_Registry_findById__F)
                  00008918    0000001e     driverlib.lib : pwm.obj (.text:PWMPulseWidthSet)
                  00008936    0000001e     sysbios.aem4f : BIOS.obj (.text:ti_sysbios_family_arm_lm4_Timer_write__I)
                  00008954    0000001c     driverlib.lib : uart.obj (.text:UARTDisable)
                  00008970    0000001c     sysbios.aem4f : BIOS.obj (.text:ti_sysbios_BIOS_rtsLock__I)
                  0000898c    0000001c     KIRC_FltCmp_RTOS_pem4f.oem4f (.text:ti_sysbios_family_arm_m3_Hwi_Object__destruct__S)
                  000089a8    0000001c     KIRC_FltCmp_RTOS_pem4f.oem4f (.text:ti_sysbios_knl_Queue_Object__destruct__S)
                  000089c4    0000001c     ti.targets.arm.rtsarm.aem4f : Error.oem4f (.text:xdc_runtime_Error_check__F)
                  000089e0    0000001c                                 : Memory.oem4f (.text:xdc_runtime_Memory_valloc__F)
                  000089fc    0000001a     motors.obj (.text:motorsDisable)
                  00008a16    0000001a     KIRC_FltCmp_RTOS_pem4f.oem4f (.text:xdc_runtime_System_aprintf__E)
                  00008a30    0000001a     KIRC_FltCmp_RTOS_pem4f.oem4f (.text:xdc_runtime_System_printf__E)
                  00008a4a    00000018     driverlib.lib : gpio.obj (.text:GPIOPinTypeGPIOOutput)
                  00008a62    00000018     sensors.obj (.text:Gyro_Init)
                  00008a7a    00000018     UARTUtils.obj (.text:UARTUtils_deviceclose)
                  00008a92    00000002     --HOLE-- [fill = 0]
                  00008a94    00000018     uart_tivaware.aem4f : UART.oem4f (.text:UART_open)
                  00008aac    00000018     KIRC_FltCmp_RTOS_pem4f.oem4f (.text:free)
                  00008ac4    00000018     rtsv7M4_T_le_v4SPD16_eabi.lib : args_main.obj (.text)
                  00008adc    00000018                                   : strcmp.obj (.text)
                  00008af4    00000018     KIRC_FltCmp_RTOS_pem4f.oem4f (.text:ti_sysbios_family_arm_lm4_Timer_Module__startupDone__F)
                  00008b0c    00000018     KIRC_FltCmp_RTOS_pem4f.oem4f (.text:ti_sysbios_family_arm_m3_Hwi_Handle__label__S)
                  00008b24    00000018     KIRC_FltCmp_RTOS_pem4f.oem4f (.text:ti_sysbios_family_arm_m3_Hwi_Module__startupDone__F)
                  00008b3c    00000018     sysbios.aem4f : m3_TaskSupport_asm.obj (.text:ti_sysbios_family_arm_m3_TaskSupport_swap__E)
                  00008b54    00000018     KIRC_FltCmp_RTOS_pem4f.oem4f (.text:ti_sysbios_gates_GateHwi_Handle__label__S)
                  00008b6c    00000018     KIRC_FltCmp_RTOS_pem4f.oem4f (.text:ti_sysbios_gates_GateMutex_Handle__label__S)
                  00008b84    00000018     sysbios.aem4f : BIOS.obj (.text:ti_sysbios_gates_GateMutex_leave__E)
                  00008b9c    00000018     KIRC_FltCmp_RTOS_pem4f.oem4f (.text:ti_sysbios_hal_Timer_Module__startupDone__F)
                  00008bb4    00000018     KIRC_FltCmp_RTOS_pem4f.oem4f (.text:ti_sysbios_heaps_HeapMem_Handle__label__S)
                  00008bcc    00000018     KIRC_FltCmp_RTOS_pem4f.oem4f (.text:ti_sysbios_knl_Task_Handle__label__S)
                  00008be4    00000018     ti.targets.arm.rtsarm.aem4f : Text.oem4f (.text:xdc_runtime_Text_ropeText__F)
                  00008bfc    00000016     rtsv7M4_T_le_v4SPD16_eabi.lib : strchr.obj (.text)
                  00008c12    00000002     --HOLE-- [fill = 0]
                  00008c14    00000014     gpio_tivaware.aem4f : GPIO.oem4f (.text:GPIO_clearInt)
                  00008c28    00000014     driverlib.lib : sysctl.obj (.text:SysCtlPWMClockSet)
                  00008c3c    00000014                   : uart.obj (.text:UARTEnable)
                  00008c50    00000014     UARTUtils.obj (.text:UARTUtils_systemReady)
                  00008c64    00000014     rtsv7M4_T_le_v4SPD16_eabi.lib : _lock.obj (.text)
                  00008c78    00000014                                   : strlen.obj (.text)
                  00008c8c    00000014     sysbios.aem4f : BIOS.obj (.text:ti_sysbios_family_arm_m3_Hwi_switchFromBootStack__E)
                  00008ca0    00000014     KIRC_FltCmp_RTOS_pem4f.oem4f (.text:ti_sysbios_heaps_HeapMem_Object__get__S)
                  00008cb4    00000014     ti.targets.arm.rtsarm.aem4f : System.oem4f (.text:xdc_runtime_System_abort__F)
                  00008cc8    00000012     driverlib.lib : gpio.obj (.text:GPIOPinTypeGPIOInput)
                  00008cda    00000012                   : gpio.obj (.text:GPIOPinTypeI2C)
                  00008cec    00000012                   : gpio.obj (.text:GPIOPinTypeI2CSCL)
                  00008cfe    00000012                   : gpio.obj (.text:GPIOPinTypePWM)
                  00008d10    00000012                   : gpio.obj (.text:GPIOPinTypeUART)
                  00008d22    00000012                   : pwm.obj (.text:PWMOutputState)
                  00008d34    00000012     UARTUtils.obj (.text:UARTUtils_devicelseek)
                  00008d46    00000012     rtsv7M4_T_le_v4SPD16_eabi.lib : copy_zero_init.obj (.text:decompress:ZI)
                  00008d58    00000012     sysbios.aem4f : BIOS.obj (.text:ti_sysbios_hal_Hwi_Module_startup__F)
                  00008d6a    00000012                   : BIOS.obj (.text:ti_sysbios_hal_Timer_Module_startup__F)
                  00008d7c    00000012     KIRC_FltCmp_RTOS_pem4f.oem4f (.text:xdc_runtime_Startup_exec__I)
                  00008d8e    00000010     driverlib.lib : pwm.obj (.text:PWMGenPeriodSet)
                  00008d9e    00000010     UARTUtils.obj (.text:UARTUtils_devicerename)
                  00008dae    00000010     rtsv7M4_T_le_v4SPD16_eabi.lib : strcpy.obj (.text)
                  00008dbe    00000002     --HOLE-- [fill = 0]
                  00008dc0    00000010     sysbios.aem4f : BIOS.obj (.text:ti_sysbios_BIOS_getCpuFreq__E)
                  00008dd0    00000010                   : BIOS.obj (.text:ti_sysbios_BIOS_setThreadType__E)
                  00008de0    00000010                   : BIOS.obj (.text:ti_sysbios_BIOS_start__E)
                  00008df0    00000010                   : BIOS.obj (.text:ti_sysbios_family_arm_m3_Hwi_excHandler__I)
                  00008e00    00000010                   : m3_TaskSupport_asm.obj (.text:ti_sysbios_family_arm_m3_TaskSupport_glue)
                  00008e10    00000010                   : BIOS.obj (.text:ti_sysbios_gates_GateMutex_Instance_finalize__F)
                  00008e20    00000010                   : BIOS.obj (.text:ti_sysbios_knl_Semaphore_Instance_finalize__F)
                  00008e30    00000010     KIRC_FltCmp_RTOS_pem4f.oem4f (.text:ti_sysbios_knl_Task_Object__get__S)
                  00008e40    00000010     sysbios.aem4f : BIOS.obj (.text:ti_sysbios_knl_Task_disable__E)
                  00008e50    00000010     ti.targets.arm.rtsarm.aem4f : Gate.oem4f (.text:xdc_runtime_Gate_leaveSystem__F)
                  00008e60    00000010                                 : Memory.oem4f (.text:xdc_runtime_Memory_free__F)
                  00008e70    00000010                                 : SysCallback.oem4f (.text:xdc_runtime_SysCallback_abort__F)
                  00008e80    00000010                                 : SysCallback.oem4f (.text:xdc_runtime_SysCallback_exit__F)
                  00008e90    00000010                                 : SysCallback.oem4f (.text:xdc_runtime_SysCallback_flush__F)
                  00008ea0    00000010                                 : SysCallback.oem4f (.text:xdc_runtime_SysCallback_putch__F)
                  00008eb0    00000010                                 : SysCallback.oem4f (.text:xdc_runtime_SysCallback_ready__F)
                  00008ec0    00000010                                 : System.oem4f (.text:xdc_runtime_System_vsnprintf__F)
                  00008ed0    0000000e     driverlib.lib : gpio.obj (.text:GPIOIntDisable)
                  00008ede    0000000e                   : gpio.obj (.text:GPIOIntStatus)
                  00008eec    0000000e                   : uart.obj (.text:UARTCharGetNonBlocking)
                  00008efa    0000000e                   : uart.obj (.text:UARTCharPutNonBlocking)
                  00008f08    0000000e     UARTUtils.obj (.text:UARTUtils_deviceunlink)
                  00008f16    0000000e     rtsv7M4_T_le_v4SPD16_eabi.lib : copy_decompress_none.obj (.text:decompress:none)
                  00008f24    0000000e     sysbios.aem4f : BIOS.obj (.text:ti_sysbios_knl_Queue_empty__E)
                  00008f32    00000002     --HOLE-- [fill = 0]
                  00008f34    0000000c     KIRC_FltCmp_RTOS_pem4f.oem4f (.text:.bootCodeSection:ti_catalog_arm_cortexm4_tiva_ce_Boot_init__I)
                  00008f40    0000000c     driverlib.lib : gpio.obj (.text:GPIOIntEnable)
                  00008f4c    0000000c                   : pwm.obj (.text:PWMGenEnable)
                  00008f58    0000000c     sysbios.aem4f : BIOS.obj (.text:ti_sysbios_family_arm_lm4_Timer_masterDisable__I)
                  00008f64    0000000c     KIRC_FltCmp_RTOS_pem4f.oem4f (.text:ti_sysbios_family_arm_m3_Hwi_Params__init__S)
                  00008f70    0000000c     sysbios.aem4f : BIOS.obj (.text:ti_sysbios_family_arm_m3_Hwi_disableFxn__E)
                  00008f7c    0000000c                   : BIOS.obj (.text:ti_sysbios_gates_GateHwi_enter__E)
                  00008f88    0000000c                   : BIOS.obj (.text:ti_sysbios_knl_Clock_getTicks__E)
                  00008f94    0000000c     KIRC_FltCmp_RTOS_pem4f.oem4f (.text:ti_sysbios_knl_Queue_Object__get__S)
                  00008fa0    0000000c     KIRC_FltCmp_RTOS_pem4f.oem4f (.text:ti_sysbios_knl_Semaphore_Params__init__S)
                  00008fac    0000000c     ti.targets.arm.rtsarm.aem4f : Error.oem4f (.text:xdc_runtime_Error_init__F)
                  00008fb8    0000000c                                 : Gate.oem4f (.text:xdc_runtime_Gate_enterSystem__F)
                  00008fc4    0000000c                                 : Memory.oem4f (.text:xdc_runtime_Memory_calloc__F)
                  00008fd0    0000000c                                 : Memory.oem4f (.text:xdc_runtime_Memory_getMaxDefaultTypeAlign__F)
                  00008fdc    0000000c                                 : System.oem4f (.text:xdc_runtime_System_exit__F)
                  00008fe8    0000000c                                 : System.oem4f (.text:xdc_runtime_System_lastFxn__I)
                  00008ff4    0000000a     driverlib.lib : i2c.obj (.text:I2CMasterEnable)
                  00008ffe    0000000a                   : uart.obj (.text:UARTCharGet)
                  00009008    0000000a                   : uart.obj (.text:UARTCharPut)
                  00009012    0000000a                   : uart.obj (.text:UARTIntDisable)
                  0000901c    0000000a                   : uart.obj (.text:UARTIntStatus)
                  00009026    0000000a     uart_tivaware.aem4f : UART.oem4f (.text:UART_close)
                  00009030    0000000a                         : UART.oem4f (.text:UART_read)
                  0000903a    0000000a                         : UART.oem4f (.text:UART_write)
                  00009044    0000000a                         : UART.oem4f (.text:UART_writePolling)
                  0000904e    0000000a     KIRC_FltCmp_RTOS_pem4f.oem4f (.text:xdc_runtime_IHeap_alloc)
                  00009058    0000000a     KIRC_FltCmp_RTOS_pem4f.oem4f (.text:xdc_runtime_IHeap_free)
                  00009062    0000000a     KIRC_FltCmp_RTOS_pem4f.oem4f (.text:xdc_runtime_Text_visitRope__I)
                  0000906c    00000008     driverlib.lib : i2c.obj (.text:I2CMasterBusy)
                  00009074    00000008                   : i2c.obj (.text:I2CMasterSlaveAddrSet)
                  0000907c    00000008                   : uart.obj (.text:UARTIntEnable)
                  00009084    00000008     uart_tivaware.aem4f : UARTTiva.oem4f (.text:UARTTiva_init)
                  0000908c    00000008                         : UARTTiva.oem4f (.text:readSemCallback)
                  00009094    00000008     sysbios.aem4f : BIOS.obj (.text:ti_sysbios_family_arm_m3_Hwi_startup__E)
                  0000909c    00000008                   : BIOS.obj (.text:ti_sysbios_knl_Idle_loop__E)
                  000090a4    00000008     uart_tivaware.aem4f : UARTTiva.oem4f (.text:writeSemCallback)
                  000090ac    00000006     driverlib.lib : gpio.obj (.text:GPIOIntClear)
                  000090b2    00000006                   : gpio.obj (.text:GPIOPinRead)
                  000090b8    00000006                   : gpio.obj (.text:GPIOPinWrite)
                  000090be    00000006                   : sysctl.obj (.text:SysCtlDelay)
                  000090c4    00000006                   : uart.obj (.text:UARTFIFOLevelSet)
                  000090ca    00000006     ti.targets.arm.rtsarm.aem4f : xdc_noinit.oem4f (.text:__xdc__init)
                  000090d0    00000006     rtsv7M4_T_le_v4SPD16_eabi.lib : copy_decompress_rle.obj (.text:decompress:rle24)
                  000090d6    00000006     Boot.aem4f : Boot_sysctl.oem4f (.text:ti_catalog_arm_cortexm4_tiva_ce_Boot_sysCtlDelayI__I)
                  000090dc    00000006     sysbios.aem4f : BIOS.obj (.text:ti_sysbios_family_arm_m3_Hwi_restoreFxn__E)
                  000090e2    00000006                   : BIOS.obj (.text:ti_sysbios_gates_GateHwi_leave__E)
                  000090e8    00000006                   : BIOS.obj (.text:ti_sysbios_heaps_HeapMem_isBlocking__E)
                  000090ee    00000006                   : BIOS.obj (.text:ti_sysbios_knl_Queue_Instance_init__F)
                  000090f4    00000006                   : BIOS.obj (.text:ti_sysbios_knl_Swi_Module_startup__F)
                  000090fa    00000006     ti.targets.arm.rtsarm.aem4f : System.oem4f (.text:xdc_runtime_System_Module_startup__F)
                  00009100    00000004     driverlib.lib : i2c.obj (.text:I2CMasterControl)
                  00009104    00000004                   : i2c.obj (.text:I2CMasterDataGet)
                  00009108    00000004                   : i2c.obj (.text:I2CMasterDataPut)
                  0000910c    00000004                   : uart.obj (.text:UARTIntClear)
                  00009110    00000004     KIRC_FltCmp_RTOS_pem4f.oem4f (.text:ti_sysbios_BIOS_RtsGateProxy_enter__E)
                  00009114    00000004     KIRC_FltCmp_RTOS_pem4f.oem4f (.text:ti_sysbios_BIOS_RtsGateProxy_leave__E)
                  00009118    00000004     sysbios.aem4f : BIOS.obj (.text:ti_sysbios_family_arm_lm4_Timer_getPeriod__E)
                  0000911c    00000004                   : BIOS.obj (.text:ti_sysbios_family_arm_lm4_Timer_masterEnable__I)
                  00009120    00000004     KIRC_FltCmp_RTOS_pem4f.oem4f (.text:ti_sysbios_family_arm_m3_TaskSupport_Module__startupDone__S)
                  00009124    00000004     sysbios.aem4f : BIOS.obj (.text:ti_sysbios_gates_GateHwi_query__F)
                  00009128    00000004                   : BIOS.obj (.text:ti_sysbios_gates_GateMutex_query__F)
                  0000912c    00000004     KIRC_FltCmp_RTOS_pem4f.oem4f (.text:ti_sysbios_hal_Hwi_HwiProxy_Module__startupDone__S)
                  00009130    00000004     KIRC_FltCmp_RTOS_pem4f.oem4f (.text:ti_sysbios_hal_Timer_TimerProxy_Module__startupDone__S)
                  00009134    00000004     KIRC_FltCmp_RTOS_pem4f.oem4f (.text:ti_sysbios_hal_Timer_TimerProxy_getPeriod__E)
                  00009138    00000004     KIRC_FltCmp_RTOS_pem4f.oem4f (.text:ti_sysbios_heaps_HeapMem_Module_GateProxy_enter__E)
                  0000913c    00000004     KIRC_FltCmp_RTOS_pem4f.oem4f (.text:ti_sysbios_heaps_HeapMem_Module_GateProxy_leave__E)
                  00009140    00000004     KIRC_FltCmp_RTOS_pem4f.oem4f (.text:ti_sysbios_knl_Task_SupportProxy_Module__startupDone__S)
                  00009144    00000004     sysbios.aem4f : BIOS.obj (.text:ti_sysbios_knl_Task_startup__E)
                  00009148    00000004     ti.targets.arm.rtsarm.aem4f : Error.oem4f (.text:xdc_runtime_Error_getSite__F)
                  0000914c    00000004     KIRC_FltCmp_RTOS_pem4f.oem4f (.text:xdc_runtime_Memory_HeapProxy_alloc__E)
                  00009150    00000004     KIRC_FltCmp_RTOS_pem4f.oem4f (.text:xdc_runtime_Memory_HeapProxy_free__E)
                  00009154    00000004     KIRC_FltCmp_RTOS_pem4f.oem4f (.text:xdc_runtime_System_Module_GateProxy_enter__E)
                  00009158    00000004     KIRC_FltCmp_RTOS_pem4f.oem4f (.text:xdc_runtime_System_Module_GateProxy_leave__E)
                  0000915c    00000004     ti.targets.arm.rtsarm.aem4f : System.oem4f (.text:xdc_runtime_System_aprintf_va__F)
                  00009160    00000004                                 : System.oem4f (.text:xdc_runtime_System_printf_va__F)
                  00009164    00000004     KIRC_FltCmp_RTOS_pem4f.oem4f (.text:xdc_runtime_System_vsnprintf__E)

.const     0    00009168    00001e7a     
                  00009168    000015c7     KIRC_FltCmp_RTOS_pem4f.oem4f (.const:xdc_runtime_Text_charTab__A)
                  0000a72f    000000d8     KIRC_FltCmp_RTOS_pem4f.oem4f (.const:ti_sysbios_family_arm_m3_Hwi_priorities__A)
                  0000a807    00000001     KIRC_FltCmp_RTOS_pem4f.oem4f (.const:xdc_runtime_Error_policy__C)
                  0000a808    00000090     driverlib.lib : gpio.obj (.const:g_pui32GPIOBaseAddrs)
                  0000a898    00000088     rtsv7M4_T_le_v4SPD16_eabi.lib : xatan.obj (.const)
                  0000a920    00000084     EK_TM4C123GXL.obj (.const:gpioHWAttrs)
                  0000a9a4    0000006c     driverlib.lib : sysctl.obj (.const:g_pui32Xtals)
                  0000aa10    00000048     KIRC_FltCmp_RTOS_pem4f.oem4f (.const:.string)
                  0000aa58    0000003c     Main.obj (.const)
                  0000aa94    00000034     rtsv7M4_T_le_v4SPD16_eabi.lib : xfatan.obj (.const)
                  0000aac8    00000030     EK_TM4C123GXL.obj (.const)
                  0000aaf8    00000030     EK_TM4C123GXL.obj (.const:GPIO_config)
                  0000ab28    00000030     KIRC_FltCmp_RTOS_pem4f.oem4f (.const:ti_sysbios_family_arm_m3_Hwi_Object__PARAMS__C)
                  0000ab58    0000002c     EK_TM4C123GXL.obj (.const:EK_TM4C123GXL_gpioPortACallbacks)
                  0000ab84    0000002c     EK_TM4C123GXL.obj (.const:EK_TM4C123GXL_gpioPortFCallbacks)
                  0000abb0    00000028     KIRC_FltCmp_RTOS_pem4f.oem4f (.const:ti_sysbios_heaps_HeapMem_Module__FXNS__C)
                  0000abd8    00000024     uart_tivaware.aem4f : UARTTiva.oem4f (.const:UARTTiva_fxnTable)
                  0000abfc    00000024     KIRC_FltCmp_RTOS_pem4f.oem4f (.const:ti_sysbios_gates_GateHwi_Module__FXNS__C)
                  0000ac20    00000024     KIRC_FltCmp_RTOS_pem4f.oem4f (.const:ti_sysbios_gates_GateMutex_Module__FXNS__C)
                  0000ac44    00000024     KIRC_FltCmp_RTOS_pem4f.oem4f (.const:ti_sysbios_heaps_HeapMem_Object__PARAMS__C)
                  0000ac68    00000024     KIRC_FltCmp_RTOS_pem4f.oem4f (.const:ti_sysbios_knl_Semaphore_Object__PARAMS__C)
                  0000ac8c    00000020     KIRC_FltCmp_RTOS_pem4f.oem4f (.const:ti_sysbios_family_arm_m3_Hwi_Object__DESC__C)
                  0000acac    00000020     KIRC_FltCmp_RTOS_pem4f.oem4f (.const:ti_sysbios_gates_GateHwi_Object__DESC__C)
                  0000accc    00000020     KIRC_FltCmp_RTOS_pem4f.oem4f (.const:ti_sysbios_gates_GateMutex_Object__DESC__C)
                  0000acec    00000020     KIRC_FltCmp_RTOS_pem4f.oem4f (.const:ti_sysbios_heaps_HeapMem_Object__DESC__C)
                  0000ad0c    00000020     KIRC_FltCmp_RTOS_pem4f.oem4f (.const:ti_sysbios_knl_Queue_Object__DESC__C)
                  0000ad2c    00000020     KIRC_FltCmp_RTOS_pem4f.oem4f (.const:ti_sysbios_knl_Semaphore_Object__DESC__C)
                  0000ad4c    00000020     KIRC_FltCmp_RTOS_pem4f.oem4f (.const:xdc_runtime_Startup_sfxnTab__A)
                  0000ad6c    00000018     KIRC_FltCmp_RTOS_pem4f.oem4f (.const:ti_sysbios_gates_GateHwi_Object__PARAMS__C)
                  0000ad84    00000018     KIRC_FltCmp_RTOS_pem4f.oem4f (.const:ti_sysbios_gates_GateMutex_Object__PARAMS__C)
                  0000ad9c    00000018     KIRC_FltCmp_RTOS_pem4f.oem4f (.const:ti_sysbios_knl_Queue_Object__PARAMS__C)
                  0000adb4    00000014     KIRC_FltCmp_RTOS_pem4f.oem4f (.const:xdc_runtime_Startup_firstFxns__A)
                  0000adc8    00000011     ti.targets.arm.rtsarm.aem4f : System.oem4f (.const)
                  0000add9    00000001     --HOLE-- [fill = 0]
                  0000adda    00000010     KIRC_FltCmp_RTOS_pem4f.oem4f (.const:xdc_runtime_Startup_sfxnRts__A)
                  0000adea    00000010     KIRC_FltCmp_RTOS_pem4f.oem4f (.const:xdc_runtime_Text_nodeTab__A)
                  0000adfa    00000002     KIRC_FltCmp_RTOS_pem4f.oem4f (.const:ti_catalog_arm_cortexm4_tiva_ce_Boot_Module__id__C)
                  0000adfc    00000008     KIRC_FltCmp_RTOS_pem4f.oem4f (.const:ti_sysbios_family_arm_m3_Hwi_excHookFuncs__A)
                  0000ae04    00000008     KIRC_FltCmp_RTOS_pem4f.oem4f (.const:ti_sysbios_knl_Idle_coreList__C)
                  0000ae0c    00000008     KIRC_FltCmp_RTOS_pem4f.oem4f (.const:ti_sysbios_knl_Idle_funcList__C)
                  0000ae14    00000008     KIRC_FltCmp_RTOS_pem4f.oem4f (.const:xdc_runtime_Startup_firstFxns__C)
                  0000ae1c    00000008     KIRC_FltCmp_RTOS_pem4f.oem4f (.const:xdc_runtime_Startup_lastFxns__C)
                  0000ae24    00000004     KIRC_FltCmp_RTOS_pem4f.oem4f (.const:ti_catalog_arm_cortexm4_tiva_ce_Boot_A_mustUseEnhancedClockMode__C)
                  0000ae28    00000004     KIRC_FltCmp_RTOS_pem4f.oem4f (.const:ti_catalog_arm_cortexm4_tiva_ce_Boot_Module__diagsEnabled__C)
                  0000ae2c    00000004     KIRC_FltCmp_RTOS_pem4f.oem4f (.const:ti_catalog_arm_cortexm4_tiva_ce_Boot_Module__diagsIncluded__C)
                  0000ae30    00000004     KIRC_FltCmp_RTOS_pem4f.oem4f (.const:ti_catalog_arm_cortexm4_tiva_ce_Boot_Module__diagsMask__C)
                  0000ae34    00000004     KIRC_FltCmp_RTOS_pem4f.oem4f (.const:ti_sysbios_BIOS_Module__diagsEnabled__C)
                  0000ae38    00000004     KIRC_FltCmp_RTOS_pem4f.oem4f (.const:ti_sysbios_BIOS_Module__diagsIncluded__C)
                  0000ae3c    00000004     KIRC_FltCmp_RTOS_pem4f.oem4f (.const:ti_sysbios_BIOS_Module__diagsMask__C)
                  0000ae40    00000004     KIRC_FltCmp_RTOS_pem4f.oem4f (.const:ti_sysbios_BIOS_installedErrorHook__C)
                  0000ae44    00000004     KIRC_FltCmp_RTOS_pem4f.oem4f (.const:ti_sysbios_family_arm_lm4_Timer_enableFunc__C)
                  0000ae48    00000004     KIRC_FltCmp_RTOS_pem4f.oem4f (.const:ti_sysbios_family_arm_lm4_Timer_numTimerDevices__C)
                  0000ae4c    00000004     KIRC_FltCmp_RTOS_pem4f.oem4f (.const:ti_sysbios_family_arm_lm4_Timer_startupNeeded__C)
                  0000ae50    00000004     KIRC_FltCmp_RTOS_pem4f.oem4f (.const:ti_sysbios_family_arm_m3_Hwi_E_NMI__C)
                  0000ae54    00000004     KIRC_FltCmp_RTOS_pem4f.oem4f (.const:ti_sysbios_family_arm_m3_Hwi_E_alreadyDefined__C)
                  0000ae58    00000004     KIRC_FltCmp_RTOS_pem4f.oem4f (.const:ti_sysbios_family_arm_m3_Hwi_E_busFault__C)
                  0000ae5c    00000004     KIRC_FltCmp_RTOS_pem4f.oem4f (.const:ti_sysbios_family_arm_m3_Hwi_E_debugMon__C)
                  0000ae60    00000004     KIRC_FltCmp_RTOS_pem4f.oem4f (.const:ti_sysbios_family_arm_m3_Hwi_E_hardFault__C)
                  0000ae64    00000004     KIRC_FltCmp_RTOS_pem4f.oem4f (.const:ti_sysbios_family_arm_m3_Hwi_E_memFault__C)
                  0000ae68    00000004     KIRC_FltCmp_RTOS_pem4f.oem4f (.const:ti_sysbios_family_arm_m3_Hwi_E_noIsr__C)
                  0000ae6c    00000004     KIRC_FltCmp_RTOS_pem4f.oem4f (.const:ti_sysbios_family_arm_m3_Hwi_E_reserved__C)
                  0000ae70    00000004     KIRC_FltCmp_RTOS_pem4f.oem4f (.const:ti_sysbios_family_arm_m3_Hwi_E_svCall__C)
                  0000ae74    00000004     KIRC_FltCmp_RTOS_pem4f.oem4f (.const:ti_sysbios_family_arm_m3_Hwi_E_usageFault__C)
                  0000ae78    00000004     KIRC_FltCmp_RTOS_pem4f.oem4f (.const:ti_sysbios_family_arm_m3_Hwi_NUM_INTERRUPTS__C)
                  0000ae7c    00000004     KIRC_FltCmp_RTOS_pem4f.oem4f (.const:ti_sysbios_family_arm_m3_Hwi_ccr__C)
                  0000ae80    00000004     KIRC_FltCmp_RTOS_pem4f.oem4f (.const:ti_sysbios_family_arm_m3_Hwi_dispatchTable__C)
                  0000ae84    00000004     KIRC_FltCmp_RTOS_pem4f.oem4f (.const:ti_sysbios_family_arm_m3_Hwi_excHandlerFunc__C)
                  0000ae88    00000004     KIRC_FltCmp_RTOS_pem4f.oem4f (.const:ti_sysbios_family_arm_m3_Hwi_excHookFuncs__C)
                  0000ae8c    00000004     KIRC_FltCmp_RTOS_pem4f.oem4f (.const:ti_sysbios_family_arm_m3_Hwi_priGroup__C)
                  0000ae90    00000004     KIRC_FltCmp_RTOS_pem4f.oem4f (.const:ti_sysbios_family_arm_m3_Hwi_priorities__C)
                  0000ae94    00000004     KIRC_FltCmp_RTOS_pem4f.oem4f (.const:ti_sysbios_gates_GateMutex_A_badContext__C)
                  0000ae98    00000004     KIRC_FltCmp_RTOS_pem4f.oem4f (.const:ti_sysbios_gates_GateMutex_Instance_State_sem__O)
                  0000ae9c    00000004     KIRC_FltCmp_RTOS_pem4f.oem4f (.const:ti_sysbios_gates_GateMutex_Module__diagsEnabled__C)
                  0000aea0    00000004     KIRC_FltCmp_RTOS_pem4f.oem4f (.const:ti_sysbios_gates_GateMutex_Module__diagsIncluded__C)
                  0000aea4    00000004     KIRC_FltCmp_RTOS_pem4f.oem4f (.const:ti_sysbios_gates_GateMutex_Module__diagsMask__C)
                  0000aea8    00000004     KIRC_FltCmp_RTOS_pem4f.oem4f (.const:ti_sysbios_heaps_HeapMem_A_align__C)
                  0000aeac    00000004     KIRC_FltCmp_RTOS_pem4f.oem4f (.const:ti_sysbios_heaps_HeapMem_A_heapSize__C)
                  0000aeb0    00000004     KIRC_FltCmp_RTOS_pem4f.oem4f (.const:ti_sysbios_heaps_HeapMem_A_invalidFree__C)
                  0000aeb4    00000004     KIRC_FltCmp_RTOS_pem4f.oem4f (.const:ti_sysbios_heaps_HeapMem_A_zeroBlock__C)
                  0000aeb8    00000004     KIRC_FltCmp_RTOS_pem4f.oem4f (.const:ti_sysbios_heaps_HeapMem_E_memory__C)
                  0000aebc    00000004     KIRC_FltCmp_RTOS_pem4f.oem4f (.const:ti_sysbios_heaps_HeapMem_Module__diagsEnabled__C)
                  0000aec0    00000004     KIRC_FltCmp_RTOS_pem4f.oem4f (.const:ti_sysbios_heaps_HeapMem_Module__diagsIncluded__C)
                  0000aec4    00000004     KIRC_FltCmp_RTOS_pem4f.oem4f (.const:ti_sysbios_heaps_HeapMem_Module__diagsMask__C)
                  0000aec8    00000004     KIRC_FltCmp_RTOS_pem4f.oem4f (.const:ti_sysbios_heaps_HeapMem_Module__gateObj__C)
                  0000aecc    00000004     KIRC_FltCmp_RTOS_pem4f.oem4f (.const:ti_sysbios_heaps_HeapMem_Object__count__C)
                  0000aed0    00000004     KIRC_FltCmp_RTOS_pem4f.oem4f (.const:ti_sysbios_heaps_HeapMem_reqAlign__C)
                  0000aed4    00000004     KIRC_FltCmp_RTOS_pem4f.oem4f (.const:ti_sysbios_knl_Clock_Module_State_clockQ__O)
                  0000aed8    00000004     KIRC_FltCmp_RTOS_pem4f.oem4f (.const:ti_sysbios_knl_Semaphore_A_badContext__C)
                  0000aedc    00000004     KIRC_FltCmp_RTOS_pem4f.oem4f (.const:ti_sysbios_knl_Semaphore_A_noEvents__C)
                  0000aee0    00000004     KIRC_FltCmp_RTOS_pem4f.oem4f (.const:ti_sysbios_knl_Semaphore_A_overflow__C)
                  0000aee4    00000004     KIRC_FltCmp_RTOS_pem4f.oem4f (.const:ti_sysbios_knl_Semaphore_A_pendTaskDisabled__C)
                  0000aee8    00000004     KIRC_FltCmp_RTOS_pem4f.oem4f (.const:ti_sysbios_knl_Semaphore_Instance_State_pendQ__O)
                  0000aeec    00000004     KIRC_FltCmp_RTOS_pem4f.oem4f (.const:ti_sysbios_knl_Semaphore_Module__diagsEnabled__C)
                  0000aef0    00000004     KIRC_FltCmp_RTOS_pem4f.oem4f (.const:ti_sysbios_knl_Semaphore_Module__diagsIncluded__C)
                  0000aef4    00000004     KIRC_FltCmp_RTOS_pem4f.oem4f (.const:ti_sysbios_knl_Semaphore_Module__diagsMask__C)
                  0000aef8    00000004     KIRC_FltCmp_RTOS_pem4f.oem4f (.const:ti_sysbios_knl_Task_A_badTimeout__C)
                  0000aefc    00000004     KIRC_FltCmp_RTOS_pem4f.oem4f (.const:ti_sysbios_knl_Task_A_sleepTaskDisabled__C)
                  0000af00    00000004     KIRC_FltCmp_RTOS_pem4f.oem4f (.const:ti_sysbios_knl_Task_Module_State_inactiveQ__O)
                  0000af04    00000004     KIRC_FltCmp_RTOS_pem4f.oem4f (.const:ti_sysbios_knl_Task_Module__diagsEnabled__C)
                  0000af08    00000004     KIRC_FltCmp_RTOS_pem4f.oem4f (.const:ti_sysbios_knl_Task_Module__diagsIncluded__C)
                  0000af0c    00000004     KIRC_FltCmp_RTOS_pem4f.oem4f (.const:ti_sysbios_knl_Task_Module__diagsMask__C)
                  0000af10    00000004     KIRC_FltCmp_RTOS_pem4f.oem4f (.const:ti_sysbios_knl_Task_Object__count__C)
                  0000af14    00000004     KIRC_FltCmp_RTOS_pem4f.oem4f (.const:ti_sysbios_knl_Task_allBlockedFunc__C)
                  0000af18    00000004     KIRC_FltCmp_RTOS_pem4f.oem4f (.const:ti_sysbios_knl_Task_numConstructedTasks__C)
                  0000af1c    00000004     KIRC_FltCmp_RTOS_pem4f.oem4f (.const:xdc_runtime_Assert_E_assertFailed__C)
                  0000af20    00000004     KIRC_FltCmp_RTOS_pem4f.oem4f (.const:xdc_runtime_Core_A_initializedParams__C)
                  0000af24    00000004     KIRC_FltCmp_RTOS_pem4f.oem4f (.const:xdc_runtime_Core_Module__diagsEnabled__C)
                  0000af28    00000004     KIRC_FltCmp_RTOS_pem4f.oem4f (.const:xdc_runtime_Core_Module__diagsIncluded__C)
                  0000af2c    00000004     KIRC_FltCmp_RTOS_pem4f.oem4f (.const:xdc_runtime_Core_Module__diagsMask__C)
                  0000af30    00000004     KIRC_FltCmp_RTOS_pem4f.oem4f (.const:xdc_runtime_Error_E_memory__C)
                  0000af34    00000004     KIRC_FltCmp_RTOS_pem4f.oem4f (.const:xdc_runtime_Error_Module__diagsEnabled__C)
                  0000af38    00000004     KIRC_FltCmp_RTOS_pem4f.oem4f (.const:xdc_runtime_Error_Module__diagsIncluded__C)
                  0000af3c    00000004     KIRC_FltCmp_RTOS_pem4f.oem4f (.const:xdc_runtime_Error_Module__diagsMask__C)
                  0000af40    00000004     KIRC_FltCmp_RTOS_pem4f.oem4f (.const:xdc_runtime_Error_Module__loggerFxn8__C)
                  0000af44    00000004     KIRC_FltCmp_RTOS_pem4f.oem4f (.const:xdc_runtime_Error_Module__loggerObj__C)
                  0000af48    00000004     KIRC_FltCmp_RTOS_pem4f.oem4f (.const:xdc_runtime_Error_raiseHook__C)
                  0000af4c    00000004     KIRC_FltCmp_RTOS_pem4f.oem4f (.const:xdc_runtime_IGateProvider_Interface__BASE__C)
                  0000af50    00000004     KIRC_FltCmp_RTOS_pem4f.oem4f (.const:xdc_runtime_IHeap_Interface__BASE__C)
                  0000af54    00000004     KIRC_FltCmp_RTOS_pem4f.oem4f (.const:xdc_runtime_IModule_Interface__BASE__C)
                  0000af58    00000004     KIRC_FltCmp_RTOS_pem4f.oem4f (.const:xdc_runtime_Log_L_error__C)
                  0000af5c    00000004     KIRC_FltCmp_RTOS_pem4f.oem4f (.const:xdc_runtime_Main_Module__diagsEnabled__C)
                  0000af60    00000004     KIRC_FltCmp_RTOS_pem4f.oem4f (.const:xdc_runtime_Main_Module__diagsIncluded__C)
                  0000af64    00000004     KIRC_FltCmp_RTOS_pem4f.oem4f (.const:xdc_runtime_Main_Module__diagsMask__C)
                  0000af68    00000004     KIRC_FltCmp_RTOS_pem4f.oem4f (.const:xdc_runtime_Main_Module__loggerFxn2__C)
                  0000af6c    00000004     KIRC_FltCmp_RTOS_pem4f.oem4f (.const:xdc_runtime_Main_Module__loggerObj__C)
                  0000af70    00000004     KIRC_FltCmp_RTOS_pem4f.oem4f (.const:xdc_runtime_Memory_defaultHeapInstance__C)
                  0000af74    00000004     KIRC_FltCmp_RTOS_pem4f.oem4f (.const:xdc_runtime_Startup_execImpl__C)
                  0000af78    00000004     KIRC_FltCmp_RTOS_pem4f.oem4f (.const:xdc_runtime_Startup_lastFxns__A)
                  0000af7c    00000004     KIRC_FltCmp_RTOS_pem4f.oem4f (.const:xdc_runtime_Startup_maxPasses__C)
                  0000af80    00000004     KIRC_FltCmp_RTOS_pem4f.oem4f (.const:xdc_runtime_Startup_sfxnRts__C)
                  0000af84    00000004     KIRC_FltCmp_RTOS_pem4f.oem4f (.const:xdc_runtime_Startup_sfxnTab__C)
                  0000af88    00000004     KIRC_FltCmp_RTOS_pem4f.oem4f (.const:xdc_runtime_SysCallback_abortFxn__C)
                  0000af8c    00000004     KIRC_FltCmp_RTOS_pem4f.oem4f (.const:xdc_runtime_SysCallback_exitFxn__C)
                  0000af90    00000004     KIRC_FltCmp_RTOS_pem4f.oem4f (.const:xdc_runtime_SysCallback_flushFxn__C)
                  0000af94    00000004     KIRC_FltCmp_RTOS_pem4f.oem4f (.const:xdc_runtime_SysCallback_putchFxn__C)
                  0000af98    00000004     KIRC_FltCmp_RTOS_pem4f.oem4f (.const:xdc_runtime_SysCallback_readyFxn__C)
                  0000af9c    00000004     KIRC_FltCmp_RTOS_pem4f.oem4f (.const:xdc_runtime_System_Module__gateObj__C)
                  0000afa0    00000004     KIRC_FltCmp_RTOS_pem4f.oem4f (.const:xdc_runtime_System_extendFxn__C)
                  0000afa4    00000004     KIRC_FltCmp_RTOS_pem4f.oem4f (.const:xdc_runtime_System_maxAtexitHandlers__C)
                  0000afa8    00000004     KIRC_FltCmp_RTOS_pem4f.oem4f (.const:xdc_runtime_Text_charTab__C)
                  0000afac    00000004     KIRC_FltCmp_RTOS_pem4f.oem4f (.const:xdc_runtime_Text_nameEmpty__C)
                  0000afb0    00000004     KIRC_FltCmp_RTOS_pem4f.oem4f (.const:xdc_runtime_Text_nameStatic__C)
                  0000afb4    00000004     KIRC_FltCmp_RTOS_pem4f.oem4f (.const:xdc_runtime_Text_nameUnknown__C)
                  0000afb8    00000004     KIRC_FltCmp_RTOS_pem4f.oem4f (.const:xdc_runtime_Text_nodeTab__C)
                  0000afbc    00000004     KIRC_FltCmp_RTOS_pem4f.oem4f (.const:xdc_runtime_Text_visitRopeFxn__C)
                  0000afc0    00000002     KIRC_FltCmp_RTOS_pem4f.oem4f (.const:ti_sysbios_BIOS_Module__id__C)
                  0000afc2    00000002     KIRC_FltCmp_RTOS_pem4f.oem4f (.const:ti_sysbios_family_arm_m3_Hwi_Module__id__C)
                  0000afc4    00000002     KIRC_FltCmp_RTOS_pem4f.oem4f (.const:ti_sysbios_gates_GateMutex_Module__id__C)
                  0000afc6    00000002     KIRC_FltCmp_RTOS_pem4f.oem4f (.const:ti_sysbios_heaps_HeapMem_Module__id__C)
                  0000afc8    00000002     KIRC_FltCmp_RTOS_pem4f.oem4f (.const:ti_sysbios_knl_Semaphore_Module__id__C)
                  0000afca    00000002     KIRC_FltCmp_RTOS_pem4f.oem4f (.const:ti_sysbios_knl_Task_Module__id__C)
                  0000afcc    00000002     KIRC_FltCmp_RTOS_pem4f.oem4f (.const:ti_sysbios_knl_Task_initStackFlag__C)
                  0000afce    00000002     KIRC_FltCmp_RTOS_pem4f.oem4f (.const:xdc_runtime_Core_Module__id__C)
                  0000afd0    00000002     KIRC_FltCmp_RTOS_pem4f.oem4f (.const:xdc_runtime_Error_Module__loggerDefined__C)
                  0000afd2    00000002     KIRC_FltCmp_RTOS_pem4f.oem4f (.const:xdc_runtime_Error_maxDepth__C)
                  0000afd4    00000002     KIRC_FltCmp_RTOS_pem4f.oem4f (.const:xdc_runtime_Main_Module__id__C)
                  0000afd6    00000002     KIRC_FltCmp_RTOS_pem4f.oem4f (.const:xdc_runtime_Main_Module__loggerDefined__C)
                  0000afd8    00000002     KIRC_FltCmp_RTOS_pem4f.oem4f (.const:xdc_runtime_Memory_Module__id__C)
                  0000afda    00000002     KIRC_FltCmp_RTOS_pem4f.oem4f (.const:xdc_runtime_Text_charCnt__C)
                  0000afdc    00000002     KIRC_FltCmp_RTOS_pem4f.oem4f (.const:xdc_runtime_Text_isLoaded__C)
                  0000afde    00000002     KIRC_FltCmp_RTOS_pem4f.oem4f (.const:xdc_runtime_Text_registryModsLastId__C)
                  0000afe0    00000002     KIRC_FltCmp_RTOS_pem4f.oem4f (.const:xdc_runtime_Text_unnamedModsLastId__C)

.cinit     0    0000afe8    000003b0     
                  0000afe8    0000037c     (.cinit..data.load) [load image, compression = rle]
                  0000b364    0000000c     (__TI_handler_table)
                  0000b370    00000008     (.cinit..bss.load) [load image, compression = zero_init]
                  0000b378    00000008     (.cinit..vecs.load) [load image, compression = zero_init]
                  0000b380    00000018     (__TI_cinit_table)

.vecs      0    20000000    00000360     UNINITIALIZED
                  20000000    00000360     KIRC_FltCmp_RTOS_pem4f.oem4f (.vecs)

.bss       0    20000360    00002490     UNINITIALIZED
                  20000360    00001e00     KIRC_FltCmp_RTOS_pem4f.oem4f (.bss:taskStackSection)
                  20002160    00000400     KIRC_FltCmp_RTOS_pem4f.oem4f (.bss:ti_sysbios_heaps_HeapMem_Instance_State_0_buf__A)
                  20002560    00000120     rtsv7M4_T_le_v4SPD16_eabi.lib : trgmsg.obj (.bss:__CIOBUF_)
                  20002680    000000a0                                   : defs.obj (.bss:__TI_tmpnams)
                  20002720    00000088     EK_TM4C123GXL.obj (.bss:uartTivaObjects)
                  200027a8    0000001c     (.common:callbackHwi)
                  200027c4    0000001c     (.common:callbackHwi2)
                  200027e0    00000008     (.common:parmbuf)
                  200027e8    00000004     (.common:ui32Load)
                  200027ec    00000004     (.common:ui32PWMClock)

.data      0    200027f0    00000c16     UNINITIALIZED
                  200027f0    00000360     KIRC_FltCmp_RTOS_pem4f.oem4f (.data:ti_sysbios_family_arm_m3_Hwi_Module_State_0_dispatchTable__A)
                  20002b50    0000016c     KIRC_FltCmp_RTOS_pem4f.oem4f (.data)
                  20002cbc    00000130     KIRC_FltCmp_RTOS_pem4f.oem4f (.data:ti_sysbios_knl_Task_Object__table__V)
                  20002dec    000000f0     rtsv7M4_T_le_v4SPD16_eabi.lib : defs.obj (.data:_ftable)
                  20002edc    000000d0                                   : lowlev.obj (.data)
                  20002fac    000000b0                                   : signal.obj (.data:sigtable)
                  2000305c    00000004     Main.obj (.data)
                  20003060    00000080     rtsv7M4_T_le_v4SPD16_eabi.lib : xvalues.obj (.data)
                  200030e0    00000068                                   : xfvalues.obj (.data)
                  20003148    0000005c     KIRC_FltCmp_RTOS_pem4f.oem4f (.data:ti_sysbios_family_arm_m3_Hwi_Module__state__V)
                  200031a4    00000044     KIRC_FltCmp_RTOS_pem4f.oem4f (.data:ti_sysbios_knl_Task_Module__state__V)
                  200031e8    0000003c     sensors.obj (.data:Gyro_Memory)
                  20003224    0000003c     Main.obj (.data:RxData)
                  20003260    00000038     KIRC_FltCmp_RTOS_pem4f.oem4f (.data:ti_sysbios_family_arm_lm4_Timer_Object__table__V)
                  20003298    00000038     KIRC_FltCmp_RTOS_pem4f.oem4f (.data:ti_sysbios_gates_GateMutex_Object__table__V)
                  200032d0    00000034     Main.obj (.data:controlData)
                  20003304    00000030     KIRC_FltCmp_RTOS_pem4f.oem4f (.data:ti_sysbios_family_arm_lm4_Timer_Module_State_0_device__A)
                  20003334    00000028     KIRC_FltCmp_RTOS_pem4f.oem4f (.data:ti_sysbios_knl_Clock_Module__state__V)
                  2000335c    00000024     Main.obj (.data:IMUdata)
                  20003380    00000018     UARTUtils.obj (.data)
                  20003398    00000018     sensors.obj (.data)
                  200033b0    00000010     quaternion.obj (.data)
                  200033c0    00000010     rtsv7M4_T_le_v4SPD16_eabi.lib : defs.obj (.data)
                  200033d0    00000008     gpio_tivaware.aem4f : GPIO.oem4f (.data)
                  200033d8    00000008     rtsv7M4_T_le_v4SPD16_eabi.lib : _lock.obj (.data)
                  200033e0    00000008                                   : exit.obj (.data)
                  200033e8    00000008                                   : feraiseexcept.obj (.data)
                  200033f0    00000004                                   : dtor_list.obj (.data)
                  200033f4    00000004                                   : errno.obj (.data)
                  200033f8    00000004                                   : fopen.obj (.data)
                  200033fc    00000004                                   : stkdepth_vars.obj (.data)
                  20003400    00000004     uart_tivaware.aem4f : UART.oem4f (.data)
                  20003404    00000002     RxFunctions.obj (.data)

.stack     0    20003408    00000600     UNINITIALIZED
                  20003408    00000600     --HOLE--


LINKER GENERATED COPY TABLES

__TI_cinit_table @ 0000b380 records: 3, size/record: 8, table size: 24
	.data: load addr=0000afe8, load size=0000037c bytes, run addr=200027f0, run size=00000c16 bytes, compression=rle
	.bss: load addr=0000b370, load size=00000008 bytes, run addr=20000360, run size=00002490 bytes, compression=zero_init
	.vecs: load addr=0000b378, load size=00000008 bytes, run addr=20000000, run size=00000360 bytes, compression=zero_init


LINKER GENERATED HANDLER TABLE

__TI_handler_table @ 0000b364 records: 3, size/record: 4, table size: 12
	index: 0, handler: __TI_zero_init
	index: 1, handler: __TI_decompress_rle24
	index: 2, handler: __TI_decompress_none


GLOBAL SYMBOLS: SORTED ALPHABETICALLY BY Name 

address    name
--------   ----
000083b1   Accel_Init
000078dd   C$$EXIT
00007117   C$$IO$$
000054d5   Calib_Accel
00003e4d   Calib_Gyro
000085bb   ClearRxInterrupts
00000dfd   ControlFxn
000085e3   DisableRxInterrupts
0000ab58   EK_TM4C123GXL_gpioPortACallbacks
0000ab84   EK_TM4C123GXL_gpioPortFCallbacks
00005305   EK_TM4C123GXL_initGPIO
00007ab9   EK_TM4C123GXL_initGeneral
00006d4d   EK_TM4C123GXL_initPWM
000083dd   EK_TM4C123GXL_initUART
00007fa1   EnableRxInterrupts
000034c9   Filter_GyroData
0000853d   GPIODirModeSet
000090ad   GPIOIntClear
00008ed1   GPIOIntDisable
00008f41   GPIOIntEnable
00008edf   GPIOIntStatus
000073cd   GPIOIntTypeSet
000045a5   GPIOPadConfigSet
00007659   GPIOPinConfigure
000090b3   GPIOPinRead
00008cc9   GPIOPinTypeGPIOInput
00008a4b   GPIOPinTypeGPIOOutput
00008cdb   GPIOPinTypeI2C
00008ced   GPIOPinTypeI2CSCL
00008cff   GPIOPinTypePWM
00008d11   GPIOPinTypeUART
000090b9   GPIOPinWrite
00008c15   GPIO_clearInt
0000aaf8   GPIO_config
000086d5   GPIO_disableInt
00007af9   GPIO_enableInt
00008567   GPIO_hwiIntFxn
000086f9   GPIO_init
00007425   GPIO_setupCallbacks
00007cb9   GPIO_toggle
0000860d   GPIO_write
0000678d   GetData_Accel
00006811   GetData_Gyro
00008a63   Gyro_Init
200031e8   Gyro_Memory
20003398   Gyro_Offset
00001f75   HOSTclock
00001f3d   HOSTclose
00001eff   HOSTgetenv
00001ea3   HOSTlseek
00001e51   HOSTopen
00001e05   HOSTread
00001da7   HOSTrename
00001d6d   HOSTtime
00001d35   HOSTunlink
00001ce9   HOSTwrite
000076a1   I2C0_MasterInit
0000708d   I2C0_RxData
0000731d   I2C0_TxData
0000906d   I2CMasterBusy
00009101   I2CMasterControl
00009105   I2CMasterDataGet
00009109   I2CMasterDataPut
00008ff5   I2CMasterEnable
000076e9   I2CMasterInitExpClk
00009075   I2CMasterSlaveAddrSet
2000335c   IMUdata
200033a4   Magn_Offset
000087f5   PWMGenConfigure
00008f4d   PWMGenEnable
00008d8f   PWMGenPeriodSet
00008d23   PWMOutputState
00008919   PWMPulseWidthSet
00006895   RCinputIntHandler
20003404   RXChannelLock
000031b1   ReadInputFxn
00006a99   ReadSensorsFxn
00006919   Read_Accel
000037b9   Read_Gyro
20003224   RxData
UNDEFED    SHT$$INIT_ARRAY$$Base
UNDEFED    SHT$$INIT_ARRAY$$Limit
200033b0   State
00005c41   StateEst_Calib
000059f5   SysCtlClockGet
000090bf   SysCtlDelay
00008c29   SysCtlPWMClockSet
00007fd5   SysCtlPeripheralEnable
20002da0   TSK_idle
00008fff   UARTCharGet
00008eed   UARTCharGetNonBlocking
00009009   UARTCharPut
00008efb   UARTCharPutNonBlocking
00007a75   UARTConfigSetExpClk
00008955   UARTDisable
00008c3d   UARTEnable
000090c5   UARTFIFOLevelSet
0000910d   UARTIntClear
00009013   UARTIntDisable
0000907d   UARTIntEnable
0000901d   UARTIntStatus
0000abd8   UARTTiva_fxnTable
00008a7b   UARTUtils_deviceclose
00008d35   UARTUtils_devicelseek
000082f9   UARTUtils_deviceopen
0000803d   UARTUtils_deviceread
00008d9f   UARTUtils_devicerename
00008f09   UARTUtils_deviceunlink
00008071   UARTUtils_devicewrite
0000871d   UARTUtils_systemAbort
000065e9   UARTUtils_systemInit
00008819   UARTUtils_systemPutch
00008c51   UARTUtils_systemReady
00008409   UART_Params_init
00009027   UART_close
0000aae0   UART_config
00007da9   UART_init
00008a95   UART_open
00009031   UART_read
0000903b   UART_write
00009045   UART_writePolling
00000361   Update_State
0000333d   _Atan
20003060   _Denorm
00005abd   _Dnorm
00004915   _Dscale
00007921   _Dtest
00006fc5   _Dunscale
20003070   _Eps
200033f4   _Errno
00005fb9   _FAtan
200030e0   _FDenorm
0000810d   _FDtest
200030f0   _FEps
20003100   _FInf
20003110   _FNan
20003130   _FRteps
20003120   _FSnan
20003140   _FXbig
20003144   _FZero
200033e8   _Fenv
00008209   _Feraise
20003080   _Hugeval
20003090   _Inf
200030a0   _Nan
200030c0   _Rteps
200030b0   _Snan
200033ec   _Tls_setup__Fenv
200030d0   _Xbig
200030d8   _Zero
00000000   __ASM__
20002560   __CIOBUF_
00000086   __ISA__
00000099   __PLAT__
20003a08   __STACK_END
00000600   __STACK_SIZE
20003508   __STACK_TOP
000000ba   __TARG__
0000b380   __TI_CINIT_Base
0000b398   __TI_CINIT_Limit
0000b364   __TI_Handler_Table_Base
0000b370   __TI_Handler_Table_Limit
00000001   __TI_args_main
00006251   __TI_auto_init
00002bbd   __TI_cleanup
200033e0   __TI_cleanup_ptr
00006429   __TI_closefile
00008f17   __TI_decompress_none
000090d1   __TI_decompress_rle24
00005b81   __TI_doflush
200033e4   __TI_dtors_ptr
200033c0   __TI_ft_end
0000711b   __TI_readmsg
00000000   __TI_static_base__
20002680   __TI_tmpnams
000070ed   __TI_writemsg
00008d47   __TI_zero_init
000000e0   __TRDR__
0000508d   __aeabi_atexit
0000699d   __aeabi_cdcmpeq
0000699d   __aeabi_cdcmple
00006a1b   __aeabi_cdrcmple
0000760d   __aeabi_d2f
00002cbf   __aeabi_dadd
00004339   __aeabi_ddiv
00004e41   __aeabi_dmul
00002cb5   __aeabi_dsub
00007de1   __aeabi_f2d
00008355   __aeabi_i2d
00006b15   __aeabi_memclr
00006b15   __aeabi_memclr4
00006b15   __aeabi_memclr8
000062f1   __aeabi_memcpy
000062f1   __aeabi_memcpy4
000062f1   __aeabi_memcpy8
00006b17   __aeabi_memset
00006b17   __aeabi_memset4
00006b17   __aeabi_memset8
200033cc   __aeabi_stderr
200033c4   __aeabi_stdin
200033c8   __aeabi_stdout
ffffffff   __binit__
ffffffff   __c_args__
0000507b   __cxa_atexit
00005035   __cxa_finalize
00005075   __cxa_ia64_exit
20003408   __stack
000090cb   __xdc__init
20002cb8   __xdc__init__addr
00008ac5   _args_main
000072c5   _c_int00
20002dec   _ftable
200033d8   _lock
00008c73   _nop
00008c6b   _register_lock
00008c65   _register_unlock
200033dc   _unlock
000078e1   abort
00001c3b   add_device
000047f9   asin
00005849   atan2f
0000507f   atexit
ffffffff   binit
200027a8   callbackHwi
200027c4   callbackHwi2
00001be9   close
200032d0   controlData
00007899   copy_in
20003405   currentRXChannel
000078e9   exit
0000648f   fclose
000080d9   feraiseexcept
00005bcd   fflush
00002c13   fopen
00008aad   free
00002be9   freopen
0000a920   gpioHWAttrs
0000aac8   i2cTivaHWAttrs
00001bc5   lseek
00005129   main
200033fc   main_func_sp
00008327   malloc
000062f1   memcpy
00006b1d   memset
000089fd   motorsDisable
00003f89   motors_init
00005771   motors_out
00001b17   open
00008383   raise
00001af3   read
00001a69   remove
00001acb   remove_device
00001a8d   rename
00005695   setvbuf
00007b79   signal
00003bc5   sqrt
00008bfd   strchr
00008add   strcmp
00008daf   strcpy
00008c79   strlen
000081d9   strncpy
0000ae24   ti_catalog_arm_cortexm4_tiva_ce_Boot_A_mustUseEnhancedClockMode__C
0000ae28   ti_catalog_arm_cortexm4_tiva_ce_Boot_Module__diagsEnabled__C
0000ae2c   ti_catalog_arm_cortexm4_tiva_ce_Boot_Module__diagsIncluded__C
0000ae30   ti_catalog_arm_cortexm4_tiva_ce_Boot_Module__diagsMask__C
0000adfa   ti_catalog_arm_cortexm4_tiva_ce_Boot_Module__id__C
00008f35   ti_catalog_arm_cortexm4_tiva_ce_Boot_init__I
00004a25   ti_catalog_arm_cortexm4_tiva_ce_Boot_sysCtlClockSetI__I
000064c1   ti_catalog_arm_cortexm4_tiva_ce_Boot_sysCtlClockSet__E
000090d7   ti_catalog_arm_cortexm4_tiva_ce_Boot_sysCtlDelayI__I
0000ae34   ti_sysbios_BIOS_Module__diagsEnabled__C
0000ae38   ti_sysbios_BIOS_Module__diagsIncluded__C
0000ae3c   ti_sysbios_BIOS_Module__diagsMask__C
0000afc0   ti_sysbios_BIOS_Module__id__C
20002b50   ti_sysbios_BIOS_Module__state__V
00009111   ti_sysbios_BIOS_RtsGateProxy_enter__E
00009115   ti_sysbios_BIOS_RtsGateProxy_leave__E
00009129   ti_sysbios_BIOS_RtsGateProxy_query__E
00007731   ti_sysbios_BIOS_errorRaiseHook__I
00008435   ti_sysbios_BIOS_exitFunc__I
00008dc1   ti_sysbios_BIOS_getCpuFreq__E
0000ae40   ti_sysbios_BIOS_installedErrorHook__C
00002e6b   ti_sysbios_BIOS_nullFunc__I
00008741   ti_sysbios_BIOS_registerRTSLock__I
00008971   ti_sysbios_BIOS_rtsLock__I
00006e91   ti_sysbios_BIOS_rtsUnlock__I
00008dd1   ti_sysbios_BIOS_setThreadType__E
00008839   ti_sysbios_BIOS_startFunc__I
00008de1   ti_sysbios_BIOS_start__E
20003304   ti_sysbios_family_arm_lm4_Timer_Module_State_0_device__A
20002b78   ti_sysbios_family_arm_lm4_Timer_Module_State_0_handles__A
20002b70   ti_sysbios_family_arm_lm4_Timer_Module__root__V
00008af5   ti_sysbios_family_arm_lm4_Timer_Module__startupDone__F
00008af5   ti_sysbios_family_arm_lm4_Timer_Module__startupDone__S
20002b90   ti_sysbios_family_arm_lm4_Timer_Module__state__V
0000720d   ti_sysbios_family_arm_lm4_Timer_Module_startup__E
0000720d   ti_sysbios_family_arm_lm4_Timer_Module_startup__F
20003260   ti_sysbios_family_arm_lm4_Timer_Object__table__V
0000ae44   ti_sysbios_family_arm_lm4_Timer_enableFunc__C
00006109   ti_sysbios_family_arm_lm4_Timer_enableTimers__I
00005f0d   ti_sysbios_family_arm_lm4_Timer_enableTiva__I
00009119   ti_sysbios_family_arm_lm4_Timer_getPeriod__E
0000714d   ti_sysbios_family_arm_lm4_Timer_isrStub__E
00008f59   ti_sysbios_family_arm_lm4_Timer_masterDisable__I
0000911d   ti_sysbios_family_arm_lm4_Timer_masterEnable__I
0000ae48   ti_sysbios_family_arm_lm4_Timer_numTimerDevices__C
000026e9   ti_sysbios_family_arm_lm4_Timer_start__E
0000ae4c   ti_sysbios_family_arm_lm4_Timer_startupNeeded__C
00007bb9   ti_sysbios_family_arm_lm4_Timer_startup__E
00007965   ti_sysbios_family_arm_lm4_Timer_stop__E
00008937   ti_sysbios_family_arm_lm4_Timer_write__I
0000ae50   ti_sysbios_family_arm_m3_Hwi_E_NMI__C
0000ae54   ti_sysbios_family_arm_m3_Hwi_E_alreadyDefined__C
0000ae58   ti_sysbios_family_arm_m3_Hwi_E_busFault__C
0000ae5c   ti_sysbios_family_arm_m3_Hwi_E_debugMon__C
0000ae60   ti_sysbios_family_arm_m3_Hwi_E_hardFault__C
0000ae64   ti_sysbios_family_arm_m3_Hwi_E_memFault__C
0000ae68   ti_sysbios_family_arm_m3_Hwi_E_noIsr__C
0000ae6c   ti_sysbios_family_arm_m3_Hwi_E_reserved__C
0000ae70   ti_sysbios_family_arm_m3_Hwi_E_svCall__C
0000ae74   ti_sysbios_family_arm_m3_Hwi_E_usageFault__C
00008b0d   ti_sysbios_family_arm_m3_Hwi_Handle__label__S
00008765   ti_sysbios_family_arm_m3_Hwi_Instance_finalize__F
00006675   ti_sysbios_family_arm_m3_Hwi_Instance_init__F
200027f0   ti_sysbios_family_arm_m3_Hwi_Module_State_0_dispatchTable__A
20002bbc   ti_sysbios_family_arm_m3_Hwi_Module_State_0_excActive__A
20002bc0   ti_sysbios_family_arm_m3_Hwi_Module_State_0_excContext__A
20002bc4   ti_sysbios_family_arm_m3_Hwi_Module_State_0_excStack__A
0000afc2   ti_sysbios_family_arm_m3_Hwi_Module__id__C
20002b9c   ti_sysbios_family_arm_m3_Hwi_Module__root__V
00008b25   ti_sysbios_family_arm_m3_Hwi_Module__startupDone__F
00008b25   ti_sysbios_family_arm_m3_Hwi_Module__startupDone__S
20003148   ti_sysbios_family_arm_m3_Hwi_Module__state__V
000061ad   ti_sysbios_family_arm_m3_Hwi_Module_startup__E
000061ad   ti_sysbios_family_arm_m3_Hwi_Module_startup__F
0000ae78   ti_sysbios_family_arm_m3_Hwi_NUM_INTERRUPTS__C
0000ac8c   ti_sysbios_family_arm_m3_Hwi_Object__DESC__C
0000ab28   ti_sysbios_family_arm_m3_Hwi_Object__PARAMS__C
00006b8d   ti_sysbios_family_arm_m3_Hwi_Object__create__S
0000898d   ti_sysbios_family_arm_m3_Hwi_Object__destruct__S
20002ba4   ti_sysbios_family_arm_m3_Hwi_Object__table__V
00008f65   ti_sysbios_family_arm_m3_Hwi_Params__init__S
0000ae7c   ti_sysbios_family_arm_m3_Hwi_ccr__C
00008f71   ti_sysbios_family_arm_m3_Hwi_disableFxn__E
000079a9   ti_sysbios_family_arm_m3_Hwi_disableInterrupt__E
00007375   ti_sysbios_family_arm_m3_Hwi_dispatchC__I
0000ae80   ti_sysbios_family_arm_m3_Hwi_dispatchTable__C
00004471   ti_sysbios_family_arm_m3_Hwi_dispatch__I
0000446f   ti_sysbios_family_arm_m3_Hwi_doSwiRestore__I
00008859   ti_sysbios_family_arm_m3_Hwi_doTaskRestore__I
000079ed   ti_sysbios_family_arm_m3_Hwi_enableInterrupt__E
00003651   ti_sysbios_family_arm_m3_Hwi_excBusFault__I
00005e5d   ti_sysbios_family_arm_m3_Hwi_excDebugMon__I
00001269   ti_sysbios_family_arm_m3_Hwi_excDumpRegs__I
00004585   ti_sysbios_family_arm_m3_Hwi_excHandlerAsm__I
0000ae84   ti_sysbios_family_arm_m3_Hwi_excHandlerFunc__C
000028f5   ti_sysbios_family_arm_m3_Hwi_excHandlerMax__I
00008df1   ti_sysbios_family_arm_m3_Hwi_excHandler__I
00005cf5   ti_sysbios_family_arm_m3_Hwi_excHardFault__I
0000adfc   ti_sysbios_family_arm_m3_Hwi_excHookFuncs__A
0000ae88   ti_sysbios_family_arm_m3_Hwi_excHookFuncs__C
00003d0d   ti_sysbios_family_arm_m3_Hwi_excMemFault__I
00008141   ti_sysbios_family_arm_m3_Hwi_excNmi__I
00007e19   ti_sysbios_family_arm_m3_Hwi_excNoIsr__I
00007779   ti_sysbios_family_arm_m3_Hwi_excReserved__I
00007cf5   ti_sysbios_family_arm_m3_Hwi_excSvCall__I
00003a71   ti_sysbios_family_arm_m3_Hwi_excUsageFault__I
00007e51   ti_sysbios_family_arm_m3_Hwi_getStackInfo__E
000053ed   ti_sysbios_family_arm_m3_Hwi_initNVIC__E
00008635   ti_sysbios_family_arm_m3_Hwi_initStacks__E
e000e000   ti_sysbios_family_arm_m3_Hwi_nvic
00004547   ti_sysbios_family_arm_m3_Hwi_pendSV__I
0000ae8c   ti_sysbios_family_arm_m3_Hwi_priGroup__C
[...]
000089fd   motorsDisable
00008a17   xdc_runtime_System_aprintf__E
00008a31   xdc_runtime_System_printf__E
00008a4b   GPIOPinTypeGPIOOutput
00008a63   Gyro_Init
00008a7b   UARTUtils_deviceclose
00008a95   UART_open
00008aad   free
00008ac5   _args_main
00008add   strcmp
00008af5   ti_sysbios_family_arm_lm4_Timer_Module__startupDone__F
00008af5   ti_sysbios_family_arm_lm4_Timer_Module__startupDone__S
00008b0d   ti_sysbios_family_arm_m3_Hwi_Handle__label__S
00008b25   ti_sysbios_family_arm_m3_Hwi_Module__startupDone__F
00008b25   ti_sysbios_family_arm_m3_Hwi_Module__startupDone__S
00008b3d   ti_sysbios_family_arm_m3_TaskSupport_swap__E
00008b3d   ti_sysbios_knl_Task_SupportProxy_swap__E
00008b49   ti_sysbios_knl_Task_swapReturn
00008b55   ti_sysbios_gates_GateHwi_Handle__label__S
00008b6d   ti_sysbios_gates_GateMutex_Handle__label__S
00008b85   ti_sysbios_gates_GateMutex_leave__E
00008b9d   ti_sysbios_hal_Timer_Module__startupDone__F
00008b9d   ti_sysbios_hal_Timer_Module__startupDone__S
00008bb5   ti_sysbios_heaps_HeapMem_Handle__label__S
00008bcd   ti_sysbios_knl_Task_Handle__label__S
00008be5   xdc_runtime_Text_ropeText__E
00008be5   xdc_runtime_Text_ropeText__F
00008bfd   strchr
00008c15   GPIO_clearInt
00008c29   SysCtlPWMClockSet
00008c3d   UARTEnable
00008c51   UARTUtils_systemReady
00008c65   _register_unlock
00008c6b   _register_lock
00008c73   _nop
00008c79   strlen
00008c8d   ti_sysbios_family_arm_m3_Hwi_switchFromBootStack__E
00008c8d   ti_sysbios_hal_Hwi_HwiProxy_switchFromBootStack__E
00008c8d   ti_sysbios_hal_Hwi_switchFromBootStack__E
00008ca1   ti_sysbios_heaps_HeapMem_Object__get__S
00008cb5   xdc_runtime_System_abort__E
00008cb5   xdc_runtime_System_abort__F
00008cc9   GPIOPinTypeGPIOInput
00008cdb   GPIOPinTypeI2C
00008ced   GPIOPinTypeI2CSCL
00008cff   GPIOPinTypePWM
00008d11   GPIOPinTypeUART
00008d23   PWMOutputState
00008d35   UARTUtils_devicelseek
00008d47   __TI_zero_init
00008d59   ti_sysbios_hal_Hwi_Module_startup__E
00008d59   ti_sysbios_hal_Hwi_Module_startup__F
00008d6b   ti_sysbios_hal_Timer_Module_startup__E
00008d6b   ti_sysbios_hal_Timer_Module_startup__F
00008d7d   xdc_runtime_Startup_exec__I
00008d8f   PWMGenPeriodSet
00008d9f   UARTUtils_devicerename
00008daf   strcpy
00008dc1   ti_sysbios_BIOS_getCpuFreq__E
00008dd1   ti_sysbios_BIOS_setThreadType__E
00008de1   ti_sysbios_BIOS_start__E
00008df1   ti_sysbios_family_arm_m3_Hwi_excHandler__I
00008e01   ti_sysbios_family_arm_m3_TaskSupport_glue
00008e11   ti_sysbios_gates_GateMutex_Instance_finalize__F
00008e21   ti_sysbios_knl_Semaphore_Instance_finalize__F
00008e31   ti_sysbios_knl_Task_Object__get__S
00008e41   ti_sysbios_knl_Task_disable__E
00008e51   xdc_runtime_Gate_leaveSystem__E
00008e51   xdc_runtime_Gate_leaveSystem__F
00008e61   xdc_runtime_Memory_free__E
00008e61   xdc_runtime_Memory_free__F
00008e71   xdc_runtime_SysCallback_abort__E
00008e71   xdc_runtime_SysCallback_abort__F
00008e71   xdc_runtime_System_SupportProxy_abort__E
00008e81   xdc_runtime_SysCallback_exit__E
00008e81   xdc_runtime_SysCallback_exit__F
00008e81   xdc_runtime_System_SupportProxy_exit__E
00008e91   xdc_runtime_SysCallback_flush__E
00008e91   xdc_runtime_SysCallback_flush__F
00008e91   xdc_runtime_System_SupportProxy_flush__E
00008e91   xdc_runtime_System_flush__E
00008e91   xdc_runtime_System_flush__F
00008ea1   xdc_runtime_SysCallback_putch__E
00008ea1   xdc_runtime_SysCallback_putch__F
00008ea1   xdc_runtime_System_SupportProxy_putch__E
00008eb1   xdc_runtime_SysCallback_ready__E
00008eb1   xdc_runtime_SysCallback_ready__F
00008eb1   xdc_runtime_System_SupportProxy_ready__E
00008ec1   xdc_runtime_System_vsnprintf__F
00008ed1   GPIOIntDisable
00008edf   GPIOIntStatus
00008eed   UARTCharGetNonBlocking
00008efb   UARTCharPutNonBlocking
00008f09   UARTUtils_deviceunlink
00008f17   __TI_decompress_none
00008f25   ti_sysbios_knl_Queue_empty__E
00008f35   ti_catalog_arm_cortexm4_tiva_ce_Boot_init__I
00008f41   GPIOIntEnable
00008f4d   PWMGenEnable
00008f59   ti_sysbios_family_arm_lm4_Timer_masterDisable__I
00008f65   ti_sysbios_family_arm_m3_Hwi_Params__init__S
00008f71   ti_sysbios_family_arm_m3_Hwi_disableFxn__E
00008f71   ti_sysbios_hal_Hwi_HwiProxy_disable__E
00008f71   ti_sysbios_hal_Hwi_disable__E
00008f7d   ti_sysbios_gates_GateHwi_enter__E
00008f89   ti_sysbios_knl_Clock_getTicks__E
00008f95   ti_sysbios_knl_Queue_Object__get__S
00008fa1   ti_sysbios_knl_Semaphore_Params__init__S
00008fad   xdc_runtime_Error_init__E
00008fad   xdc_runtime_Error_init__F
00008fb9   xdc_runtime_Gate_enterSystem__E
00008fb9   xdc_runtime_Gate_enterSystem__F
00008fc5   xdc_runtime_Memory_calloc__E
00008fc5   xdc_runtime_Memory_calloc__F
00008fd1   xdc_runtime_Memory_getMaxDefaultTypeAlign__E
00008fd1   xdc_runtime_Memory_getMaxDefaultTypeAlign__F
00008fdd   xdc_runtime_System_exit__E
00008fdd   xdc_runtime_System_exit__F
00008fe9   xdc_runtime_System_lastFxn__I
00008ff5   I2CMasterEnable
00008fff   UARTCharGet
00009009   UARTCharPut
00009013   UARTIntDisable
0000901d   UARTIntStatus
00009027   UART_close
00009031   UART_read
0000903b   UART_write
00009045   UART_writePolling
00009063   xdc_runtime_Text_visitRope__I
0000906d   I2CMasterBusy
00009075   I2CMasterSlaveAddrSet
0000907d   UARTIntEnable
00009095   ti_sysbios_family_arm_m3_Hwi_startup__E
00009095   ti_sysbios_hal_Hwi_HwiProxy_startup__E
00009095   ti_sysbios_hal_Hwi_startup__E
0000909d   ti_sysbios_knl_Idle_loop__E
000090ad   GPIOIntClear
000090b3   GPIOPinRead
000090b9   GPIOPinWrite
000090bf   SysCtlDelay
000090c5   UARTFIFOLevelSet
000090cb   __xdc__init
000090d1   __TI_decompress_rle24
000090d7   ti_catalog_arm_cortexm4_tiva_ce_Boot_sysCtlDelayI__I
000090dd   ti_sysbios_family_arm_m3_Hwi_restoreFxn__E
000090dd   ti_sysbios_hal_Hwi_HwiProxy_restore__E
000090dd   ti_sysbios_hal_Hwi_restore__E
000090e3   ti_sysbios_gates_GateHwi_leave__E
000090e9   ti_sysbios_heaps_HeapMem_isBlocking__E
000090ef   ti_sysbios_knl_Queue_Instance_init__F
000090f5   ti_sysbios_knl_Swi_Module_startup__E
000090f5   ti_sysbios_knl_Swi_Module_startup__F
000090fb   xdc_runtime_System_Module_startup__E
000090fb   xdc_runtime_System_Module_startup__F
00009101   I2CMasterControl
00009105   I2CMasterDataGet
00009109   I2CMasterDataPut
0000910d   UARTIntClear
00009111   ti_sysbios_BIOS_RtsGateProxy_enter__E
00009115   ti_sysbios_BIOS_RtsGateProxy_leave__E
00009119   ti_sysbios_family_arm_lm4_Timer_getPeriod__E
0000911d   ti_sysbios_family_arm_lm4_Timer_masterEnable__I
00009121   ti_sysbios_family_arm_m3_TaskSupport_Module__startupDone__S
00009125   ti_sysbios_gates_GateHwi_query__E
00009125   ti_sysbios_gates_GateHwi_query__F
00009125   xdc_runtime_Main_Module_GateProxy_query__E
00009125   xdc_runtime_System_Module_GateProxy_query__E
00009129   ti_sysbios_BIOS_RtsGateProxy_query__E
00009129   ti_sysbios_gates_GateMutex_query__E
00009129   ti_sysbios_gates_GateMutex_query__F
00009129   ti_sysbios_heaps_HeapMem_Module_GateProxy_query__E
0000912d   ti_sysbios_hal_Hwi_HwiProxy_Module__startupDone__S
00009131   ti_sysbios_hal_Timer_TimerProxy_Module__startupDone__S
00009135   ti_sysbios_hal_Timer_TimerProxy_getPeriod__E
00009139   ti_sysbios_heaps_HeapMem_Module_GateProxy_enter__E
0000913d   ti_sysbios_heaps_HeapMem_Module_GateProxy_leave__E
00009141   ti_sysbios_knl_Task_SupportProxy_Module__startupDone__S
00009145   ti_sysbios_knl_Task_startup__E
00009149   xdc_runtime_Error_getSite__E
00009149   xdc_runtime_Error_getSite__F
0000914d   xdc_runtime_Memory_HeapProxy_alloc__E
00009151   xdc_runtime_Memory_HeapProxy_free__E
00009155   xdc_runtime_System_Module_GateProxy_enter__E
00009159   xdc_runtime_System_Module_GateProxy_leave__E
0000915d   xdc_runtime_System_aprintf_va__F
00009161   xdc_runtime_System_printf_va__F
00009165   xdc_runtime_System_vsnprintf__E
00009168   xdc_runtime_Text_charTab__A
0000a72f   ti_sysbios_family_arm_m3_Hwi_priorities__A
0000a807   xdc_runtime_Error_policy__C
0000a920   gpioHWAttrs
0000aac8   i2cTivaHWAttrs
0000aad8   uartTivaHWAttrs
0000aae0   UART_config
0000aaf8   GPIO_config
0000ab28   ti_sysbios_family_arm_m3_Hwi_Object__PARAMS__C
0000ab58   EK_TM4C123GXL_gpioPortACallbacks
0000ab84   EK_TM4C123GXL_gpioPortFCallbacks
0000abb0   ti_sysbios_heaps_HeapMem_Module__FXNS__C
0000abd8   UARTTiva_fxnTable
0000abfc   ti_sysbios_gates_GateHwi_Module__FXNS__C
0000ac20   ti_sysbios_gates_GateMutex_Module__FXNS__C
0000ac44   ti_sysbios_heaps_HeapMem_Object__PARAMS__C
0000ac68   ti_sysbios_knl_Semaphore_Object__PARAMS__C
0000ac8c   ti_sysbios_family_arm_m3_Hwi_Object__DESC__C
0000acac   ti_sysbios_gates_GateHwi_Object__DESC__C
0000accc   ti_sysbios_gates_GateMutex_Object__DESC__C
0000acec   ti_sysbios_heaps_HeapMem_Object__DESC__C
0000ad0c   ti_sysbios_knl_Queue_Object__DESC__C
0000ad2c   ti_sysbios_knl_Semaphore_Object__DESC__C
0000ad4c   xdc_runtime_Startup_sfxnTab__A
0000ad6c   ti_sysbios_gates_GateHwi_Object__PARAMS__C
0000ad84   ti_sysbios_gates_GateMutex_Object__PARAMS__C
0000ad9c   ti_sysbios_knl_Queue_Object__PARAMS__C
0000adb4   xdc_runtime_Startup_firstFxns__A
0000adda   xdc_runtime_Startup_sfxnRts__A
0000adea   xdc_runtime_Text_nodeTab__A
0000adfa   ti_catalog_arm_cortexm4_tiva_ce_Boot_Module__id__C
0000adfc   ti_sysbios_family_arm_m3_Hwi_excHookFuncs__A
0000ae04   ti_sysbios_knl_Idle_coreList__C
0000ae0c   ti_sysbios_knl_Idle_funcList__C
0000ae14   xdc_runtime_Startup_firstFxns__C
0000ae1c   xdc_runtime_Startup_lastFxns__C
0000ae24   ti_catalog_arm_cortexm4_tiva_ce_Boot_A_mustUseEnhancedClockMode__C
0000ae28   ti_catalog_arm_cortexm4_tiva_ce_Boot_Module__diagsEnabled__C
0000ae2c   ti_catalog_arm_cortexm4_tiva_ce_Boot_Module__diagsIncluded__C
0000ae30   ti_catalog_arm_cortexm4_tiva_ce_Boot_Module__diagsMask__C
0000ae34   ti_sysbios_BIOS_Module__diagsEnabled__C
0000ae38   ti_sysbios_BIOS_Module__diagsIncluded__C
0000ae3c   ti_sysbios_BIOS_Module__diagsMask__C
0000ae40   ti_sysbios_BIOS_installedErrorHook__C
0000ae44   ti_sysbios_family_arm_lm4_Timer_enableFunc__C
0000ae48   ti_sysbios_family_arm_lm4_Timer_numTimerDevices__C
0000ae4c   ti_sysbios_family_arm_lm4_Timer_startupNeeded__C
0000ae50   ti_sysbios_family_arm_m3_Hwi_E_NMI__C
0000ae54   ti_sysbios_family_arm_m3_Hwi_E_alreadyDefined__C
0000ae58   ti_sysbios_family_arm_m3_Hwi_E_busFault__C
0000ae5c   ti_sysbios_family_arm_m3_Hwi_E_debugMon__C
0000ae60   ti_sysbios_family_arm_m3_Hwi_E_hardFault__C
0000ae64   ti_sysbios_family_arm_m3_Hwi_E_memFault__C
0000ae68   ti_sysbios_family_arm_m3_Hwi_E_noIsr__C
0000ae6c   ti_sysbios_family_arm_m3_Hwi_E_reserved__C
0000ae70   ti_sysbios_family_arm_m3_Hwi_E_svCall__C
0000ae74   ti_sysbios_family_arm_m3_Hwi_E_usageFault__C
0000ae78   ti_sysbios_family_arm_m3_Hwi_NUM_INTERRUPTS__C
0000ae7c   ti_sysbios_family_arm_m3_Hwi_ccr__C
0000ae80   ti_sysbios_family_arm_m3_Hwi_dispatchTable__C
0000ae84   ti_sysbios_family_arm_m3_Hwi_excHandlerFunc__C
0000ae88   ti_sysbios_family_arm_m3_Hwi_excHookFuncs__C
0000ae8c   ti_sysbios_family_arm_m3_Hwi_priGroup__C
0000ae90   ti_sysbios_family_arm_m3_Hwi_priorities__C
0000ae94   ti_sysbios_gates_GateMutex_A_badContext__C
0000ae98   ti_sysbios_gates_GateMutex_Instance_State_sem__O
0000ae9c   ti_sysbios_gates_GateMutex_Module__diagsEnabled__C
0000aea0   ti_sysbios_gates_GateMutex_Module__diagsIncluded__C
0000aea4   ti_sysbios_gates_GateMutex_Module__diagsMask__C
0000aea8   ti_sysbios_heaps_HeapMem_A_align__C
0000aeac   ti_sysbios_heaps_HeapMem_A_heapSize__C
0000aeb0   ti_sysbios_heaps_HeapMem_A_invalidFree__C
0000aeb4   ti_sysbios_heaps_HeapMem_A_zeroBlock__C
0000aeb8   ti_sysbios_heaps_HeapMem_E_memory__C
0000aebc   ti_sysbios_heaps_HeapMem_Module__diagsEnabled__C
0000aec0   ti_sysbios_heaps_HeapMem_Module__diagsIncluded__C
0000aec4   ti_sysbios_heaps_HeapMem_Module__diagsMask__C
0000aec8   ti_sysbios_heaps_HeapMem_Module__gateObj__C
0000aecc   ti_sysbios_heaps_HeapMem_Object__count__C
0000aed0   ti_sysbios_heaps_HeapMem_reqAlign__C
0000aed4   ti_sysbios_knl_Clock_Module_State_clockQ__O
0000aed8   ti_sysbios_knl_Semaphore_A_badContext__C
0000aedc   ti_sysbios_knl_Semaphore_A_noEvents__C
0000aee0   ti_sysbios_knl_Semaphore_A_overflow__C
0000aee4   ti_sysbios_knl_Semaphore_A_pendTaskDisabled__C
0000aee8   ti_sysbios_knl_Semaphore_Instance_State_pendQ__O
0000aeec   ti_sysbios_knl_Semaphore_Module__diagsEnabled__C
0000aef0   ti_sysbios_knl_Semaphore_Module__diagsIncluded__C
0000aef4   ti_sysbios_knl_Semaphore_Module__diagsMask__C
0000aef8   ti_sysbios_knl_Task_A_badTimeout__C
0000aefc   ti_sysbios_knl_Task_A_sleepTaskDisabled__C
0000af00   ti_sysbios_knl_Task_Module_State_inactiveQ__O
0000af04   ti_sysbios_knl_Task_Module__diagsEnabled__C
0000af08   ti_sysbios_knl_Task_Module__diagsIncluded__C
0000af0c   ti_sysbios_knl_Task_Module__diagsMask__C
0000af10   ti_sysbios_knl_Task_Object__count__C
0000af14   ti_sysbios_knl_Task_allBlockedFunc__C
0000af18   ti_sysbios_knl_Task_numConstructedTasks__C
0000af1c   xdc_runtime_Assert_E_assertFailed__C
0000af20   xdc_runtime_Core_A_initializedParams__C
0000af24   xdc_runtime_Core_Module__diagsEnabled__C
0000af28   xdc_runtime_Core_Module__diagsIncluded__C
0000af2c   xdc_runtime_Core_Module__diagsMask__C
0000af30   xdc_runtime_Error_E_memory__C
0000af34   xdc_runtime_Error_Module__diagsEnabled__C
0000af38   xdc_runtime_Error_Module__diagsIncluded__C
0000af3c   xdc_runtime_Error_Module__diagsMask__C
0000af40   xdc_runtime_Error_Module__loggerFxn8__C
0000af44   xdc_runtime_Error_Module__loggerObj__C
0000af48   xdc_runtime_Error_raiseHook__C
0000af4c   xdc_runtime_IGateProvider_Interface__BASE__C
0000af50   xdc_runtime_IHeap_Interface__BASE__C
0000af54   xdc_runtime_IModule_Interface__BASE__C
0000af58   xdc_runtime_Log_L_error__C
0000af5c   xdc_runtime_Main_Module__diagsEnabled__C
0000af60   xdc_runtime_Main_Module__diagsIncluded__C
0000af64   xdc_runtime_Main_Module__diagsMask__C
0000af68   xdc_runtime_Main_Module__loggerFxn2__C
0000af6c   xdc_runtime_Main_Module__loggerObj__C
0000af70   xdc_runtime_Memory_defaultHeapInstance__C
0000af74   xdc_runtime_Startup_execImpl__C
0000af78   xdc_runtime_Startup_lastFxns__A
0000af7c   xdc_runtime_Startup_maxPasses__C
0000af80   xdc_runtime_Startup_sfxnRts__C
0000af84   xdc_runtime_Startup_sfxnTab__C
0000af88   xdc_runtime_SysCallback_abortFxn__C
0000af8c   xdc_runtime_SysCallback_exitFxn__C
0000af90   xdc_runtime_SysCallback_flushFxn__C
0000af94   xdc_runtime_SysCallback_putchFxn__C
0000af98   xdc_runtime_SysCallback_readyFxn__C
0000af9c   xdc_runtime_System_Module__gateObj__C
0000afa0   xdc_runtime_System_extendFxn__C
0000afa4   xdc_runtime_System_maxAtexitHandlers__C
0000afa8   xdc_runtime_Text_charTab__C
0000afac   xdc_runtime_Text_nameEmpty__C
0000afb0   xdc_runtime_Text_nameStatic__C
0000afb4   xdc_runtime_Text_nameUnknown__C
0000afb8   xdc_runtime_Text_nodeTab__C
0000afbc   xdc_runtime_Text_visitRopeFxn__C
0000afc0   ti_sysbios_BIOS_Module__id__C
0000afc2   ti_sysbios_family_arm_m3_Hwi_Module__id__C
0000afc4   ti_sysbios_gates_GateMutex_Module__id__C
0000afc6   ti_sysbios_heaps_HeapMem_Module__id__C
0000afc8   ti_sysbios_knl_Semaphore_Module__id__C
0000afca   ti_sysbios_knl_Task_Module__id__C
0000afcc   ti_sysbios_knl_Task_initStackFlag__C
0000afce   xdc_runtime_Core_Module__id__C
0000afd0   xdc_runtime_Error_Module__loggerDefined__C
0000afd2   xdc_runtime_Error_maxDepth__C
0000afd4   xdc_runtime_Main_Module__id__C
0000afd6   xdc_runtime_Main_Module__loggerDefined__C
0000afd8   xdc_runtime_Memory_Module__id__C
0000afda   xdc_runtime_Text_charCnt__C
0000afdc   xdc_runtime_Text_isLoaded__C
0000afde   xdc_runtime_Text_registryModsLastId__C
0000afe0   xdc_runtime_Text_unnamedModsLastId__C
0000b364   __TI_Handler_Table_Base
0000b370   __TI_Handler_Table_Limit
0000b380   __TI_CINIT_Base
0000b398   __TI_CINIT_Limit
20000000   ti_sysbios_family_arm_m3_Hwi_ramVectors
20000360   ti_sysbios_knl_Task_Instance_State_0_stack__A
20000b60   ti_sysbios_knl_Task_Instance_State_1_stack__A
20001160   ti_sysbios_knl_Task_Instance_State_2_stack__A
20001960   ti_sysbios_knl_Task_Instance_State_3_stack__A
20002160   ti_sysbios_heaps_HeapMem_Instance_State_0_buf__A
20002560   __CIOBUF_
20002680   __TI_tmpnams
20002720   uartTivaObjects
200027a8   callbackHwi
200027c4   callbackHwi2
200027e8   ui32Load
200027ec   ui32PWMClock
200027f0   ti_sysbios_family_arm_m3_Hwi_Module_State_0_dispatchTable__A
20002b50   ti_sysbios_BIOS_Module__state__V
20002b70   ti_sysbios_family_arm_lm4_Timer_Module__root__V
20002b78   ti_sysbios_family_arm_lm4_Timer_Module_State_0_handles__A
20002b90   ti_sysbios_family_arm_lm4_Timer_Module__state__V
20002b9c   ti_sysbios_family_arm_m3_Hwi_Module__root__V
20002ba4   ti_sysbios_family_arm_m3_Hwi_Object__table__V
20002bbc   ti_sysbios_family_arm_m3_Hwi_Module_State_0_excActive__A
20002bc0   ti_sysbios_family_arm_m3_Hwi_Module_State_0_excContext__A
20002bc4   ti_sysbios_family_arm_m3_Hwi_Module_State_0_excStack__A
20002bc8   ti_sysbios_gates_GateHwi_Module__root__V
20002bd0   ti_sysbios_gates_GateHwi_Object__table__V
20002bd4   ti_sysbios_gates_GateMutex_Module__root__V
20002bdc   ti_sysbios_hal_Hwi_Module__root__V
20002be4   ti_sysbios_hal_Timer_Module__root__V
20002bec   ti_sysbios_hal_Timer_Object__table__V
20002bf4   ti_sysbios_heaps_HeapMem_Module__root__V
20002bfc   ti_sysbios_heaps_HeapMem_Object__table__V
20002c14   ti_sysbios_knl_Clock_Module__root__V
20002c1c   ti_sysbios_knl_Queue_Module__root__V
20002c24   ti_sysbios_knl_Semaphore_Module__root__V
20002c2c   ti_sysbios_knl_Swi_Module__root__V
20002c34   ti_sysbios_knl_Swi_Module_State_0_readyQ__A
20002c3c   ti_sysbios_knl_Swi_Module__state__V
20002c58   ti_sysbios_knl_Task_Module__root__V
20002c60   ti_sysbios_knl_Task_Module_State_0_readyQ__A
20002c80   ti_sysbios_knl_Task_Module_State_0_idleTask__A
20002c84   xdc_runtime_Error_Module__state__V
20002c88   xdc_runtime_Memory_Module__state__V
20002c8c   xdc_runtime_Registry_Module__state__V
20002c94   xdc_runtime_Startup_Module__state__V
20002c9c   xdc_runtime_System_Module_State_0_atexitHandlers__A
20002ca4   xdc_runtime_System_Module__state__V
20002cb0   xdc_runtime_Text_Module__state__V
20002cb8   __xdc__init__addr
20002cbc   ti_sysbios_knl_Task_Object__table__V
20002da0   TSK_idle
20002dec   _ftable
20003060   _Denorm
20003070   _Eps
20003080   _Hugeval
20003090   _Inf
200030a0   _Nan
200030b0   _Snan
200030c0   _Rteps
200030d0   _Xbig
200030d8   _Zero
200030e0   _FDenorm
200030f0   _FEps
20003100   _FInf
20003110   _FNan
20003120   _FSnan
20003130   _FRteps
20003140   _FXbig
20003144   _FZero
20003148   ti_sysbios_family_arm_m3_Hwi_Module__state__V
200031a4   ti_sysbios_knl_Task_Module__state__V
200031e8   Gyro_Memory
20003224   RxData
20003260   ti_sysbios_family_arm_lm4_Timer_Object__table__V
20003298   ti_sysbios_gates_GateMutex_Object__table__V
200032d0   controlData
20003304   ti_sysbios_family_arm_lm4_Timer_Module_State_0_device__A
20003334   ti_sysbios_knl_Clock_Module__state__V
2000335c   IMUdata
20003398   Gyro_Offset
200033a4   Magn_Offset
200033b0   State
200033c0   __TI_ft_end
200033c4   __aeabi_stdin
200033c8   __aeabi_stdout
200033cc   __aeabi_stderr
200033d8   _lock
200033dc   _unlock
200033e0   __TI_cleanup_ptr
200033e4   __TI_dtors_ptr
200033e8   _Fenv
200033ec   _Tls_setup__Fenv
200033f4   _Errno
200033fc   main_func_sp
20003404   RXChannelLock
20003405   currentRXChannel
20003408   __stack
20003508   __STACK_TOP
20003a08   __STACK_END
e000e000   ti_sysbios_family_arm_m3_Hwi_nvic
ffffffff   __binit__
ffffffff   __c_args__
ffffffff   binit
UNDEFED    SHT$$INIT_ARRAY$$Base
UNDEFED    SHT$$INIT_ARRAY$$Limit

[737 symbols]
