******************************************************************************
                  TI ARM Linker PC v5.1.1                      
******************************************************************************
>> Linked Mon Mar 17 12:14:38 2014

OUTPUT FILE NAME:   <KIRC_FltCmp_Software.out>
ENTRY POINT SYMBOL: "_c_int00"  address: 00008a9d


MEMORY CONFIGURATION

         name            origin    length      used     unused   attr    fill
----------------------  --------  ---------  --------  --------  ----  --------
  FLASH                 00000000   00040000  0000cd60  000332a0  R  X
  SRAM                  20000000   00008000  00003a06  000045fa  RW X


SEGMENT ALLOCATION MAP

run origin  load origin   length   init length attrs members
----------  ----------- ---------- ----------- ----- -------
00000000    00000000    0000cd68   0000cd68    r-x
  00000000    00000000    00000360   00000360    r-- .resetVecs
  00000360    00000360    0000a6cc   0000a6cc    r-x .text
  0000aa30    0000aa30    00001f7c   00001f7c    r-- .const
  0000c9b0    0000c9b0    000003b8   000003b8    r-- .cinit
20000000    20000000    00003a08   00000000    rw-
  20000000    20000000    00000360   00000000    rw- .vecs
  20000360    20000360    00002490   00000000    rw- .bss
  200027f0    200027f0    00000c16   00000000    rw- .data
  20003408    20003408    00000600   00000000    rw- .stack


SECTION ALLOCATION MAP

 output                                  attributes/
section   page    origin      length       input sections
--------  ----  ----------  ----------   ----------------
.bootVecs 
*          0    00000000    00000008     DSECT
                  00000000    00000008     boot.aem4f : boot.oem4f (.bootVecs)

.resetVecs 
*          0    00000000    00000360     
                  00000000    00000360     KIRC_FltCmp_RTOS_pem4f.oem4f (.resetVecs)

xdc.meta   0    00000000    00000108     COPY SECTION
                  00000000    00000108     KIRC_FltCmp_RTOS_pem4f.oem4f (xdc.meta)

.text      0    00000360    0000a6cc     
                  00000360    00000e8c     rtsv7M4_T_le_v4SPD16_eabi.lib : _printfi.obj (.text)
                  000011ec    00000a9c     quaternion.obj (.text:Update_State)
                  00001c88    000005dc     Main.obj (.text:ControlFxn)
                  00002264    0000042c     sysbios.aem4f : BIOS.obj (.text:ti_sysbios_family_arm_m3_Hwi_excDumpRegs__I)
                  00002690    00000344     ti.targets.arm.rtsarm.aem4f : System.oem4f (.text:xdc_runtime_System_doPrint__I)
                  000029d4    00000310     rtsv7M4_T_le_v4SPD16_eabi.lib : lowlev.obj (.text)
                  00002ce4    000002d4                                   : trgdrv.obj (.text)
                  00002fb8    000002b0     sysbios.aem4f : BIOS.obj (.text:ti_sysbios_knl_Semaphore_pend__E)
                  00003268    00000248                   : BIOS.obj (.text:ti_sysbios_heaps_HeapMem_free__E)
                  000034b0    00000234                   : BIOS.obj (.text:ti_sysbios_heaps_HeapMem_alloc__E)
                  000036e4    0000020c                   : BIOS.obj (.text:ti_sysbios_family_arm_lm4_Timer_start__E)
                  000038f0    00000200                   : BIOS.obj (.text:ti_sysbios_family_arm_m3_Hwi_excHandlerMax__I)
                  00003af0    000001f4     rtsv7M4_T_le_v4SPD16_eabi.lib : ull_div_t2.obj (.text)
                  00003ce4    000001e8     RxFunctions.obj (.text:ProcessRxData)
                  00003ecc    000001c0     rtsv7M4_T_le_v4SPD16_eabi.lib : fopen.obj (.text)
                  0000408c    000001b6                                   : fd_add_t2.obj (.text)
                  00004242    00000002     sysbios.aem4f : BIOS.obj (.text:ti_sysbios_BIOS_nullFunc__I)
                  00004244    000001b4                   : BIOS.obj (.text:ti_sysbios_knl_Task_sleep__E)
                  000043f8    00000190                   : BIOS.obj (.text:ti_sysbios_knl_Task_Module_startup__F)
                  00004588    0000018c     rtsv7M4_T_le_v4SPD16_eabi.lib : xatan.obj (.text)
                  00004714    00000188     sensors.obj (.text:Filter_GyroData)
                  0000489c    00000168     sysbios.aem4f : BIOS.obj (.text:ti_sysbios_family_arm_m3_Hwi_excBusFault__I)
                  00004a04    0000015c     sensors.obj (.text:Read_Gyro)
                  00004b60    0000015c     uart_tivaware.aem4f : UARTTiva.oem4f (.text:UARTTiva_open)
                  00004cbc    00000154     sysbios.aem4f : BIOS.obj (.text:ti_sysbios_family_arm_m3_Hwi_excUsageFault__I)
                  00004e10    00000148     rtsv7M4_T_le_v4SPD16_eabi.lib : sqrt.obj (.text)
                  00004f58    00000140     Main.obj (.text:ReadInputFxn)
                  00005098    00000140     sysbios.aem4f : BIOS.obj (.text:ti_sysbios_family_arm_m3_Hwi_excMemFault__I)
                  000051d8    0000013c     sensors.obj (.text:Calib_Gyro)
                  00005314    0000013c     motors.obj (.text:motors_init)
                  00005450    0000013c     ti.targets.arm.rtsarm.aem4f : Error.oem4f (.text:xdc_runtime_Error_raiseX__F)
                  0000558c    00000138     sysbios.aem4f : BIOS.obj (.text:ti_sysbios_heaps_HeapMem_Instance_init__F)
                  000056c4    00000136     rtsv7M4_T_le_v4SPD16_eabi.lib : fd_div_t2.obj (.text)
                  000057fa    00000002     sysbios.aem4f : BIOS.obj (.text:ti_sysbios_family_arm_m3_Hwi_doSwiRestore__I)
                  000057fc    00000134     rtsv7M4_T_le_v4SPD16_eabi.lib : fputs.obj (.text)
                  00005930    00000134     sysbios.aem4f : m3_Hwi_asm.obj (.text:ti_sysbios_family_arm_m3_Hwi_dispatch__I)
                  00005a64    00000130     driverlib.lib : gpio.obj (.text:GPIOPadConfigSet)
                  00005b94    00000124     uart_tivaware.aem4f : UARTTiva.oem4f (.text:UARTTiva_hwiIntFxn)
                  00005cb8    0000011c     rtsv7M4_T_le_v4SPD16_eabi.lib : asin.obj (.text)
                  00005dd4    00000110                                   : xdscale.obj (.text)
                  00005ee4    0000010c     Boot.aem4f : Boot_sysctl.oem4f (.text:ti_catalog_arm_cortexm4_tiva_ce_Boot_sysCtlClockSetI__I)
                  00005ff0    00000108     UARTUtils.obj (.text:openHandle)
                  000060f8    00000104     ti.targets.arm.rtsarm.aem4f : Core-mem.oem4f (.text:xdc_runtime_Core_createObject__I)
                  000061fc    00000104     KIRC_FltCmp_RTOS_pem4f.oem4f (.text:xdc_runtime_System_printfExtend__I)
                  00006300    000000fc     rtsv7M4_T_le_v4SPD16_eabi.lib : fd_mul_t2.obj (.text)
                  000063fc    000000f8     ti.targets.arm.rtsarm.aem4f : Startup.oem4f (.text:xdc_runtime_Startup_startMods__I)
                  000064f4    000000f4     rtsv7M4_T_le_v4SPD16_eabi.lib : dtor_list.obj (.text)
                  000065e8    000000f0     Main.obj (.text:main)
                  000066d8    000000ec     sysbios.aem4f : BIOS.obj (.text:ti_sysbios_knl_Semaphore_post__E)
                  000067c4    000000e8     EK_TM4C123GXL.obj (.text:EK_TM4C123GXL_initGPIO)
                  000068ac    000000e8     sysbios.aem4f : BIOS.obj (.text:ti_sysbios_family_arm_m3_Hwi_initNVIC__E)
                  00006994    000000e4     sensors.obj (.text:Calib_Accel)
                  00006a78    000000dc     uart_tivaware.aem4f : UARTTiva.oem4f (.text:UARTTiva_write)
                  00006b54    000000dc     rtsv7M4_T_le_v4SPD16_eabi.lib : setvbuf.obj (.text)
                  00006c30    000000d8     motors.obj (.text:motors_out)
                  00006d08    000000d8     rtsv7M4_T_le_v4SPD16_eabi.lib : atan2f.obj (.text)
                  00006de0    000000d2     uart_tivaware.aem4f : UARTTiva.oem4f (.text:UARTTiva_read)
                  00006eb2    00000002     sysbios.aem4f : BIOS.obj (.text:ti_sysbios_gates_GateHwi_Instance_init__F)
                  00006eb4    000000c8     driverlib.lib : sysctl.obj (.text:SysCtlClockGet)
                  00006f7c    000000c4     rtsv7M4_T_le_v4SPD16_eabi.lib : xdnorm.obj (.text)
                  00007040    000000c0                                   : fflush.obj (.text)
                  00007100    000000b4     quaternion.obj (.text:StateEst_Calib)
                  000071b4    000000b4     sysbios.aem4f : BIOS.obj (.text:ti_sysbios_family_arm_m3_Hwi_excHardFault__I)
                  00007268    000000b4                   : BIOS.obj (.text:ti_sysbios_gates_GateMutex_enter__E)
                  0000731c    000000b0                   : BIOS.obj (.text:ti_sysbios_family_arm_m3_Hwi_excDebugMon__I)
                  000073cc    000000ac     rtsv7M4_T_le_v4SPD16_eabi.lib : _io_perm.obj (.text)
                  00007478    000000ac     sysbios.aem4f : BIOS.obj (.text:ti_sysbios_family_arm_lm4_Timer_enableTiva__I)
                  00007524    000000a8     rtsv7M4_T_le_v4SPD16_eabi.lib : xfatan.obj (.text)
                  000075cc    000000a8     sysbios.aem4f : BIOS.obj (.text:ti_sysbios_knl_Semaphore_Instance_init__F)
                  00007674    000000a4                   : BIOS.obj (.text:ti_sysbios_family_arm_lm4_Timer_enableTimers__I)
                  00007718    000000a4                   : BIOS.obj (.text:ti_sysbios_family_arm_m3_Hwi_Module_startup__F)
                  000077bc    000000a0     auto_init.aem4f : auto_init.oem4f (.text)
                  0000785c    0000009c     rtsv7M4_T_le_v4SPD16_eabi.lib : fputc.obj (.text)
                  000078f8    0000009c                                   : memcpy_t2.obj (.text)
                  00007994    0000009a     ti.targets.arm.rtsarm.aem4f : Text.oem4f (.text:xdc_runtime_Text_putSite__F)
                  00007a2e    00000002     sysbios.aem4f : BIOS.obj (.text:ti_sysbios_knl_Clock_logTick__E)
                  00007a30    00000098     rtsv7M4_T_le_v4SPD16_eabi.lib : fclose.obj (.text)
                  00007ac8    00000094     RxFunctions.obj (.text:ProcessStateMachine)
                  00007b5c    00000094     Boot.aem4f : Boot.oem4f (.text:ti_catalog_arm_cortexm4_tiva_ce_Boot_sysCtlClockSet__E)
                  00007bf0    00000094     ti.targets.arm.rtsarm.aem4f : Text.oem4f (.text:xdc_runtime_Text_putMod__F)
                  00007c84    0000008c     UARTUtils.obj (.text:UARTUtils_systemInit)
                  00007d10    0000008c     sysbios.aem4f : BIOS.obj (.text:ti_sysbios_family_arm_m3_Hwi_Instance_init__F)
                  00007d9c    0000008c                   : m3_TaskSupport_asm.obj (.text:ti_sysbios_family_arm_m3_TaskSupport_buildTaskStack)
                  00007e28    00000088     Main.obj (.text:ReadSensorsFxn)
                  00007eb0    00000084     sensors.obj (.text:GetData_Accel)
                  00007f34    00000084     sensors.obj (.text:GetData_Gyro)
                  00007fb8    00000084     RxFunctions.obj (.text:RCinputIntHandler)
                  0000803c    00000084     sensors.obj (.text:Read_Accel)
                  000080c0    0000007e     rtsv7M4_T_le_v4SPD16_eabi.lib : fd_cmp_t2.obj (.text:__aeabi_cdcmple)
                  0000813e    0000007e                                   : fd_cmp_t2.obj (.text:__aeabi_cdrcmple)
                  000081bc    00000078                                   : memset_t2.obj (.text)
                  00008234    00000070                                   : printf.obj (.text)
                  000082a4    00000070     KIRC_FltCmp_RTOS_pem4f.oem4f (.text:ti_sysbios_family_arm_m3_Hwi_Object__create__S)
                  00008314    00000070     sysbios.aem4f : BIOS.obj (.text:ti_sysbios_family_arm_m3_Hwi_reconfig__E)
                  00008384    00000070                   : BIOS.obj (.text:ti_sysbios_knl_Clock_workFunc__E)
                  000083f4    00000070     ti.targets.arm.rtsarm.aem4f : Memory.oem4f (.text:xdc_runtime_Memory_alloc__F)
                  00008464    0000006c     EK_TM4C123GXL.obj (.text:EK_TM4C123GXL_initPWM)
                  000084d0    0000006c     sysbios.aem4f : BIOS.obj (.text:ti_sysbios_knl_Task_exit__E)
                  0000853c    0000006c     ti.targets.arm.rtsarm.aem4f : Error.oem4f (.text:xdc_runtime_Error_print__F)
                  000085a8    00000068     sysbios.aem4f : BIOS.obj (.text:ti_sysbios_BIOS_rtsUnlock__I)
                  00008610    00000066     uart_tivaware.aem4f : UARTTiva.oem4f (.text:UARTTiva_readPolling)
                  00008676    00000066     ti.targets.arm.rtsarm.aem4f : Core-mem.oem4f (.text:xdc_runtime_Core_deleteObject__I)
                  000086dc    00000064     rtsv7M4_T_le_v4SPD16_eabi.lib : fseek.obj (.text)
                  00008740    00000064                                   : xdunscal.obj (.text)
                  000087a4    00000064     sysbios.aem4f : BIOS.obj (.text:ti_sysbios_knl_Task_startCore__E)
                  00008808    00000060     sensors.obj (.text:I2C0_RxData)
                  00008868    00000060     rtsv7M4_T_le_v4SPD16_eabi.lib : trgmsg.obj (.text)
                  000088c8    00000060     sysbios.aem4f : BIOS.obj (.text:ti_sysbios_family_arm_lm4_Timer_isrStub__E)
                  00008928    0000005e     rtsv7M4_T_le_v4SPD16_eabi.lib : copy_decompress_rle.obj (.text)
                  00008986    00000002     KIRC_FltCmp_RTOS_pem4f.oem4f (.text:xdc_runtime_Startup_reset__I)
                  00008988    0000005c     sysbios.aem4f : BIOS.obj (.text:ti_sysbios_family_arm_lm4_Timer_Module_startup__F)
                  000089e4    0000005b     ti.targets.arm.rtsarm.aem4f : Text.oem4f (.text:xdc_runtime_Text_putLab__F)
                  00008a3f    00000001     --HOLE-- [fill = 0]
                  00008a40    0000005a     rtsv7M4_T_le_v4SPD16_eabi.lib : ltoa.obj (.text)
                  00008a9a    00000002     ti.targets.arm.rtsarm.aem4f : SysCallback.oem4f (.text:xdc_runtime_SysCallback_defaultExit)
                  00008a9c    00000058     boot.aem4f : boot.oem4f (.text)
                  00008af4    00000058     sensors.obj (.text:I2C0_TxData)
                  00008b4c    00000058     sysbios.aem4f : BIOS.obj (.text:ti_sysbios_family_arm_m3_Hwi_dispatchC__I)
                  00008ba4    00000056     driverlib.lib : gpio.obj (.text:GPIOIntTypeSet)
                  00008bfa    00000002     ti.targets.arm.rtsarm.aem4f : SysCallback.oem4f (.text:xdc_runtime_SysCallback_defaultFlush)
                  00008bfc    00000054     gpio_tivaware.aem4f : GPIO.oem4f (.text:GPIO_setupCallbacks)
                  00008c50    00000054     sysbios.aem4f : BIOS.obj (.text:ti_sysbios_knl_Task_processVitalTaskFlag__I)
                  00008ca4    00000050                   : BIOS.obj (.text:ti_sysbios_knl_Task_schedule__I)
                  00008cf4    00000050     ti.targets.arm.rtsarm.aem4f : Startup.oem4f (.text:xdc_runtime_Startup_exec__F)
                  00008d44    00000050                                 : System.oem4f (.text:xdc_runtime_System_formatNum__I)
                  00008d94    00000050                                 : Text.oem4f (.text:xdc_runtime_Text_visitRope2__I)
                  00008de4    0000004c     rtsv7M4_T_le_v4SPD16_eabi.lib : atoi.obj (.text)
                  00008e30    0000004a                                   : fd_tos_t2.obj (.text)
                  00008e7a    00000002     --HOLE-- [fill = 0]
                  00008e7c    00000048     driverlib.lib : gpio.obj (.text:GPIOPinConfigure)
                  00008ec4    00000048     EK_TM4C123GXL.obj (.text:I2C0_MasterInit)
                  00008f0c    00000048     driverlib.lib : i2c.obj (.text:I2CMasterInitExpClk)
                  00008f54    00000048     rtsv7M4_T_le_v4SPD16_eabi.lib : fd_toi_t2.obj (.text)
                  00008f9c    00000048     sysbios.aem4f : BIOS.obj (.text:ti_sysbios_BIOS_errorRaiseHook__I)
                  00008fe4    00000048                   : BIOS.obj (.text:ti_sysbios_family_arm_m3_Hwi_excReserved__I)
                  0000902c    00000048                   : BIOS.obj (.text:ti_sysbios_heaps_HeapMem_getStats__E)
                  00009074    00000048     ti.targets.arm.rtsarm.aem4f : Assert.oem4f (.text:xdc_runtime_Assert_raise__I)
                  000090bc    00000048                                 : Core-params.oem4f (.text:xdc_runtime_Core_assignParams__I)
                  00009104    00000044     rtsv7M4_T_le_v4SPD16_eabi.lib : cpy_tbl.obj (.text)
                  00009148    00000044                                   : exit.obj (.text)
                  0000918c    00000044                                   : xdtest.obj (.text)
                  000091d0    00000044     sysbios.aem4f : BIOS.obj (.text:ti_sysbios_family_arm_lm4_Timer_stop__E)
                  00009214    00000044                   : BIOS.obj (.text:ti_sysbios_family_arm_m3_Hwi_disableInterrupt__E)
                  00009258    00000044                   : BIOS.obj (.text:ti_sysbios_family_arm_m3_Hwi_enableInterrupt__E)
                  0000929c    00000044                   : BIOS.obj (.text:ti_sysbios_knl_Task_allBlockedFunction__I)
                  000092e0    00000042     driverlib.lib : uart.obj (.text:UARTConfigSetExpClk)
                  00009322    00000002     --HOLE-- [fill = 0]
                  00009324    00000040     EK_TM4C123GXL.obj (.text:EK_TM4C123GXL_initGeneral)
                  00009364    00000040     gpio_tivaware.aem4f : GPIO.oem4f (.text:GPIO_enableInt)
                  000093a4    00000040     uart_tivaware.aem4f : UARTTiva.oem4f (.text:UARTTiva_writePolling)
                  000093e4    00000040     rtsv7M4_T_le_v4SPD16_eabi.lib : signal.obj (.text)
                  00009424    00000040     sysbios.aem4f : BIOS.obj (.text:ti_sysbios_family_arm_lm4_Timer_startup__E)
                  00009464    00000040     KIRC_FltCmp_RTOS_pem4f.oem4f (.text:ti_sysbios_knl_Semaphore_Object__create__S)
                  000094a4    00000040     sysbios.aem4f : BIOS.obj (.text:ti_sysbios_knl_Semaphore_pendTimeout__I)
                  000094e4    00000040     ti.targets.arm.rtsarm.aem4f : System.oem4f (.text:xdc_runtime_System_atexit__F)
                  00009524    0000003c     gpio_tivaware.aem4f : GPIO.oem4f (.text:GPIO_toggle)
                  00009560    0000003c     sysbios.aem4f : BIOS.obj (.text:ti_sysbios_family_arm_m3_Hwi_excSvCall__I)
                  0000959c    0000003c                   : BIOS.obj (.text:ti_sysbios_heaps_HeapMem_init__I)
                  000095d8    0000003c     ti.targets.arm.rtsarm.aem4f : Text.oem4f (.text:xdc_runtime_Text_xprintf__I)
                  00009614    00000038     uart_tivaware.aem4f : UART.oem4f (.text:UART_init)
                  0000964c    00000038     rtsv7M4_T_le_v4SPD16_eabi.lib : fs_tod_t2.obj (.text)
                  00009684    00000038     sysbios.aem4f : BIOS.obj (.text:ti_sysbios_family_arm_m3_Hwi_excNoIsr__I)
                  000096bc    00000038                   : BIOS.obj (.text:ti_sysbios_family_arm_m3_Hwi_getStackInfo__E)
                  000096f4    00000038                   : BIOS.obj (.text:ti_sysbios_family_arm_m3_TaskSupport_start__E)
                  0000972c    00000038     KIRC_FltCmp_RTOS_pem4f.oem4f (.text:ti_sysbios_gates_GateHwi_Object__create__S)
                  00009764    00000038     KIRC_FltCmp_RTOS_pem4f.oem4f (.text:ti_sysbios_gates_GateMutex_Object__create__S)
                  0000979c    00000038     KIRC_FltCmp_RTOS_pem4f.oem4f (.text:ti_sysbios_heaps_HeapMem_Object__create__S)
                  000097d4    00000038     KIRC_FltCmp_RTOS_pem4f.oem4f (.text:ti_sysbios_knl_Queue_Object__create__S)
                  0000980c    00000034     RxFunctions.obj (.text:EnableRxInterrupts)
                  00009840    00000034     driverlib.lib : sysctl.obj (.text:SysCtlPeripheralEnable)
                  00009874    00000034     uart_tivaware.aem4f : UARTTiva.oem4f (.text:UARTTiva_close)
                  000098a8    00000034     UARTUtils.obj (.text:UARTUtils_deviceread)
                  000098dc    00000034     UARTUtils.obj (.text:UARTUtils_devicewrite)
                  00009910    00000034     UARTUtils.obj (.text:closeHandle)
                  00009944    00000034     rtsv7M4_T_le_v4SPD16_eabi.lib : feraiseexcept.obj (.text)
                  00009978    00000034                                   : xfdtest.obj (.text)
                  000099ac    00000034     sysbios.aem4f : BIOS.obj (.text:ti_sysbios_family_arm_m3_Hwi_excNmi__I)
                  000099e0    00000032     uart_tivaware.aem4f : UARTTiva.oem4f (.text:UARTTiva_readCancel)
                  00009a12    00000032                         : UARTTiva.oem4f (.text:UARTTiva_writeCancel)
                  00009a44    00000030     rtsv7M4_T_le_v4SPD16_eabi.lib : strncpy.obj (.text)
                  00009a74    00000030                                   : xferaise.obj (.text)
                  00009aa4    00000030     sysbios.aem4f : BIOS.obj (.text:ti_sysbios_knl_Idle_run__E)
                  00009ad4    00000030                   : BIOS.obj (.text:ti_sysbios_knl_Task_unblockI__E)
                  00009b04    00000030     ti.targets.arm.rtsarm.aem4f : Core-label.oem4f (.text:xdc_runtime_Core_assignLabel__I)
                  00009b34    0000002f                                 : Text.oem4f (.text:xdc_runtime_Text_printVisFxn__I)
                  00009b63    00000001     --HOLE-- [fill = 0]
                  00009b64    0000002e     UARTUtils.obj (.text:UARTUtils_deviceopen)
                  00009b92    0000002e     KIRC_FltCmp_RTOS_pem4f.oem4f (.text:malloc)
                  00009bc0    0000002e     rtsv7M4_T_le_v4SPD16_eabi.lib : i_tofd_t2.obj (.text)
                  00009bee    0000002e                                   : raise.obj (.text)
                  00009c1c    0000002c     sensors.obj (.text:Accel_Init)
                  00009c48    0000002c     EK_TM4C123GXL.obj (.text:EK_TM4C123GXL_initUART)
                  00009c74    0000002c     uart_tivaware.aem4f : UART.oem4f (.text:UART_Params_init)
                  00009ca0    0000002c     KIRC_FltCmp_RTOS_pem4f.oem4f (.text:ti_sysbios_BIOS_exitFunc__I)
                  00009ccc    0000002c     sysbios.aem4f : BIOS.obj (.text:ti_sysbios_hal_Hwi_initStack:ti_sysbios_hal_Hwi_initStack)
                  00009cf8    0000002c     KIRC_FltCmp_RTOS_pem4f.oem4f (.text:ti_sysbios_knl_Clock_doTick__I)
                  00009d24    0000002c     sysbios.aem4f : BIOS.obj (.text:ti_sysbios_knl_Task_sleepTimeout__I)
                  00009d50    0000002c     ti.targets.arm.rtsarm.aem4f : System.oem4f (.text:xdc_runtime_System_rtsExit__I)
                  00009d7c    0000002c                                 : Text.oem4f (.text:xdc_runtime_Text_cordText__F)
                  00009da8    0000002a     driverlib.lib : gpio.obj (.text:GPIODirModeSet)
                  00009dd2    0000002a     gpio_tivaware.aem4f : GPIO.oem4f (.text:GPIO_hwiIntFxn)
                  00009dfc    0000002a     ti.targets.arm.rtsarm.aem4f : System.oem4f (.text:xdc_runtime_System_putchar__I)
                  00009e26    00000028     RxFunctions.obj (.text:ClearRxInterrupts)
                  00009e4e    00000028     RxFunctions.obj (.text:DisableRxInterrupts)
                  00009e76    00000002     --HOLE-- [fill = 0]
                  00009e78    00000028     gpio_tivaware.aem4f : GPIO.oem4f (.text:GPIO_write)
                  00009ea0    00000028     sysbios.aem4f : m3_Hwi_asm_switch.obj (.text:ti_sysbios_family_arm_m3_Hwi_initStacks__E)
                  00009ec8    00000028                   : BIOS.obj (.text:ti_sysbios_gates_GateMutex_Instance_init__F)
                  00009ef0    00000028                   : BIOS.obj (.text:ti_sysbios_knl_Task_restore__E)
                  00009f18    00000026     ti.targets.arm.rtsarm.aem4f : System.oem4f (.text:xdc_runtime_System_avprintf__F)
                  00009f3e    00000002     --HOLE-- [fill = 0]
                  00009f40    00000024     gpio_tivaware.aem4f : GPIO.oem4f (.text:GPIO_disableInt)
                  00009f64    00000024                         : GPIO.oem4f (.text:GPIO_init)
                  00009f88    00000024     UARTUtils.obj (.text:UARTUtils_systemAbort)
                  00009fac    00000024     sysbios.aem4f : BIOS.obj (.text:ti_sysbios_BIOS_registerRTSLock__I)
                  00009fd0    00000024                   : BIOS.obj (.text:ti_sysbios_family_arm_m3_Hwi_Instance_finalize__F)
                  00009ff4    00000024     KIRC_FltCmp_RTOS_pem4f.oem4f (.text:ti_sysbios_gates_GateMutex_Object__delete__S)
                  0000a018    00000024     sysbios.aem4f : BIOS.obj (.text:ti_sysbios_knl_Clock_Module_startup__F)
                  0000a03c    00000024     ti.targets.arm.rtsarm.aem4f : System.oem4f (.text:xdc_runtime_System_vprintf__F)
                  0000a060    00000022     driverlib.lib : pwm.obj (.text:PWMGenConfigure)
                  0000a082    00000002     --HOLE-- [fill = 0]
                  0000a084    00000020     UARTUtils.obj (.text:UARTUtils_systemPutch)
                  0000a0a4    00000020     KIRC_FltCmp_RTOS_pem4f.oem4f (.text:ti_sysbios_BIOS_startFunc__I)
                  0000a0c4    00000020     sysbios.aem4f : BIOS.obj (.text:ti_sysbios_family_arm_m3_Hwi_doTaskRestore__I)
                  0000a0e4    00000020     KIRC_FltCmp_RTOS_pem4f.oem4f (.text:ti_sysbios_gates_GateHwi_Object__delete__S)
                  0000a104    00000020     KIRC_FltCmp_RTOS_pem4f.oem4f (.text:ti_sysbios_heaps_HeapMem_Object__delete__S)
                  0000a124    00000020     KIRC_FltCmp_RTOS_pem4f.oem4f (.text:ti_sysbios_knl_Semaphore_Object__destruct__S)
                  0000a144    00000020     sysbios.aem4f : BIOS.obj (.text:ti_sysbios_knl_Task_enter__I)
                  0000a164    00000020     ti.targets.arm.rtsarm.aem4f : Registry.oem4f (.text:xdc_runtime_Registry_findById__F)
                  0000a184    0000001e     driverlib.lib : pwm.obj (.text:PWMPulseWidthSet)
                  0000a1a2    0000001e     sysbios.aem4f : BIOS.obj (.text:ti_sysbios_family_arm_lm4_Timer_write__I)
                  0000a1c0    0000001c     driverlib.lib : uart.obj (.text:UARTDisable)
                  0000a1dc    0000001c     rtsv7M4_T_le_v4SPD16_eabi.lib : memccpy.obj (.text)
                  0000a1f8    0000001c     sysbios.aem4f : BIOS.obj (.text:ti_sysbios_BIOS_rtsLock__I)
                  0000a214    0000001c     KIRC_FltCmp_RTOS_pem4f.oem4f (.text:ti_sysbios_family_arm_m3_Hwi_Object__destruct__S)
                  0000a230    0000001c     KIRC_FltCmp_RTOS_pem4f.oem4f (.text:ti_sysbios_knl_Queue_Object__destruct__S)
                  0000a24c    0000001c     ti.targets.arm.rtsarm.aem4f : Error.oem4f (.text:xdc_runtime_Error_check__F)
                  0000a268    0000001c                                 : Memory.oem4f (.text:xdc_runtime_Memory_valloc__F)
                  0000a284    0000001a     motors.obj (.text:motorsDisable)
                  0000a29e    0000001a     KIRC_FltCmp_RTOS_pem4f.oem4f (.text:xdc_runtime_System_aprintf__E)
                  0000a2b8    0000001a     KIRC_FltCmp_RTOS_pem4f.oem4f (.text:xdc_runtime_System_printf__E)
                  0000a2d2    00000018     driverlib.lib : gpio.obj (.text:GPIOPinTypeGPIOOutput)
                  0000a2ea    00000018     sensors.obj (.text:Gyro_Init)
                  0000a302    00000018     UARTUtils.obj (.text:UARTUtils_deviceclose)
                  0000a31a    00000002     --HOLE-- [fill = 0]
                  0000a31c    00000018     uart_tivaware.aem4f : UART.oem4f (.text:UART_open)
                  0000a334    00000018     KIRC_FltCmp_RTOS_pem4f.oem4f (.text:free)
                  0000a34c    00000018     rtsv7M4_T_le_v4SPD16_eabi.lib : args_main.obj (.text)
                  0000a364    00000018                                   : ll_mul_t2.obj (.text)
                  0000a37c    00000018                                   : strcmp.obj (.text)
                  0000a394    00000018     KIRC_FltCmp_RTOS_pem4f.oem4f (.text:ti_sysbios_family_arm_lm4_Timer_Module__startupDone__F)
                  0000a3ac    00000018     KIRC_FltCmp_RTOS_pem4f.oem4f (.text:ti_sysbios_family_arm_m3_Hwi_Handle__label__S)
                  0000a3c4    00000018     KIRC_FltCmp_RTOS_pem4f.oem4f (.text:ti_sysbios_family_arm_m3_Hwi_Module__startupDone__F)
                  0000a3dc    00000018     sysbios.aem4f : m3_TaskSupport_asm.obj (.text:ti_sysbios_family_arm_m3_TaskSupport_swap__E)
                  0000a3f4    00000018     KIRC_FltCmp_RTOS_pem4f.oem4f (.text:ti_sysbios_gates_GateHwi_Handle__label__S)
                  0000a40c    00000018     KIRC_FltCmp_RTOS_pem4f.oem4f (.text:ti_sysbios_gates_GateMutex_Handle__label__S)
                  0000a424    00000018     sysbios.aem4f : BIOS.obj (.text:ti_sysbios_gates_GateMutex_leave__E)
                  0000a43c    00000018     KIRC_FltCmp_RTOS_pem4f.oem4f (.text:ti_sysbios_hal_Timer_Module__startupDone__F)
                  0000a454    00000018     KIRC_FltCmp_RTOS_pem4f.oem4f (.text:ti_sysbios_heaps_HeapMem_Handle__label__S)
                  0000a46c    00000018     KIRC_FltCmp_RTOS_pem4f.oem4f (.text:ti_sysbios_knl_Task_Handle__label__S)
                  0000a484    00000018     ti.targets.arm.rtsarm.aem4f : Text.oem4f (.text:xdc_runtime_Text_ropeText__F)
                  0000a49c    00000016     rtsv7M4_T_le_v4SPD16_eabi.lib : memchr.obj (.text)
                  0000a4b2    00000016                                   : strchr.obj (.text)
                  0000a4c8    00000014     gpio_tivaware.aem4f : GPIO.oem4f (.text:GPIO_clearInt)
                  0000a4dc    00000014     driverlib.lib : sysctl.obj (.text:SysCtlPWMClockSet)
                  0000a4f0    00000014                   : uart.obj (.text:UARTEnable)
                  0000a504    00000014     UARTUtils.obj (.text:UARTUtils_systemReady)
                  0000a518    00000014     rtsv7M4_T_le_v4SPD16_eabi.lib : _lock.obj (.text)
                  0000a52c    00000014                                   : strlen.obj (.text)
                  0000a540    00000014     sysbios.aem4f : BIOS.obj (.text:ti_sysbios_family_arm_m3_Hwi_switchFromBootStack__E)
                  0000a554    00000014     KIRC_FltCmp_RTOS_pem4f.oem4f (.text:ti_sysbios_heaps_HeapMem_Object__get__S)
                  0000a568    00000014     ti.targets.arm.rtsarm.aem4f : System.oem4f (.text:xdc_runtime_System_abort__F)
                  0000a57c    00000012     driverlib.lib : gpio.obj (.text:GPIOPinTypeGPIOInput)
                  0000a58e    00000012                   : gpio.obj (.text:GPIOPinTypeI2C)
                  0000a5a0    00000012                   : gpio.obj (.text:GPIOPinTypeI2CSCL)
                  0000a5b2    00000012                   : gpio.obj (.text:GPIOPinTypePWM)
                  0000a5c4    00000012                   : gpio.obj (.text:GPIOPinTypeUART)
                  0000a5d6    00000012                   : pwm.obj (.text:PWMOutputState)
                  0000a5e8    00000012     UARTUtils.obj (.text:UARTUtils_devicelseek)
                  0000a5fa    00000012     rtsv7M4_T_le_v4SPD16_eabi.lib : copy_zero_init.obj (.text:decompress:ZI)
                  0000a60c    00000012                                   : xdclass.obj (.text)
                  0000a61e    00000012     sysbios.aem4f : BIOS.obj (.text:ti_sysbios_hal_Hwi_Module_startup__F)
                  0000a630    00000012                   : BIOS.obj (.text:ti_sysbios_hal_Timer_Module_startup__F)
                  0000a642    00000012     KIRC_FltCmp_RTOS_pem4f.oem4f (.text:xdc_runtime_Startup_exec__I)
                  0000a654    00000010     driverlib.lib : pwm.obj (.text:PWMGenPeriodSet)
                  0000a664    00000010     UARTUtils.obj (.text:UARTUtils_devicerename)
                  0000a674    00000010     rtsv7M4_T_le_v4SPD16_eabi.lib : strcpy.obj (.text)
                  0000a684    00000010     sysbios.aem4f : BIOS.obj (.text:ti_sysbios_BIOS_getCpuFreq__E)
                  0000a694    00000010                   : BIOS.obj (.text:ti_sysbios_BIOS_setThreadType__E)
                  0000a6a4    00000010                   : BIOS.obj (.text:ti_sysbios_BIOS_start__E)
                  0000a6b4    00000010                   : BIOS.obj (.text:ti_sysbios_family_arm_m3_Hwi_excHandler__I)
                  0000a6c4    00000010                   : m3_TaskSupport_asm.obj (.text:ti_sysbios_family_arm_m3_TaskSupport_glue)
                  0000a6d4    00000010                   : BIOS.obj (.text:ti_sysbios_gates_GateMutex_Instance_finalize__F)
                  0000a6e4    00000010                   : BIOS.obj (.text:ti_sysbios_knl_Semaphore_Instance_finalize__F)
                  0000a6f4    00000010     KIRC_FltCmp_RTOS_pem4f.oem4f (.text:ti_sysbios_knl_Task_Object__get__S)
                  0000a704    00000010     sysbios.aem4f : BIOS.obj (.text:ti_sysbios_knl_Task_disable__E)
                  0000a714    00000010     ti.targets.arm.rtsarm.aem4f : Gate.oem4f (.text:xdc_runtime_Gate_leaveSystem__F)
                  0000a724    00000010                                 : Memory.oem4f (.text:xdc_runtime_Memory_free__F)
                  0000a734    00000010                                 : SysCallback.oem4f (.text:xdc_runtime_SysCallback_abort__F)
                  0000a744    00000010                                 : SysCallback.oem4f (.text:xdc_runtime_SysCallback_exit__F)
                  0000a754    00000010                                 : SysCallback.oem4f (.text:xdc_runtime_SysCallback_flush__F)
                  0000a764    00000010                                 : SysCallback.oem4f (.text:xdc_runtime_SysCallback_putch__F)
                  0000a774    00000010                                 : SysCallback.oem4f (.text:xdc_runtime_SysCallback_ready__F)
                  0000a784    00000010                                 : System.oem4f (.text:xdc_runtime_System_vsnprintf__F)
                  0000a794    0000000e     driverlib.lib : gpio.obj (.text:GPIOIntDisable)
                  0000a7a2    0000000e                   : gpio.obj (.text:GPIOIntStatus)
                  0000a7b0    0000000e                   : uart.obj (.text:UARTCharGetNonBlocking)
                  0000a7be    0000000e                   : uart.obj (.text:UARTCharPutNonBlocking)
                  0000a7cc    0000000e     UARTUtils.obj (.text:UARTUtils_deviceunlink)
                  0000a7da    0000000e     rtsv7M4_T_le_v4SPD16_eabi.lib : copy_decompress_none.obj (.text:decompress:none)
                  0000a7e8    0000000e     sysbios.aem4f : BIOS.obj (.text:ti_sysbios_knl_Queue_empty__E)
                  0000a7f6    00000002     --HOLE-- [fill = 0]
                  0000a7f8    0000000c     KIRC_FltCmp_RTOS_pem4f.oem4f (.text:.bootCodeSection:ti_catalog_arm_cortexm4_tiva_ce_Boot_init__I)
                  0000a804    0000000c     driverlib.lib : gpio.obj (.text:GPIOIntEnable)
                  0000a810    0000000c                   : pwm.obj (.text:PWMGenEnable)
                  0000a81c    0000000c     sysbios.aem4f : BIOS.obj (.text:ti_sysbios_family_arm_lm4_Timer_masterDisable__I)
                  0000a828    0000000c     KIRC_FltCmp_RTOS_pem4f.oem4f (.text:ti_sysbios_family_arm_m3_Hwi_Params__init__S)
                  0000a834    0000000c     sysbios.aem4f : BIOS.obj (.text:ti_sysbios_family_arm_m3_Hwi_disableFxn__E)
                  0000a840    0000000c                   : BIOS.obj (.text:ti_sysbios_gates_GateHwi_enter__E)
                  0000a84c    0000000c                   : BIOS.obj (.text:ti_sysbios_knl_Clock_getTicks__E)
                  0000a858    0000000c     KIRC_FltCmp_RTOS_pem4f.oem4f (.text:ti_sysbios_knl_Queue_Object__get__S)
                  0000a864    0000000c     KIRC_FltCmp_RTOS_pem4f.oem4f (.text:ti_sysbios_knl_Semaphore_Params__init__S)
                  0000a870    0000000c     ti.targets.arm.rtsarm.aem4f : Error.oem4f (.text:xdc_runtime_Error_init__F)
                  0000a87c    0000000c                                 : Gate.oem4f (.text:xdc_runtime_Gate_enterSystem__F)
                  0000a888    0000000c                                 : Memory.oem4f (.text:xdc_runtime_Memory_calloc__F)
                  0000a894    0000000c                                 : Memory.oem4f (.text:xdc_runtime_Memory_getMaxDefaultTypeAlign__F)
                  0000a8a0    0000000c                                 : System.oem4f (.text:xdc_runtime_System_exit__F)
                  0000a8ac    0000000c                                 : System.oem4f (.text:xdc_runtime_System_lastFxn__I)
                  0000a8b8    0000000a     driverlib.lib : i2c.obj (.text:I2CMasterEnable)
                  0000a8c2    0000000a                   : uart.obj (.text:UARTCharGet)
                  0000a8cc    0000000a                   : uart.obj (.text:UARTCharPut)
                  0000a8d6    0000000a                   : uart.obj (.text:UARTIntDisable)
                  0000a8e0    0000000a                   : uart.obj (.text:UARTIntStatus)
                  0000a8ea    0000000a     uart_tivaware.aem4f : UART.oem4f (.text:UART_close)
                  0000a8f4    0000000a                         : UART.oem4f (.text:UART_read)
                  0000a8fe    0000000a                         : UART.oem4f (.text:UART_write)
                  0000a908    0000000a                         : UART.oem4f (.text:UART_writePolling)
                  0000a912    0000000a     KIRC_FltCmp_RTOS_pem4f.oem4f (.text:xdc_runtime_IHeap_alloc)
                  0000a91c    0000000a     KIRC_FltCmp_RTOS_pem4f.oem4f (.text:xdc_runtime_IHeap_free)
                  0000a926    0000000a     KIRC_FltCmp_RTOS_pem4f.oem4f (.text:xdc_runtime_Text_visitRope__I)
                  0000a930    00000008     driverlib.lib : i2c.obj (.text:I2CMasterBusy)
                  0000a938    00000008                   : i2c.obj (.text:I2CMasterSlaveAddrSet)
                  0000a940    00000008                   : uart.obj (.text:UARTIntEnable)
                  0000a948    00000008     uart_tivaware.aem4f : UARTTiva.oem4f (.text:UARTTiva_init)
                  0000a950    00000008                         : UARTTiva.oem4f (.text:readSemCallback)
                  0000a958    00000008     sysbios.aem4f : BIOS.obj (.text:ti_sysbios_family_arm_m3_Hwi_startup__E)
                  0000a960    00000008                   : BIOS.obj (.text:ti_sysbios_knl_Idle_loop__E)
                  0000a968    00000008     uart_tivaware.aem4f : UARTTiva.oem4f (.text:writeSemCallback)
                  0000a970    00000006     driverlib.lib : gpio.obj (.text:GPIOIntClear)
                  0000a976    00000006                   : gpio.obj (.text:GPIOPinRead)
                  0000a97c    00000006                   : gpio.obj (.text:GPIOPinWrite)
                  0000a982    00000006                   : sysctl.obj (.text:SysCtlDelay)
                  0000a988    00000006                   : uart.obj (.text:UARTFIFOLevelSet)
                  0000a98e    00000006     ti.targets.arm.rtsarm.aem4f : xdc_noinit.oem4f (.text:__xdc__init)
                  0000a994    00000006     rtsv7M4_T_le_v4SPD16_eabi.lib : copy_decompress_rle.obj (.text:decompress:rle24)
                  0000a99a    00000006     Boot.aem4f : Boot_sysctl.oem4f (.text:ti_catalog_arm_cortexm4_tiva_ce_Boot_sysCtlDelayI__I)
                  0000a9a0    00000006     sysbios.aem4f : BIOS.obj (.text:ti_sysbios_family_arm_m3_Hwi_restoreFxn__E)
                  0000a9a6    00000006                   : BIOS.obj (.text:ti_sysbios_gates_GateHwi_leave__E)
                  0000a9ac    00000006                   : BIOS.obj (.text:ti_sysbios_heaps_HeapMem_isBlocking__E)
                  0000a9b2    00000006                   : BIOS.obj (.text:ti_sysbios_knl_Queue_Instance_init__F)
                  0000a9b8    00000006                   : BIOS.obj (.text:ti_sysbios_knl_Swi_Module_startup__F)
                  0000a9be    00000006     ti.targets.arm.rtsarm.aem4f : System.oem4f (.text:xdc_runtime_System_Module_startup__F)
                  0000a9c4    00000004     driverlib.lib : i2c.obj (.text:I2CMasterControl)
                  0000a9c8    00000004                   : i2c.obj (.text:I2CMasterDataGet)
                  0000a9cc    00000004                   : i2c.obj (.text:I2CMasterDataPut)
                  0000a9d0    00000004                   : uart.obj (.text:UARTIntClear)
                  0000a9d4    00000004     KIRC_FltCmp_RTOS_pem4f.oem4f (.text:ti_sysbios_BIOS_RtsGateProxy_enter__E)
                  0000a9d8    00000004     KIRC_FltCmp_RTOS_pem4f.oem4f (.text:ti_sysbios_BIOS_RtsGateProxy_leave__E)
                  0000a9dc    00000004     sysbios.aem4f : BIOS.obj (.text:ti_sysbios_family_arm_lm4_Timer_getPeriod__E)
                  0000a9e0    00000004                   : BIOS.obj (.text:ti_sysbios_family_arm_lm4_Timer_masterEnable__I)
                  0000a9e4    00000004     KIRC_FltCmp_RTOS_pem4f.oem4f (.text:ti_sysbios_family_arm_m3_TaskSupport_Module__startupDone__S)
                  0000a9e8    00000004     sysbios.aem4f : BIOS.obj (.text:ti_sysbios_gates_GateHwi_query__F)
                  0000a9ec    00000004                   : BIOS.obj (.text:ti_sysbios_gates_GateMutex_query__F)
                  0000a9f0    00000004     KIRC_FltCmp_RTOS_pem4f.oem4f (.text:ti_sysbios_hal_Hwi_HwiProxy_Module__startupDone__S)
                  0000a9f4    00000004     KIRC_FltCmp_RTOS_pem4f.oem4f (.text:ti_sysbios_hal_Timer_TimerProxy_Module__startupDone__S)
                  0000a9f8    00000004     KIRC_FltCmp_RTOS_pem4f.oem4f (.text:ti_sysbios_hal_Timer_TimerProxy_getPeriod__E)
                  0000a9fc    00000004     KIRC_FltCmp_RTOS_pem4f.oem4f (.text:ti_sysbios_heaps_HeapMem_Module_GateProxy_enter__E)
                  0000aa00    00000004     KIRC_FltCmp_RTOS_pem4f.oem4f (.text:ti_sysbios_heaps_HeapMem_Module_GateProxy_leave__E)
                  0000aa04    00000004     KIRC_FltCmp_RTOS_pem4f.oem4f (.text:ti_sysbios_knl_Task_SupportProxy_Module__startupDone__S)
                  0000aa08    00000004     sysbios.aem4f : BIOS.obj (.text:ti_sysbios_knl_Task_startup__E)
                  0000aa0c    00000004     ti.targets.arm.rtsarm.aem4f : Error.oem4f (.text:xdc_runtime_Error_getSite__F)
                  0000aa10    00000004     KIRC_FltCmp_RTOS_pem4f.oem4f (.text:xdc_runtime_Memory_HeapProxy_alloc__E)
                  0000aa14    00000004     KIRC_FltCmp_RTOS_pem4f.oem4f (.text:xdc_runtime_Memory_HeapProxy_free__E)
                  0000aa18    00000004     KIRC_FltCmp_RTOS_pem4f.oem4f (.text:xdc_runtime_System_Module_GateProxy_enter__E)
                  0000aa1c    00000004     KIRC_FltCmp_RTOS_pem4f.oem4f (.text:xdc_runtime_System_Module_GateProxy_leave__E)
                  0000aa20    00000004     ti.targets.arm.rtsarm.aem4f : System.oem4f (.text:xdc_runtime_System_aprintf_va__F)
                  0000aa24    00000004                                 : System.oem4f (.text:xdc_runtime_System_printf_va__F)
                  0000aa28    00000004     KIRC_FltCmp_RTOS_pem4f.oem4f (.text:xdc_runtime_System_vsnprintf__E)

.const     0    0000aa30    00001f7c     
                  0000aa30    000015c7     KIRC_FltCmp_RTOS_pem4f.oem4f (.const:xdc_runtime_Text_charTab__A)
                  0000bff7    00000001     KIRC_FltCmp_RTOS_pem4f.oem4f (.const:xdc_runtime_Error_policy__C)
                  0000bff8    00000102     rtsv7M4_T_le_v4SPD16_eabi.lib : ctype.obj (.const:.string:_ctypes_)
                  0000c0fa    000000d8     KIRC_FltCmp_RTOS_pem4f.oem4f (.const:ti_sysbios_family_arm_m3_Hwi_priorities__A)
                  0000c1d2    00000002     KIRC_FltCmp_RTOS_pem4f.oem4f (.const:ti_catalog_arm_cortexm4_tiva_ce_Boot_Module__id__C)
                  0000c1d4    00000090     driverlib.lib : gpio.obj (.const:g_pui32GPIOBaseAddrs)
                  0000c264    00000004     KIRC_FltCmp_RTOS_pem4f.oem4f (.const:ti_catalog_arm_cortexm4_tiva_ce_Boot_A_mustUseEnhancedClockMode__C)
                  0000c268    00000088     rtsv7M4_T_le_v4SPD16_eabi.lib : xatan.obj (.const)
                  0000c2f0    00000084     EK_TM4C123GXL.obj (.const:gpioHWAttrs)
                  0000c374    0000006c     driverlib.lib : sysctl.obj (.const:g_pui32Xtals)
                  0000c3e0    00000048     KIRC_FltCmp_RTOS_pem4f.oem4f (.const:.string)
                  0000c428    0000003c     Main.obj (.const)
                  0000c464    00000034     rtsv7M4_T_le_v4SPD16_eabi.lib : xfatan.obj (.const)
                  0000c498    00000030     EK_TM4C123GXL.obj (.const)
                  0000c4c8    00000030     EK_TM4C123GXL.obj (.const:GPIO_config)
                  0000c4f8    00000030     KIRC_FltCmp_RTOS_pem4f.oem4f (.const:ti_sysbios_family_arm_m3_Hwi_Object__PARAMS__C)
                  0000c528    0000002c     EK_TM4C123GXL.obj (.const:EK_TM4C123GXL_gpioPortACallbacks)
                  0000c554    0000002c     EK_TM4C123GXL.obj (.const:EK_TM4C123GXL_gpioPortFCallbacks)
                  0000c580    00000028     KIRC_FltCmp_RTOS_pem4f.oem4f (.const:ti_sysbios_heaps_HeapMem_Module__FXNS__C)
                  0000c5a8    00000024     uart_tivaware.aem4f : UARTTiva.oem4f (.const:UARTTiva_fxnTable)
                  0000c5cc    00000024     KIRC_FltCmp_RTOS_pem4f.oem4f (.const:ti_sysbios_gates_GateHwi_Module__FXNS__C)
                  0000c5f0    00000024     KIRC_FltCmp_RTOS_pem4f.oem4f (.const:ti_sysbios_gates_GateMutex_Module__FXNS__C)
                  0000c614    00000024     KIRC_FltCmp_RTOS_pem4f.oem4f (.const:ti_sysbios_heaps_HeapMem_Object__PARAMS__C)
                  0000c638    00000024     KIRC_FltCmp_RTOS_pem4f.oem4f (.const:ti_sysbios_knl_Semaphore_Object__PARAMS__C)
                  0000c65c    00000020     KIRC_FltCmp_RTOS_pem4f.oem4f (.const:ti_sysbios_family_arm_m3_Hwi_Object__DESC__C)
                  0000c67c    00000020     KIRC_FltCmp_RTOS_pem4f.oem4f (.const:ti_sysbios_gates_GateHwi_Object__DESC__C)
                  0000c69c    00000020     KIRC_FltCmp_RTOS_pem4f.oem4f (.const:ti_sysbios_gates_GateMutex_Object__DESC__C)
                  0000c6bc    00000020     KIRC_FltCmp_RTOS_pem4f.oem4f (.const:ti_sysbios_heaps_HeapMem_Object__DESC__C)
                  0000c6dc    00000020     KIRC_FltCmp_RTOS_pem4f.oem4f (.const:ti_sysbios_knl_Queue_Object__DESC__C)
                  0000c6fc    00000020     KIRC_FltCmp_RTOS_pem4f.oem4f (.const:ti_sysbios_knl_Semaphore_Object__DESC__C)
                  0000c71c    00000020     KIRC_FltCmp_RTOS_pem4f.oem4f (.const:xdc_runtime_Startup_sfxnTab__A)
                  0000c73c    00000018     KIRC_FltCmp_RTOS_pem4f.oem4f (.const:ti_sysbios_gates_GateHwi_Object__PARAMS__C)
                  0000c754    00000018     KIRC_FltCmp_RTOS_pem4f.oem4f (.const:ti_sysbios_gates_GateMutex_Object__PARAMS__C)
                  0000c76c    00000018     KIRC_FltCmp_RTOS_pem4f.oem4f (.const:ti_sysbios_knl_Queue_Object__PARAMS__C)
                  0000c784    00000014     KIRC_FltCmp_RTOS_pem4f.oem4f (.const:xdc_runtime_Startup_firstFxns__A)
                  0000c798    00000011     ti.targets.arm.rtsarm.aem4f : System.oem4f (.const)
                  0000c7a9    00000001     --HOLE-- [fill = 0]
                  0000c7aa    00000010     KIRC_FltCmp_RTOS_pem4f.oem4f (.const:xdc_runtime_Startup_sfxnRts__A)
                  0000c7ba    00000010     KIRC_FltCmp_RTOS_pem4f.oem4f (.const:xdc_runtime_Text_nodeTab__A)
                  0000c7ca    00000002     KIRC_FltCmp_RTOS_pem4f.oem4f (.const:ti_sysbios_BIOS_Module__id__C)
                  0000c7cc    00000008     KIRC_FltCmp_RTOS_pem4f.oem4f (.const:ti_sysbios_family_arm_m3_Hwi_excHookFuncs__A)
                  0000c7d4    00000008     KIRC_FltCmp_RTOS_pem4f.oem4f (.const:ti_sysbios_knl_Idle_coreList__C)
                  0000c7dc    00000008     KIRC_FltCmp_RTOS_pem4f.oem4f (.const:ti_sysbios_knl_Idle_funcList__C)
                  0000c7e4    00000008     KIRC_FltCmp_RTOS_pem4f.oem4f (.const:xdc_runtime_Startup_firstFxns__C)
                  0000c7ec    00000008     KIRC_FltCmp_RTOS_pem4f.oem4f (.const:xdc_runtime_Startup_lastFxns__C)
                  0000c7f4    00000004     KIRC_FltCmp_RTOS_pem4f.oem4f (.const:ti_catalog_arm_cortexm4_tiva_ce_Boot_Module__diagsEnabled__C)
                  0000c7f8    00000004     KIRC_FltCmp_RTOS_pem4f.oem4f (.const:ti_catalog_arm_cortexm4_tiva_ce_Boot_Module__diagsIncluded__C)
                  0000c7fc    00000004     KIRC_FltCmp_RTOS_pem4f.oem4f (.const:ti_catalog_arm_cortexm4_tiva_ce_Boot_Module__diagsMask__C)
                  0000c800    00000004     KIRC_FltCmp_RTOS_pem4f.oem4f (.const:ti_sysbios_BIOS_Module__diagsEnabled__C)
                  0000c804    00000004     KIRC_FltCmp_RTOS_pem4f.oem4f (.const:ti_sysbios_BIOS_Module__diagsIncluded__C)
                  0000c808    00000004     KIRC_FltCmp_RTOS_pem4f.oem4f (.const:ti_sysbios_BIOS_Module__diagsMask__C)
                  0000c80c    00000004     KIRC_FltCmp_RTOS_pem4f.oem4f (.const:ti_sysbios_BIOS_installedErrorHook__C)
                  0000c810    00000004     KIRC_FltCmp_RTOS_pem4f.oem4f (.const:ti_sysbios_family_arm_lm4_Timer_enableFunc__C)
                  0000c814    00000004     KIRC_FltCmp_RTOS_pem4f.oem4f (.const:ti_sysbios_family_arm_lm4_Timer_numTimerDevices__C)
                  0000c818    00000004     KIRC_FltCmp_RTOS_pem4f.oem4f (.const:ti_sysbios_family_arm_lm4_Timer_startupNeeded__C)
                  0000c81c    00000004     KIRC_FltCmp_RTOS_pem4f.oem4f (.const:ti_sysbios_family_arm_m3_Hwi_E_NMI__C)
                  0000c820    00000004     KIRC_FltCmp_RTOS_pem4f.oem4f (.const:ti_sysbios_family_arm_m3_Hwi_E_alreadyDefined__C)
                  0000c824    00000004     KIRC_FltCmp_RTOS_pem4f.oem4f (.const:ti_sysbios_family_arm_m3_Hwi_E_busFault__C)
                  0000c828    00000004     KIRC_FltCmp_RTOS_pem4f.oem4f (.const:ti_sysbios_family_arm_m3_Hwi_E_debugMon__C)
                  0000c82c    00000004     KIRC_FltCmp_RTOS_pem4f.oem4f (.const:ti_sysbios_family_arm_m3_Hwi_E_hardFault__C)
                  0000c830    00000004     KIRC_FltCmp_RTOS_pem4f.oem4f (.const:ti_sysbios_family_arm_m3_Hwi_E_memFault__C)
                  0000c834    00000004     KIRC_FltCmp_RTOS_pem4f.oem4f (.const:ti_sysbios_family_arm_m3_Hwi_E_noIsr__C)
                  0000c838    00000004     KIRC_FltCmp_RTOS_pem4f.oem4f (.const:ti_sysbios_family_arm_m3_Hwi_E_reserved__C)
                  0000c83c    00000004     KIRC_FltCmp_RTOS_pem4f.oem4f (.const:ti_sysbios_family_arm_m3_Hwi_E_svCall__C)
                  0000c840    00000004     KIRC_FltCmp_RTOS_pem4f.oem4f (.const:ti_sysbios_family_arm_m3_Hwi_E_usageFault__C)
                  0000c844    00000004     KIRC_FltCmp_RTOS_pem4f.oem4f (.const:ti_sysbios_family_arm_m3_Hwi_NUM_INTERRUPTS__C)
                  0000c848    00000004     KIRC_FltCmp_RTOS_pem4f.oem4f (.const:ti_sysbios_family_arm_m3_Hwi_ccr__C)
                  0000c84c    00000004     KIRC_FltCmp_RTOS_pem4f.oem4f (.const:ti_sysbios_family_arm_m3_Hwi_dispatchTable__C)
                  0000c850    00000004     KIRC_FltCmp_RTOS_pem4f.oem4f (.const:ti_sysbios_family_arm_m3_Hwi_excHandlerFunc__C)
                  0000c854    00000004     KIRC_FltCmp_RTOS_pem4f.oem4f (.const:ti_sysbios_family_arm_m3_Hwi_excHookFuncs__C)
                  0000c858    00000004     KIRC_FltCmp_RTOS_pem4f.oem4f (.const:ti_sysbios_family_arm_m3_Hwi_priGroup__C)
                  0000c85c    00000004     KIRC_FltCmp_RTOS_pem4f.oem4f (.const:ti_sysbios_family_arm_m3_Hwi_priorities__C)
                  0000c860    00000004     KIRC_FltCmp_RTOS_pem4f.oem4f (.const:ti_sysbios_gates_GateMutex_A_badContext__C)
                  0000c864    00000004     KIRC_FltCmp_RTOS_pem4f.oem4f (.const:ti_sysbios_gates_GateMutex_Instance_State_sem__O)
                  0000c868    00000004     KIRC_FltCmp_RTOS_pem4f.oem4f (.const:ti_sysbios_gates_GateMutex_Module__diagsEnabled__C)
                  0000c86c    00000004     KIRC_FltCmp_RTOS_pem4f.oem4f (.const:ti_sysbios_gates_GateMutex_Module__diagsIncluded__C)
                  0000c870    00000004     KIRC_FltCmp_RTOS_pem4f.oem4f (.const:ti_sysbios_gates_GateMutex_Module__diagsMask__C)
                  0000c874    00000004     KIRC_FltCmp_RTOS_pem4f.oem4f (.const:ti_sysbios_heaps_HeapMem_A_align__C)
                  0000c878    00000004     KIRC_FltCmp_RTOS_pem4f.oem4f (.const:ti_sysbios_heaps_HeapMem_A_heapSize__C)
                  0000c87c    00000004     KIRC_FltCmp_RTOS_pem4f.oem4f (.const:ti_sysbios_heaps_HeapMem_A_invalidFree__C)
                  0000c880    00000004     KIRC_FltCmp_RTOS_pem4f.oem4f (.const:ti_sysbios_heaps_HeapMem_A_zeroBlock__C)
                  0000c884    00000004     KIRC_FltCmp_RTOS_pem4f.oem4f (.const:ti_sysbios_heaps_HeapMem_E_memory__C)
                  0000c888    00000004     KIRC_FltCmp_RTOS_pem4f.oem4f (.const:ti_sysbios_heaps_HeapMem_Module__diagsEnabled__C)
                  0000c88c    00000004     KIRC_FltCmp_RTOS_pem4f.oem4f (.const:ti_sysbios_heaps_HeapMem_Module__diagsIncluded__C)
                  0000c890    00000004     KIRC_FltCmp_RTOS_pem4f.oem4f (.const:ti_sysbios_heaps_HeapMem_Module__diagsMask__C)
                  0000c894    00000004     KIRC_FltCmp_RTOS_pem4f.oem4f (.const:ti_sysbios_heaps_HeapMem_Module__gateObj__C)
                  0000c898    00000004     KIRC_FltCmp_RTOS_pem4f.oem4f (.const:ti_sysbios_heaps_HeapMem_Object__count__C)
                  0000c89c    00000004     KIRC_FltCmp_RTOS_pem4f.oem4f (.const:ti_sysbios_heaps_HeapMem_reqAlign__C)
                  0000c8a0    00000004     KIRC_FltCmp_RTOS_pem4f.oem4f (.const:ti_sysbios_knl_Clock_Module_State_clockQ__O)
                  0000c8a4    00000004     KIRC_FltCmp_RTOS_pem4f.oem4f (.const:ti_sysbios_knl_Semaphore_A_badContext__C)
                  0000c8a8    00000004     KIRC_FltCmp_RTOS_pem4f.oem4f (.const:ti_sysbios_knl_Semaphore_A_noEvents__C)
                  0000c8ac    00000004     KIRC_FltCmp_RTOS_pem4f.oem4f (.const:ti_sysbios_knl_Semaphore_A_overflow__C)
                  0000c8b0    00000004     KIRC_FltCmp_RTOS_pem4f.oem4f (.const:ti_sysbios_knl_Semaphore_A_pendTaskDisabled__C)
                  0000c8b4    00000004     KIRC_FltCmp_RTOS_pem4f.oem4f (.const:ti_sysbios_knl_Semaphore_Instance_State_pendQ__O)
                  0000c8b8    00000004     KIRC_FltCmp_RTOS_pem4f.oem4f (.const:ti_sysbios_knl_Semaphore_Module__diagsEnabled__C)
                  0000c8bc    00000004     KIRC_FltCmp_RTOS_pem4f.oem4f (.const:ti_sysbios_knl_Semaphore_Module__diagsIncluded__C)
                  0000c8c0    00000004     KIRC_FltCmp_RTOS_pem4f.oem4f (.const:ti_sysbios_knl_Semaphore_Module__diagsMask__C)
                  0000c8c4    00000004     KIRC_FltCmp_RTOS_pem4f.oem4f (.const:ti_sysbios_knl_Task_A_badTimeout__C)
                  0000c8c8    00000004     KIRC_FltCmp_RTOS_pem4f.oem4f (.const:ti_sysbios_knl_Task_A_sleepTaskDisabled__C)
                  0000c8cc    00000004     KIRC_FltCmp_RTOS_pem4f.oem4f (.const:ti_sysbios_knl_Task_Module_State_inactiveQ__O)
                  0000c8d0    00000004     KIRC_FltCmp_RTOS_pem4f.oem4f (.const:ti_sysbios_knl_Task_Module__diagsEnabled__C)
                  0000c8d4    00000004     KIRC_FltCmp_RTOS_pem4f.oem4f (.const:ti_sysbios_knl_Task_Module__diagsIncluded__C)
                  0000c8d8    00000004     KIRC_FltCmp_RTOS_pem4f.oem4f (.const:ti_sysbios_knl_Task_Module__diagsMask__C)
                  0000c8dc    00000004     KIRC_FltCmp_RTOS_pem4f.oem4f (.const:ti_sysbios_knl_Task_Object__count__C)
                  0000c8e0    00000004     KIRC_FltCmp_RTOS_pem4f.oem4f (.const:ti_sysbios_knl_Task_allBlockedFunc__C)
                  0000c8e4    00000004     KIRC_FltCmp_RTOS_pem4f.oem4f (.const:ti_sysbios_knl_Task_numConstructedTasks__C)
                  0000c8e8    00000004     KIRC_FltCmp_RTOS_pem4f.oem4f (.const:xdc_runtime_Assert_E_assertFailed__C)
                  0000c8ec    00000004     KIRC_FltCmp_RTOS_pem4f.oem4f (.const:xdc_runtime_Core_A_initializedParams__C)
                  0000c8f0    00000004     KIRC_FltCmp_RTOS_pem4f.oem4f (.const:xdc_runtime_Core_Module__diagsEnabled__C)
                  0000c8f4    00000004     KIRC_FltCmp_RTOS_pem4f.oem4f (.const:xdc_runtime_Core_Module__diagsIncluded__C)
                  0000c8f8    00000004     KIRC_FltCmp_RTOS_pem4f.oem4f (.const:xdc_runtime_Core_Module__diagsMask__C)
                  0000c8fc    00000004     KIRC_FltCmp_RTOS_pem4f.oem4f (.const:xdc_runtime_Error_E_memory__C)
                  0000c900    00000004     KIRC_FltCmp_RTOS_pem4f.oem4f (.const:xdc_runtime_Error_Module__diagsEnabled__C)
                  0000c904    00000004     KIRC_FltCmp_RTOS_pem4f.oem4f (.const:xdc_runtime_Error_Module__diagsIncluded__C)
                  0000c908    00000004     KIRC_FltCmp_RTOS_pem4f.oem4f (.const:xdc_runtime_Error_Module__diagsMask__C)
                  0000c90c    00000004     KIRC_FltCmp_RTOS_pem4f.oem4f (.const:xdc_runtime_Error_Module__loggerFxn8__C)
                  0000c910    00000004     KIRC_FltCmp_RTOS_pem4f.oem4f (.const:xdc_runtime_Error_Module__loggerObj__C)
                  0000c914    00000004     KIRC_FltCmp_RTOS_pem4f.oem4f (.const:xdc_runtime_Error_raiseHook__C)
                  0000c918    00000004     KIRC_FltCmp_RTOS_pem4f.oem4f (.const:xdc_runtime_IGateProvider_Interface__BASE__C)
                  0000c91c    00000004     KIRC_FltCmp_RTOS_pem4f.oem4f (.const:xdc_runtime_IHeap_Interface__BASE__C)
                  0000c920    00000004     KIRC_FltCmp_RTOS_pem4f.oem4f (.const:xdc_runtime_IModule_Interface__BASE__C)
                  0000c924    00000004     KIRC_FltCmp_RTOS_pem4f.oem4f (.const:xdc_runtime_Log_L_error__C)
                  0000c928    00000004     KIRC_FltCmp_RTOS_pem4f.oem4f (.const:xdc_runtime_Main_Module__diagsEnabled__C)
                  0000c92c    00000004     KIRC_FltCmp_RTOS_pem4f.oem4f (.const:xdc_runtime_Main_Module__diagsIncluded__C)
                  0000c930    00000004     KIRC_FltCmp_RTOS_pem4f.oem4f (.const:xdc_runtime_Main_Module__diagsMask__C)
                  0000c934    00000004     KIRC_FltCmp_RTOS_pem4f.oem4f (.const:xdc_runtime_Main_Module__loggerFxn2__C)
                  0000c938    00000004     KIRC_FltCmp_RTOS_pem4f.oem4f (.const:xdc_runtime_Main_Module__loggerObj__C)
                  0000c93c    00000004     KIRC_FltCmp_RTOS_pem4f.oem4f (.const:xdc_runtime_Memory_defaultHeapInstance__C)
                  0000c940    00000004     KIRC_FltCmp_RTOS_pem4f.oem4f (.const:xdc_runtime_Startup_execImpl__C)
                  0000c944    00000004     KIRC_FltCmp_RTOS_pem4f.oem4f (.const:xdc_runtime_Startup_lastFxns__A)
                  0000c948    00000004     KIRC_FltCmp_RTOS_pem4f.oem4f (.const:xdc_runtime_Startup_maxPasses__C)
                  0000c94c    00000004     KIRC_FltCmp_RTOS_pem4f.oem4f (.const:xdc_runtime_Startup_sfxnRts__C)
                  0000c950    00000004     KIRC_FltCmp_RTOS_pem4f.oem4f (.const:xdc_runtime_Startup_sfxnTab__C)
                  0000c954    00000004     KIRC_FltCmp_RTOS_pem4f.oem4f (.const:xdc_runtime_SysCallback_abortFxn__C)
                  0000c958    00000004     KIRC_FltCmp_RTOS_pem4f.oem4f (.const:xdc_runtime_SysCallback_exitFxn__C)
                  0000c95c    00000004     KIRC_FltCmp_RTOS_pem4f.oem4f (.const:xdc_runtime_SysCallback_flushFxn__C)
                  0000c960    00000004     KIRC_FltCmp_RTOS_pem4f.oem4f (.const:xdc_runtime_SysCallback_putchFxn__C)
                  0000c964    00000004     KIRC_FltCmp_RTOS_pem4f.oem4f (.const:xdc_runtime_SysCallback_readyFxn__C)
                  0000c968    00000004     KIRC_FltCmp_RTOS_pem4f.oem4f (.const:xdc_runtime_System_Module__gateObj__C)
                  0000c96c    00000004     KIRC_FltCmp_RTOS_pem4f.oem4f (.const:xdc_runtime_System_extendFxn__C)
                  0000c970    00000004     KIRC_FltCmp_RTOS_pem4f.oem4f (.const:xdc_runtime_System_maxAtexitHandlers__C)
                  0000c974    00000004     KIRC_FltCmp_RTOS_pem4f.oem4f (.const:xdc_runtime_Text_charTab__C)
                  0000c978    00000004     KIRC_FltCmp_RTOS_pem4f.oem4f (.const:xdc_runtime_Text_nameEmpty__C)
                  0000c97c    00000004     KIRC_FltCmp_RTOS_pem4f.oem4f (.const:xdc_runtime_Text_nameStatic__C)
                  0000c980    00000004     KIRC_FltCmp_RTOS_pem4f.oem4f (.const:xdc_runtime_Text_nameUnknown__C)
                  0000c984    00000004     KIRC_FltCmp_RTOS_pem4f.oem4f (.const:xdc_runtime_Text_nodeTab__C)
                  0000c988    00000004     KIRC_FltCmp_RTOS_pem4f.oem4f (.const:xdc_runtime_Text_visitRopeFxn__C)
                  0000c98c    00000002     KIRC_FltCmp_RTOS_pem4f.oem4f (.const:ti_sysbios_family_arm_m3_Hwi_Module__id__C)
                  0000c98e    00000002     KIRC_FltCmp_RTOS_pem4f.oem4f (.const:ti_sysbios_gates_GateMutex_Module__id__C)
                  0000c990    00000002     KIRC_FltCmp_RTOS_pem4f.oem4f (.const:ti_sysbios_heaps_HeapMem_Module__id__C)
                  0000c992    00000002     KIRC_FltCmp_RTOS_pem4f.oem4f (.const:ti_sysbios_knl_Semaphore_Module__id__C)
                  0000c994    00000002     KIRC_FltCmp_RTOS_pem4f.oem4f (.const:ti_sysbios_knl_Task_Module__id__C)
                  0000c996    00000002     KIRC_FltCmp_RTOS_pem4f.oem4f (.const:ti_sysbios_knl_Task_initStackFlag__C)
                  0000c998    00000002     KIRC_FltCmp_RTOS_pem4f.oem4f (.const:xdc_runtime_Core_Module__id__C)
                  0000c99a    00000002     KIRC_FltCmp_RTOS_pem4f.oem4f (.const:xdc_runtime_Error_Module__loggerDefined__C)
                  0000c99c    00000002     KIRC_FltCmp_RTOS_pem4f.oem4f (.const:xdc_runtime_Error_maxDepth__C)
                  0000c99e    00000002     KIRC_FltCmp_RTOS_pem4f.oem4f (.const:xdc_runtime_Main_Module__id__C)
                  0000c9a0    00000002     KIRC_FltCmp_RTOS_pem4f.oem4f (.const:xdc_runtime_Main_Module__loggerDefined__C)
                  0000c9a2    00000002     KIRC_FltCmp_RTOS_pem4f.oem4f (.const:xdc_runtime_Memory_Module__id__C)
                  0000c9a4    00000002     KIRC_FltCmp_RTOS_pem4f.oem4f (.const:xdc_runtime_Text_charCnt__C)
                  0000c9a6    00000002     KIRC_FltCmp_RTOS_pem4f.oem4f (.const:xdc_runtime_Text_isLoaded__C)
                  0000c9a8    00000002     KIRC_FltCmp_RTOS_pem4f.oem4f (.const:xdc_runtime_Text_registryModsLastId__C)
                  0000c9aa    00000002     KIRC_FltCmp_RTOS_pem4f.oem4f (.const:xdc_runtime_Text_unnamedModsLastId__C)

.cinit     0    0000c9b0    000003b8     
                  0000c9b0    00000380     (.cinit..data.load) [load image, compression = rle]
                  0000cd30    0000000c     (__TI_handler_table)
                  0000cd3c    00000004     --HOLE-- [fill = 0]
                  0000cd40    00000008     (.cinit..bss.load) [load image, compression = zero_init]
                  0000cd48    00000008     (.cinit..vecs.load) [load image, compression = zero_init]
                  0000cd50    00000018     (__TI_cinit_table)

.vecs      0    20000000    00000360     UNINITIALIZED
                  20000000    00000360     KIRC_FltCmp_RTOS_pem4f.oem4f (.vecs)

.bss       0    20000360    00002490     UNINITIALIZED
                  20000360    00001e00     KIRC_FltCmp_RTOS_pem4f.oem4f (.bss:taskStackSection)
                  20002160    00000400     KIRC_FltCmp_RTOS_pem4f.oem4f (.bss:ti_sysbios_heaps_HeapMem_Instance_State_0_buf__A)
                  20002560    00000120     rtsv7M4_T_le_v4SPD16_eabi.lib : trgmsg.obj (.bss:__CIOBUF_)
                  20002680    000000a0                                   : defs.obj (.bss:__TI_tmpnams)
                  20002720    00000088     EK_TM4C123GXL.obj (.bss:uartTivaObjects)
                  200027a8    0000001c     (.common:callbackHwi)
                  200027c4    0000001c     (.common:callbackHwi2)
                  200027e0    00000008     (.common:parmbuf)
                  200027e8    00000004     (.common:ui32Load)
                  200027ec    00000004     (.common:ui32PWMClock)

.data      0    200027f0    00000c16     UNINITIALIZED
                  200027f0    00000360     KIRC_FltCmp_RTOS_pem4f.oem4f (.data:ti_sysbios_family_arm_m3_Hwi_Module_State_0_dispatchTable__A)
                  20002b50    0000016c     KIRC_FltCmp_RTOS_pem4f.oem4f (.data)
                  20002cbc    00000130     KIRC_FltCmp_RTOS_pem4f.oem4f (.data:ti_sysbios_knl_Task_Object__table__V)
                  20002dec    000000f0     rtsv7M4_T_le_v4SPD16_eabi.lib : defs.obj (.data:_ftable)
                  20002edc    000000d0                                   : lowlev.obj (.data)
                  20002fac    000000b0                                   : signal.obj (.data:sigtable)
                  2000305c    00000004     Main.obj (.data)
                  20003060    00000080     rtsv7M4_T_le_v4SPD16_eabi.lib : xvalues.obj (.data)
                  200030e0    00000068                                   : xfvalues.obj (.data)
                  20003148    0000005c     KIRC_FltCmp_RTOS_pem4f.oem4f (.data:ti_sysbios_family_arm_m3_Hwi_Module__state__V)
                  200031a4    00000044     KIRC_FltCmp_RTOS_pem4f.oem4f (.data:ti_sysbios_knl_Task_Module__state__V)
                  200031e8    0000003c     sensors.obj (.data:Gyro_Memory)
                  20003224    0000003c     Main.obj (.data:RxData)
                  20003260    00000038     KIRC_FltCmp_RTOS_pem4f.oem4f (.data:ti_sysbios_family_arm_lm4_Timer_Object__table__V)
                  20003298    00000038     KIRC_FltCmp_RTOS_pem4f.oem4f (.data:ti_sysbios_gates_GateMutex_Object__table__V)
                  200032d0    00000034     Main.obj (.data:controlData)
                  20003304    00000030     KIRC_FltCmp_RTOS_pem4f.oem4f (.data:ti_sysbios_family_arm_lm4_Timer_Module_State_0_device__A)
                  20003334    00000028     KIRC_FltCmp_RTOS_pem4f.oem4f (.data:ti_sysbios_knl_Clock_Module__state__V)
                  2000335c    00000024     Main.obj (.data:IMUdata)
                  20003380    00000018     UARTUtils.obj (.data)
                  20003398    00000018     sensors.obj (.data)
                  200033b0    00000010     quaternion.obj (.data)
                  200033c0    00000010     rtsv7M4_T_le_v4SPD16_eabi.lib : defs.obj (.data)
                  200033d0    00000008     gpio_tivaware.aem4f : GPIO.oem4f (.data)
                  200033d8    00000008     rtsv7M4_T_le_v4SPD16_eabi.lib : _lock.obj (.data)
                  200033e0    00000008                                   : exit.obj (.data)
                  200033e8    00000008                                   : feraiseexcept.obj (.data)
                  200033f0    00000004                                   : dtor_list.obj (.data)
                  200033f4    00000004                                   : errno.obj (.data)
                  200033f8    00000004                                   : fopen.obj (.data)
                  200033fc    00000004                                   : stkdepth_vars.obj (.data)
                  20003400    00000004     uart_tivaware.aem4f : UART.oem4f (.data)
                  20003404    00000002     RxFunctions.obj (.data)

.stack     0    20003408    00000600     UNINITIALIZED
                  20003408    00000600     --HOLE--


LINKER GENERATED COPY TABLES

__TI_cinit_table @ 0000cd50 records: 3, size/record: 8, table size: 24
	.data: load addr=0000c9b0, load size=00000380 bytes, run addr=200027f0, run size=00000c16 bytes, compression=rle
	.bss: load addr=0000cd40, load size=00000008 bytes, run addr=20000360, run size=00002490 bytes, compression=zero_init
	.vecs: load addr=0000cd48, load size=00000008 bytes, run addr=20000000, run size=00000360 bytes, compression=zero_init


LINKER GENERATED HANDLER TABLE

__TI_handler_table @ 0000cd30 records: 3, size/record: 4, table size: 12
	index: 0, handler: __TI_zero_init
	index: 1, handler: __TI_decompress_rle24
	index: 2, handler: __TI_decompress_none


GLOBAL SYMBOLS: SORTED ALPHABETICALLY BY Name 

address    name
--------   ----
00009c1d   Accel_Init
00009149   C$$EXIT
00008893   C$$IO$$
00006995   Calib_Accel
000051d9   Calib_Gyro
00009e27   ClearRxInterrupts
00001c89   ControlFxn
00009e4f   DisableRxInterrupts
0000c528   EK_TM4C123GXL_gpioPortACallbacks
0000c554   EK_TM4C123GXL_gpioPortFCallbacks
000067c5   EK_TM4C123GXL_initGPIO
00009325   EK_TM4C123GXL_initGeneral
00008465   EK_TM4C123GXL_initPWM
00009c49   EK_TM4C123GXL_initUART
0000980d   EnableRxInterrupts
00004715   Filter_GyroData
00009da9   GPIODirModeSet
0000a971   GPIOIntClear
0000a795   GPIOIntDisable
0000a805   GPIOIntEnable
0000a7a3   GPIOIntStatus
00008ba5   GPIOIntTypeSet
00005a65   GPIOPadConfigSet
00008e7d   GPIOPinConfigure
0000a977   GPIOPinRead
0000a57d   GPIOPinTypeGPIOInput
0000a2d3   GPIOPinTypeGPIOOutput
0000a58f   GPIOPinTypeI2C
0000a5a1   GPIOPinTypeI2CSCL
0000a5b3   GPIOPinTypePWM
0000a5c5   GPIOPinTypeUART
0000a97d   GPIOPinWrite
0000a4c9   GPIO_clearInt
0000c4c8   GPIO_config
00009f41   GPIO_disableInt
00009365   GPIO_enableInt
00009dd3   GPIO_hwiIntFxn
00009f65   GPIO_init
00008bfd   GPIO_setupCallbacks
00009525   GPIO_toggle
00009e79   GPIO_write
00007eb1   GetData_Accel
00007f35   GetData_Gyro
0000a2eb   Gyro_Init
200031e8   Gyro_Memory
20003398   Gyro_Offset
00002f71   HOSTclock
00002f39   HOSTclose
00002efb   HOSTgetenv
00002e9f   HOSTlseek
00002e4d   HOSTopen
00002e01   HOSTread
00002da3   HOSTrename
00002d69   HOSTtime
00002d31   HOSTunlink
00002ce5   HOSTwrite
00008ec5   I2C0_MasterInit
00008809   I2C0_RxData
00008af5   I2C0_TxData
0000a931   I2CMasterBusy
0000a9c5   I2CMasterControl
0000a9c9   I2CMasterDataGet
0000a9cd   I2CMasterDataPut
0000a8b9   I2CMasterEnable
00008f0d   I2CMasterInitExpClk
0000a939   I2CMasterSlaveAddrSet
2000335c   IMUdata
200033a4   Magn_Offset
0000a061   PWMGenConfigure
0000a811   PWMGenEnable
0000a655   PWMGenPeriodSet
0000a5d7   PWMOutputState
0000a185   PWMPulseWidthSet
00003ce5   ProcessRxData
00007ac9   ProcessStateMachine
00007fb9   RCinputIntHandler
20003404   RXChannelLock
00004f59   ReadInputFxn
00007e29   ReadSensorsFxn
0000803d   Read_Accel
00004a05   Read_Gyro
20003224   RxData
UNDEFED    SHT$$INIT_ARRAY$$Base
UNDEFED    SHT$$INIT_ARRAY$$Limit
200033b0   State
00007101   StateEst_Calib
00006eb5   SysCtlClockGet
0000a983   SysCtlDelay
0000a4dd   SysCtlPWMClockSet
00009841   SysCtlPeripheralEnable
20002da0   TSK_idle
0000a8c3   UARTCharGet
0000a7b1   UARTCharGetNonBlocking
0000a8cd   UARTCharPut
0000a7bf   UARTCharPutNonBlocking
000092e1   UARTConfigSetExpClk
0000a1c1   UARTDisable
0000a4f1   UARTEnable
0000a989   UARTFIFOLevelSet
0000a9d1   UARTIntClear
0000a8d7   UARTIntDisable
0000a941   UARTIntEnable
0000a8e1   UARTIntStatus
0000c5a8   UARTTiva_fxnTable
0000a303   UARTUtils_deviceclose
0000a5e9   UARTUtils_devicelseek
00009b65   UARTUtils_deviceopen
000098a9   UARTUtils_deviceread
0000a665   UARTUtils_devicerename
0000a7cd   UARTUtils_deviceunlink
000098dd   UARTUtils_devicewrite
00009f89   UARTUtils_systemAbort
00007c85   UARTUtils_systemInit
0000a085   UARTUtils_systemPutch
0000a505   UARTUtils_systemReady
00009c75   UART_Params_init
0000a8eb   UART_close
0000c4b0   UART_config
00009615   UART_init
0000a31d   UART_open
0000a8f5   UART_read
0000a8ff   UART_write
0000a909   UART_writePolling
000011ed   Update_State
00004589   _Atan
0000a60d   _Dclass
20003060   _Denorm
00006f7d   _Dnorm
00005dd5   _Dscale
0000918d   _Dtest
00008741   _Dunscale
20003070   _Eps
200033f4   _Errno
00007525   _FAtan
200030e0   _FDenorm
00009979   _FDtest
200030f0   _FEps
20003100   _FInf
20003110   _FNan
20003130   _FRteps
20003120   _FSnan
20003140   _FXbig
20003144   _FZero
200033e8   _Fenv
00009a75   _Feraise
20003080   _Hugeval
20003090   _Inf
200030a0   _Nan
200030c0   _Rteps
200030b0   _Snan
200033ec   _Tls_setup__Fenv
200030d0   _Xbig
200030d8   _Zero
00000000   __ASM__
20002560   __CIOBUF_
00000086   __ISA__
00000099   __PLAT__
20003a08   __STACK_END
00000600   __STACK_SIZE
20003508   __STACK_TOP
000000ba   __TARG__
0000cd50   __TI_CINIT_Base
0000cd68   __TI_CINIT_Limit
0000cd30   __TI_Handler_Table_Base
0000cd3c   __TI_Handler_Table_Limit
00000001   __TI_args_main
000077bd   __TI_auto_init
00003f95   __TI_cleanup
200033e0   __TI_cleanup_ptr
00007a31   __TI_closefile
0000a7db   __TI_decompress_none
0000a995   __TI_decompress_rle24
00007041   __TI_doflush
200033e4   __TI_dtors_ptr
200033c0   __TI_ft_end
00000ee3   __TI_printfi
0000742f   __TI_rd_ok
00008897   __TI_readmsg
00000000   __TI_static_base__
20002680   __TI_tmpnams
00008869   __TI_writemsg
000073cd   __TI_wrt_ok
0000a5fb   __TI_zero_init
000000e0   __TRDR__
0000654d   __aeabi_atexit
000080c1   __aeabi_cdcmpeq
000080c1   __aeabi_cdcmple
0000813f   __aeabi_cdrcmple
00008e31   __aeabi_d2f
00008f55   __aeabi_d2iz
00004097   __aeabi_dadd
000056c5   __aeabi_ddiv
00006301   __aeabi_dmul
0000408d   __aeabi_dsub
0000964d   __aeabi_f2d
00009bc1   __aeabi_i2d
0000a365   __aeabi_lmul
000081bd   __aeabi_memclr
000081bd   __aeabi_memclr4
000081bd   __aeabi_memclr8
000078f9   __aeabi_memcpy
000078f9   __aeabi_memcpy4
000078f9   __aeabi_memcpy8
000081bf   __aeabi_memset
000081bf   __aeabi_memset4
000081bf   __aeabi_memset8
200033cc   __aeabi_stderr
200033c4   __aeabi_stdin
200033c8   __aeabi_stdout
00003af1   __aeabi_uldivmod
ffffffff   __binit__
ffffffff   __c_args__
0000653b   __cxa_atexit
000064f5   __cxa_finalize
00006535   __cxa_ia64_exit
20003408   __stack
0000a98f   __xdc__init
20002cb8   __xdc__init__addr
0000a34d   _args_main
00008a9d   _c_int00
0000bff8   _ctypes_
20002dec   _ftable
200033d8   _lock
0000a527   _nop
0000a51f   _register_lock
0000a519   _register_unlock
200033dc   _unlock
0000914d   abort
00002c37   add_device
00005cb9   asin
00006d09   atan2f
0000653f   atexit
00008de5   atoi
ffffffff   binit
200027a8   callbackHwi
200027c4   callbackHwi2
00002be5   close
200032d0   controlData
00009105   copy_in
20003405   currentRXChannel
00009155   exit
00007a97   fclose
00009945   feraiseexcept
0000708d   fflush
00003feb   fopen
0000785d   fputc
000057fd   fputs
0000a335   free
00003fc1   freopen
000086dd   fseek
0000c2f0   gpioHWAttrs
0000c498   i2cTivaHWAttrs
00002bc1   lseek
00008a41   ltoa
000065e9   main
200033fc   main_func_sp
00009b93   malloc
0000a1dd   memccpy
0000a49d   memchr
000078f9   memcpy
000081c5   memset
0000a285   motorsDisable
00005315   motors_init
00006c31   motors_out
00002b13   open
0000823d   printf
000078e1   putc
000078e5   putchar
00005909   puts
00009bef   raise
00002aef   read
00002a65   remove
00002ac7   remove_device
00002a89   rename
00006b55   setvbuf
000093e5   signal
00004e11   sqrt
0000a4b3   strchr
0000a37d   strcmp
0000a675   strcpy
0000a52d   strlen
00009a45   strncpy
0000c264   ti_catalog_arm_cortexm4_tiva_ce_Boot_A_mustUseEnhancedClockMode__C
0000c7f4   ti_catalog_arm_cortexm4_tiva_ce_Boot_Module__diagsEnabled__C
0000c7f8   ti_catalog_arm_cortexm4_tiva_ce_Boot_Module__diagsIncluded__C
0000c7fc   ti_catalog_arm_cortexm4_tiva_ce_Boot_Module__diagsMask__C
0000c1d2   ti_catalog_arm_cortexm4_tiva_ce_Boot_Module__id__C
0000a7f9   ti_catalog_arm_cortexm4_tiva_ce_Boot_init__I
00005ee5   ti_catalog_arm_cortexm4_tiva_ce_Boot_sysCtlClockSetI__I
00007b5d   ti_catalog_arm_cortexm4_tiva_ce_Boot_sysCtlClockSet__E
0000a99b   ti_catalog_arm_cortexm4_tiva_ce_Boot_sysCtlDelayI__I
0000c800   ti_sysbios_BIOS_Module__diagsEnabled__C
0000c804   ti_sysbios_BIOS_Module__diagsIncluded__C
0000c808   ti_sysbios_BIOS_Module__diagsMask__C
0000c7ca   ti_sysbios_BIOS_Module__id__C
20002b50   ti_sysbios_BIOS_Module__state__V
0000a9d5   ti_sysbios_BIOS_RtsGateProxy_enter__E
0000a9d9   ti_sysbios_BIOS_RtsGateProxy_leave__E
0000a9ed   ti_sysbios_BIOS_RtsGateProxy_query__E
00008f9d   ti_sysbios_BIOS_errorRaiseHook__I
00009ca1   ti_sysbios_BIOS_exitFunc__I
0000a685   ti_sysbios_BIOS_getCpuFreq__E
0000c80c   ti_sysbios_BIOS_installedErrorHook__C
00004243   ti_sysbios_BIOS_nullFunc__I
00009fad   ti_sysbios_BIOS_registerRTSLock__I
0000a1f9   ti_sysbios_BIOS_rtsLock__I
000085a9   ti_sysbios_BIOS_rtsUnlock__I
0000a695   ti_sysbios_BIOS_setThreadType__E
0000a0a5   ti_sysbios_BIOS_startFunc__I
0000a6a5   ti_sysbios_BIOS_start__E
20003304   ti_sysbios_family_arm_lm4_Timer_Module_State_0_device__A
20002b78   ti_sysbios_family_arm_lm4_Timer_Module_State_0_handles__A
20002b70   ti_sysbios_family_arm_lm4_Timer_Module__root__V
0000a395   ti_sysbios_family_arm_lm4_Timer_Module__startupDone__F
0000a395   ti_sysbios_family_arm_lm4_Timer_Module__startupDone__S
20002b90   ti_sysbios_family_arm_lm4_Timer_Module__state__V
00008989   ti_sysbios_family_arm_lm4_Timer_Module_startup__E
00008989   ti_sysbios_family_arm_lm4_Timer_Module_startup__F
20003260   ti_sysbios_family_arm_lm4_Timer_Object__table__V
0000c810   ti_sysbios_family_arm_lm4_Timer_enableFunc__C
00007675   ti_sysbios_family_arm_lm4_Timer_enableTimers__I
00007479   ti_sysbios_family_arm_lm4_Timer_enableTiva__I
0000a9dd   ti_sysbios_family_arm_lm4_Timer_getPeriod__E
000088c9   ti_sysbios_family_arm_lm4_Timer_isrStub__E
0000a81d   ti_sysbios_family_arm_lm4_Timer_masterDisable__I
0000a9e1   ti_sysbios_family_arm_lm4_Timer_masterEnable__I
0000c814   ti_sysbios_family_arm_lm4_Timer_numTimerDevices__C
000036e5   ti_sysbios_family_arm_lm4_Timer_start__E
0000c818   ti_sysbios_family_arm_lm4_Timer_startupNeeded__C
00009425   ti_sysbios_family_arm_lm4_Timer_startup__E
000091d1   ti_sysbios_family_arm_lm4_Timer_stop__E
0000a1a3   ti_sysbios_family_arm_lm4_Timer_write__I
0000c81c   ti_sysbios_family_arm_m3_Hwi_E_NMI__C
0000c820   ti_sysbios_family_arm_m3_Hwi_E_alreadyDefined__C
0000c824   ti_sysbios_family_arm_m3_Hwi_E_busFault__C
0000c828   ti_sysbios_family_arm_m3_Hwi_E_debugMon__C
0000c82c   ti_sysbios_family_arm_m3_Hwi_E_hardFault__C
0000c830   ti_sysbios_family_arm_m3_Hwi_E_memFault__C
0000c834   ti_sysbios_family_arm_m3_Hwi_E_noIsr__C
0000c838   ti_sysbios_family_arm_m3_Hwi_E_reserved__C
0000c83c   ti_sysbios_family_arm_m3_Hwi_E_svCall__C
0000c840   ti_sysbios_family_arm_m3_Hwi_E_usageFault__C
0000a3ad   ti_sysbios_family_arm_m3_Hwi_Handle__label__S
00009fd1   ti_sysbios_family_arm_m3_Hwi_Instance_finalize__F
00007d11   ti_sysbios_family_arm_m3_Hwi_Instance_init__F
200027f0   ti_sysbios_family_arm_m3_Hwi_Module_State_0_dispatchTable__A
20002bbc   ti_sysbios_family_arm_m3_Hwi_Module_State_0_excActive__A
20002bc0   ti_sysbios_family_arm_m3_Hwi_Module_State_0_excContext__A
20002bc4   ti_sysbios_family_arm_m3_Hwi_Module_State_0_excStack__A
0000c98c   ti_sysbios_family_arm_m3_Hwi_Module__id__C
20002b9c   ti_sysbios_family_arm_m3_Hwi_Module__root__V
0000a3c5   ti_sysbios_family_arm_m3_Hwi_Module__startupDone__F
0000a3c5   ti_sysbios_family_arm_m3_Hwi_Module__startupDone__S
20003148   ti_sysbios_family_arm_m3_Hwi_Module__state__V
00007719   ti_sysbios_family_arm_m3_Hwi_Module_startup__E
00007719   ti_sysbios_family_arm_m3_Hwi_Module_startup__F
0000c844   ti_sysbios_family_arm_m3_Hwi_NUM_INTERRUPTS__C
[...]
0000a2b9   xdc_runtime_System_printf__E
0000a2d3   GPIOPinTypeGPIOOutput
0000a2eb   Gyro_Init
0000a303   UARTUtils_deviceclose
0000a31d   UART_open
0000a335   free
0000a34d   _args_main
0000a365   __aeabi_lmul
0000a37d   strcmp
0000a395   ti_sysbios_family_arm_lm4_Timer_Module__startupDone__F
0000a395   ti_sysbios_family_arm_lm4_Timer_Module__startupDone__S
0000a3ad   ti_sysbios_family_arm_m3_Hwi_Handle__label__S
0000a3c5   ti_sysbios_family_arm_m3_Hwi_Module__startupDone__F
0000a3c5   ti_sysbios_family_arm_m3_Hwi_Module__startupDone__S
0000a3dd   ti_sysbios_family_arm_m3_TaskSupport_swap__E
0000a3dd   ti_sysbios_knl_Task_SupportProxy_swap__E
0000a3e9   ti_sysbios_knl_Task_swapReturn
0000a3f5   ti_sysbios_gates_GateHwi_Handle__label__S
0000a40d   ti_sysbios_gates_GateMutex_Handle__label__S
0000a425   ti_sysbios_gates_GateMutex_leave__E
0000a43d   ti_sysbios_hal_Timer_Module__startupDone__F
0000a43d   ti_sysbios_hal_Timer_Module__startupDone__S
0000a455   ti_sysbios_heaps_HeapMem_Handle__label__S
0000a46d   ti_sysbios_knl_Task_Handle__label__S
0000a485   xdc_runtime_Text_ropeText__E
0000a485   xdc_runtime_Text_ropeText__F
0000a49d   memchr
0000a4b3   strchr
0000a4c9   GPIO_clearInt
0000a4dd   SysCtlPWMClockSet
0000a4f1   UARTEnable
0000a505   UARTUtils_systemReady
0000a519   _register_unlock
0000a51f   _register_lock
0000a527   _nop
0000a52d   strlen
0000a541   ti_sysbios_family_arm_m3_Hwi_switchFromBootStack__E
0000a541   ti_sysbios_hal_Hwi_HwiProxy_switchFromBootStack__E
0000a541   ti_sysbios_hal_Hwi_switchFromBootStack__E
0000a555   ti_sysbios_heaps_HeapMem_Object__get__S
0000a569   xdc_runtime_System_abort__E
0000a569   xdc_runtime_System_abort__F
0000a57d   GPIOPinTypeGPIOInput
0000a58f   GPIOPinTypeI2C
0000a5a1   GPIOPinTypeI2CSCL
0000a5b3   GPIOPinTypePWM
0000a5c5   GPIOPinTypeUART
0000a5d7   PWMOutputState
0000a5e9   UARTUtils_devicelseek
0000a5fb   __TI_zero_init
0000a60d   _Dclass
0000a61f   ti_sysbios_hal_Hwi_Module_startup__E
0000a61f   ti_sysbios_hal_Hwi_Module_startup__F
0000a631   ti_sysbios_hal_Timer_Module_startup__E
0000a631   ti_sysbios_hal_Timer_Module_startup__F
0000a643   xdc_runtime_Startup_exec__I
0000a655   PWMGenPeriodSet
0000a665   UARTUtils_devicerename
0000a675   strcpy
0000a685   ti_sysbios_BIOS_getCpuFreq__E
0000a695   ti_sysbios_BIOS_setThreadType__E
0000a6a5   ti_sysbios_BIOS_start__E
0000a6b5   ti_sysbios_family_arm_m3_Hwi_excHandler__I
0000a6c5   ti_sysbios_family_arm_m3_TaskSupport_glue
0000a6d5   ti_sysbios_gates_GateMutex_Instance_finalize__F
0000a6e5   ti_sysbios_knl_Semaphore_Instance_finalize__F
0000a6f5   ti_sysbios_knl_Task_Object__get__S
0000a705   ti_sysbios_knl_Task_disable__E
0000a715   xdc_runtime_Gate_leaveSystem__E
0000a715   xdc_runtime_Gate_leaveSystem__F
0000a725   xdc_runtime_Memory_free__E
0000a725   xdc_runtime_Memory_free__F
0000a735   xdc_runtime_SysCallback_abort__E
0000a735   xdc_runtime_SysCallback_abort__F
0000a735   xdc_runtime_System_SupportProxy_abort__E
0000a745   xdc_runtime_SysCallback_exit__E
0000a745   xdc_runtime_SysCallback_exit__F
0000a745   xdc_runtime_System_SupportProxy_exit__E
0000a755   xdc_runtime_SysCallback_flush__E
0000a755   xdc_runtime_SysCallback_flush__F
0000a755   xdc_runtime_System_SupportProxy_flush__E
0000a755   xdc_runtime_System_flush__E
0000a755   xdc_runtime_System_flush__F
0000a765   xdc_runtime_SysCallback_putch__E
0000a765   xdc_runtime_SysCallback_putch__F
0000a765   xdc_runtime_System_SupportProxy_putch__E
0000a775   xdc_runtime_SysCallback_ready__E
0000a775   xdc_runtime_SysCallback_ready__F
0000a775   xdc_runtime_System_SupportProxy_ready__E
0000a785   xdc_runtime_System_vsnprintf__F
0000a795   GPIOIntDisable
0000a7a3   GPIOIntStatus
0000a7b1   UARTCharGetNonBlocking
0000a7bf   UARTCharPutNonBlocking
0000a7cd   UARTUtils_deviceunlink
0000a7db   __TI_decompress_none
0000a7e9   ti_sysbios_knl_Queue_empty__E
0000a7f9   ti_catalog_arm_cortexm4_tiva_ce_Boot_init__I
0000a805   GPIOIntEnable
0000a811   PWMGenEnable
0000a81d   ti_sysbios_family_arm_lm4_Timer_masterDisable__I
0000a829   ti_sysbios_family_arm_m3_Hwi_Params__init__S
0000a835   ti_sysbios_family_arm_m3_Hwi_disableFxn__E
0000a835   ti_sysbios_hal_Hwi_HwiProxy_disable__E
0000a835   ti_sysbios_hal_Hwi_disable__E
0000a841   ti_sysbios_gates_GateHwi_enter__E
0000a84d   ti_sysbios_knl_Clock_getTicks__E
0000a859   ti_sysbios_knl_Queue_Object__get__S
0000a865   ti_sysbios_knl_Semaphore_Params__init__S
0000a871   xdc_runtime_Error_init__E
0000a871   xdc_runtime_Error_init__F
0000a87d   xdc_runtime_Gate_enterSystem__E
0000a87d   xdc_runtime_Gate_enterSystem__F
0000a889   xdc_runtime_Memory_calloc__E
0000a889   xdc_runtime_Memory_calloc__F
0000a895   xdc_runtime_Memory_getMaxDefaultTypeAlign__E
0000a895   xdc_runtime_Memory_getMaxDefaultTypeAlign__F
0000a8a1   xdc_runtime_System_exit__E
0000a8a1   xdc_runtime_System_exit__F
0000a8ad   xdc_runtime_System_lastFxn__I
0000a8b9   I2CMasterEnable
0000a8c3   UARTCharGet
0000a8cd   UARTCharPut
0000a8d7   UARTIntDisable
0000a8e1   UARTIntStatus
0000a8eb   UART_close
0000a8f5   UART_read
0000a8ff   UART_write
0000a909   UART_writePolling
0000a927   xdc_runtime_Text_visitRope__I
0000a931   I2CMasterBusy
0000a939   I2CMasterSlaveAddrSet
0000a941   UARTIntEnable
0000a959   ti_sysbios_family_arm_m3_Hwi_startup__E
0000a959   ti_sysbios_hal_Hwi_HwiProxy_startup__E
0000a959   ti_sysbios_hal_Hwi_startup__E
0000a961   ti_sysbios_knl_Idle_loop__E
0000a971   GPIOIntClear
0000a977   GPIOPinRead
0000a97d   GPIOPinWrite
0000a983   SysCtlDelay
0000a989   UARTFIFOLevelSet
0000a98f   __xdc__init
0000a995   __TI_decompress_rle24
0000a99b   ti_catalog_arm_cortexm4_tiva_ce_Boot_sysCtlDelayI__I
0000a9a1   ti_sysbios_family_arm_m3_Hwi_restoreFxn__E
0000a9a1   ti_sysbios_hal_Hwi_HwiProxy_restore__E
0000a9a1   ti_sysbios_hal_Hwi_restore__E
0000a9a7   ti_sysbios_gates_GateHwi_leave__E
0000a9ad   ti_sysbios_heaps_HeapMem_isBlocking__E
0000a9b3   ti_sysbios_knl_Queue_Instance_init__F
0000a9b9   ti_sysbios_knl_Swi_Module_startup__E
0000a9b9   ti_sysbios_knl_Swi_Module_startup__F
0000a9bf   xdc_runtime_System_Module_startup__E
0000a9bf   xdc_runtime_System_Module_startup__F
0000a9c5   I2CMasterControl
0000a9c9   I2CMasterDataGet
0000a9cd   I2CMasterDataPut
0000a9d1   UARTIntClear
0000a9d5   ti_sysbios_BIOS_RtsGateProxy_enter__E
0000a9d9   ti_sysbios_BIOS_RtsGateProxy_leave__E
0000a9dd   ti_sysbios_family_arm_lm4_Timer_getPeriod__E
0000a9e1   ti_sysbios_family_arm_lm4_Timer_masterEnable__I
0000a9e5   ti_sysbios_family_arm_m3_TaskSupport_Module__startupDone__S
0000a9e9   ti_sysbios_gates_GateHwi_query__E
0000a9e9   ti_sysbios_gates_GateHwi_query__F
0000a9e9   xdc_runtime_Main_Module_GateProxy_query__E
0000a9e9   xdc_runtime_System_Module_GateProxy_query__E
0000a9ed   ti_sysbios_BIOS_RtsGateProxy_query__E
0000a9ed   ti_sysbios_gates_GateMutex_query__E
0000a9ed   ti_sysbios_gates_GateMutex_query__F
0000a9ed   ti_sysbios_heaps_HeapMem_Module_GateProxy_query__E
0000a9f1   ti_sysbios_hal_Hwi_HwiProxy_Module__startupDone__S
0000a9f5   ti_sysbios_hal_Timer_TimerProxy_Module__startupDone__S
0000a9f9   ti_sysbios_hal_Timer_TimerProxy_getPeriod__E
0000a9fd   ti_sysbios_heaps_HeapMem_Module_GateProxy_enter__E
0000aa01   ti_sysbios_heaps_HeapMem_Module_GateProxy_leave__E
0000aa05   ti_sysbios_knl_Task_SupportProxy_Module__startupDone__S
0000aa09   ti_sysbios_knl_Task_startup__E
0000aa0d   xdc_runtime_Error_getSite__E
0000aa0d   xdc_runtime_Error_getSite__F
0000aa11   xdc_runtime_Memory_HeapProxy_alloc__E
0000aa15   xdc_runtime_Memory_HeapProxy_free__E
0000aa19   xdc_runtime_System_Module_GateProxy_enter__E
0000aa1d   xdc_runtime_System_Module_GateProxy_leave__E
0000aa21   xdc_runtime_System_aprintf_va__F
0000aa25   xdc_runtime_System_printf_va__F
0000aa29   xdc_runtime_System_vsnprintf__E
0000aa30   xdc_runtime_Text_charTab__A
0000bff7   xdc_runtime_Error_policy__C
0000bff8   _ctypes_
0000c0fa   ti_sysbios_family_arm_m3_Hwi_priorities__A
0000c1d2   ti_catalog_arm_cortexm4_tiva_ce_Boot_Module__id__C
0000c264   ti_catalog_arm_cortexm4_tiva_ce_Boot_A_mustUseEnhancedClockMode__C
0000c2f0   gpioHWAttrs
0000c498   i2cTivaHWAttrs
0000c4a8   uartTivaHWAttrs
0000c4b0   UART_config
0000c4c8   GPIO_config
0000c4f8   ti_sysbios_family_arm_m3_Hwi_Object__PARAMS__C
0000c528   EK_TM4C123GXL_gpioPortACallbacks
0000c554   EK_TM4C123GXL_gpioPortFCallbacks
0000c580   ti_sysbios_heaps_HeapMem_Module__FXNS__C
0000c5a8   UARTTiva_fxnTable
0000c5cc   ti_sysbios_gates_GateHwi_Module__FXNS__C
0000c5f0   ti_sysbios_gates_GateMutex_Module__FXNS__C
0000c614   ti_sysbios_heaps_HeapMem_Object__PARAMS__C
0000c638   ti_sysbios_knl_Semaphore_Object__PARAMS__C
0000c65c   ti_sysbios_family_arm_m3_Hwi_Object__DESC__C
0000c67c   ti_sysbios_gates_GateHwi_Object__DESC__C
0000c69c   ti_sysbios_gates_GateMutex_Object__DESC__C
0000c6bc   ti_sysbios_heaps_HeapMem_Object__DESC__C
0000c6dc   ti_sysbios_knl_Queue_Object__DESC__C
0000c6fc   ti_sysbios_knl_Semaphore_Object__DESC__C
0000c71c   xdc_runtime_Startup_sfxnTab__A
0000c73c   ti_sysbios_gates_GateHwi_Object__PARAMS__C
0000c754   ti_sysbios_gates_GateMutex_Object__PARAMS__C
0000c76c   ti_sysbios_knl_Queue_Object__PARAMS__C
0000c784   xdc_runtime_Startup_firstFxns__A
0000c7aa   xdc_runtime_Startup_sfxnRts__A
0000c7ba   xdc_runtime_Text_nodeTab__A
0000c7ca   ti_sysbios_BIOS_Module__id__C
0000c7cc   ti_sysbios_family_arm_m3_Hwi_excHookFuncs__A
0000c7d4   ti_sysbios_knl_Idle_coreList__C
0000c7dc   ti_sysbios_knl_Idle_funcList__C
0000c7e4   xdc_runtime_Startup_firstFxns__C
0000c7ec   xdc_runtime_Startup_lastFxns__C
0000c7f4   ti_catalog_arm_cortexm4_tiva_ce_Boot_Module__diagsEnabled__C
0000c7f8   ti_catalog_arm_cortexm4_tiva_ce_Boot_Module__diagsIncluded__C
0000c7fc   ti_catalog_arm_cortexm4_tiva_ce_Boot_Module__diagsMask__C
0000c800   ti_sysbios_BIOS_Module__diagsEnabled__C
0000c804   ti_sysbios_BIOS_Module__diagsIncluded__C
0000c808   ti_sysbios_BIOS_Module__diagsMask__C
0000c80c   ti_sysbios_BIOS_installedErrorHook__C
0000c810   ti_sysbios_family_arm_lm4_Timer_enableFunc__C
0000c814   ti_sysbios_family_arm_lm4_Timer_numTimerDevices__C
0000c818   ti_sysbios_family_arm_lm4_Timer_startupNeeded__C
0000c81c   ti_sysbios_family_arm_m3_Hwi_E_NMI__C
0000c820   ti_sysbios_family_arm_m3_Hwi_E_alreadyDefined__C
0000c824   ti_sysbios_family_arm_m3_Hwi_E_busFault__C
0000c828   ti_sysbios_family_arm_m3_Hwi_E_debugMon__C
0000c82c   ti_sysbios_family_arm_m3_Hwi_E_hardFault__C
0000c830   ti_sysbios_family_arm_m3_Hwi_E_memFault__C
0000c834   ti_sysbios_family_arm_m3_Hwi_E_noIsr__C
0000c838   ti_sysbios_family_arm_m3_Hwi_E_reserved__C
0000c83c   ti_sysbios_family_arm_m3_Hwi_E_svCall__C
0000c840   ti_sysbios_family_arm_m3_Hwi_E_usageFault__C
0000c844   ti_sysbios_family_arm_m3_Hwi_NUM_INTERRUPTS__C
0000c848   ti_sysbios_family_arm_m3_Hwi_ccr__C
0000c84c   ti_sysbios_family_arm_m3_Hwi_dispatchTable__C
0000c850   ti_sysbios_family_arm_m3_Hwi_excHandlerFunc__C
0000c854   ti_sysbios_family_arm_m3_Hwi_excHookFuncs__C
0000c858   ti_sysbios_family_arm_m3_Hwi_priGroup__C
0000c85c   ti_sysbios_family_arm_m3_Hwi_priorities__C
0000c860   ti_sysbios_gates_GateMutex_A_badContext__C
0000c864   ti_sysbios_gates_GateMutex_Instance_State_sem__O
0000c868   ti_sysbios_gates_GateMutex_Module__diagsEnabled__C
0000c86c   ti_sysbios_gates_GateMutex_Module__diagsIncluded__C
0000c870   ti_sysbios_gates_GateMutex_Module__diagsMask__C
0000c874   ti_sysbios_heaps_HeapMem_A_align__C
0000c878   ti_sysbios_heaps_HeapMem_A_heapSize__C
0000c87c   ti_sysbios_heaps_HeapMem_A_invalidFree__C
0000c880   ti_sysbios_heaps_HeapMem_A_zeroBlock__C
0000c884   ti_sysbios_heaps_HeapMem_E_memory__C
0000c888   ti_sysbios_heaps_HeapMem_Module__diagsEnabled__C
0000c88c   ti_sysbios_heaps_HeapMem_Module__diagsIncluded__C
0000c890   ti_sysbios_heaps_HeapMem_Module__diagsMask__C
0000c894   ti_sysbios_heaps_HeapMem_Module__gateObj__C
0000c898   ti_sysbios_heaps_HeapMem_Object__count__C
0000c89c   ti_sysbios_heaps_HeapMem_reqAlign__C
0000c8a0   ti_sysbios_knl_Clock_Module_State_clockQ__O
0000c8a4   ti_sysbios_knl_Semaphore_A_badContext__C
0000c8a8   ti_sysbios_knl_Semaphore_A_noEvents__C
0000c8ac   ti_sysbios_knl_Semaphore_A_overflow__C
0000c8b0   ti_sysbios_knl_Semaphore_A_pendTaskDisabled__C
0000c8b4   ti_sysbios_knl_Semaphore_Instance_State_pendQ__O
0000c8b8   ti_sysbios_knl_Semaphore_Module__diagsEnabled__C
0000c8bc   ti_sysbios_knl_Semaphore_Module__diagsIncluded__C
0000c8c0   ti_sysbios_knl_Semaphore_Module__diagsMask__C
0000c8c4   ti_sysbios_knl_Task_A_badTimeout__C
0000c8c8   ti_sysbios_knl_Task_A_sleepTaskDisabled__C
0000c8cc   ti_sysbios_knl_Task_Module_State_inactiveQ__O
0000c8d0   ti_sysbios_knl_Task_Module__diagsEnabled__C
0000c8d4   ti_sysbios_knl_Task_Module__diagsIncluded__C
0000c8d8   ti_sysbios_knl_Task_Module__diagsMask__C
0000c8dc   ti_sysbios_knl_Task_Object__count__C
0000c8e0   ti_sysbios_knl_Task_allBlockedFunc__C
0000c8e4   ti_sysbios_knl_Task_numConstructedTasks__C
0000c8e8   xdc_runtime_Assert_E_assertFailed__C
0000c8ec   xdc_runtime_Core_A_initializedParams__C
0000c8f0   xdc_runtime_Core_Module__diagsEnabled__C
0000c8f4   xdc_runtime_Core_Module__diagsIncluded__C
0000c8f8   xdc_runtime_Core_Module__diagsMask__C
0000c8fc   xdc_runtime_Error_E_memory__C
0000c900   xdc_runtime_Error_Module__diagsEnabled__C
0000c904   xdc_runtime_Error_Module__diagsIncluded__C
0000c908   xdc_runtime_Error_Module__diagsMask__C
0000c90c   xdc_runtime_Error_Module__loggerFxn8__C
0000c910   xdc_runtime_Error_Module__loggerObj__C
0000c914   xdc_runtime_Error_raiseHook__C
0000c918   xdc_runtime_IGateProvider_Interface__BASE__C
0000c91c   xdc_runtime_IHeap_Interface__BASE__C
0000c920   xdc_runtime_IModule_Interface__BASE__C
0000c924   xdc_runtime_Log_L_error__C
0000c928   xdc_runtime_Main_Module__diagsEnabled__C
0000c92c   xdc_runtime_Main_Module__diagsIncluded__C
0000c930   xdc_runtime_Main_Module__diagsMask__C
0000c934   xdc_runtime_Main_Module__loggerFxn2__C
0000c938   xdc_runtime_Main_Module__loggerObj__C
0000c93c   xdc_runtime_Memory_defaultHeapInstance__C
0000c940   xdc_runtime_Startup_execImpl__C
0000c944   xdc_runtime_Startup_lastFxns__A
0000c948   xdc_runtime_Startup_maxPasses__C
0000c94c   xdc_runtime_Startup_sfxnRts__C
0000c950   xdc_runtime_Startup_sfxnTab__C
0000c954   xdc_runtime_SysCallback_abortFxn__C
0000c958   xdc_runtime_SysCallback_exitFxn__C
0000c95c   xdc_runtime_SysCallback_flushFxn__C
0000c960   xdc_runtime_SysCallback_putchFxn__C
0000c964   xdc_runtime_SysCallback_readyFxn__C
0000c968   xdc_runtime_System_Module__gateObj__C
0000c96c   xdc_runtime_System_extendFxn__C
0000c970   xdc_runtime_System_maxAtexitHandlers__C
0000c974   xdc_runtime_Text_charTab__C
0000c978   xdc_runtime_Text_nameEmpty__C
0000c97c   xdc_runtime_Text_nameStatic__C
0000c980   xdc_runtime_Text_nameUnknown__C
0000c984   xdc_runtime_Text_nodeTab__C
0000c988   xdc_runtime_Text_visitRopeFxn__C
0000c98c   ti_sysbios_family_arm_m3_Hwi_Module__id__C
0000c98e   ti_sysbios_gates_GateMutex_Module__id__C
0000c990   ti_sysbios_heaps_HeapMem_Module__id__C
0000c992   ti_sysbios_knl_Semaphore_Module__id__C
0000c994   ti_sysbios_knl_Task_Module__id__C
0000c996   ti_sysbios_knl_Task_initStackFlag__C
0000c998   xdc_runtime_Core_Module__id__C
0000c99a   xdc_runtime_Error_Module__loggerDefined__C
0000c99c   xdc_runtime_Error_maxDepth__C
0000c99e   xdc_runtime_Main_Module__id__C
0000c9a0   xdc_runtime_Main_Module__loggerDefined__C
0000c9a2   xdc_runtime_Memory_Module__id__C
0000c9a4   xdc_runtime_Text_charCnt__C
0000c9a6   xdc_runtime_Text_isLoaded__C
0000c9a8   xdc_runtime_Text_registryModsLastId__C
0000c9aa   xdc_runtime_Text_unnamedModsLastId__C
0000cd30   __TI_Handler_Table_Base
0000cd3c   __TI_Handler_Table_Limit
0000cd50   __TI_CINIT_Base
0000cd68   __TI_CINIT_Limit
20000000   ti_sysbios_family_arm_m3_Hwi_ramVectors
20000360   ti_sysbios_knl_Task_Instance_State_0_stack__A
20000b60   ti_sysbios_knl_Task_Instance_State_1_stack__A
20001160   ti_sysbios_knl_Task_Instance_State_2_stack__A
20001960   ti_sysbios_knl_Task_Instance_State_3_stack__A
20002160   ti_sysbios_heaps_HeapMem_Instance_State_0_buf__A
20002560   __CIOBUF_
20002680   __TI_tmpnams
20002720   uartTivaObjects
200027a8   callbackHwi
200027c4   callbackHwi2
200027e8   ui32Load
200027ec   ui32PWMClock
200027f0   ti_sysbios_family_arm_m3_Hwi_Module_State_0_dispatchTable__A
20002b50   ti_sysbios_BIOS_Module__state__V
20002b70   ti_sysbios_family_arm_lm4_Timer_Module__root__V
20002b78   ti_sysbios_family_arm_lm4_Timer_Module_State_0_handles__A
20002b90   ti_sysbios_family_arm_lm4_Timer_Module__state__V
20002b9c   ti_sysbios_family_arm_m3_Hwi_Module__root__V
20002ba4   ti_sysbios_family_arm_m3_Hwi_Object__table__V
20002bbc   ti_sysbios_family_arm_m3_Hwi_Module_State_0_excActive__A
20002bc0   ti_sysbios_family_arm_m3_Hwi_Module_State_0_excContext__A
20002bc4   ti_sysbios_family_arm_m3_Hwi_Module_State_0_excStack__A
20002bc8   ti_sysbios_gates_GateHwi_Module__root__V
20002bd0   ti_sysbios_gates_GateHwi_Object__table__V
20002bd4   ti_sysbios_gates_GateMutex_Module__root__V
20002bdc   ti_sysbios_hal_Hwi_Module__root__V
20002be4   ti_sysbios_hal_Timer_Module__root__V
20002bec   ti_sysbios_hal_Timer_Object__table__V
20002bf4   ti_sysbios_heaps_HeapMem_Module__root__V
20002bfc   ti_sysbios_heaps_HeapMem_Object__table__V
20002c14   ti_sysbios_knl_Clock_Module__root__V
20002c1c   ti_sysbios_knl_Queue_Module__root__V
20002c24   ti_sysbios_knl_Semaphore_Module__root__V
20002c2c   ti_sysbios_knl_Swi_Module__root__V
20002c34   ti_sysbios_knl_Swi_Module_State_0_readyQ__A
20002c3c   ti_sysbios_knl_Swi_Module__state__V
20002c58   ti_sysbios_knl_Task_Module__root__V
20002c60   ti_sysbios_knl_Task_Module_State_0_readyQ__A
20002c80   ti_sysbios_knl_Task_Module_State_0_idleTask__A
20002c84   xdc_runtime_Error_Module__state__V
20002c88   xdc_runtime_Memory_Module__state__V
20002c8c   xdc_runtime_Registry_Module__state__V
20002c94   xdc_runtime_Startup_Module__state__V
20002c9c   xdc_runtime_System_Module_State_0_atexitHandlers__A
20002ca4   xdc_runtime_System_Module__state__V
20002cb0   xdc_runtime_Text_Module__state__V
20002cb8   __xdc__init__addr
20002cbc   ti_sysbios_knl_Task_Object__table__V
20002da0   TSK_idle
20002dec   _ftable
20003060   _Denorm
20003070   _Eps
20003080   _Hugeval
20003090   _Inf
200030a0   _Nan
200030b0   _Snan
200030c0   _Rteps
200030d0   _Xbig
200030d8   _Zero
200030e0   _FDenorm
200030f0   _FEps
20003100   _FInf
20003110   _FNan
20003120   _FSnan
20003130   _FRteps
20003140   _FXbig
20003144   _FZero
20003148   ti_sysbios_family_arm_m3_Hwi_Module__state__V
200031a4   ti_sysbios_knl_Task_Module__state__V
200031e8   Gyro_Memory
20003224   RxData
20003260   ti_sysbios_family_arm_lm4_Timer_Object__table__V
20003298   ti_sysbios_gates_GateMutex_Object__table__V
200032d0   controlData
20003304   ti_sysbios_family_arm_lm4_Timer_Module_State_0_device__A
20003334   ti_sysbios_knl_Clock_Module__state__V
2000335c   IMUdata
20003398   Gyro_Offset
200033a4   Magn_Offset
200033b0   State
200033c0   __TI_ft_end
200033c4   __aeabi_stdin
200033c8   __aeabi_stdout
200033cc   __aeabi_stderr
200033d8   _lock
200033dc   _unlock
200033e0   __TI_cleanup_ptr
200033e4   __TI_dtors_ptr
200033e8   _Fenv
200033ec   _Tls_setup__Fenv
200033f4   _Errno
200033fc   main_func_sp
20003404   RXChannelLock
20003405   currentRXChannel
20003408   __stack
20003508   __STACK_TOP
20003a08   __STACK_END
e000e000   ti_sysbios_family_arm_m3_Hwi_nvic
ffffffff   __binit__
ffffffff   __c_args__
ffffffff   binit
UNDEFED    SHT$$INIT_ARRAY$$Base
UNDEFED    SHT$$INIT_ARRAY$$Limit

[758 symbols]
