******************************************************************************
                  TI ARM Linker PC v5.1.3                      
******************************************************************************
>> Linked Sat Apr 05 11:07:27 2014

OUTPUT FILE NAME:   <KIRC_FltCmp_Software.out>
ENTRY POINT SYMBOL: "_c_int00"  address: 00009d79


MEMORY CONFIGURATION

         name            origin    length      used     unused   attr    fill
----------------------  --------  ---------  --------  --------  ----  --------
  FLASH                 00000000   00040000  0000e366  00031c9a  R  X
  SRAM                  20000000   00008000  00005876  0000278a  RW X


SEGMENT ALLOCATION MAP

run origin  load origin   length   init length attrs members
----------  ----------- ---------- ----------- ----- -------
00000000    00000000    0000e368   0000e368    r-x
  00000000    00000000    00000360   00000360    r-- .resetVecs
  00000360    00000360    0000bb00   0000bb00    r-x .text
  0000be60    0000be60    000020c6   000020c6    r-- .const
  0000df28    0000df28    00000440   00000440    r-- .cinit
20000000    20000000    00005878   00000000    rw-
  20000000    20000000    00000360   00000000    rw- .vecs
  20000360    20000360    000041a0   00000000    rw- .bss
  20004500    20004500    00000d76   00000000    rw- .data
  20005278    20005278    00000600   00000000    rw- .stack


SECTION ALLOCATION MAP

 output                                  attributes/
section   page    origin      length       input sections
--------  ----  ----------  ----------   ----------------
.bootVecs 
*          0    00000000    00000008     DSECT
                  00000000    00000008     boot.aem4f : boot.oem4f (.bootVecs)

.resetVecs 
*          0    00000000    00000360     
                  00000000    00000360     KIRC_FltCmp_RTOS_pem4f.oem4f (.resetVecs)

xdc.meta   0    00000000    00000105     COPY SECTION
                  00000000    00000105     KIRC_FltCmp_RTOS_pem4f.oem4f (xdc.meta)

.text      0    00000360    0000bb00     
                  00000360    00000ec0     rtsv7M4_T_le_v4SPD16_eabi.lib : _printfi.obj (.text)
                  00001220    00000a9c     quaternion.obj (.text:Update_State)
                  00001cbc    000006a4     Main.obj (.text:ControlFxn)
                  00002360    0000042c     sysbios.aem4f : BIOS.obj (.text:ti_sysbios_family_arm_m3_Hwi_excDumpRegs__I)
                  0000278c    000003f0     rtsv7M4_T_le_v4SPD16_eabi.lib : powf.obj (.text)
                  00002b7c    00000344     ti.targets.arm.rtsarm.aem4f : System.oem4f (.text:xdc_runtime_System_doPrint__I)
                  00002ec0    00000310     rtsv7M4_T_le_v4SPD16_eabi.lib : lowlev.obj (.text)
                  000031d0    000002d4                                   : trgdrv.obj (.text)
                  000034a4    000002b0     sysbios.aem4f : BIOS.obj (.text:ti_sysbios_knl_Semaphore_pend__E)
                  00003754    00000248                   : BIOS.obj (.text:ti_sysbios_heaps_HeapMem_free__E)
                  0000399c    00000234                   : BIOS.obj (.text:ti_sysbios_heaps_HeapMem_alloc__E)
                  00003bd0    0000020c                   : BIOS.obj (.text:ti_sysbios_family_arm_lm4_Timer_start__E)
                  00003ddc    00000200                   : BIOS.obj (.text:ti_sysbios_family_arm_m3_Hwi_excHandlerMax__I)
                  00003fdc    000001f4     RxFunctions.obj (.text:ProcessRxData)
                  000041d0    000001f4     rtsv7M4_T_le_v4SPD16_eabi.lib : ull_div_t2.obj (.text)
                  000043c4    000001d0     sensors.obj (.text:GPS_Init)
                  00004594    000001c0     rtsv7M4_T_le_v4SPD16_eabi.lib : fopen.obj (.text)
                  00004754    000001b6                                   : fd_add_t2.obj (.text)
                  0000490a    00000002     sysbios.aem4f : BIOS.obj (.text:ti_sysbios_BIOS_nullFunc__I)
                  0000490c    000001b4                   : BIOS.obj (.text:ti_sysbios_knl_Task_sleep__E)
                  00004ac0    00000190                   : BIOS.obj (.text:ti_sysbios_knl_Task_Module_startup__F)
                  00004c50    0000018c     rtsv7M4_T_le_v4SPD16_eabi.lib : xatan.obj (.text)
                  00004ddc    00000188     sensors.obj (.text:Filter_GyroData)
                  00004f64    00000184     rtsv7M4_T_le_v4SPD16_eabi.lib : xfexp.obj (.text)
                  000050e8    00000178                                   : xflog.obj (.text)
                  00005260    0000016c     sensors.obj (.text:Get_Pressure)
                  000053cc    00000168     sysbios.aem4f : BIOS.obj (.text:ti_sysbios_family_arm_m3_Hwi_excBusFault__I)
                  00005534    0000015c     Main.obj (.text:ReadInputFxn)
                  00005690    0000015c     sensors.obj (.text:Read_Gyro)
                  000057ec    0000015c     uart_tivaware.aem4f : UARTTiva.oem4f (.text:UARTTiva_open)
                  00005948    00000154     sysbios.aem4f : BIOS.obj (.text:ti_sysbios_family_arm_m3_Hwi_excUsageFault__I)
                  00005a9c    00000148     rtsv7M4_T_le_v4SPD16_eabi.lib : sqrt.obj (.text)
                  00005be4    00000140     sysbios.aem4f : BIOS.obj (.text:ti_sysbios_family_arm_m3_Hwi_excMemFault__I)
                  00005d24    0000013c     sensors.obj (.text:Calib_Gyro)
                  00005e60    0000013c     motors.obj (.text:motors_init)
                  00005f9c    0000013c     ti.targets.arm.rtsarm.aem4f : Error.oem4f (.text:xdc_runtime_Error_raiseX__F)
                  000060d8    00000138     sysbios.aem4f : BIOS.obj (.text:ti_sysbios_heaps_HeapMem_Instance_init__F)
                  00006210    00000136     rtsv7M4_T_le_v4SPD16_eabi.lib : fd_div_t2.obj (.text)
                  00006346    00000002     sysbios.aem4f : BIOS.obj (.text:ti_sysbios_family_arm_m3_Hwi_doSwiRestore__I)
                  00006348    00000134     rtsv7M4_T_le_v4SPD16_eabi.lib : fputs.obj (.text)
                  0000647c    00000134     sysbios.aem4f : m3_Hwi_asm.obj (.text:ti_sysbios_family_arm_m3_Hwi_dispatch__I)
                  000065b0    00000130     driverlib.lib : gpio.obj (.text:GPIOPadConfigSet)
                  000066e0    00000124     uart_tivaware.aem4f : UARTTiva.oem4f (.text:UARTTiva_hwiIntFxn)
                  00006804    0000011c     rtsv7M4_T_le_v4SPD16_eabi.lib : asin.obj (.text)
                  00006920    00000110                                   : xdscale.obj (.text)
                  00006a30    0000010c     Boot.aem4f : Boot_sysctl.oem4f (.text:ti_catalog_arm_cortexm4_tiva_ce_Boot_sysCtlClockSetI__I)
                  00006b3c    00000108     UARTUtils.obj (.text:openHandle)
                  00006c44    00000104     sensors.obj (.text:Altm_Init)
                  00006d48    00000104     ti.targets.arm.rtsarm.aem4f : Core-mem.oem4f (.text:xdc_runtime_Core_createObject__I)
                  00006e4c    00000104     KIRC_FltCmp_RTOS_pem4f.oem4f (.text:xdc_runtime_System_printfExtend__I)
                  00006f50    000000fc     Main.obj (.text:GPSFxn)
                  0000704c    000000fc     rtsv7M4_T_le_v4SPD16_eabi.lib : fd_mul_t2.obj (.text)
                  00007148    000000f8     ti.targets.arm.rtsarm.aem4f : Startup.oem4f (.text:xdc_runtime_Startup_startMods__I)
                  00007240    000000f4     rtsv7M4_T_le_v4SPD16_eabi.lib : dtor_list.obj (.text)
                  00007334    000000f0     Main.obj (.text:main)
                  00007424    000000ec     sysbios.aem4f : BIOS.obj (.text:ti_sysbios_knl_Semaphore_post__E)
                  00007510    000000e8     EK_TM4C123GXL.obj (.text:EK_TM4C123GXL_initGPIO)
                  000075f8    000000e8     sysbios.aem4f : BIOS.obj (.text:ti_sysbios_family_arm_m3_Hwi_initNVIC__E)
                  000076e0    000000e4     sensors.obj (.text:Calib_Accel)
                  000077c4    000000dc     uart_tivaware.aem4f : UARTTiva.oem4f (.text:UARTTiva_write)
                  000078a0    000000dc     rtsv7M4_T_le_v4SPD16_eabi.lib : setvbuf.obj (.text)
                  0000797c    000000d8     motors.obj (.text:motors_out)
                  00007a54    000000d8     rtsv7M4_T_le_v4SPD16_eabi.lib : atan2f.obj (.text)
                  00007b2c    000000d2     uart_tivaware.aem4f : UARTTiva.oem4f (.text:UARTTiva_read)
                  00007bfe    00000002     sysbios.aem4f : BIOS.obj (.text:ti_sysbios_gates_GateHwi_Instance_init__F)
                  00007c00    000000d0     Main.obj (.text:AltimeterFxn)
                  00007cd0    000000c8     sensors.obj (.text:Get_Altitude)
                  00007d98    000000c8     driverlib.lib : sysctl.obj (.text:SysCtlClockGet)
                  00007e60    000000c4     rtsv7M4_T_le_v4SPD16_eabi.lib : xdnorm.obj (.text)
                  00007f24    000000c0                                   : fflush.obj (.text)
                  00007fe4    000000c0                                   : xfdscale.obj (.text)
                  000080a4    000000b4     quaternion.obj (.text:StateEst_Calib)
                  00008158    000000b4     sysbios.aem4f : BIOS.obj (.text:ti_sysbios_family_arm_m3_Hwi_excHardFault__I)
                  0000820c    000000b4                   : BIOS.obj (.text:ti_sysbios_gates_GateMutex_enter__E)
                  000082c0    000000b0                   : BIOS.obj (.text:ti_sysbios_family_arm_m3_Hwi_excDebugMon__I)
                  00008370    000000ac     rtsv7M4_T_le_v4SPD16_eabi.lib : _io_perm.obj (.text)
                  0000841c    000000ac     sysbios.aem4f : BIOS.obj (.text:ti_sysbios_family_arm_lm4_Timer_enableTiva__I)
                  000084c8    000000a8     rtsv7M4_T_le_v4SPD16_eabi.lib : xfatan.obj (.text)
                  00008570    000000a8     sysbios.aem4f : BIOS.obj (.text:ti_sysbios_knl_Semaphore_Instance_init__F)
                  00008618    000000a4                   : BIOS.obj (.text:ti_sysbios_family_arm_lm4_Timer_enableTimers__I)
                  000086bc    000000a4                   : BIOS.obj (.text:ti_sysbios_family_arm_m3_Hwi_Module_startup__F)
                  00008760    000000a0     auto_init.aem4f : auto_init.oem4f (.text)
                  00008800    0000009c     rtsv7M4_T_le_v4SPD16_eabi.lib : fputc.obj (.text)
                  0000889c    0000009c                                   : memcpy_t2.obj (.text)
                  00008938    0000009a     ti.targets.arm.rtsarm.aem4f : Text.oem4f (.text:xdc_runtime_Text_putSite__F)
                  000089d2    00000002     sysbios.aem4f : BIOS.obj (.text:ti_sysbios_knl_Clock_logTick__E)
                  000089d4    00000098     rtsv7M4_T_le_v4SPD16_eabi.lib : fclose.obj (.text)
                  00008a6c    00000094     Boot.aem4f : Boot.oem4f (.text:ti_catalog_arm_cortexm4_tiva_ce_Boot_sysCtlClockSet__E)
                  00008b00    00000094     ti.targets.arm.rtsarm.aem4f : Text.oem4f (.text:xdc_runtime_Text_putMod__F)
                  00008b94    00000090     RxFunctions.obj (.text:RCinputIntHandler)
                  00008c24    00000090     rtsv7M4_T_le_v4SPD16_eabi.lib : xfdint.obj (.text)
                  00008cb4    0000008c     UARTUtils.obj (.text:UARTUtils_systemInit)
                  00008d40    0000008c     sysbios.aem4f : BIOS.obj (.text:ti_sysbios_family_arm_m3_Hwi_Instance_init__F)
                  00008dcc    0000008c                   : m3_TaskSupport_asm.obj (.text:ti_sysbios_family_arm_m3_TaskSupport_buildTaskStack)
                  00008e58    00000088     Main.obj (.text:ReadSensorsFxn)
                  00008ee0    00000086     rtsv7M4_T_le_v4SPD16_eabi.lib : fd_cmp_t2.obj (.text:__aeabi_cdcmple)
                  00008f66    00000086                                   : fd_cmp_t2.obj (.text:__aeabi_cdrcmple)
                  00008fec    00000084     sensors.obj (.text:GetData_Accel)
                  00009070    00000084     sensors.obj (.text:GetData_Gyro)
                  000090f4    00000084     sensors.obj (.text:Read_Accel)
                  00009178    0000007c     EK_TM4C123GXL.obj (.text:EK_TM4C123GXL_initUART)
                  000091f4    0000007a     rtsv7M4_T_le_v4SPD16_eabi.lib : xfdnorm.obj (.text)
                  0000926e    00000078     sensors.obj (.text:Get_Temp)
                  000092e6    00000078     rtsv7M4_T_le_v4SPD16_eabi.lib : memset_t2.obj (.text)
                  0000935e    00000002     KIRC_FltCmp_RTOS_pem4f.oem4f (.text:xdc_runtime_Startup_reset__I)
                  00009360    00000074     Main.obj (.text:BatteryMonitorFxn)
                  000093d4    00000070     RxFunctions.obj (.text:ProcessStateMachine)
                  00009444    00000070     rtsv7M4_T_le_v4SPD16_eabi.lib : printf.obj (.text)
                  000094b4    00000070     KIRC_FltCmp_RTOS_pem4f.oem4f (.text:ti_sysbios_family_arm_m3_Hwi_Object__create__S)
                  00009524    00000070     sysbios.aem4f : BIOS.obj (.text:ti_sysbios_family_arm_m3_Hwi_reconfig__E)
                  00009594    00000070                   : BIOS.obj (.text:ti_sysbios_knl_Clock_workFunc__E)
                  00009604    00000070     ti.targets.arm.rtsarm.aem4f : Memory.oem4f (.text:xdc_runtime_Memory_alloc__F)
                  00009674    0000006c     driverlib.lib : adc.obj (.text:ADCSequenceStepConfigure)
                  000096e0    0000006c     EK_TM4C123GXL.obj (.text:EK_TM4C123GXL_initPWM)
                  0000974c    0000006c     sysbios.aem4f : BIOS.obj (.text:ti_sysbios_knl_Task_exit__E)
                  000097b8    0000006c     ti.targets.arm.rtsarm.aem4f : Error.oem4f (.text:xdc_runtime_Error_print__F)
                  00009824    00000068     sysbios.aem4f : BIOS.obj (.text:ti_sysbios_BIOS_rtsUnlock__I)
                  0000988c    00000066     uart_tivaware.aem4f : UARTTiva.oem4f (.text:UARTTiva_readPolling)
                  000098f2    00000066     ti.targets.arm.rtsarm.aem4f : Core-mem.oem4f (.text:xdc_runtime_Core_deleteObject__I)
                  00009958    00000064     rtsv7M4_T_le_v4SPD16_eabi.lib : fseek.obj (.text)
                  000099bc    00000064                                   : xdunscal.obj (.text)
                  00009a20    00000064     sysbios.aem4f : BIOS.obj (.text:ti_sysbios_knl_Task_startCore__E)
                  00009a84    00000060     sensors.obj (.text:I2C0_RxData)
                  00009ae4    00000060     rtsv7M4_T_le_v4SPD16_eabi.lib : sprintf.obj (.text)
                  00009b44    00000060                                   : trgmsg.obj (.text)
                  00009ba4    00000060     sysbios.aem4f : BIOS.obj (.text:ti_sysbios_family_arm_lm4_Timer_isrStub__E)
                  00009c04    0000005e     rtsv7M4_T_le_v4SPD16_eabi.lib : copy_decompress_rle.obj (.text)
                  00009c62    00000002     ti.targets.arm.rtsarm.aem4f : SysCallback.oem4f (.text:xdc_runtime_SysCallback_defaultExit)
                  00009c64    0000005c     sysbios.aem4f : BIOS.obj (.text:ti_sysbios_family_arm_lm4_Timer_Module_startup__F)
                  00009cc0    0000005b     ti.targets.arm.rtsarm.aem4f : Text.oem4f (.text:xdc_runtime_Text_putLab__F)
                  00009d1b    00000001     --HOLE-- [fill = 0]
                  00009d1c    0000005a     rtsv7M4_T_le_v4SPD16_eabi.lib : ltoa.obj (.text)
                  00009d76    00000002     ti.targets.arm.rtsarm.aem4f : SysCallback.oem4f (.text:xdc_runtime_SysCallback_defaultFlush)
                  00009d78    00000058     boot.aem4f : boot.oem4f (.text)
                  00009dd0    00000058     sensors.obj (.text:I2C0_TxData)
                  00009e28    00000058     sysbios.aem4f : BIOS.obj (.text:ti_sysbios_family_arm_m3_Hwi_dispatchC__I)
                  00009e80    00000056     driverlib.lib : gpio.obj (.text:GPIOIntTypeSet)
                  00009ed6    00000002     --HOLE-- [fill = 0]
                  00009ed8    00000054     gpio_tivaware.aem4f : GPIO.oem4f (.text:GPIO_setupCallbacks)
                  00009f2c    00000054     rtsv7M4_T_le_v4SPD16_eabi.lib : xfdunsca.obj (.text)
                  00009f80    00000054     sysbios.aem4f : BIOS.obj (.text:ti_sysbios_knl_Task_processVitalTaskFlag__I)
                  00009fd4    00000050     sensors.obj (.text:BatteryMonitorInit)
                  0000a024    00000050     sysbios.aem4f : BIOS.obj (.text:ti_sysbios_knl_Task_schedule__I)
                  0000a074    00000050     ti.targets.arm.rtsarm.aem4f : Startup.oem4f (.text:xdc_runtime_Startup_exec__F)
                  0000a0c4    00000050                                 : System.oem4f (.text:xdc_runtime_System_formatNum__I)
                  0000a114    00000050                                 : Text.oem4f (.text:xdc_runtime_Text_visitRope2__I)
                  0000a164    0000004c     rtsv7M4_T_le_v4SPD16_eabi.lib : atoi.obj (.text)
                  0000a1b0    0000004a                                   : fd_tos_t2.obj (.text)
                  0000a1fa    00000002     --HOLE-- [fill = 0]
                  0000a1fc    00000048     driverlib.lib : gpio.obj (.text:GPIOPinConfigure)
                  0000a244    00000048     EK_TM4C123GXL.obj (.text:I2C0_MasterInit)
                  0000a28c    00000048     driverlib.lib : i2c.obj (.text:I2CMasterInitExpClk)
                  0000a2d4    00000048     rtsv7M4_T_le_v4SPD16_eabi.lib : fd_toi_t2.obj (.text)
                  0000a31c    00000048     sysbios.aem4f : BIOS.obj (.text:ti_sysbios_BIOS_errorRaiseHook__I)
                  0000a364    00000048                   : BIOS.obj (.text:ti_sysbios_family_arm_m3_Hwi_excReserved__I)
                  0000a3ac    00000048                   : BIOS.obj (.text:ti_sysbios_heaps_HeapMem_getStats__E)
                  0000a3f4    00000048     ti.targets.arm.rtsarm.aem4f : Assert.oem4f (.text:xdc_runtime_Assert_raise__I)
                  0000a43c    00000048                                 : Core-params.oem4f (.text:xdc_runtime_Core_assignParams__I)
                  0000a484    00000044     rtsv7M4_T_le_v4SPD16_eabi.lib : cpy_tbl.obj (.text)
                  0000a4c8    00000044                                   : exit.obj (.text)
                  0000a50c    00000044                                   : xdtest.obj (.text)
                  0000a550    00000044     sysbios.aem4f : BIOS.obj (.text:ti_sysbios_family_arm_lm4_Timer_stop__E)
                  0000a594    00000044                   : BIOS.obj (.text:ti_sysbios_family_arm_m3_Hwi_disableInterrupt__E)
                  0000a5d8    00000044                   : BIOS.obj (.text:ti_sysbios_family_arm_m3_Hwi_enableInterrupt__E)
                  0000a61c    00000044                   : BIOS.obj (.text:ti_sysbios_knl_Task_allBlockedFunction__I)
                  0000a660    00000042     driverlib.lib : uart.obj (.text:UARTConfigSetExpClk)
                  0000a6a2    00000002     --HOLE-- [fill = 0]
                  0000a6a4    00000040     EK_TM4C123GXL.obj (.text:EK_TM4C123GXL_initGeneral)
                  0000a6e4    00000040     gpio_tivaware.aem4f : GPIO.oem4f (.text:GPIO_enableInt)
                  0000a724    00000040     uart_tivaware.aem4f : UARTTiva.oem4f (.text:UARTTiva_writePolling)
                  0000a764    00000040     rtsv7M4_T_le_v4SPD16_eabi.lib : signal.obj (.text)
                  0000a7a4    00000040     sysbios.aem4f : BIOS.obj (.text:ti_sysbios_family_arm_lm4_Timer_startup__E)
                  0000a7e4    00000040     KIRC_FltCmp_RTOS_pem4f.oem4f (.text:ti_sysbios_knl_Semaphore_Object__create__S)
                  0000a824    00000040     sysbios.aem4f : BIOS.obj (.text:ti_sysbios_knl_Semaphore_pendTimeout__I)
                  0000a864    00000040     ti.targets.arm.rtsarm.aem4f : System.oem4f (.text:xdc_runtime_System_atexit__F)
                  0000a8a4    0000003c     gpio_tivaware.aem4f : GPIO.oem4f (.text:GPIO_toggle)
                  0000a8e0    0000003c     sysbios.aem4f : BIOS.obj (.text:ti_sysbios_family_arm_m3_Hwi_excSvCall__I)
                  0000a91c    0000003c                   : BIOS.obj (.text:ti_sysbios_heaps_HeapMem_init__I)
                  0000a958    0000003c     ti.targets.arm.rtsarm.aem4f : Text.oem4f (.text:xdc_runtime_Text_xprintf__I)
                  0000a994    00000038     uart_tivaware.aem4f : UART.oem4f (.text:UART_init)
                  0000a9cc    00000038     rtsv7M4_T_le_v4SPD16_eabi.lib : fs_tod_t2.obj (.text)
                  0000aa04    00000038     sysbios.aem4f : BIOS.obj (.text:ti_sysbios_family_arm_m3_Hwi_excNoIsr__I)
                  0000aa3c    00000038                   : BIOS.obj (.text:ti_sysbios_family_arm_m3_Hwi_getStackInfo__E)
                  0000aa74    00000038                   : BIOS.obj (.text:ti_sysbios_family_arm_m3_TaskSupport_start__E)
                  0000aaac    00000038     KIRC_FltCmp_RTOS_pem4f.oem4f (.text:ti_sysbios_gates_GateHwi_Object__create__S)
                  0000aae4    00000038     KIRC_FltCmp_RTOS_pem4f.oem4f (.text:ti_sysbios_gates_GateMutex_Object__create__S)
                  0000ab1c    00000038     KIRC_FltCmp_RTOS_pem4f.oem4f (.text:ti_sysbios_heaps_HeapMem_Object__create__S)
                  0000ab54    00000038     KIRC_FltCmp_RTOS_pem4f.oem4f (.text:ti_sysbios_knl_Queue_Object__create__S)
                  0000ab8c    00000034     RxFunctions.obj (.text:EnableRxInterrupts)
                  0000abc0    00000034     driverlib.lib : sysctl.obj (.text:SysCtlPeripheralEnable)
                  0000abf4    00000034     uart_tivaware.aem4f : UARTTiva.oem4f (.text:UARTTiva_close)
                  0000ac28    00000034     UARTUtils.obj (.text:UARTUtils_deviceread)
                  0000ac5c    00000034     UARTUtils.obj (.text:UARTUtils_devicewrite)
                  0000ac90    00000034     UARTUtils.obj (.text:closeHandle)
                  0000acc4    00000034     rtsv7M4_T_le_v4SPD16_eabi.lib : feraiseexcept.obj (.text)
                  0000acf8    00000034                                   : xfdtest.obj (.text)
                  0000ad2c    00000034     sysbios.aem4f : BIOS.obj (.text:ti_sysbios_family_arm_m3_Hwi_excNmi__I)
                  0000ad60    00000032     uart_tivaware.aem4f : UARTTiva.oem4f (.text:UARTTiva_readCancel)
                  0000ad92    00000032                         : UARTTiva.oem4f (.text:UARTTiva_writeCancel)
                  0000adc4    00000030     rtsv7M4_T_le_v4SPD16_eabi.lib : strncpy.obj (.text)
                  0000adf4    00000030                                   : xferaise.obj (.text)
                  0000ae24    00000030     sysbios.aem4f : BIOS.obj (.text:ti_sysbios_knl_Idle_run__E)
                  0000ae54    00000030                   : BIOS.obj (.text:ti_sysbios_knl_Task_unblockI__E)
                  0000ae84    00000030     ti.targets.arm.rtsarm.aem4f : Core-label.oem4f (.text:xdc_runtime_Core_assignLabel__I)
                  0000aeb4    0000002f                                 : Text.oem4f (.text:xdc_runtime_Text_printVisFxn__I)
                  0000aee3    00000001     --HOLE-- [fill = 0]
                  0000aee4    0000002e     driverlib.lib : adc.obj (.text:ADCIntStatus)
                  0000af12    0000002e     UARTUtils.obj (.text:UARTUtils_deviceopen)
                  0000af40    0000002e     KIRC_FltCmp_RTOS_pem4f.oem4f (.text:malloc)
                  0000af6e    0000002e     rtsv7M4_T_le_v4SPD16_eabi.lib : i_tofd_t2.obj (.text)
                  0000af9c    0000002e                                   : raise.obj (.text)
                  0000afca    0000002c     sensors.obj (.text:Accel_Init)
                  0000aff6    0000002c     uart_tivaware.aem4f : UART.oem4f (.text:UART_Params_init)
                  0000b022    00000002     --HOLE-- [fill = 0]
                  0000b024    0000002c     KIRC_FltCmp_RTOS_pem4f.oem4f (.text:ti_sysbios_BIOS_exitFunc__I)
                  0000b050    0000002c     sysbios.aem4f : BIOS.obj (.text:ti_sysbios_hal_Hwi_initStack:ti_sysbios_hal_Hwi_initStack)
                  0000b07c    0000002c     KIRC_FltCmp_RTOS_pem4f.oem4f (.text:ti_sysbios_knl_Clock_doTick__I)
                  0000b0a8    0000002c     sysbios.aem4f : BIOS.obj (.text:ti_sysbios_knl_Task_sleepTimeout__I)
                  0000b0d4    0000002c     ti.targets.arm.rtsarm.aem4f : System.oem4f (.text:xdc_runtime_System_rtsExit__I)
                  0000b100    0000002c                                 : Text.oem4f (.text:xdc_runtime_Text_cordText__F)
                  0000b12c    0000002a     driverlib.lib : adc.obj (.text:ADCSequenceConfigure)
                  0000b156    0000002a                   : gpio.obj (.text:GPIODirModeSet)
                  0000b180    0000002a     gpio_tivaware.aem4f : GPIO.oem4f (.text:GPIO_hwiIntFxn)
                  0000b1aa    0000002a     ti.targets.arm.rtsarm.aem4f : System.oem4f (.text:xdc_runtime_System_putchar__I)
                  0000b1d4    00000028     RxFunctions.obj (.text:ClearRxInterrupts)
                  0000b1fc    00000028     RxFunctions.obj (.text:DisableRxInterrupts)
                  0000b224    00000028     gpio_tivaware.aem4f : GPIO.oem4f (.text:GPIO_write)
                  0000b24c    00000028     sysbios.aem4f : m3_Hwi_asm_switch.obj (.text:ti_sysbios_family_arm_m3_Hwi_initStacks__E)
                  0000b274    00000028                   : BIOS.obj (.text:ti_sysbios_gates_GateMutex_Instance_init__F)
                  0000b29c    00000028                   : BIOS.obj (.text:ti_sysbios_knl_Task_restore__E)
                  0000b2c4    00000026     ti.targets.arm.rtsarm.aem4f : System.oem4f (.text:xdc_runtime_System_avprintf__F)
                  0000b2ea    00000002     --HOLE-- [fill = 0]
                  0000b2ec    00000024     gpio_tivaware.aem4f : GPIO.oem4f (.text:GPIO_disableInt)
                  0000b310    00000024                         : GPIO.oem4f (.text:GPIO_init)
                  0000b334    00000024     UARTUtils.obj (.text:UARTUtils_systemAbort)
                  0000b358    00000024     sysbios.aem4f : BIOS.obj (.text:ti_sysbios_BIOS_registerRTSLock__I)
                  0000b37c    00000024                   : BIOS.obj (.text:ti_sysbios_family_arm_m3_Hwi_Instance_finalize__F)
                  0000b3a0    00000024     KIRC_FltCmp_RTOS_pem4f.oem4f (.text:ti_sysbios_gates_GateMutex_Object__delete__S)
                  0000b3c4    00000024     sysbios.aem4f : BIOS.obj (.text:ti_sysbios_knl_Clock_Module_startup__F)
                  0000b3e8    00000024     ti.targets.arm.rtsarm.aem4f : System.oem4f (.text:xdc_runtime_System_vprintf__F)
                  0000b40c    00000022     driverlib.lib : pwm.obj (.text:PWMGenConfigure)
                  0000b42e    00000002     --HOLE-- [fill = 0]
                  0000b430    00000020     UARTUtils.obj (.text:UARTUtils_systemPutch)
                  0000b450    00000020     rtsv7M4_T_le_v4SPD16_eabi.lib : u_tofd_t2.obj (.text)
                  0000b470    00000020     KIRC_FltCmp_RTOS_pem4f.oem4f (.text:ti_sysbios_BIOS_startFunc__I)
                  0000b490    00000020     sysbios.aem4f : BIOS.obj (.text:ti_sysbios_family_arm_m3_Hwi_doTaskRestore__I)
                  0000b4b0    00000020     KIRC_FltCmp_RTOS_pem4f.oem4f (.text:ti_sysbios_gates_GateHwi_Object__delete__S)
                  0000b4d0    00000020     KIRC_FltCmp_RTOS_pem4f.oem4f (.text:ti_sysbios_heaps_HeapMem_Object__delete__S)
                  0000b4f0    00000020     KIRC_FltCmp_RTOS_pem4f.oem4f (.text:ti_sysbios_knl_Semaphore_Object__destruct__S)
                  0000b510    00000020     sysbios.aem4f : BIOS.obj (.text:ti_sysbios_knl_Task_enter__I)
                  0000b530    00000020     ti.targets.arm.rtsarm.aem4f : Registry.oem4f (.text:xdc_runtime_Registry_findById__F)
                  0000b550    0000001e     driverlib.lib : adc.obj (.text:ADCSequenceDataGet)
                  0000b56e    0000001e                   : pwm.obj (.text:PWMPulseWidthSet)
                  0000b58c    0000001e     sysbios.aem4f : BIOS.obj (.text:ti_sysbios_family_arm_lm4_Timer_write__I)
                  0000b5aa    00000002     --HOLE-- [fill = 0]
                  0000b5ac    0000001c     driverlib.lib : uart.obj (.text:UARTDisable)
                  0000b5c8    0000001c     rtsv7M4_T_le_v4SPD16_eabi.lib : memccpy.obj (.text)
                  0000b5e4    0000001c     sysbios.aem4f : BIOS.obj (.text:ti_sysbios_BIOS_rtsLock__I)
                  0000b600    0000001c     KIRC_FltCmp_RTOS_pem4f.oem4f (.text:ti_sysbios_family_arm_m3_Hwi_Object__destruct__S)
                  0000b61c    0000001c     KIRC_FltCmp_RTOS_pem4f.oem4f (.text:ti_sysbios_knl_Queue_Object__destruct__S)
                  0000b638    0000001c     ti.targets.arm.rtsarm.aem4f : Error.oem4f (.text:xdc_runtime_Error_check__F)
                  0000b654    0000001c                                 : Memory.oem4f (.text:xdc_runtime_Memory_valloc__F)
                  0000b670    0000001a     motors.obj (.text:motorsDisable)
                  0000b68a    0000001a     KIRC_FltCmp_RTOS_pem4f.oem4f (.text:xdc_runtime_System_aprintf__E)
                  0000b6a4    0000001a     KIRC_FltCmp_RTOS_pem4f.oem4f (.text:xdc_runtime_System_printf__E)
                  0000b6be    00000018     driverlib.lib : adc.obj (.text:ADCProcessorTrigger)
                  0000b6d6    00000018                   : gpio.obj (.text:GPIOPinTypeGPIOOutput)
                  0000b6ee    00000018     sensors.obj (.text:Gyro_Init)
                  0000b706    00000018     UARTUtils.obj (.text:UARTUtils_deviceclose)
                  0000b71e    00000002     --HOLE-- [fill = 0]
                  0000b720    00000018     uart_tivaware.aem4f : UART.oem4f (.text:UART_open)
                  0000b738    00000018     KIRC_FltCmp_RTOS_pem4f.oem4f (.text:free)
                  0000b750    00000018     rtsv7M4_T_le_v4SPD16_eabi.lib : args_main.obj (.text)
                  0000b768    00000018                                   : ll_mul_t2.obj (.text)
                  0000b780    00000018                                   : strcmp.obj (.text)
                  0000b798    00000018     KIRC_FltCmp_RTOS_pem4f.oem4f (.text:ti_sysbios_family_arm_lm4_Timer_Module__startupDone__F)
                  0000b7b0    00000018     KIRC_FltCmp_RTOS_pem4f.oem4f (.text:ti_sysbios_family_arm_m3_Hwi_Handle__label__S)
                  0000b7c8    00000018     KIRC_FltCmp_RTOS_pem4f.oem4f (.text:ti_sysbios_family_arm_m3_Hwi_Module__startupDone__F)
                  0000b7e0    00000018     sysbios.aem4f : m3_TaskSupport_asm.obj (.text:ti_sysbios_family_arm_m3_TaskSupport_swap__E)
                  0000b7f8    00000018     KIRC_FltCmp_RTOS_pem4f.oem4f (.text:ti_sysbios_gates_GateHwi_Handle__label__S)
                  0000b810    00000018     KIRC_FltCmp_RTOS_pem4f.oem4f (.text:ti_sysbios_gates_GateMutex_Handle__label__S)
                  0000b828    00000018     sysbios.aem4f : BIOS.obj (.text:ti_sysbios_gates_GateMutex_leave__E)
                  0000b840    00000018     KIRC_FltCmp_RTOS_pem4f.oem4f (.text:ti_sysbios_hal_Timer_Module__startupDone__F)
                  0000b858    00000018     KIRC_FltCmp_RTOS_pem4f.oem4f (.text:ti_sysbios_heaps_HeapMem_Handle__label__S)
                  0000b870    00000018     KIRC_FltCmp_RTOS_pem4f.oem4f (.text:ti_sysbios_knl_Task_Handle__label__S)
                  0000b888    00000018     ti.targets.arm.rtsarm.aem4f : Text.oem4f (.text:xdc_runtime_Text_ropeText__F)
                  0000b8a0    00000016     rtsv7M4_T_le_v4SPD16_eabi.lib : memchr.obj (.text)
                  0000b8b6    00000016                                   : strchr.obj (.text)
                  0000b8cc    00000014     gpio_tivaware.aem4f : GPIO.oem4f (.text:GPIO_clearInt)
                  0000b8e0    00000014     driverlib.lib : sysctl.obj (.text:SysCtlPWMClockSet)
                  0000b8f4    00000014                   : uart.obj (.text:UARTEnable)
                  0000b908    00000014     UARTUtils.obj (.text:UARTUtils_systemReady)
                  0000b91c    00000014     rtsv7M4_T_le_v4SPD16_eabi.lib : _lock.obj (.text)
                  0000b930    00000014                                   : strlen.obj (.text)
                  0000b944    00000014     sysbios.aem4f : BIOS.obj (.text:ti_sysbios_family_arm_m3_Hwi_switchFromBootStack__E)
                  0000b958    00000014     KIRC_FltCmp_RTOS_pem4f.oem4f (.text:ti_sysbios_heaps_HeapMem_Object__get__S)
                  0000b96c    00000014     ti.targets.arm.rtsarm.aem4f : System.oem4f (.text:xdc_runtime_System_abort__F)
                  0000b980    00000012     driverlib.lib : gpio.obj (.text:GPIOPinTypeADC)
                  0000b992    00000012                   : gpio.obj (.text:GPIOPinTypeGPIOInput)
                  0000b9a4    00000012                   : gpio.obj (.text:GPIOPinTypeI2C)
                  0000b9b6    00000012                   : gpio.obj (.text:GPIOPinTypeI2CSCL)
                  0000b9c8    00000012                   : gpio.obj (.text:GPIOPinTypePWM)
                  0000b9da    00000012                   : gpio.obj (.text:GPIOPinTypeUART)
                  0000b9ec    00000012                   : pwm.obj (.text:PWMOutputState)
                  0000b9fe    00000012     UARTUtils.obj (.text:UARTUtils_devicelseek)
                  0000ba10    00000012     rtsv7M4_T_le_v4SPD16_eabi.lib : copy_zero_init.obj (.text:decompress:ZI)
                  0000ba22    00000012                                   : xdclass.obj (.text)
                  0000ba34    00000012     sysbios.aem4f : BIOS.obj (.text:ti_sysbios_hal_Hwi_Module_startup__F)
                  0000ba46    00000012                   : BIOS.obj (.text:ti_sysbios_hal_Timer_Module_startup__F)
                  0000ba58    00000012     KIRC_FltCmp_RTOS_pem4f.oem4f (.text:xdc_runtime_Startup_exec__I)
                  0000ba6a    00000010     driverlib.lib : pwm.obj (.text:PWMGenPeriodSet)
                  0000ba7a    00000010     UARTUtils.obj (.text:UARTUtils_devicerename)
                  0000ba8a    00000010     rtsv7M4_T_le_v4SPD16_eabi.lib : strcpy.obj (.text)
                  0000ba9a    00000002     --HOLE-- [fill = 0]
                  0000ba9c    00000010     sysbios.aem4f : BIOS.obj (.text:ti_sysbios_BIOS_getCpuFreq__E)
                  0000baac    00000010                   : BIOS.obj (.text:ti_sysbios_BIOS_setThreadType__E)
                  0000babc    00000010                   : BIOS.obj (.text:ti_sysbios_BIOS_start__E)
                  0000bacc    00000010                   : BIOS.obj (.text:ti_sysbios_family_arm_m3_Hwi_excHandler__I)
                  0000badc    00000010                   : m3_TaskSupport_asm.obj (.text:ti_sysbios_family_arm_m3_TaskSupport_glue)
                  0000baec    00000010                   : BIOS.obj (.text:ti_sysbios_gates_GateMutex_Instance_finalize__F)
                  0000bafc    00000010                   : BIOS.obj (.text:ti_sysbios_knl_Semaphore_Instance_finalize__F)
                  0000bb0c    00000010     KIRC_FltCmp_RTOS_pem4f.oem4f (.text:ti_sysbios_knl_Task_Object__get__S)
                  0000bb1c    00000010     sysbios.aem4f : BIOS.obj (.text:ti_sysbios_knl_Task_disable__E)
                  0000bb2c    00000010     ti.targets.arm.rtsarm.aem4f : Gate.oem4f (.text:xdc_runtime_Gate_leaveSystem__F)
                  0000bb3c    00000010                                 : Memory.oem4f (.text:xdc_runtime_Memory_free__F)
                  0000bb4c    00000010                                 : SysCallback.oem4f (.text:xdc_runtime_SysCallback_abort__F)
                  0000bb5c    00000010                                 : SysCallback.oem4f (.text:xdc_runtime_SysCallback_exit__F)
                  0000bb6c    00000010                                 : SysCallback.oem4f (.text:xdc_runtime_SysCallback_flush__F)
                  0000bb7c    00000010                                 : SysCallback.oem4f (.text:xdc_runtime_SysCallback_putch__F)
                  0000bb8c    00000010                                 : SysCallback.oem4f (.text:xdc_runtime_SysCallback_ready__F)
                  0000bb9c    00000010                                 : System.oem4f (.text:xdc_runtime_System_vsnprintf__F)
                  0000bbac    0000000e     driverlib.lib : adc.obj (.text:ADCSequenceEnable)
                  0000bbba    0000000e                   : gpio.obj (.text:GPIOIntDisable)
                  0000bbc8    0000000e                   : gpio.obj (.text:GPIOIntStatus)
                  0000bbd6    0000000e                   : uart.obj (.text:UARTCharGetNonBlocking)
                  0000bbe4    0000000e                   : uart.obj (.text:UARTCharPutNonBlocking)
                  0000bbf2    0000000e     UARTUtils.obj (.text:UARTUtils_deviceunlink)
                  0000bc00    0000000e     rtsv7M4_T_le_v4SPD16_eabi.lib : copy_decompress_none.obj (.text:decompress:none)
                  0000bc0e    0000000e     sysbios.aem4f : BIOS.obj (.text:ti_sysbios_knl_Queue_empty__E)
                  0000bc1c    0000000c     KIRC_FltCmp_RTOS_pem4f.oem4f (.text:.bootCodeSection:ti_catalog_arm_cortexm4_tiva_ce_Boot_init__I)
                  0000bc28    0000000c     driverlib.lib : gpio.obj (.text:GPIOIntEnable)
                  0000bc34    0000000c                   : pwm.obj (.text:PWMGenEnable)
                  0000bc40    0000000c     sysbios.aem4f : BIOS.obj (.text:ti_sysbios_family_arm_lm4_Timer_masterDisable__I)
                  0000bc4c    0000000c     KIRC_FltCmp_RTOS_pem4f.oem4f (.text:ti_sysbios_family_arm_m3_Hwi_Params__init__S)
                  0000bc58    0000000c     sysbios.aem4f : BIOS.obj (.text:ti_sysbios_family_arm_m3_Hwi_disableFxn__E)
                  0000bc64    0000000c                   : BIOS.obj (.text:ti_sysbios_gates_GateHwi_enter__E)
                  0000bc70    0000000c                   : BIOS.obj (.text:ti_sysbios_knl_Clock_getTicks__E)
                  0000bc7c    0000000c     KIRC_FltCmp_RTOS_pem4f.oem4f (.text:ti_sysbios_knl_Queue_Object__get__S)
                  0000bc88    0000000c     KIRC_FltCmp_RTOS_pem4f.oem4f (.text:ti_sysbios_knl_Semaphore_Params__init__S)
                  0000bc94    0000000c     ti.targets.arm.rtsarm.aem4f : Error.oem4f (.text:xdc_runtime_Error_init__F)
                  0000bca0    0000000c                                 : Gate.oem4f (.text:xdc_runtime_Gate_enterSystem__F)
                  0000bcac    0000000c                                 : Memory.oem4f (.text:xdc_runtime_Memory_calloc__F)
                  0000bcb8    0000000c                                 : Memory.oem4f (.text:xdc_runtime_Memory_getMaxDefaultTypeAlign__F)
                  0000bcc4    0000000c                                 : System.oem4f (.text:xdc_runtime_System_exit__F)
                  0000bcd0    0000000c                                 : System.oem4f (.text:xdc_runtime_System_lastFxn__I)
                  0000bcdc    0000000a     driverlib.lib : adc.obj (.text:ADCIntClear)
                  0000bce6    0000000a                   : i2c.obj (.text:I2CMasterEnable)
                  0000bcf0    0000000a                   : uart.obj (.text:UARTCharGet)
                  0000bcfa    0000000a                   : uart.obj (.text:UARTCharPut)
                  0000bd04    0000000a                   : uart.obj (.text:UARTIntDisable)
                  0000bd0e    0000000a                   : uart.obj (.text:UARTIntStatus)
                  0000bd18    0000000a     uart_tivaware.aem4f : UART.oem4f (.text:UART_close)
                  0000bd22    0000000a                         : UART.oem4f (.text:UART_read)
                  0000bd2c    0000000a                         : UART.oem4f (.text:UART_write)
                  0000bd36    0000000a                         : UART.oem4f (.text:UART_writePolling)
                  0000bd40    0000000a     KIRC_FltCmp_RTOS_pem4f.oem4f (.text:xdc_runtime_IHeap_alloc)
                  0000bd4a    0000000a     KIRC_FltCmp_RTOS_pem4f.oem4f (.text:xdc_runtime_IHeap_free)
                  0000bd54    0000000a     KIRC_FltCmp_RTOS_pem4f.oem4f (.text:xdc_runtime_Text_visitRope__I)
                  0000bd5e    00000008     driverlib.lib : i2c.obj (.text:I2CMasterBusy)
                  0000bd66    00000008                   : i2c.obj (.text:I2CMasterSlaveAddrSet)
                  0000bd6e    00000008                   : uart.obj (.text:UARTIntEnable)
                  0000bd76    00000008     uart_tivaware.aem4f : UARTTiva.oem4f (.text:UARTTiva_init)
                  0000bd7e    00000008                         : UARTTiva.oem4f (.text:readSemCallback)
                  0000bd86    00000008     sysbios.aem4f : BIOS.obj (.text:ti_sysbios_family_arm_m3_Hwi_startup__E)
                  0000bd8e    00000008                   : BIOS.obj (.text:ti_sysbios_knl_Idle_loop__E)
                  0000bd96    00000008     uart_tivaware.aem4f : UARTTiva.oem4f (.text:writeSemCallback)
                  0000bd9e    00000006     driverlib.lib : gpio.obj (.text:GPIOIntClear)
                  0000bda4    00000006                   : gpio.obj (.text:GPIOPinRead)
                  0000bdaa    00000006                   : gpio.obj (.text:GPIOPinWrite)
                  0000bdb0    00000006                   : sysctl.obj (.text:SysCtlDelay)
                  0000bdb6    00000006                   : uart.obj (.text:UARTFIFOLevelSet)
                  0000bdbc    00000006     ti.targets.arm.rtsarm.aem4f : xdc_noinit.oem4f (.text:__xdc__init)
                  0000bdc2    00000006     rtsv7M4_T_le_v4SPD16_eabi.lib : copy_decompress_rle.obj (.text:decompress:rle24)
                  0000bdc8    00000006                                   : logf.obj (.text)
                  0000bdce    00000006     Boot.aem4f : Boot_sysctl.oem4f (.text:ti_catalog_arm_cortexm4_tiva_ce_Boot_sysCtlDelayI__I)
                  0000bdd4    00000006     sysbios.aem4f : BIOS.obj (.text:ti_sysbios_family_arm_m3_Hwi_restoreFxn__E)
                  0000bdda    00000006                   : BIOS.obj (.text:ti_sysbios_gates_GateHwi_leave__E)
                  0000bde0    00000006                   : BIOS.obj (.text:ti_sysbios_heaps_HeapMem_isBlocking__E)
                  0000bde6    00000006                   : BIOS.obj (.text:ti_sysbios_knl_Queue_Instance_init__F)
                  0000bdec    00000006                   : BIOS.obj (.text:ti_sysbios_knl_Swi_Module_startup__F)
                  0000bdf2    00000006     ti.targets.arm.rtsarm.aem4f : System.oem4f (.text:xdc_runtime_System_Module_startup__F)
                  0000bdf8    00000004     driverlib.lib : i2c.obj (.text:I2CMasterControl)
                  0000bdfc    00000004                   : i2c.obj (.text:I2CMasterDataGet)
                  0000be00    00000004                   : i2c.obj (.text:I2CMasterDataPut)
                  0000be04    00000004                   : uart.obj (.text:UARTIntClear)
                  0000be08    00000004     KIRC_FltCmp_RTOS_pem4f.oem4f (.text:ti_sysbios_BIOS_RtsGateProxy_enter__E)
                  0000be0c    00000004     KIRC_FltCmp_RTOS_pem4f.oem4f (.text:ti_sysbios_BIOS_RtsGateProxy_leave__E)
                  0000be10    00000004     sysbios.aem4f : BIOS.obj (.text:ti_sysbios_family_arm_lm4_Timer_getPeriod__E)
                  0000be14    00000004                   : BIOS.obj (.text:ti_sysbios_family_arm_lm4_Timer_masterEnable__I)
                  0000be18    00000004     KIRC_FltCmp_RTOS_pem4f.oem4f (.text:ti_sysbios_family_arm_m3_TaskSupport_Module__startupDone__S)
                  0000be1c    00000004     sysbios.aem4f : BIOS.obj (.text:ti_sysbios_gates_GateHwi_query__F)
                  0000be20    00000004                   : BIOS.obj (.text:ti_sysbios_gates_GateMutex_query__F)
                  0000be24    00000004     KIRC_FltCmp_RTOS_pem4f.oem4f (.text:ti_sysbios_hal_Hwi_HwiProxy_Module__startupDone__S)
                  0000be28    00000004     KIRC_FltCmp_RTOS_pem4f.oem4f (.text:ti_sysbios_hal_Timer_TimerProxy_Module__startupDone__S)
                  0000be2c    00000004     KIRC_FltCmp_RTOS_pem4f.oem4f (.text:ti_sysbios_hal_Timer_TimerProxy_getPeriod__E)
                  0000be30    00000004     KIRC_FltCmp_RTOS_pem4f.oem4f (.text:ti_sysbios_heaps_HeapMem_Module_GateProxy_enter__E)
                  0000be34    00000004     KIRC_FltCmp_RTOS_pem4f.oem4f (.text:ti_sysbios_heaps_HeapMem_Module_GateProxy_leave__E)
                  0000be38    00000004     KIRC_FltCmp_RTOS_pem4f.oem4f (.text:ti_sysbios_knl_Task_SupportProxy_Module__startupDone__S)
                  0000be3c    00000004     sysbios.aem4f : BIOS.obj (.text:ti_sysbios_knl_Task_startup__E)
                  0000be40    00000004     ti.targets.arm.rtsarm.aem4f : Error.oem4f (.text:xdc_runtime_Error_getSite__F)
                  0000be44    00000004     KIRC_FltCmp_RTOS_pem4f.oem4f (.text:xdc_runtime_Memory_HeapProxy_alloc__E)
                  0000be48    00000004     KIRC_FltCmp_RTOS_pem4f.oem4f (.text:xdc_runtime_Memory_HeapProxy_free__E)
                  0000be4c    00000004     KIRC_FltCmp_RTOS_pem4f.oem4f (.text:xdc_runtime_System_Module_GateProxy_enter__E)
                  0000be50    00000004     KIRC_FltCmp_RTOS_pem4f.oem4f (.text:xdc_runtime_System_Module_GateProxy_leave__E)
                  0000be54    00000004     ti.targets.arm.rtsarm.aem4f : System.oem4f (.text:xdc_runtime_System_aprintf_va__F)
                  0000be58    00000004                                 : System.oem4f (.text:xdc_runtime_System_printf_va__F)
                  0000be5c    00000004     KIRC_FltCmp_RTOS_pem4f.oem4f (.text:xdc_runtime_System_vsnprintf__E)

.const     0    0000be60    000020c6     
                  0000be60    000015e4     KIRC_FltCmp_RTOS_pem4f.oem4f (.const:xdc_runtime_Text_charTab__A)
                  0000d444    00000102     rtsv7M4_T_le_v4SPD16_eabi.lib : ctype.obj (.const:.string:_ctypes_)
                  0000d546    000000d8     KIRC_FltCmp_RTOS_pem4f.oem4f (.const:ti_sysbios_family_arm_m3_Hwi_priorities__A)
                  0000d61e    00000002     KIRC_FltCmp_RTOS_pem4f.oem4f (.const:ti_catalog_arm_cortexm4_tiva_ce_Boot_Module__id__C)
                  0000d620    00000090     driverlib.lib : gpio.obj (.const:g_pui32GPIOBaseAddrs)
                  0000d6b0    0000008a     sensors.obj (.const:.string)
                  0000d73a    00000002     KIRC_FltCmp_RTOS_pem4f.oem4f (.const:ti_sysbios_BIOS_Module__id__C)
                  0000d73c    00000004     KIRC_FltCmp_RTOS_pem4f.oem4f (.const:ti_catalog_arm_cortexm4_tiva_ce_Boot_A_mustUseEnhancedClockMode__C)
                  0000d740    00000088     rtsv7M4_T_le_v4SPD16_eabi.lib : xatan.obj (.const)
                  0000d7c8    00000084     EK_TM4C123GXL.obj (.const:gpioHWAttrs)
                  0000d84c    0000006c     driverlib.lib : sysctl.obj (.const:g_pui32Xtals)
                  0000d8b8    00000048     KIRC_FltCmp_RTOS_pem4f.oem4f (.const:.string)
                  0000d900    0000003c     Main.obj (.const)
                  0000d93c    00000038     rtsv7M4_T_le_v4SPD16_eabi.lib : xflog.obj (.const)
                  0000d974    00000034                                   : xfatan.obj (.const)
                  0000d9a8    00000030     EK_TM4C123GXL.obj (.const:GPIO_config)
                  0000d9d8    00000030     EK_TM4C123GXL.obj (.const:UART_config)
                  0000da08    00000030     KIRC_FltCmp_RTOS_pem4f.oem4f (.const:ti_sysbios_family_arm_m3_Hwi_Object__PARAMS__C)
                  0000da38    0000002c     EK_TM4C123GXL.obj (.const:EK_TM4C123GXL_gpioPortACallbacks)
                  0000da64    0000002c     EK_TM4C123GXL.obj (.const:EK_TM4C123GXL_gpioPortFCallbacks)
                  0000da90    00000028     EK_TM4C123GXL.obj (.const)
                  0000dab8    00000028     rtsv7M4_T_le_v4SPD16_eabi.lib : xfdint.obj (.const)
                  0000dae0    00000028     KIRC_FltCmp_RTOS_pem4f.oem4f (.const:ti_sysbios_heaps_HeapMem_Module__FXNS__C)
                  0000db08    00000024     uart_tivaware.aem4f : UARTTiva.oem4f (.const:UARTTiva_fxnTable)
                  0000db2c    00000024     KIRC_FltCmp_RTOS_pem4f.oem4f (.const:ti_sysbios_gates_GateHwi_Module__FXNS__C)
                  0000db50    00000024     KIRC_FltCmp_RTOS_pem4f.oem4f (.const:ti_sysbios_gates_GateMutex_Module__FXNS__C)
                  0000db74    00000024     KIRC_FltCmp_RTOS_pem4f.oem4f (.const:ti_sysbios_heaps_HeapMem_Object__PARAMS__C)
                  0000db98    00000024     KIRC_FltCmp_RTOS_pem4f.oem4f (.const:ti_sysbios_knl_Semaphore_Object__PARAMS__C)
                  0000dbbc    00000020     KIRC_FltCmp_RTOS_pem4f.oem4f (.const:ti_sysbios_family_arm_m3_Hwi_Object__DESC__C)
                  0000dbdc    00000020     KIRC_FltCmp_RTOS_pem4f.oem4f (.const:ti_sysbios_gates_GateHwi_Object__DESC__C)
                  0000dbfc    00000020     KIRC_FltCmp_RTOS_pem4f.oem4f (.const:ti_sysbios_gates_GateMutex_Object__DESC__C)
                  0000dc1c    00000020     KIRC_FltCmp_RTOS_pem4f.oem4f (.const:ti_sysbios_heaps_HeapMem_Object__DESC__C)
                  0000dc3c    00000020     KIRC_FltCmp_RTOS_pem4f.oem4f (.const:ti_sysbios_knl_Queue_Object__DESC__C)
                  0000dc5c    00000020     KIRC_FltCmp_RTOS_pem4f.oem4f (.const:ti_sysbios_knl_Semaphore_Object__DESC__C)
                  0000dc7c    00000020     KIRC_FltCmp_RTOS_pem4f.oem4f (.const:xdc_runtime_Startup_sfxnTab__A)
                  0000dc9c    0000001c     rtsv7M4_T_le_v4SPD16_eabi.lib : xfexp.obj (.const)
                  0000dcb8    00000018     KIRC_FltCmp_RTOS_pem4f.oem4f (.const:ti_sysbios_gates_GateHwi_Object__PARAMS__C)
                  0000dcd0    00000018     KIRC_FltCmp_RTOS_pem4f.oem4f (.const:ti_sysbios_gates_GateMutex_Object__PARAMS__C)
                  0000dce8    00000018     KIRC_FltCmp_RTOS_pem4f.oem4f (.const:ti_sysbios_knl_Queue_Object__PARAMS__C)
                  0000dd00    00000014     KIRC_FltCmp_RTOS_pem4f.oem4f (.const:xdc_runtime_Startup_firstFxns__A)
                  0000dd14    00000011     ti.targets.arm.rtsarm.aem4f : System.oem4f (.const)
                  0000dd25    00000001     KIRC_FltCmp_RTOS_pem4f.oem4f (.const:xdc_runtime_Error_policy__C)
                  0000dd26    00000010     KIRC_FltCmp_RTOS_pem4f.oem4f (.const:xdc_runtime_Startup_sfxnRts__A)
                  0000dd36    00000010     KIRC_FltCmp_RTOS_pem4f.oem4f (.const:xdc_runtime_Text_nodeTab__A)
                  0000dd46    00000002     KIRC_FltCmp_RTOS_pem4f.oem4f (.const:ti_sysbios_family_arm_m3_Hwi_Module__id__C)
                  0000dd48    00000008     KIRC_FltCmp_RTOS_pem4f.oem4f (.const:ti_sysbios_family_arm_m3_Hwi_excHookFuncs__A)
                  0000dd50    00000008     KIRC_FltCmp_RTOS_pem4f.oem4f (.const:ti_sysbios_knl_Idle_coreList__C)
                  0000dd58    00000008     KIRC_FltCmp_RTOS_pem4f.oem4f (.const:ti_sysbios_knl_Idle_funcList__C)
                  0000dd60    00000008     KIRC_FltCmp_RTOS_pem4f.oem4f (.const:xdc_runtime_Startup_firstFxns__C)
                  0000dd68    00000008     KIRC_FltCmp_RTOS_pem4f.oem4f (.const:xdc_runtime_Startup_lastFxns__C)
                  0000dd70    00000004     KIRC_FltCmp_RTOS_pem4f.oem4f (.const:ti_catalog_arm_cortexm4_tiva_ce_Boot_Module__diagsEnabled__C)
                  0000dd74    00000004     KIRC_FltCmp_RTOS_pem4f.oem4f (.const:ti_catalog_arm_cortexm4_tiva_ce_Boot_Module__diagsIncluded__C)
                  0000dd78    00000004     KIRC_FltCmp_RTOS_pem4f.oem4f (.const:ti_catalog_arm_cortexm4_tiva_ce_Boot_Module__diagsMask__C)
                  0000dd7c    00000004     KIRC_FltCmp_RTOS_pem4f.oem4f (.const:ti_sysbios_BIOS_Module__diagsEnabled__C)
                  0000dd80    00000004     KIRC_FltCmp_RTOS_pem4f.oem4f (.const:ti_sysbios_BIOS_Module__diagsIncluded__C)
                  0000dd84    00000004     KIRC_FltCmp_RTOS_pem4f.oem4f (.const:ti_sysbios_BIOS_Module__diagsMask__C)
                  0000dd88    00000004     KIRC_FltCmp_RTOS_pem4f.oem4f (.const:ti_sysbios_BIOS_installedErrorHook__C)
                  0000dd8c    00000004     KIRC_FltCmp_RTOS_pem4f.oem4f (.const:ti_sysbios_family_arm_lm4_Timer_enableFunc__C)
                  0000dd90    00000004     KIRC_FltCmp_RTOS_pem4f.oem4f (.const:ti_sysbios_family_arm_lm4_Timer_numTimerDevices__C)
                  0000dd94    00000004     KIRC_FltCmp_RTOS_pem4f.oem4f (.const:ti_sysbios_family_arm_lm4_Timer_startupNeeded__C)
                  0000dd98    00000004     KIRC_FltCmp_RTOS_pem4f.oem4f (.const:ti_sysbios_family_arm_m3_Hwi_E_NMI__C)
                  0000dd9c    00000004     KIRC_FltCmp_RTOS_pem4f.oem4f (.const:ti_sysbios_family_arm_m3_Hwi_E_alreadyDefined__C)
                  0000dda0    00000004     KIRC_FltCmp_RTOS_pem4f.oem4f (.const:ti_sysbios_family_arm_m3_Hwi_E_busFault__C)
                  0000dda4    00000004     KIRC_FltCmp_RTOS_pem4f.oem4f (.const:ti_sysbios_family_arm_m3_Hwi_E_debugMon__C)
                  0000dda8    00000004     KIRC_FltCmp_RTOS_pem4f.oem4f (.const:ti_sysbios_family_arm_m3_Hwi_E_hardFault__C)
                  0000ddac    00000004     KIRC_FltCmp_RTOS_pem4f.oem4f (.const:ti_sysbios_family_arm_m3_Hwi_E_memFault__C)
                  0000ddb0    00000004     KIRC_FltCmp_RTOS_pem4f.oem4f (.const:ti_sysbios_family_arm_m3_Hwi_E_noIsr__C)
                  0000ddb4    00000004     KIRC_FltCmp_RTOS_pem4f.oem4f (.const:ti_sysbios_family_arm_m3_Hwi_E_reserved__C)
                  0000ddb8    00000004     KIRC_FltCmp_RTOS_pem4f.oem4f (.const:ti_sysbios_family_arm_m3_Hwi_E_svCall__C)
                  0000ddbc    00000004     KIRC_FltCmp_RTOS_pem4f.oem4f (.const:ti_sysbios_family_arm_m3_Hwi_E_usageFault__C)
                  0000ddc0    00000004     KIRC_FltCmp_RTOS_pem4f.oem4f (.const:ti_sysbios_family_arm_m3_Hwi_NUM_INTERRUPTS__C)
                  0000ddc4    00000004     KIRC_FltCmp_RTOS_pem4f.oem4f (.const:ti_sysbios_family_arm_m3_Hwi_ccr__C)
                  0000ddc8    00000004     KIRC_FltCmp_RTOS_pem4f.oem4f (.const:ti_sysbios_family_arm_m3_Hwi_dispatchTable__C)
                  0000ddcc    00000004     KIRC_FltCmp_RTOS_pem4f.oem4f (.const:ti_sysbios_family_arm_m3_Hwi_excHandlerFunc__C)
                  0000ddd0    00000004     KIRC_FltCmp_RTOS_pem4f.oem4f (.const:ti_sysbios_family_arm_m3_Hwi_excHookFuncs__C)
                  0000ddd4    00000004     KIRC_FltCmp_RTOS_pem4f.oem4f (.const:ti_sysbios_family_arm_m3_Hwi_priGroup__C)
                  0000ddd8    00000004     KIRC_FltCmp_RTOS_pem4f.oem4f (.const:ti_sysbios_family_arm_m3_Hwi_priorities__C)
                  0000dddc    00000004     KIRC_FltCmp_RTOS_pem4f.oem4f (.const:ti_sysbios_gates_GateMutex_A_badContext__C)
                  0000dde0    00000004     KIRC_FltCmp_RTOS_pem4f.oem4f (.const:ti_sysbios_gates_GateMutex_Instance_State_sem__O)
                  0000dde4    00000004     KIRC_FltCmp_RTOS_pem4f.oem4f (.const:ti_sysbios_gates_GateMutex_Module__diagsEnabled__C)
                  0000dde8    00000004     KIRC_FltCmp_RTOS_pem4f.oem4f (.const:ti_sysbios_gates_GateMutex_Module__diagsIncluded__C)
                  0000ddec    00000004     KIRC_FltCmp_RTOS_pem4f.oem4f (.const:ti_sysbios_gates_GateMutex_Module__diagsMask__C)
                  0000ddf0    00000004     KIRC_FltCmp_RTOS_pem4f.oem4f (.const:ti_sysbios_heaps_HeapMem_A_align__C)
                  0000ddf4    00000004     KIRC_FltCmp_RTOS_pem4f.oem4f (.const:ti_sysbios_heaps_HeapMem_A_heapSize__C)
                  0000ddf8    00000004     KIRC_FltCmp_RTOS_pem4f.oem4f (.const:ti_sysbios_heaps_HeapMem_A_invalidFree__C)
                  0000ddfc    00000004     KIRC_FltCmp_RTOS_pem4f.oem4f (.const:ti_sysbios_heaps_HeapMem_A_zeroBlock__C)
                  0000de00    00000004     KIRC_FltCmp_RTOS_pem4f.oem4f (.const:ti_sysbios_heaps_HeapMem_E_memory__C)
                  0000de04    00000004     KIRC_FltCmp_RTOS_pem4f.oem4f (.const:ti_sysbios_heaps_HeapMem_Module__diagsEnabled__C)
                  0000de08    00000004     KIRC_FltCmp_RTOS_pem4f.oem4f (.const:ti_sysbios_heaps_HeapMem_Module__diagsIncluded__C)
                  0000de0c    00000004     KIRC_FltCmp_RTOS_pem4f.oem4f (.const:ti_sysbios_heaps_HeapMem_Module__diagsMask__C)
                  0000de10    00000004     KIRC_FltCmp_RTOS_pem4f.oem4f (.const:ti_sysbios_heaps_HeapMem_Module__gateObj__C)
                  0000de14    00000004     KIRC_FltCmp_RTOS_pem4f.oem4f (.const:ti_sysbios_heaps_HeapMem_Object__count__C)
                  0000de18    00000004     KIRC_FltCmp_RTOS_pem4f.oem4f (.const:ti_sysbios_heaps_HeapMem_reqAlign__C)
                  0000de1c    00000004     KIRC_FltCmp_RTOS_pem4f.oem4f (.const:ti_sysbios_knl_Clock_Module_State_clockQ__O)
                  0000de20    00000004     KIRC_FltCmp_RTOS_pem4f.oem4f (.const:ti_sysbios_knl_Semaphore_A_badContext__C)
                  0000de24    00000004     KIRC_FltCmp_RTOS_pem4f.oem4f (.const:ti_sysbios_knl_Semaphore_A_noEvents__C)
                  0000de28    00000004     KIRC_FltCmp_RTOS_pem4f.oem4f (.const:ti_sysbios_knl_Semaphore_A_overflow__C)
                  0000de2c    00000004     KIRC_FltCmp_RTOS_pem4f.oem4f (.const:ti_sysbios_knl_Semaphore_A_pendTaskDisabled__C)
                  0000de30    00000004     KIRC_FltCmp_RTOS_pem4f.oem4f (.const:ti_sysbios_knl_Semaphore_Instance_State_pendQ__O)
                  0000de34    00000004     KIRC_FltCmp_RTOS_pem4f.oem4f (.const:ti_sysbios_knl_Semaphore_Module__diagsEnabled__C)
                  0000de38    00000004     KIRC_FltCmp_RTOS_pem4f.oem4f (.const:ti_sysbios_knl_Semaphore_Module__diagsIncluded__C)
                  0000de3c    00000004     KIRC_FltCmp_RTOS_pem4f.oem4f (.const:ti_sysbios_knl_Semaphore_Module__diagsMask__C)
                  0000de40    00000004     KIRC_FltCmp_RTOS_pem4f.oem4f (.const:ti_sysbios_knl_Task_A_badTimeout__C)
                  0000de44    00000004     KIRC_FltCmp_RTOS_pem4f.oem4f (.const:ti_sysbios_knl_Task_A_sleepTaskDisabled__C)
                  0000de48    00000004     KIRC_FltCmp_RTOS_pem4f.oem4f (.const:ti_sysbios_knl_Task_Module_State_inactiveQ__O)
                  0000de4c    00000004     KIRC_FltCmp_RTOS_pem4f.oem4f (.const:ti_sysbios_knl_Task_Module__diagsEnabled__C)
                  0000de50    00000004     KIRC_FltCmp_RTOS_pem4f.oem4f (.const:ti_sysbios_knl_Task_Module__diagsIncluded__C)
                  0000de54    00000004     KIRC_FltCmp_RTOS_pem4f.oem4f (.const:ti_sysbios_knl_Task_Module__diagsMask__C)
                  0000de58    00000004     KIRC_FltCmp_RTOS_pem4f.oem4f (.const:ti_sysbios_knl_Task_Object__count__C)
                  0000de5c    00000004     KIRC_FltCmp_RTOS_pem4f.oem4f (.const:ti_sysbios_knl_Task_allBlockedFunc__C)
                  0000de60    00000004     KIRC_FltCmp_RTOS_pem4f.oem4f (.const:ti_sysbios_knl_Task_numConstructedTasks__C)
                  0000de64    00000004     KIRC_FltCmp_RTOS_pem4f.oem4f (.const:xdc_runtime_Assert_E_assertFailed__C)
                  0000de68    00000004     KIRC_FltCmp_RTOS_pem4f.oem4f (.const:xdc_runtime_Core_A_initializedParams__C)
                  0000de6c    00000004     KIRC_FltCmp_RTOS_pem4f.oem4f (.const:xdc_runtime_Core_Module__diagsEnabled__C)
                  0000de70    00000004     KIRC_FltCmp_RTOS_pem4f.oem4f (.const:xdc_runtime_Core_Module__diagsIncluded__C)
                  0000de74    00000004     KIRC_FltCmp_RTOS_pem4f.oem4f (.const:xdc_runtime_Core_Module__diagsMask__C)
                  0000de78    00000004     KIRC_FltCmp_RTOS_pem4f.oem4f (.const:xdc_runtime_Error_E_memory__C)
                  0000de7c    00000004     KIRC_FltCmp_RTOS_pem4f.oem4f (.const:xdc_runtime_Error_Module__diagsEnabled__C)
                  0000de80    00000004     KIRC_FltCmp_RTOS_pem4f.oem4f (.const:xdc_runtime_Error_Module__diagsIncluded__C)
                  0000de84    00000004     KIRC_FltCmp_RTOS_pem4f.oem4f (.const:xdc_runtime_Error_Module__diagsMask__C)
                  0000de88    00000004     KIRC_FltCmp_RTOS_pem4f.oem4f (.const:xdc_runtime_Error_Module__loggerFxn8__C)
                  0000de8c    00000004     KIRC_FltCmp_RTOS_pem4f.oem4f (.const:xdc_runtime_Error_Module__loggerObj__C)
                  0000de90    00000004     KIRC_FltCmp_RTOS_pem4f.oem4f (.const:xdc_runtime_Error_raiseHook__C)
                  0000de94    00000004     KIRC_FltCmp_RTOS_pem4f.oem4f (.const:xdc_runtime_IGateProvider_Interface__BASE__C)
                  0000de98    00000004     KIRC_FltCmp_RTOS_pem4f.oem4f (.const:xdc_runtime_IHeap_Interface__BASE__C)
                  0000de9c    00000004     KIRC_FltCmp_RTOS_pem4f.oem4f (.const:xdc_runtime_IModule_Interface__BASE__C)
                  0000dea0    00000004     KIRC_FltCmp_RTOS_pem4f.oem4f (.const:xdc_runtime_Log_L_error__C)
                  0000dea4    00000004     KIRC_FltCmp_RTOS_pem4f.oem4f (.const:xdc_runtime_Main_Module__diagsEnabled__C)
                  0000dea8    00000004     KIRC_FltCmp_RTOS_pem4f.oem4f (.const:xdc_runtime_Main_Module__diagsIncluded__C)
                  0000deac    00000004     KIRC_FltCmp_RTOS_pem4f.oem4f (.const:xdc_runtime_Main_Module__diagsMask__C)
                  0000deb0    00000004     KIRC_FltCmp_RTOS_pem4f.oem4f (.const:xdc_runtime_Main_Module__loggerFxn2__C)
                  0000deb4    00000004     KIRC_FltCmp_RTOS_pem4f.oem4f (.const:xdc_runtime_Main_Module__loggerObj__C)
                  0000deb8    00000004     KIRC_FltCmp_RTOS_pem4f.oem4f (.const:xdc_runtime_Memory_defaultHeapInstance__C)
                  0000debc    00000004     KIRC_FltCmp_RTOS_pem4f.oem4f (.const:xdc_runtime_Startup_execImpl__C)
                  0000dec0    00000004     KIRC_FltCmp_RTOS_pem4f.oem4f (.const:xdc_runtime_Startup_lastFxns__A)
                  0000dec4    00000004     KIRC_FltCmp_RTOS_pem4f.oem4f (.const:xdc_runtime_Startup_maxPasses__C)
                  0000dec8    00000004     KIRC_FltCmp_RTOS_pem4f.oem4f (.const:xdc_runtime_Startup_sfxnRts__C)
                  0000decc    00000004     KIRC_FltCmp_RTOS_pem4f.oem4f (.const:xdc_runtime_Startup_sfxnTab__C)
                  0000ded0    00000004     KIRC_FltCmp_RTOS_pem4f.oem4f (.const:xdc_runtime_SysCallback_abortFxn__C)
                  0000ded4    00000004     KIRC_FltCmp_RTOS_pem4f.oem4f (.const:xdc_runtime_SysCallback_exitFxn__C)
                  0000ded8    00000004     KIRC_FltCmp_RTOS_pem4f.oem4f (.const:xdc_runtime_SysCallback_flushFxn__C)
                  0000dedc    00000004     KIRC_FltCmp_RTOS_pem4f.oem4f (.const:xdc_runtime_SysCallback_putchFxn__C)
                  0000dee0    00000004     KIRC_FltCmp_RTOS_pem4f.oem4f (.const:xdc_runtime_SysCallback_readyFxn__C)
                  0000dee4    00000004     KIRC_FltCmp_RTOS_pem4f.oem4f (.const:xdc_runtime_System_Module__gateObj__C)
                  0000dee8    00000004     KIRC_FltCmp_RTOS_pem4f.oem4f (.const:xdc_runtime_System_extendFxn__C)
                  0000deec    00000004     KIRC_FltCmp_RTOS_pem4f.oem4f (.const:xdc_runtime_System_maxAtexitHandlers__C)
                  0000def0    00000004     KIRC_FltCmp_RTOS_pem4f.oem4f (.const:xdc_runtime_Text_charTab__C)
                  0000def4    00000004     KIRC_FltCmp_RTOS_pem4f.oem4f (.const:xdc_runtime_Text_nameEmpty__C)
                  0000def8    00000004     KIRC_FltCmp_RTOS_pem4f.oem4f (.const:xdc_runtime_Text_nameStatic__C)
                  0000defc    00000004     KIRC_FltCmp_RTOS_pem4f.oem4f (.const:xdc_runtime_Text_nameUnknown__C)
                  0000df00    00000004     KIRC_FltCmp_RTOS_pem4f.oem4f (.const:xdc_runtime_Text_nodeTab__C)
                  0000df04    00000004     KIRC_FltCmp_RTOS_pem4f.oem4f (.const:xdc_runtime_Text_visitRopeFxn__C)
                  0000df08    00000002     KIRC_FltCmp_RTOS_pem4f.oem4f (.const:ti_sysbios_gates_GateMutex_Module__id__C)
                  0000df0a    00000002     KIRC_FltCmp_RTOS_pem4f.oem4f (.const:ti_sysbios_heaps_HeapMem_Module__id__C)
                  0000df0c    00000002     KIRC_FltCmp_RTOS_pem4f.oem4f (.const:ti_sysbios_knl_Semaphore_Module__id__C)
                  0000df0e    00000002     KIRC_FltCmp_RTOS_pem4f.oem4f (.const:ti_sysbios_knl_Task_Module__id__C)
                  0000df10    00000002     KIRC_FltCmp_RTOS_pem4f.oem4f (.const:ti_sysbios_knl_Task_initStackFlag__C)
                  0000df12    00000002     KIRC_FltCmp_RTOS_pem4f.oem4f (.const:xdc_runtime_Core_Module__id__C)
                  0000df14    00000002     KIRC_FltCmp_RTOS_pem4f.oem4f (.const:xdc_runtime_Error_Module__loggerDefined__C)
                  0000df16    00000002     KIRC_FltCmp_RTOS_pem4f.oem4f (.const:xdc_runtime_Error_maxDepth__C)
                  0000df18    00000002     KIRC_FltCmp_RTOS_pem4f.oem4f (.const:xdc_runtime_Main_Module__id__C)
                  0000df1a    00000002     KIRC_FltCmp_RTOS_pem4f.oem4f (.const:xdc_runtime_Main_Module__loggerDefined__C)
                  0000df1c    00000002     KIRC_FltCmp_RTOS_pem4f.oem4f (.const:xdc_runtime_Memory_Module__id__C)
                  0000df1e    00000002     KIRC_FltCmp_RTOS_pem4f.oem4f (.const:xdc_runtime_Text_charCnt__C)
                  0000df20    00000002     KIRC_FltCmp_RTOS_pem4f.oem4f (.const:xdc_runtime_Text_isLoaded__C)
                  0000df22    00000002     KIRC_FltCmp_RTOS_pem4f.oem4f (.const:xdc_runtime_Text_registryModsLastId__C)
                  0000df24    00000002     KIRC_FltCmp_RTOS_pem4f.oem4f (.const:xdc_runtime_Text_unnamedModsLastId__C)

.cinit     0    0000df28    00000440     
                  0000df28    00000406     (.cinit..data.load) [load image, compression = rle]
                  0000e32e    00000002     --HOLE-- [fill = 0]
                  0000e330    0000000c     (__TI_handler_table)
                  0000e33c    00000004     --HOLE-- [fill = 0]
                  0000e340    00000008     (.cinit..bss.load) [load image, compression = zero_init]
                  0000e348    00000008     (.cinit..vecs.load) [load image, compression = zero_init]
                  0000e350    00000018     (__TI_cinit_table)

.vecs      0    20000000    00000360     UNINITIALIZED
                  20000000    00000360     KIRC_FltCmp_RTOS_pem4f.oem4f (.vecs)

.bss       0    20000360    000041a0     UNINITIALIZED
                  20000360    00003800     KIRC_FltCmp_RTOS_pem4f.oem4f (.bss:taskStackSection)
                  20003b60    00000600     KIRC_FltCmp_RTOS_pem4f.oem4f (.bss:ti_sysbios_heaps_HeapMem_Instance_State_0_buf__A)
                  20004160    00000198     EK_TM4C123GXL.obj (.bss:uartTivaObjects)
                  200042f8    00000120     rtsv7M4_T_le_v4SPD16_eabi.lib : trgmsg.obj (.bss:__CIOBUF_)
                  20004418    000000a0                                   : defs.obj (.bss:__TI_tmpnams)
                  200044b8    0000001c     (.common:callbackHwi)
                  200044d4    0000001c     (.common:callbackHwi2)
                  200044f0    00000008     (.common:parmbuf)
                  200044f8    00000004     (.common:ui32Load)
                  200044fc    00000004     (.common:ui32PWMClock)

.data      0    20004500    00000d76     UNINITIALIZED
                  20004500    00000360     KIRC_FltCmp_RTOS_pem4f.oem4f (.data:ti_sysbios_family_arm_m3_Hwi_Module_State_0_dispatchTable__A)
                  20004860    00000214     KIRC_FltCmp_RTOS_pem4f.oem4f (.data:ti_sysbios_knl_Task_Object__table__V)
                  20004a74    0000014c     KIRC_FltCmp_RTOS_pem4f.oem4f (.data)
                  20004bc0    000000f0     rtsv7M4_T_le_v4SPD16_eabi.lib : defs.obj (.data:_ftable)
                  20004cb0    000000d0                                   : lowlev.obj (.data)
                  20004d80    000000b0                                   : signal.obj (.data:sigtable)
                  20004e30    00000080                                   : xvalues.obj (.data)
                  20004eb0    0000006c     Main.obj (.data:TelemData)
                  20004f1c    00000004     Main.obj (.data)
                  20004f20    00000068     rtsv7M4_T_le_v4SPD16_eabi.lib : xfvalues.obj (.data)
                  20004f88    0000005c     KIRC_FltCmp_RTOS_pem4f.oem4f (.data:ti_sysbios_family_arm_m3_Hwi_Module__state__V)
                  20004fe4    00000044     KIRC_FltCmp_RTOS_pem4f.oem4f (.data:ti_sysbios_knl_Task_Module__state__V)
                  20005028    0000003c     sensors.obj (.data:Gyro_Memory)
                  20005064    0000003c     Main.obj (.data:RxData)
                  200050a0    00000038     KIRC_FltCmp_RTOS_pem4f.oem4f (.data:ti_sysbios_family_arm_lm4_Timer_Object__table__V)
                  200050d8    00000038     KIRC_FltCmp_RTOS_pem4f.oem4f (.data:ti_sysbios_gates_GateMutex_Object__table__V)
                  20005110    00000034     Main.obj (.data:controlData)
                  20005144    00000030     KIRC_FltCmp_RTOS_pem4f.oem4f (.data:ti_sysbios_family_arm_lm4_Timer_Module_State_0_device__A)
                  20005174    00000030     KIRC_FltCmp_RTOS_pem4f.oem4f (.data:ti_sysbios_knl_Task_Module_State_0_readyQ__A)
                  200051a4    00000028     KIRC_FltCmp_RTOS_pem4f.oem4f (.data:ti_sysbios_knl_Clock_Module__state__V)
                  200051cc    00000024     Main.obj (.data:IMUdata)
                  200051f0    00000018     UARTUtils.obj (.data)
                  20005208    00000018     sensors.obj (.data)
                  20005220    00000010     quaternion.obj (.data)
                  20005230    00000010     rtsv7M4_T_le_v4SPD16_eabi.lib : defs.obj (.data)
                  20005240    00000008     gpio_tivaware.aem4f : GPIO.oem4f (.data)
                  20005248    00000008     rtsv7M4_T_le_v4SPD16_eabi.lib : _lock.obj (.data)
                  20005250    00000008                                   : exit.obj (.data)
                  20005258    00000008                                   : feraiseexcept.obj (.data)
                  20005260    00000004                                   : dtor_list.obj (.data)
                  20005264    00000004                                   : errno.obj (.data)
                  20005268    00000004                                   : fopen.obj (.data)
                  2000526c    00000004                                   : stkdepth_vars.obj (.data)
                  20005270    00000004     uart_tivaware.aem4f : UART.oem4f (.data)
                  20005274    00000002     RxFunctions.obj (.data)

.stack     0    20005278    00000600     UNINITIALIZED
                  20005278    00000600     --HOLE--


LINKER GENERATED COPY TABLES

__TI_cinit_table @ 0000e350 records: 3, size/record: 8, table size: 24
	.data: load addr=0000df28, load size=00000406 bytes, run addr=20004500, run size=00000d76 bytes, compression=rle
	.bss: load addr=0000e340, load size=00000008 bytes, run addr=20000360, run size=000041a0 bytes, compression=zero_init
	.vecs: load addr=0000e348, load size=00000008 bytes, run addr=20000000, run size=00000360 bytes, compression=zero_init


LINKER GENERATED HANDLER TABLE

__TI_handler_table @ 0000e330 records: 3, size/record: 4, table size: 12
	index: 0, handler: __TI_zero_init
	index: 1, handler: __TI_decompress_rle24
	index: 2, handler: __TI_decompress_none


GLOBAL SYMBOLS: SORTED ALPHABETICALLY BY Name 

address    name
--------   ----
0000bcdd   ADCIntClear
0000aee5   ADCIntStatus
0000b6bf   ADCProcessorTrigger
0000b12d   ADCSequenceConfigure
0000b551   ADCSequenceDataGet
0000bbad   ADCSequenceEnable
00009675   ADCSequenceStepConfigure
0000afcb   Accel_Init
00007c01   AltimeterFxn
00006c45   Altm_Init
00009361   BatteryMonitorFxn
00009fd5   BatteryMonitorInit
0000a4c9   C$$EXIT
00009b6f   C$$IO$$
000076e1   Calib_Accel
00005d25   Calib_Gyro
0000b1d5   ClearRxInterrupts
00001cbd   ControlFxn
0000b1fd   DisableRxInterrupts
0000da38   EK_TM4C123GXL_gpioPortACallbacks
0000da64   EK_TM4C123GXL_gpioPortFCallbacks
00007511   EK_TM4C123GXL_initGPIO
0000a6a5   EK_TM4C123GXL_initGeneral
000096e1   EK_TM4C123GXL_initPWM
00009179   EK_TM4C123GXL_initUART
0000ab8d   EnableRxInterrupts
00004ddd   Filter_GyroData
0000b157   GPIODirModeSet
0000bd9f   GPIOIntClear
0000bbbb   GPIOIntDisable
0000bc29   GPIOIntEnable
0000bbc9   GPIOIntStatus
00009e81   GPIOIntTypeSet
000065b1   GPIOPadConfigSet
0000a1fd   GPIOPinConfigure
0000bda5   GPIOPinRead
0000b981   GPIOPinTypeADC
0000b993   GPIOPinTypeGPIOInput
0000b6d7   GPIOPinTypeGPIOOutput
0000b9a5   GPIOPinTypeI2C
0000b9b7   GPIOPinTypeI2CSCL
0000b9c9   GPIOPinTypePWM
0000b9db   GPIOPinTypeUART
0000bdab   GPIOPinWrite
0000b8cd   GPIO_clearInt
0000d9a8   GPIO_config
0000b2ed   GPIO_disableInt
0000a6e5   GPIO_enableInt
0000b181   GPIO_hwiIntFxn
0000b311   GPIO_init
00009ed9   GPIO_setupCallbacks
0000a8a5   GPIO_toggle
0000b225   GPIO_write
00006f51   GPSFxn
000043c5   GPS_Init
00008fed   GetData_Accel
00009071   GetData_Gyro
00007cd1   Get_Altitude
00005261   Get_Pressure
0000926f   Get_Temp
0000b6ef   Gyro_Init
20005028   Gyro_Memory
20005208   Gyro_Offset
0000345d   HOSTclock
00003425   HOSTclose
000033e7   HOSTgetenv
0000338b   HOSTlseek
00003339   HOSTopen
000032ed   HOSTread
0000328f   HOSTrename
00003255   HOSTtime
0000321d   HOSTunlink
000031d1   HOSTwrite
0000a245   I2C0_MasterInit
00009a85   I2C0_RxData
00009dd1   I2C0_TxData
0000bd5f   I2CMasterBusy
0000bdf9   I2CMasterControl
0000bdfd   I2CMasterDataGet
0000be01   I2CMasterDataPut
0000bce7   I2CMasterEnable
0000a28d   I2CMasterInitExpClk
0000bd67   I2CMasterSlaveAddrSet
200051cc   IMUdata
20005214   Magn_Offset
0000b40d   PWMGenConfigure
0000bc35   PWMGenEnable
0000ba6b   PWMGenPeriodSet
0000b9ed   PWMOutputState
0000b56f   PWMPulseWidthSet
00003fdd   ProcessRxData
000093d5   ProcessStateMachine
00008b95   RCinputIntHandler
20005274   RXChannelLock
00005535   ReadInputFxn
00008e59   ReadSensorsFxn
000090f5   Read_Accel
00005691   Read_Gyro
20005064   RxData
UNDEFED    SHT$$INIT_ARRAY$$Base
UNDEFED    SHT$$INIT_ARRAY$$Limit
20005220   State
000080a5   StateEst_Calib
00007d99   SysCtlClockGet
0000bdb1   SysCtlDelay
0000b8e1   SysCtlPWMClockSet
0000abc1   SysCtlPeripheralEnable
20004a28   TSK_idle
20004eb0   TelemData
0000bcf1   UARTCharGet
0000bbd7   UARTCharGetNonBlocking
0000bcfb   UARTCharPut
0000bbe5   UARTCharPutNonBlocking
0000a661   UARTConfigSetExpClk
0000b5ad   UARTDisable
0000b8f5   UARTEnable
0000bdb7   UARTFIFOLevelSet
0000be05   UARTIntClear
0000bd05   UARTIntDisable
0000bd6f   UARTIntEnable
0000bd0f   UARTIntStatus
0000db08   UARTTiva_fxnTable
0000b707   UARTUtils_deviceclose
0000b9ff   UARTUtils_devicelseek
0000af13   UARTUtils_deviceopen
0000ac29   UARTUtils_deviceread
0000ba7b   UARTUtils_devicerename
0000bbf3   UARTUtils_deviceunlink
0000ac5d   UARTUtils_devicewrite
0000b335   UARTUtils_systemAbort
00008cb5   UARTUtils_systemInit
0000b431   UARTUtils_systemPutch
0000b909   UARTUtils_systemReady
0000aff7   UART_Params_init
0000bd19   UART_close
0000d9d8   UART_config
0000a995   UART_init
0000b721   UART_open
0000bd23   UART_read
0000bd2d   UART_write
0000bd37   UART_writePolling
00001221   Update_State
00004c51   _Atan
0000ba23   _Dclass
20004e30   _Denorm
00007e61   _Dnorm
00006921   _Dscale
0000a50d   _Dtest
000099bd   _Dunscale
20004e40   _Eps
20005264   _Errno
000084c9   _FAtan
20004f20   _FDenorm
00008c25   _FDint
000091f5   _FDnorm
00007fe5   _FDscale
0000acf9   _FDtest
00009f2d   _FDunscale
20004f30   _FEps
00004f65   _FExp
20004f40   _FInf
000050e9   _FLog
20004f50   _FNan
20004f70   _FRteps
20004f60   _FSnan
20004f80   _FXbig
20004f84   _FZero
20005258   _Fenv
0000adf5   _Feraise
20004e50   _Hugeval
20004e60   _Inf
20004e70   _Nan
20004e90   _Rteps
20004e80   _Snan
2000525c   _Tls_setup__Fenv
20004ea0   _Xbig
20004ea8   _Zero
00000000   __ASM__
200042f8   __CIOBUF_
00000083   __ISA__
00000096   __PLAT__
20005878   __STACK_END
00000600   __STACK_SIZE
20005378   __STACK_TOP
000000b7   __TARG__
0000e350   __TI_CINIT_Base
0000e368   __TI_CINIT_Limit
0000e330   __TI_Handler_Table_Base
0000e33c   __TI_Handler_Table_Limit
00000001   __TI_args_main
00008761   __TI_auto_init
0000465d   __TI_cleanup
20005250   __TI_cleanup_ptr
000089d5   __TI_closefile
0000bc01   __TI_decompress_none
0000bdc3   __TI_decompress_rle24
00007f25   __TI_doflush
20005254   __TI_dtors_ptr
20005230   __TI_ft_end
00000f17   __TI_printfi
000083d3   __TI_rd_ok
00009b73   __TI_readmsg
00000000   __TI_static_base__
20004418   __TI_tmpnams
00009b45   __TI_writemsg
00008371   __TI_wrt_ok
0000ba11   __TI_zero_init
000000dd   __TRDR__
00007299   __aeabi_atexit
00008ee1   __aeabi_cdcmpeq
00008ee1   __aeabi_cdcmple
00008f67   __aeabi_cdrcmple
0000a1b1   __aeabi_d2f
0000a2d5   __aeabi_d2iz
0000475f   __aeabi_dadd
00006211   __aeabi_ddiv
0000704d   __aeabi_dmul
00004755   __aeabi_dsub
0000a9cd   __aeabi_f2d
0000af6f   __aeabi_i2d
0000b769   __aeabi_lmul
000092e7   __aeabi_memclr
000092e7   __aeabi_memclr4
000092e7   __aeabi_memclr8
0000889d   __aeabi_memcpy
0000889d   __aeabi_memcpy4
0000889d   __aeabi_memcpy8
000092e9   __aeabi_memset
000092e9   __aeabi_memset4
000092e9   __aeabi_memset8
2000523c   __aeabi_stderr
20005234   __aeabi_stdin
20005238   __aeabi_stdout
0000b451   __aeabi_ui2d
000041d1   __aeabi_uldivmod
ffffffff   __binit__
ffffffff   __c_args__
00007287   __cxa_atexit
00007241   __cxa_finalize
00007281   __cxa_ia64_exit
20005278   __stack
0000bdbd   __xdc__init
20004bbc   __xdc__init__addr
0000b751   _args_main
00009d79   _c_int00
0000d444   _ctypes_
20004bc0   _ftable
20005248   _lock
0000b92b   _nop
0000b923   _register_lock
0000b91d   _register_unlock
2000524c   _unlock
0000a4cd   abort
00003123   add_device
00006805   asin
00007a55   atan2f
0000728b   atexit
0000a165   atoi
ffffffff   binit
200044b8   callbackHwi
200044d4   callbackHwi2
000030d1   close
20005110   controlData
0000a485   copy_in
20005275   currentRXChannel
0000a4d5   exit
00008a3b   fclose
0000acc5   feraiseexcept
00007f71   fflush
000046b3   fopen
00008801   fputc
00006349   fputs
0000b739   free
00004689   freopen
00009959   fseek
0000d7c8   gpioHWAttrs
0000da90   i2cTivaHWAttrs
0000bdc9   logf
000030ad   lseek
00009d1d   ltoa
00007335   main
2000526c   main_func_sp
0000af41   malloc
0000b5c9   memccpy
0000b8a1   memchr
0000889d   memcpy
000092ef   memset
0000b671   motorsDisable
00005e61   motors_init
0000797d   motors_out
00002fff   open
0000278d   powf
0000944d   printf
00008885   putc
00008889   putchar
00006455   puts
0000af9d   raise
00002fdb   read
00002f51   remove
00002fb3   remove_device
00002f75   rename
000078a1   setvbuf
0000a765   signal
00009ae5   sprintf
00005a9d   sqrt
0000b8b7   strchr
0000b781   strcmp
0000ba8b   strcpy
0000b931   strlen
0000adc5   strncpy
0000d73c   ti_catalog_arm_cortexm4_tiva_ce_Boot_A_mustUseEnhancedClockMode__C
0000dd70   ti_catalog_arm_cortexm4_tiva_ce_Boot_Module__diagsEnabled__C
0000dd74   ti_catalog_arm_cortexm4_tiva_ce_Boot_Module__diagsIncluded__C
0000dd78   ti_catalog_arm_cortexm4_tiva_ce_Boot_Module__diagsMask__C
0000d61e   ti_catalog_arm_cortexm4_tiva_ce_Boot_Module__id__C
0000bc1d   ti_catalog_arm_cortexm4_tiva_ce_Boot_init__I
00006a31   ti_catalog_arm_cortexm4_tiva_ce_Boot_sysCtlClockSetI__I
[...]
0000b799   ti_sysbios_family_arm_lm4_Timer_Module__startupDone__S
0000b7b1   ti_sysbios_family_arm_m3_Hwi_Handle__label__S
0000b7c9   ti_sysbios_family_arm_m3_Hwi_Module__startupDone__F
0000b7c9   ti_sysbios_family_arm_m3_Hwi_Module__startupDone__S
0000b7e1   ti_sysbios_family_arm_m3_TaskSupport_swap__E
0000b7e1   ti_sysbios_knl_Task_SupportProxy_swap__E
0000b7ed   ti_sysbios_knl_Task_swapReturn
0000b7f9   ti_sysbios_gates_GateHwi_Handle__label__S
0000b811   ti_sysbios_gates_GateMutex_Handle__label__S
0000b829   ti_sysbios_gates_GateMutex_leave__E
0000b841   ti_sysbios_hal_Timer_Module__startupDone__F
0000b841   ti_sysbios_hal_Timer_Module__startupDone__S
0000b859   ti_sysbios_heaps_HeapMem_Handle__label__S
0000b871   ti_sysbios_knl_Task_Handle__label__S
0000b889   xdc_runtime_Text_ropeText__E
0000b889   xdc_runtime_Text_ropeText__F
0000b8a1   memchr
0000b8b7   strchr
0000b8cd   GPIO_clearInt
0000b8e1   SysCtlPWMClockSet
0000b8f5   UARTEnable
0000b909   UARTUtils_systemReady
0000b91d   _register_unlock
0000b923   _register_lock
0000b92b   _nop
0000b931   strlen
0000b945   ti_sysbios_family_arm_m3_Hwi_switchFromBootStack__E
0000b945   ti_sysbios_hal_Hwi_HwiProxy_switchFromBootStack__E
0000b945   ti_sysbios_hal_Hwi_switchFromBootStack__E
0000b959   ti_sysbios_heaps_HeapMem_Object__get__S
0000b96d   xdc_runtime_System_abort__E
0000b96d   xdc_runtime_System_abort__F
0000b981   GPIOPinTypeADC
0000b993   GPIOPinTypeGPIOInput
0000b9a5   GPIOPinTypeI2C
0000b9b7   GPIOPinTypeI2CSCL
0000b9c9   GPIOPinTypePWM
0000b9db   GPIOPinTypeUART
0000b9ed   PWMOutputState
0000b9ff   UARTUtils_devicelseek
0000ba11   __TI_zero_init
0000ba23   _Dclass
0000ba35   ti_sysbios_hal_Hwi_Module_startup__E
0000ba35   ti_sysbios_hal_Hwi_Module_startup__F
0000ba47   ti_sysbios_hal_Timer_Module_startup__E
0000ba47   ti_sysbios_hal_Timer_Module_startup__F
0000ba59   xdc_runtime_Startup_exec__I
0000ba6b   PWMGenPeriodSet
0000ba7b   UARTUtils_devicerename
0000ba8b   strcpy
0000ba9d   ti_sysbios_BIOS_getCpuFreq__E
0000baad   ti_sysbios_BIOS_setThreadType__E
0000babd   ti_sysbios_BIOS_start__E
0000bacd   ti_sysbios_family_arm_m3_Hwi_excHandler__I
0000badd   ti_sysbios_family_arm_m3_TaskSupport_glue
0000baed   ti_sysbios_gates_GateMutex_Instance_finalize__F
0000bafd   ti_sysbios_knl_Semaphore_Instance_finalize__F
0000bb0d   ti_sysbios_knl_Task_Object__get__S
0000bb1d   ti_sysbios_knl_Task_disable__E
0000bb2d   xdc_runtime_Gate_leaveSystem__E
0000bb2d   xdc_runtime_Gate_leaveSystem__F
0000bb3d   xdc_runtime_Memory_free__E
0000bb3d   xdc_runtime_Memory_free__F
0000bb4d   xdc_runtime_SysCallback_abort__E
0000bb4d   xdc_runtime_SysCallback_abort__F
0000bb4d   xdc_runtime_System_SupportProxy_abort__E
0000bb5d   xdc_runtime_SysCallback_exit__E
0000bb5d   xdc_runtime_SysCallback_exit__F
0000bb5d   xdc_runtime_System_SupportProxy_exit__E
0000bb6d   xdc_runtime_SysCallback_flush__E
0000bb6d   xdc_runtime_SysCallback_flush__F
0000bb6d   xdc_runtime_System_SupportProxy_flush__E
0000bb6d   xdc_runtime_System_flush__E
0000bb6d   xdc_runtime_System_flush__F
0000bb7d   xdc_runtime_SysCallback_putch__E
0000bb7d   xdc_runtime_SysCallback_putch__F
0000bb7d   xdc_runtime_System_SupportProxy_putch__E
0000bb8d   xdc_runtime_SysCallback_ready__E
0000bb8d   xdc_runtime_SysCallback_ready__F
0000bb8d   xdc_runtime_System_SupportProxy_ready__E
0000bb9d   xdc_runtime_System_vsnprintf__F
0000bbad   ADCSequenceEnable
0000bbbb   GPIOIntDisable
0000bbc9   GPIOIntStatus
0000bbd7   UARTCharGetNonBlocking
0000bbe5   UARTCharPutNonBlocking
0000bbf3   UARTUtils_deviceunlink
0000bc01   __TI_decompress_none
0000bc0f   ti_sysbios_knl_Queue_empty__E
0000bc1d   ti_catalog_arm_cortexm4_tiva_ce_Boot_init__I
0000bc29   GPIOIntEnable
0000bc35   PWMGenEnable
0000bc41   ti_sysbios_family_arm_lm4_Timer_masterDisable__I
0000bc4d   ti_sysbios_family_arm_m3_Hwi_Params__init__S
0000bc59   ti_sysbios_family_arm_m3_Hwi_disableFxn__E
0000bc59   ti_sysbios_hal_Hwi_HwiProxy_disable__E
0000bc59   ti_sysbios_hal_Hwi_disable__E
0000bc65   ti_sysbios_gates_GateHwi_enter__E
0000bc71   ti_sysbios_knl_Clock_getTicks__E
0000bc7d   ti_sysbios_knl_Queue_Object__get__S
0000bc89   ti_sysbios_knl_Semaphore_Params__init__S
0000bc95   xdc_runtime_Error_init__E
0000bc95   xdc_runtime_Error_init__F
0000bca1   xdc_runtime_Gate_enterSystem__E
0000bca1   xdc_runtime_Gate_enterSystem__F
0000bcad   xdc_runtime_Memory_calloc__E
0000bcad   xdc_runtime_Memory_calloc__F
0000bcb9   xdc_runtime_Memory_getMaxDefaultTypeAlign__E
0000bcb9   xdc_runtime_Memory_getMaxDefaultTypeAlign__F
0000bcc5   xdc_runtime_System_exit__E
0000bcc5   xdc_runtime_System_exit__F
0000bcd1   xdc_runtime_System_lastFxn__I
0000bcdd   ADCIntClear
0000bce7   I2CMasterEnable
0000bcf1   UARTCharGet
0000bcfb   UARTCharPut
0000bd05   UARTIntDisable
0000bd0f   UARTIntStatus
0000bd19   UART_close
0000bd23   UART_read
0000bd2d   UART_write
0000bd37   UART_writePolling
0000bd55   xdc_runtime_Text_visitRope__I
0000bd5f   I2CMasterBusy
0000bd67   I2CMasterSlaveAddrSet
0000bd6f   UARTIntEnable
0000bd87   ti_sysbios_family_arm_m3_Hwi_startup__E
0000bd87   ti_sysbios_hal_Hwi_HwiProxy_startup__E
0000bd87   ti_sysbios_hal_Hwi_startup__E
0000bd8f   ti_sysbios_knl_Idle_loop__E
0000bd9f   GPIOIntClear
0000bda5   GPIOPinRead
0000bdab   GPIOPinWrite
0000bdb1   SysCtlDelay
0000bdb7   UARTFIFOLevelSet
0000bdbd   __xdc__init
0000bdc3   __TI_decompress_rle24
0000bdc9   logf
0000bdcf   ti_catalog_arm_cortexm4_tiva_ce_Boot_sysCtlDelayI__I
0000bdd5   ti_sysbios_family_arm_m3_Hwi_restoreFxn__E
0000bdd5   ti_sysbios_hal_Hwi_HwiProxy_restore__E
0000bdd5   ti_sysbios_hal_Hwi_restore__E
0000bddb   ti_sysbios_gates_GateHwi_leave__E
0000bde1   ti_sysbios_heaps_HeapMem_isBlocking__E
0000bde7   ti_sysbios_knl_Queue_Instance_init__F
0000bded   ti_sysbios_knl_Swi_Module_startup__E
0000bded   ti_sysbios_knl_Swi_Module_startup__F
0000bdf3   xdc_runtime_System_Module_startup__E
0000bdf3   xdc_runtime_System_Module_startup__F
0000bdf9   I2CMasterControl
0000bdfd   I2CMasterDataGet
0000be01   I2CMasterDataPut
0000be05   UARTIntClear
0000be09   ti_sysbios_BIOS_RtsGateProxy_enter__E
0000be0d   ti_sysbios_BIOS_RtsGateProxy_leave__E
0000be11   ti_sysbios_family_arm_lm4_Timer_getPeriod__E
0000be15   ti_sysbios_family_arm_lm4_Timer_masterEnable__I
0000be19   ti_sysbios_family_arm_m3_TaskSupport_Module__startupDone__S
0000be1d   ti_sysbios_gates_GateHwi_query__E
0000be1d   ti_sysbios_gates_GateHwi_query__F
0000be1d   xdc_runtime_Main_Module_GateProxy_query__E
0000be1d   xdc_runtime_System_Module_GateProxy_query__E
0000be21   ti_sysbios_BIOS_RtsGateProxy_query__E
0000be21   ti_sysbios_gates_GateMutex_query__E
0000be21   ti_sysbios_gates_GateMutex_query__F
0000be21   ti_sysbios_heaps_HeapMem_Module_GateProxy_query__E
0000be25   ti_sysbios_hal_Hwi_HwiProxy_Module__startupDone__S
0000be29   ti_sysbios_hal_Timer_TimerProxy_Module__startupDone__S
0000be2d   ti_sysbios_hal_Timer_TimerProxy_getPeriod__E
0000be31   ti_sysbios_heaps_HeapMem_Module_GateProxy_enter__E
0000be35   ti_sysbios_heaps_HeapMem_Module_GateProxy_leave__E
0000be39   ti_sysbios_knl_Task_SupportProxy_Module__startupDone__S
0000be3d   ti_sysbios_knl_Task_startup__E
0000be41   xdc_runtime_Error_getSite__E
0000be41   xdc_runtime_Error_getSite__F
0000be45   xdc_runtime_Memory_HeapProxy_alloc__E
0000be49   xdc_runtime_Memory_HeapProxy_free__E
0000be4d   xdc_runtime_System_Module_GateProxy_enter__E
0000be51   xdc_runtime_System_Module_GateProxy_leave__E
0000be55   xdc_runtime_System_aprintf_va__F
0000be59   xdc_runtime_System_printf_va__F
0000be5d   xdc_runtime_System_vsnprintf__E
0000be60   xdc_runtime_Text_charTab__A
0000d444   _ctypes_
0000d546   ti_sysbios_family_arm_m3_Hwi_priorities__A
0000d61e   ti_catalog_arm_cortexm4_tiva_ce_Boot_Module__id__C
0000d73a   ti_sysbios_BIOS_Module__id__C
0000d73c   ti_catalog_arm_cortexm4_tiva_ce_Boot_A_mustUseEnhancedClockMode__C
0000d7c8   gpioHWAttrs
0000d9a8   GPIO_config
0000d9d8   UART_config
0000da08   ti_sysbios_family_arm_m3_Hwi_Object__PARAMS__C
0000da38   EK_TM4C123GXL_gpioPortACallbacks
0000da64   EK_TM4C123GXL_gpioPortFCallbacks
0000da90   i2cTivaHWAttrs
0000daa0   uartTivaHWAttrs
0000dae0   ti_sysbios_heaps_HeapMem_Module__FXNS__C
0000db08   UARTTiva_fxnTable
0000db2c   ti_sysbios_gates_GateHwi_Module__FXNS__C
0000db50   ti_sysbios_gates_GateMutex_Module__FXNS__C
0000db74   ti_sysbios_heaps_HeapMem_Object__PARAMS__C
0000db98   ti_sysbios_knl_Semaphore_Object__PARAMS__C
0000dbbc   ti_sysbios_family_arm_m3_Hwi_Object__DESC__C
0000dbdc   ti_sysbios_gates_GateHwi_Object__DESC__C
0000dbfc   ti_sysbios_gates_GateMutex_Object__DESC__C
0000dc1c   ti_sysbios_heaps_HeapMem_Object__DESC__C
0000dc3c   ti_sysbios_knl_Queue_Object__DESC__C
0000dc5c   ti_sysbios_knl_Semaphore_Object__DESC__C
0000dc7c   xdc_runtime_Startup_sfxnTab__A
0000dcb8   ti_sysbios_gates_GateHwi_Object__PARAMS__C
0000dcd0   ti_sysbios_gates_GateMutex_Object__PARAMS__C
0000dce8   ti_sysbios_knl_Queue_Object__PARAMS__C
0000dd00   xdc_runtime_Startup_firstFxns__A
0000dd25   xdc_runtime_Error_policy__C
0000dd26   xdc_runtime_Startup_sfxnRts__A
0000dd36   xdc_runtime_Text_nodeTab__A
0000dd46   ti_sysbios_family_arm_m3_Hwi_Module__id__C
0000dd48   ti_sysbios_family_arm_m3_Hwi_excHookFuncs__A
0000dd50   ti_sysbios_knl_Idle_coreList__C
0000dd58   ti_sysbios_knl_Idle_funcList__C
0000dd60   xdc_runtime_Startup_firstFxns__C
0000dd68   xdc_runtime_Startup_lastFxns__C
0000dd70   ti_catalog_arm_cortexm4_tiva_ce_Boot_Module__diagsEnabled__C
0000dd74   ti_catalog_arm_cortexm4_tiva_ce_Boot_Module__diagsIncluded__C
0000dd78   ti_catalog_arm_cortexm4_tiva_ce_Boot_Module__diagsMask__C
0000dd7c   ti_sysbios_BIOS_Module__diagsEnabled__C
0000dd80   ti_sysbios_BIOS_Module__diagsIncluded__C
0000dd84   ti_sysbios_BIOS_Module__diagsMask__C
0000dd88   ti_sysbios_BIOS_installedErrorHook__C
0000dd8c   ti_sysbios_family_arm_lm4_Timer_enableFunc__C
0000dd90   ti_sysbios_family_arm_lm4_Timer_numTimerDevices__C
0000dd94   ti_sysbios_family_arm_lm4_Timer_startupNeeded__C
0000dd98   ti_sysbios_family_arm_m3_Hwi_E_NMI__C
0000dd9c   ti_sysbios_family_arm_m3_Hwi_E_alreadyDefined__C
0000dda0   ti_sysbios_family_arm_m3_Hwi_E_busFault__C
0000dda4   ti_sysbios_family_arm_m3_Hwi_E_debugMon__C
0000dda8   ti_sysbios_family_arm_m3_Hwi_E_hardFault__C
0000ddac   ti_sysbios_family_arm_m3_Hwi_E_memFault__C
0000ddb0   ti_sysbios_family_arm_m3_Hwi_E_noIsr__C
0000ddb4   ti_sysbios_family_arm_m3_Hwi_E_reserved__C
0000ddb8   ti_sysbios_family_arm_m3_Hwi_E_svCall__C
0000ddbc   ti_sysbios_family_arm_m3_Hwi_E_usageFault__C
0000ddc0   ti_sysbios_family_arm_m3_Hwi_NUM_INTERRUPTS__C
0000ddc4   ti_sysbios_family_arm_m3_Hwi_ccr__C
0000ddc8   ti_sysbios_family_arm_m3_Hwi_dispatchTable__C
0000ddcc   ti_sysbios_family_arm_m3_Hwi_excHandlerFunc__C
0000ddd0   ti_sysbios_family_arm_m3_Hwi_excHookFuncs__C
0000ddd4   ti_sysbios_family_arm_m3_Hwi_priGroup__C
0000ddd8   ti_sysbios_family_arm_m3_Hwi_priorities__C
0000dddc   ti_sysbios_gates_GateMutex_A_badContext__C
0000dde0   ti_sysbios_gates_GateMutex_Instance_State_sem__O
0000dde4   ti_sysbios_gates_GateMutex_Module__diagsEnabled__C
0000dde8   ti_sysbios_gates_GateMutex_Module__diagsIncluded__C
0000ddec   ti_sysbios_gates_GateMutex_Module__diagsMask__C
0000ddf0   ti_sysbios_heaps_HeapMem_A_align__C
0000ddf4   ti_sysbios_heaps_HeapMem_A_heapSize__C
0000ddf8   ti_sysbios_heaps_HeapMem_A_invalidFree__C
0000ddfc   ti_sysbios_heaps_HeapMem_A_zeroBlock__C
0000de00   ti_sysbios_heaps_HeapMem_E_memory__C
0000de04   ti_sysbios_heaps_HeapMem_Module__diagsEnabled__C
0000de08   ti_sysbios_heaps_HeapMem_Module__diagsIncluded__C
0000de0c   ti_sysbios_heaps_HeapMem_Module__diagsMask__C
0000de10   ti_sysbios_heaps_HeapMem_Module__gateObj__C
0000de14   ti_sysbios_heaps_HeapMem_Object__count__C
0000de18   ti_sysbios_heaps_HeapMem_reqAlign__C
0000de1c   ti_sysbios_knl_Clock_Module_State_clockQ__O
0000de20   ti_sysbios_knl_Semaphore_A_badContext__C
0000de24   ti_sysbios_knl_Semaphore_A_noEvents__C
0000de28   ti_sysbios_knl_Semaphore_A_overflow__C
0000de2c   ti_sysbios_knl_Semaphore_A_pendTaskDisabled__C
0000de30   ti_sysbios_knl_Semaphore_Instance_State_pendQ__O
0000de34   ti_sysbios_knl_Semaphore_Module__diagsEnabled__C
0000de38   ti_sysbios_knl_Semaphore_Module__diagsIncluded__C
0000de3c   ti_sysbios_knl_Semaphore_Module__diagsMask__C
0000de40   ti_sysbios_knl_Task_A_badTimeout__C
0000de44   ti_sysbios_knl_Task_A_sleepTaskDisabled__C
0000de48   ti_sysbios_knl_Task_Module_State_inactiveQ__O
0000de4c   ti_sysbios_knl_Task_Module__diagsEnabled__C
0000de50   ti_sysbios_knl_Task_Module__diagsIncluded__C
0000de54   ti_sysbios_knl_Task_Module__diagsMask__C
0000de58   ti_sysbios_knl_Task_Object__count__C
0000de5c   ti_sysbios_knl_Task_allBlockedFunc__C
0000de60   ti_sysbios_knl_Task_numConstructedTasks__C
0000de64   xdc_runtime_Assert_E_assertFailed__C
0000de68   xdc_runtime_Core_A_initializedParams__C
0000de6c   xdc_runtime_Core_Module__diagsEnabled__C
0000de70   xdc_runtime_Core_Module__diagsIncluded__C
0000de74   xdc_runtime_Core_Module__diagsMask__C
0000de78   xdc_runtime_Error_E_memory__C
0000de7c   xdc_runtime_Error_Module__diagsEnabled__C
0000de80   xdc_runtime_Error_Module__diagsIncluded__C
0000de84   xdc_runtime_Error_Module__diagsMask__C
0000de88   xdc_runtime_Error_Module__loggerFxn8__C
0000de8c   xdc_runtime_Error_Module__loggerObj__C
0000de90   xdc_runtime_Error_raiseHook__C
0000de94   xdc_runtime_IGateProvider_Interface__BASE__C
0000de98   xdc_runtime_IHeap_Interface__BASE__C
0000de9c   xdc_runtime_IModule_Interface__BASE__C
0000dea0   xdc_runtime_Log_L_error__C
0000dea4   xdc_runtime_Main_Module__diagsEnabled__C
0000dea8   xdc_runtime_Main_Module__diagsIncluded__C
0000deac   xdc_runtime_Main_Module__diagsMask__C
0000deb0   xdc_runtime_Main_Module__loggerFxn2__C
0000deb4   xdc_runtime_Main_Module__loggerObj__C
0000deb8   xdc_runtime_Memory_defaultHeapInstance__C
0000debc   xdc_runtime_Startup_execImpl__C
0000dec0   xdc_runtime_Startup_lastFxns__A
0000dec4   xdc_runtime_Startup_maxPasses__C
0000dec8   xdc_runtime_Startup_sfxnRts__C
0000decc   xdc_runtime_Startup_sfxnTab__C
0000ded0   xdc_runtime_SysCallback_abortFxn__C
0000ded4   xdc_runtime_SysCallback_exitFxn__C
0000ded8   xdc_runtime_SysCallback_flushFxn__C
0000dedc   xdc_runtime_SysCallback_putchFxn__C
0000dee0   xdc_runtime_SysCallback_readyFxn__C
0000dee4   xdc_runtime_System_Module__gateObj__C
0000dee8   xdc_runtime_System_extendFxn__C
0000deec   xdc_runtime_System_maxAtexitHandlers__C
0000def0   xdc_runtime_Text_charTab__C
0000def4   xdc_runtime_Text_nameEmpty__C
0000def8   xdc_runtime_Text_nameStatic__C
0000defc   xdc_runtime_Text_nameUnknown__C
0000df00   xdc_runtime_Text_nodeTab__C
0000df04   xdc_runtime_Text_visitRopeFxn__C
0000df08   ti_sysbios_gates_GateMutex_Module__id__C
0000df0a   ti_sysbios_heaps_HeapMem_Module__id__C
0000df0c   ti_sysbios_knl_Semaphore_Module__id__C
0000df0e   ti_sysbios_knl_Task_Module__id__C
0000df10   ti_sysbios_knl_Task_initStackFlag__C
0000df12   xdc_runtime_Core_Module__id__C
0000df14   xdc_runtime_Error_Module__loggerDefined__C
0000df16   xdc_runtime_Error_maxDepth__C
0000df18   xdc_runtime_Main_Module__id__C
0000df1a   xdc_runtime_Main_Module__loggerDefined__C
0000df1c   xdc_runtime_Memory_Module__id__C
0000df1e   xdc_runtime_Text_charCnt__C
0000df20   xdc_runtime_Text_isLoaded__C
0000df22   xdc_runtime_Text_registryModsLastId__C
0000df24   xdc_runtime_Text_unnamedModsLastId__C
0000e330   __TI_Handler_Table_Base
0000e33c   __TI_Handler_Table_Limit
0000e350   __TI_CINIT_Base
0000e368   __TI_CINIT_Limit
20000000   ti_sysbios_family_arm_m3_Hwi_ramVectors
20000360   ti_sysbios_knl_Task_Instance_State_0_stack__A
20000b60   ti_sysbios_knl_Task_Instance_State_1_stack__A
20001360   ti_sysbios_knl_Task_Instance_State_2_stack__A
20001b60   ti_sysbios_knl_Task_Instance_State_3_stack__A
20002360   ti_sysbios_knl_Task_Instance_State_4_stack__A
20002b60   ti_sysbios_knl_Task_Instance_State_5_stack__A
20003360   ti_sysbios_knl_Task_Instance_State_6_stack__A
20003b60   ti_sysbios_heaps_HeapMem_Instance_State_0_buf__A
20004160   uartTivaObjects
200042f8   __CIOBUF_
20004418   __TI_tmpnams
200044b8   callbackHwi
200044d4   callbackHwi2
200044f8   ui32Load
200044fc   ui32PWMClock
20004500   ti_sysbios_family_arm_m3_Hwi_Module_State_0_dispatchTable__A
20004860   ti_sysbios_knl_Task_Object__table__V
20004a28   TSK_idle
20004a74   ti_sysbios_BIOS_Module__state__V
20004a94   ti_sysbios_family_arm_lm4_Timer_Module__root__V
20004a9c   ti_sysbios_family_arm_lm4_Timer_Module_State_0_handles__A
20004ab4   ti_sysbios_family_arm_lm4_Timer_Module__state__V
20004ac0   ti_sysbios_family_arm_m3_Hwi_Module__root__V
20004ac8   ti_sysbios_family_arm_m3_Hwi_Object__table__V
20004ae0   ti_sysbios_family_arm_m3_Hwi_Module_State_0_excActive__A
20004ae4   ti_sysbios_family_arm_m3_Hwi_Module_State_0_excContext__A
20004ae8   ti_sysbios_family_arm_m3_Hwi_Module_State_0_excStack__A
20004aec   ti_sysbios_gates_GateHwi_Module__root__V
20004af4   ti_sysbios_gates_GateHwi_Object__table__V
20004af8   ti_sysbios_gates_GateMutex_Module__root__V
20004b00   ti_sysbios_hal_Hwi_Module__root__V
20004b08   ti_sysbios_hal_Timer_Module__root__V
20004b10   ti_sysbios_hal_Timer_Object__table__V
20004b18   ti_sysbios_heaps_HeapMem_Module__root__V
20004b20   ti_sysbios_heaps_HeapMem_Object__table__V
20004b38   ti_sysbios_knl_Clock_Module__root__V
20004b40   ti_sysbios_knl_Queue_Module__root__V
20004b48   ti_sysbios_knl_Semaphore_Module__root__V
20004b50   ti_sysbios_knl_Swi_Module__root__V
20004b58   ti_sysbios_knl_Swi_Module_State_0_readyQ__A
20004b60   ti_sysbios_knl_Swi_Module__state__V
20004b7c   ti_sysbios_knl_Task_Module__root__V
20004b84   ti_sysbios_knl_Task_Module_State_0_idleTask__A
20004b88   xdc_runtime_Error_Module__state__V
20004b8c   xdc_runtime_Memory_Module__state__V
20004b90   xdc_runtime_Registry_Module__state__V
20004b98   xdc_runtime_Startup_Module__state__V
20004ba0   xdc_runtime_System_Module_State_0_atexitHandlers__A
20004ba8   xdc_runtime_System_Module__state__V
20004bb4   xdc_runtime_Text_Module__state__V
20004bbc   __xdc__init__addr
20004bc0   _ftable
20004e30   _Denorm
20004e40   _Eps
20004e50   _Hugeval
20004e60   _Inf
20004e70   _Nan
20004e80   _Snan
20004e90   _Rteps
20004ea0   _Xbig
20004ea8   _Zero
20004eb0   TelemData
20004f20   _FDenorm
20004f30   _FEps
20004f40   _FInf
20004f50   _FNan
20004f60   _FSnan
20004f70   _FRteps
20004f80   _FXbig
20004f84   _FZero
20004f88   ti_sysbios_family_arm_m3_Hwi_Module__state__V
20004fe4   ti_sysbios_knl_Task_Module__state__V
20005028   Gyro_Memory
20005064   RxData
200050a0   ti_sysbios_family_arm_lm4_Timer_Object__table__V
200050d8   ti_sysbios_gates_GateMutex_Object__table__V
20005110   controlData
20005144   ti_sysbios_family_arm_lm4_Timer_Module_State_0_device__A
20005174   ti_sysbios_knl_Task_Module_State_0_readyQ__A
200051a4   ti_sysbios_knl_Clock_Module__state__V
200051cc   IMUdata
20005208   Gyro_Offset
20005214   Magn_Offset
20005220   State
20005230   __TI_ft_end
20005234   __aeabi_stdin
20005238   __aeabi_stdout
2000523c   __aeabi_stderr
20005248   _lock
2000524c   _unlock
20005250   __TI_cleanup_ptr
20005254   __TI_dtors_ptr
20005258   _Fenv
2000525c   _Tls_setup__Fenv
20005264   _Errno
2000526c   main_func_sp
20005274   RXChannelLock
20005275   currentRXChannel
20005278   __stack
20005378   __STACK_TOP
20005878   __STACK_END
e000e000   ti_sysbios_family_arm_m3_Hwi_nvic
ffffffff   __binit__
ffffffff   __c_args__
ffffffff   binit
UNDEFED    SHT$$INIT_ARRAY$$Base
UNDEFED    SHT$$INIT_ARRAY$$Limit

[789 symbols]
