******************************************************************************
                  TI ARM Linker PC v5.1.1                      
******************************************************************************
>> Linked Wed Mar 12 13:46:36 2014

OUTPUT FILE NAME:   <KIRC_FltCmp_Software.out>
ENTRY POINT SYMBOL: "_c_int00"  address: 00008a4d


MEMORY CONFIGURATION

         name            origin    length      used     unused   attr    fill
----------------------  --------  ---------  --------  --------  ----  --------
  FLASH                 00000000   00040000  0000cd08  000332f8  R  X
  SRAM                  20000000   00008000  00003a06  000045fa  RW X


SEGMENT ALLOCATION MAP

run origin  load origin   length   init length attrs members
----------  ----------- ---------- ----------- ----- -------
00000000    00000000    0000cd10   0000cd10    r-x
  00000000    00000000    00000360   00000360    r-- .resetVecs
  00000360    00000360    0000a67c   0000a67c    r-x .text
  0000a9e0    0000a9e0    00001f7c   00001f7c    r-- .const
  0000c960    0000c960    000003b0   000003b0    r-- .cinit
20000000    20000000    00003a08   00000000    rw-
  20000000    20000000    00000360   00000000    rw- .vecs
  20000360    20000360    00002490   00000000    rw- .bss
  200027f0    200027f0    00000c16   00000000    rw- .data
  20003408    20003408    00000600   00000000    rw- .stack


SECTION ALLOCATION MAP

 output                                  attributes/
section   page    origin      length       input sections
--------  ----  ----------  ----------   ----------------
.bootVecs 
*          0    00000000    00000008     DSECT
                  00000000    00000008     boot.aem4f : boot.oem4f (.bootVecs)

.resetVecs 
*          0    00000000    00000360     
                  00000000    00000360     KIRC_FltCmp_RTOS_pem4f.oem4f (.resetVecs)

xdc.meta   0    00000000    00000108     COPY SECTION
                  00000000    00000108     KIRC_FltCmp_RTOS_pem4f.oem4f (xdc.meta)

.text      0    00000360    0000a67c     
                  00000360    00000e8c     rtsv7M4_T_le_v4SPD16_eabi.lib : _printfi.obj (.text)
                  000011ec    00000a9c     quaternion.obj (.text:Update_State)
                  00001c88    000005c0     Main.obj (.text:ControlFxn)
                  00002248    0000042c     sysbios.aem4f : BIOS.obj (.text:ti_sysbios_family_arm_m3_Hwi_excDumpRegs__I)
                  00002674    00000344     ti.targets.arm.rtsarm.aem4f : System.oem4f (.text:xdc_runtime_System_doPrint__I)
                  000029b8    00000310     rtsv7M4_T_le_v4SPD16_eabi.lib : lowlev.obj (.text)
                  00002cc8    000002d4                                   : trgdrv.obj (.text)
                  00002f9c    000002b0     sysbios.aem4f : BIOS.obj (.text:ti_sysbios_knl_Semaphore_pend__E)
                  0000324c    00000248                   : BIOS.obj (.text:ti_sysbios_heaps_HeapMem_free__E)
                  00003494    00000234                   : BIOS.obj (.text:ti_sysbios_heaps_HeapMem_alloc__E)
                  000036c8    0000020c                   : BIOS.obj (.text:ti_sysbios_family_arm_lm4_Timer_start__E)
                  000038d4    00000200                   : BIOS.obj (.text:ti_sysbios_family_arm_m3_Hwi_excHandlerMax__I)
                  00003ad4    000001f4     RxFunctions.obj (.text:ProcessRxData)
                  00003cc8    000001f4     rtsv7M4_T_le_v4SPD16_eabi.lib : ull_div_t2.obj (.text)
                  00003ebc    000001c0                                   : fopen.obj (.text)
                  0000407c    000001b6                                   : fd_add_t2.obj (.text)
                  00004232    00000002     sysbios.aem4f : BIOS.obj (.text:ti_sysbios_BIOS_nullFunc__I)
                  00004234    000001b4                   : BIOS.obj (.text:ti_sysbios_knl_Task_sleep__E)
                  000043e8    000001a4     Main.obj (.text:ReadInputFxn)
                  0000458c    00000190     sysbios.aem4f : BIOS.obj (.text:ti_sysbios_knl_Task_Module_startup__F)
                  0000471c    0000018c     rtsv7M4_T_le_v4SPD16_eabi.lib : xatan.obj (.text)
                  000048a8    00000188     sensors.obj (.text:Filter_GyroData)
                  00004a30    00000168     sysbios.aem4f : BIOS.obj (.text:ti_sysbios_family_arm_m3_Hwi_excBusFault__I)
                  00004b98    0000015c     sensors.obj (.text:Read_Gyro)
                  00004cf4    0000015c     uart_tivaware.aem4f : UARTTiva.oem4f (.text:UARTTiva_open)
                  00004e50    00000154     sysbios.aem4f : BIOS.obj (.text:ti_sysbios_family_arm_m3_Hwi_excUsageFault__I)
                  00004fa4    00000148     rtsv7M4_T_le_v4SPD16_eabi.lib : sqrt.obj (.text)
                  000050ec    00000140     sysbios.aem4f : BIOS.obj (.text:ti_sysbios_family_arm_m3_Hwi_excMemFault__I)
                  0000522c    0000013c     sensors.obj (.text:Calib_Gyro)
                  00005368    0000013c     motors.obj (.text:motors_init)
                  000054a4    0000013c     ti.targets.arm.rtsarm.aem4f : Error.oem4f (.text:xdc_runtime_Error_raiseX__F)
                  000055e0    00000138     sysbios.aem4f : BIOS.obj (.text:ti_sysbios_heaps_HeapMem_Instance_init__F)
                  00005718    00000136     rtsv7M4_T_le_v4SPD16_eabi.lib : fd_div_t2.obj (.text)
                  0000584e    00000002     sysbios.aem4f : BIOS.obj (.text:ti_sysbios_family_arm_m3_Hwi_doSwiRestore__I)
                  00005850    00000134     rtsv7M4_T_le_v4SPD16_eabi.lib : fputs.obj (.text)
                  00005984    00000134     sysbios.aem4f : m3_Hwi_asm.obj (.text:ti_sysbios_family_arm_m3_Hwi_dispatch__I)
                  00005ab8    00000130     driverlib.lib : gpio.obj (.text:GPIOPadConfigSet)
                  00005be8    00000124     uart_tivaware.aem4f : UARTTiva.oem4f (.text:UARTTiva_hwiIntFxn)
                  00005d0c    0000011c     rtsv7M4_T_le_v4SPD16_eabi.lib : asin.obj (.text)
                  00005e28    00000110                                   : xdscale.obj (.text)
                  00005f38    0000010c     Boot.aem4f : Boot_sysctl.oem4f (.text:ti_catalog_arm_cortexm4_tiva_ce_Boot_sysCtlClockSetI__I)
                  00006044    00000108     UARTUtils.obj (.text:openHandle)
                  0000614c    00000104     ti.targets.arm.rtsarm.aem4f : Core-mem.oem4f (.text:xdc_runtime_Core_createObject__I)
                  00006250    00000104     KIRC_FltCmp_RTOS_pem4f.oem4f (.text:xdc_runtime_System_printfExtend__I)
                  00006354    000000fc     rtsv7M4_T_le_v4SPD16_eabi.lib : fd_mul_t2.obj (.text)
                  00006450    000000f8     ti.targets.arm.rtsarm.aem4f : Startup.oem4f (.text:xdc_runtime_Startup_startMods__I)
                  00006548    000000f4     rtsv7M4_T_le_v4SPD16_eabi.lib : dtor_list.obj (.text)
                  0000663c    000000f0     Main.obj (.text:main)
                  0000672c    000000ec     sysbios.aem4f : BIOS.obj (.text:ti_sysbios_knl_Semaphore_post__E)
                  00006818    000000e8     EK_TM4C123GXL.obj (.text:EK_TM4C123GXL_initGPIO)
                  00006900    000000e8     sysbios.aem4f : BIOS.obj (.text:ti_sysbios_family_arm_m3_Hwi_initNVIC__E)
                  000069e8    000000e4     sensors.obj (.text:Calib_Accel)
                  00006acc    000000dc     uart_tivaware.aem4f : UARTTiva.oem4f (.text:UARTTiva_write)
                  00006ba8    000000dc     rtsv7M4_T_le_v4SPD16_eabi.lib : setvbuf.obj (.text)
                  00006c84    000000d8     motors.obj (.text:motors_out)
                  00006d5c    000000d8     rtsv7M4_T_le_v4SPD16_eabi.lib : atan2f.obj (.text)
                  00006e34    000000d2     uart_tivaware.aem4f : UARTTiva.oem4f (.text:UARTTiva_read)
                  00006f06    00000002     sysbios.aem4f : BIOS.obj (.text:ti_sysbios_gates_GateHwi_Instance_init__F)
                  00006f08    000000c8     driverlib.lib : sysctl.obj (.text:SysCtlClockGet)
                  00006fd0    000000c4     rtsv7M4_T_le_v4SPD16_eabi.lib : xdnorm.obj (.text)
                  00007094    000000c0                                   : fflush.obj (.text)
                  00007154    000000b4     quaternion.obj (.text:StateEst_Calib)
                  00007208    000000b4     sysbios.aem4f : BIOS.obj (.text:ti_sysbios_family_arm_m3_Hwi_excHardFault__I)
                  000072bc    000000b4                   : BIOS.obj (.text:ti_sysbios_gates_GateMutex_enter__E)
                  00007370    000000b0                   : BIOS.obj (.text:ti_sysbios_family_arm_m3_Hwi_excDebugMon__I)
                  00007420    000000ac     rtsv7M4_T_le_v4SPD16_eabi.lib : _io_perm.obj (.text)
                  000074cc    000000ac     sysbios.aem4f : BIOS.obj (.text:ti_sysbios_family_arm_lm4_Timer_enableTiva__I)
                  00007578    000000a8     rtsv7M4_T_le_v4SPD16_eabi.lib : xfatan.obj (.text)
                  00007620    000000a8     sysbios.aem4f : BIOS.obj (.text:ti_sysbios_knl_Semaphore_Instance_init__F)
                  000076c8    000000a4                   : BIOS.obj (.text:ti_sysbios_family_arm_lm4_Timer_enableTimers__I)
                  0000776c    000000a4                   : BIOS.obj (.text:ti_sysbios_family_arm_m3_Hwi_Module_startup__F)
                  00007810    000000a0     auto_init.aem4f : auto_init.oem4f (.text)
                  000078b0    0000009c     rtsv7M4_T_le_v4SPD16_eabi.lib : fputc.obj (.text)
                  0000794c    0000009c                                   : memcpy_t2.obj (.text)
                  000079e8    0000009a     ti.targets.arm.rtsarm.aem4f : Text.oem4f (.text:xdc_runtime_Text_putSite__F)
                  00007a82    00000002     sysbios.aem4f : BIOS.obj (.text:ti_sysbios_knl_Clock_logTick__E)
                  00007a84    00000098     rtsv7M4_T_le_v4SPD16_eabi.lib : fclose.obj (.text)
                  00007b1c    00000094     Boot.aem4f : Boot.oem4f (.text:ti_catalog_arm_cortexm4_tiva_ce_Boot_sysCtlClockSet__E)
                  00007bb0    00000094     ti.targets.arm.rtsarm.aem4f : Text.oem4f (.text:xdc_runtime_Text_putMod__F)
                  00007c44    0000008c     UARTUtils.obj (.text:UARTUtils_systemInit)
                  00007cd0    0000008c     sysbios.aem4f : BIOS.obj (.text:ti_sysbios_family_arm_m3_Hwi_Instance_init__F)
                  00007d5c    0000008c                   : m3_TaskSupport_asm.obj (.text:ti_sysbios_family_arm_m3_TaskSupport_buildTaskStack)
                  00007de8    00000084     sensors.obj (.text:GetData_Accel)
                  00007e6c    00000084     sensors.obj (.text:GetData_Gyro)
                  00007ef0    00000084     RxFunctions.obj (.text:RCinputIntHandler)
                  00007f74    00000084     sensors.obj (.text:Read_Accel)
                  00007ff8    0000007e     rtsv7M4_T_le_v4SPD16_eabi.lib : fd_cmp_t2.obj (.text:__aeabi_cdcmple)
                  00008076    0000007e                                   : fd_cmp_t2.obj (.text:__aeabi_cdrcmple)
                  000080f4    00000078                                   : memset_t2.obj (.text)
                  0000816c    00000075     Main.obj (.text:ReadSensorsFxn)
                  000081e1    00000001     --HOLE-- [fill = 0]
                  000081e2    00000002     KIRC_FltCmp_RTOS_pem4f.oem4f (.text:xdc_runtime_Startup_reset__I)
                  000081e4    00000070     rtsv7M4_T_le_v4SPD16_eabi.lib : printf.obj (.text)
                  00008254    00000070     KIRC_FltCmp_RTOS_pem4f.oem4f (.text:ti_sysbios_family_arm_m3_Hwi_Object__create__S)
                  000082c4    00000070     sysbios.aem4f : BIOS.obj (.text:ti_sysbios_family_arm_m3_Hwi_reconfig__E)
                  00008334    00000070                   : BIOS.obj (.text:ti_sysbios_knl_Clock_workFunc__E)
                  000083a4    00000070     ti.targets.arm.rtsarm.aem4f : Memory.oem4f (.text:xdc_runtime_Memory_alloc__F)
                  00008414    0000006c     EK_TM4C123GXL.obj (.text:EK_TM4C123GXL_initPWM)
                  00008480    0000006c     sysbios.aem4f : BIOS.obj (.text:ti_sysbios_knl_Task_exit__E)
                  000084ec    0000006c     ti.targets.arm.rtsarm.aem4f : Error.oem4f (.text:xdc_runtime_Error_print__F)
                  00008558    00000068     sysbios.aem4f : BIOS.obj (.text:ti_sysbios_BIOS_rtsUnlock__I)
                  000085c0    00000066     uart_tivaware.aem4f : UARTTiva.oem4f (.text:UARTTiva_readPolling)
                  00008626    00000066     ti.targets.arm.rtsarm.aem4f : Core-mem.oem4f (.text:xdc_runtime_Core_deleteObject__I)
                  0000868c    00000064     rtsv7M4_T_le_v4SPD16_eabi.lib : fseek.obj (.text)
                  000086f0    00000064                                   : xdunscal.obj (.text)
                  00008754    00000064     sysbios.aem4f : BIOS.obj (.text:ti_sysbios_knl_Task_startCore__E)
                  000087b8    00000060     sensors.obj (.text:I2C0_RxData)
                  00008818    00000060     rtsv7M4_T_le_v4SPD16_eabi.lib : trgmsg.obj (.text)
                  00008878    00000060     sysbios.aem4f : BIOS.obj (.text:ti_sysbios_family_arm_lm4_Timer_isrStub__E)
                  000088d8    0000005e     rtsv7M4_T_le_v4SPD16_eabi.lib : copy_decompress_rle.obj (.text)
                  00008936    00000002     ti.targets.arm.rtsarm.aem4f : SysCallback.oem4f (.text:xdc_runtime_SysCallback_defaultExit)
                  00008938    0000005c     sysbios.aem4f : BIOS.obj (.text:ti_sysbios_family_arm_lm4_Timer_Module_startup__F)
                  00008994    0000005b     ti.targets.arm.rtsarm.aem4f : Text.oem4f (.text:xdc_runtime_Text_putLab__F)
                  000089ef    00000001     --HOLE-- [fill = 0]
                  000089f0    0000005a     rtsv7M4_T_le_v4SPD16_eabi.lib : ltoa.obj (.text)
                  00008a4a    00000002     ti.targets.arm.rtsarm.aem4f : SysCallback.oem4f (.text:xdc_runtime_SysCallback_defaultFlush)
                  00008a4c    00000058     boot.aem4f : boot.oem4f (.text)
                  00008aa4    00000058     sensors.obj (.text:I2C0_TxData)
                  00008afc    00000058     sysbios.aem4f : BIOS.obj (.text:ti_sysbios_family_arm_m3_Hwi_dispatchC__I)
                  00008b54    00000056     driverlib.lib : gpio.obj (.text:GPIOIntTypeSet)
                  00008baa    00000002     --HOLE-- [fill = 0]
                  00008bac    00000054     gpio_tivaware.aem4f : GPIO.oem4f (.text:GPIO_setupCallbacks)
                  00008c00    00000054     sysbios.aem4f : BIOS.obj (.text:ti_sysbios_knl_Task_processVitalTaskFlag__I)
                  00008c54    00000050                   : BIOS.obj (.text:ti_sysbios_knl_Task_schedule__I)
                  00008ca4    00000050     ti.targets.arm.rtsarm.aem4f : Startup.oem4f (.text:xdc_runtime_Startup_exec__F)
                  00008cf4    00000050                                 : System.oem4f (.text:xdc_runtime_System_formatNum__I)
                  00008d44    00000050                                 : Text.oem4f (.text:xdc_runtime_Text_visitRope2__I)
                  00008d94    0000004c     rtsv7M4_T_le_v4SPD16_eabi.lib : atoi.obj (.text)
                  00008de0    0000004a                                   : fd_tos_t2.obj (.text)
                  00008e2a    00000002     --HOLE-- [fill = 0]
                  00008e2c    00000048     driverlib.lib : gpio.obj (.text:GPIOPinConfigure)
                  00008e74    00000048     EK_TM4C123GXL.obj (.text:I2C0_MasterInit)
                  00008ebc    00000048     driverlib.lib : i2c.obj (.text:I2CMasterInitExpClk)
                  00008f04    00000048     rtsv7M4_T_le_v4SPD16_eabi.lib : fd_toi_t2.obj (.text)
                  00008f4c    00000048     sysbios.aem4f : BIOS.obj (.text:ti_sysbios_BIOS_errorRaiseHook__I)
                  00008f94    00000048                   : BIOS.obj (.text:ti_sysbios_family_arm_m3_Hwi_excReserved__I)
                  00008fdc    00000048                   : BIOS.obj (.text:ti_sysbios_heaps_HeapMem_getStats__E)
                  00009024    00000048     ti.targets.arm.rtsarm.aem4f : Assert.oem4f (.text:xdc_runtime_Assert_raise__I)
                  0000906c    00000048                                 : Core-params.oem4f (.text:xdc_runtime_Core_assignParams__I)
                  000090b4    00000044     rtsv7M4_T_le_v4SPD16_eabi.lib : cpy_tbl.obj (.text)
                  000090f8    00000044                                   : exit.obj (.text)
                  0000913c    00000044                                   : xdtest.obj (.text)
                  00009180    00000044     sysbios.aem4f : BIOS.obj (.text:ti_sysbios_family_arm_lm4_Timer_stop__E)
                  000091c4    00000044                   : BIOS.obj (.text:ti_sysbios_family_arm_m3_Hwi_disableInterrupt__E)
                  00009208    00000044                   : BIOS.obj (.text:ti_sysbios_family_arm_m3_Hwi_enableInterrupt__E)
                  0000924c    00000044                   : BIOS.obj (.text:ti_sysbios_knl_Task_allBlockedFunction__I)
                  00009290    00000042     driverlib.lib : uart.obj (.text:UARTConfigSetExpClk)
                  000092d2    00000002     --HOLE-- [fill = 0]
                  000092d4    00000040     EK_TM4C123GXL.obj (.text:EK_TM4C123GXL_initGeneral)
                  00009314    00000040     gpio_tivaware.aem4f : GPIO.oem4f (.text:GPIO_enableInt)
                  00009354    00000040     uart_tivaware.aem4f : UARTTiva.oem4f (.text:UARTTiva_writePolling)
                  00009394    00000040     rtsv7M4_T_le_v4SPD16_eabi.lib : signal.obj (.text)
                  000093d4    00000040     sysbios.aem4f : BIOS.obj (.text:ti_sysbios_family_arm_lm4_Timer_startup__E)
                  00009414    00000040     KIRC_FltCmp_RTOS_pem4f.oem4f (.text:ti_sysbios_knl_Semaphore_Object__create__S)
                  00009454    00000040     sysbios.aem4f : BIOS.obj (.text:ti_sysbios_knl_Semaphore_pendTimeout__I)
                  00009494    00000040     ti.targets.arm.rtsarm.aem4f : System.oem4f (.text:xdc_runtime_System_atexit__F)
                  000094d4    0000003c     gpio_tivaware.aem4f : GPIO.oem4f (.text:GPIO_toggle)
                  00009510    0000003c     sysbios.aem4f : BIOS.obj (.text:ti_sysbios_family_arm_m3_Hwi_excSvCall__I)
                  0000954c    0000003c                   : BIOS.obj (.text:ti_sysbios_heaps_HeapMem_init__I)
                  00009588    0000003c     ti.targets.arm.rtsarm.aem4f : Text.oem4f (.text:xdc_runtime_Text_xprintf__I)
                  000095c4    00000038     uart_tivaware.aem4f : UART.oem4f (.text:UART_init)
                  000095fc    00000038     rtsv7M4_T_le_v4SPD16_eabi.lib : fs_tod_t2.obj (.text)
                  00009634    00000038     sysbios.aem4f : BIOS.obj (.text:ti_sysbios_family_arm_m3_Hwi_excNoIsr__I)
                  0000966c    00000038                   : BIOS.obj (.text:ti_sysbios_family_arm_m3_Hwi_getStackInfo__E)
                  000096a4    00000038                   : BIOS.obj (.text:ti_sysbios_family_arm_m3_TaskSupport_start__E)
                  000096dc    00000038     KIRC_FltCmp_RTOS_pem4f.oem4f (.text:ti_sysbios_gates_GateHwi_Object__create__S)
                  00009714    00000038     KIRC_FltCmp_RTOS_pem4f.oem4f (.text:ti_sysbios_gates_GateMutex_Object__create__S)
                  0000974c    00000038     KIRC_FltCmp_RTOS_pem4f.oem4f (.text:ti_sysbios_heaps_HeapMem_Object__create__S)
                  00009784    00000038     KIRC_FltCmp_RTOS_pem4f.oem4f (.text:ti_sysbios_knl_Queue_Object__create__S)
                  000097bc    00000034     RxFunctions.obj (.text:EnableRxInterrupts)
                  000097f0    00000034     driverlib.lib : sysctl.obj (.text:SysCtlPeripheralEnable)
                  00009824    00000034     uart_tivaware.aem4f : UARTTiva.oem4f (.text:UARTTiva_close)
                  00009858    00000034     UARTUtils.obj (.text:UARTUtils_deviceread)
                  0000988c    00000034     UARTUtils.obj (.text:UARTUtils_devicewrite)
                  000098c0    00000034     UARTUtils.obj (.text:closeHandle)
                  000098f4    00000034     rtsv7M4_T_le_v4SPD16_eabi.lib : feraiseexcept.obj (.text)
                  00009928    00000034                                   : xfdtest.obj (.text)
                  0000995c    00000034     sysbios.aem4f : BIOS.obj (.text:ti_sysbios_family_arm_m3_Hwi_excNmi__I)
                  00009990    00000032     uart_tivaware.aem4f : UARTTiva.oem4f (.text:UARTTiva_readCancel)
                  000099c2    00000032                         : UARTTiva.oem4f (.text:UARTTiva_writeCancel)
                  000099f4    00000030     rtsv7M4_T_le_v4SPD16_eabi.lib : strncpy.obj (.text)
                  00009a24    00000030                                   : xferaise.obj (.text)
                  00009a54    00000030     sysbios.aem4f : BIOS.obj (.text:ti_sysbios_knl_Idle_run__E)
                  00009a84    00000030                   : BIOS.obj (.text:ti_sysbios_knl_Task_unblockI__E)
                  00009ab4    00000030     ti.targets.arm.rtsarm.aem4f : Core-label.oem4f (.text:xdc_runtime_Core_assignLabel__I)
                  00009ae4    0000002f                                 : Text.oem4f (.text:xdc_runtime_Text_printVisFxn__I)
                  00009b13    00000001     --HOLE-- [fill = 0]
                  00009b14    0000002e     UARTUtils.obj (.text:UARTUtils_deviceopen)
                  00009b42    0000002e     KIRC_FltCmp_RTOS_pem4f.oem4f (.text:malloc)
                  00009b70    0000002e     rtsv7M4_T_le_v4SPD16_eabi.lib : i_tofd_t2.obj (.text)
                  00009b9e    0000002e                                   : raise.obj (.text)
                  00009bcc    0000002c     sensors.obj (.text:Accel_Init)
                  00009bf8    0000002c     EK_TM4C123GXL.obj (.text:EK_TM4C123GXL_initUART)
                  00009c24    0000002c     uart_tivaware.aem4f : UART.oem4f (.text:UART_Params_init)
                  00009c50    0000002c     KIRC_FltCmp_RTOS_pem4f.oem4f (.text:ti_sysbios_BIOS_exitFunc__I)
                  00009c7c    0000002c     sysbios.aem4f : BIOS.obj (.text:ti_sysbios_hal_Hwi_initStack:ti_sysbios_hal_Hwi_initStack)
                  00009ca8    0000002c     KIRC_FltCmp_RTOS_pem4f.oem4f (.text:ti_sysbios_knl_Clock_doTick__I)
                  00009cd4    0000002c     sysbios.aem4f : BIOS.obj (.text:ti_sysbios_knl_Task_sleepTimeout__I)
                  00009d00    0000002c     ti.targets.arm.rtsarm.aem4f : System.oem4f (.text:xdc_runtime_System_rtsExit__I)
                  00009d2c    0000002c                                 : Text.oem4f (.text:xdc_runtime_Text_cordText__F)
                  00009d58    0000002a     driverlib.lib : gpio.obj (.text:GPIODirModeSet)
                  00009d82    0000002a     gpio_tivaware.aem4f : GPIO.oem4f (.text:GPIO_hwiIntFxn)
                  00009dac    0000002a     ti.targets.arm.rtsarm.aem4f : System.oem4f (.text:xdc_runtime_System_putchar__I)
                  00009dd6    00000028     RxFunctions.obj (.text:ClearRxInterrupts)
                  00009dfe    00000028     RxFunctions.obj (.text:DisableRxInterrupts)
                  00009e26    00000002     --HOLE-- [fill = 0]
                  00009e28    00000028     gpio_tivaware.aem4f : GPIO.oem4f (.text:GPIO_write)
                  00009e50    00000028     sysbios.aem4f : m3_Hwi_asm_switch.obj (.text:ti_sysbios_family_arm_m3_Hwi_initStacks__E)
                  00009e78    00000028                   : BIOS.obj (.text:ti_sysbios_gates_GateMutex_Instance_init__F)
                  00009ea0    00000028                   : BIOS.obj (.text:ti_sysbios_knl_Task_restore__E)
                  00009ec8    00000026     ti.targets.arm.rtsarm.aem4f : System.oem4f (.text:xdc_runtime_System_avprintf__F)
                  00009eee    00000002     --HOLE-- [fill = 0]
                  00009ef0    00000024     gpio_tivaware.aem4f : GPIO.oem4f (.text:GPIO_disableInt)
                  00009f14    00000024                         : GPIO.oem4f (.text:GPIO_init)
                  00009f38    00000024     UARTUtils.obj (.text:UARTUtils_systemAbort)
                  00009f5c    00000024     sysbios.aem4f : BIOS.obj (.text:ti_sysbios_BIOS_registerRTSLock__I)
                  00009f80    00000024                   : BIOS.obj (.text:ti_sysbios_family_arm_m3_Hwi_Instance_finalize__F)
                  00009fa4    00000024     KIRC_FltCmp_RTOS_pem4f.oem4f (.text:ti_sysbios_gates_GateMutex_Object__delete__S)
                  00009fc8    00000024     sysbios.aem4f : BIOS.obj (.text:ti_sysbios_knl_Clock_Module_startup__F)
                  00009fec    00000024     ti.targets.arm.rtsarm.aem4f : System.oem4f (.text:xdc_runtime_System_vprintf__F)
                  0000a010    00000022     driverlib.lib : pwm.obj (.text:PWMGenConfigure)
                  0000a032    00000002     --HOLE-- [fill = 0]
                  0000a034    00000020     UARTUtils.obj (.text:UARTUtils_systemPutch)
                  0000a054    00000020     KIRC_FltCmp_RTOS_pem4f.oem4f (.text:ti_sysbios_BIOS_startFunc__I)
                  0000a074    00000020     sysbios.aem4f : BIOS.obj (.text:ti_sysbios_family_arm_m3_Hwi_doTaskRestore__I)
                  0000a094    00000020     KIRC_FltCmp_RTOS_pem4f.oem4f (.text:ti_sysbios_gates_GateHwi_Object__delete__S)
                  0000a0b4    00000020     KIRC_FltCmp_RTOS_pem4f.oem4f (.text:ti_sysbios_heaps_HeapMem_Object__delete__S)
                  0000a0d4    00000020     KIRC_FltCmp_RTOS_pem4f.oem4f (.text:ti_sysbios_knl_Semaphore_Object__destruct__S)
                  0000a0f4    00000020     sysbios.aem4f : BIOS.obj (.text:ti_sysbios_knl_Task_enter__I)
                  0000a114    00000020     ti.targets.arm.rtsarm.aem4f : Registry.oem4f (.text:xdc_runtime_Registry_findById__F)
                  0000a134    0000001e     driverlib.lib : pwm.obj (.text:PWMPulseWidthSet)
                  0000a152    0000001e     sysbios.aem4f : BIOS.obj (.text:ti_sysbios_family_arm_lm4_Timer_write__I)
                  0000a170    0000001c     driverlib.lib : uart.obj (.text:UARTDisable)
                  0000a18c    0000001c     rtsv7M4_T_le_v4SPD16_eabi.lib : memccpy.obj (.text)
                  0000a1a8    0000001c     sysbios.aem4f : BIOS.obj (.text:ti_sysbios_BIOS_rtsLock__I)
                  0000a1c4    0000001c     KIRC_FltCmp_RTOS_pem4f.oem4f (.text:ti_sysbios_family_arm_m3_Hwi_Object__destruct__S)
                  0000a1e0    0000001c     KIRC_FltCmp_RTOS_pem4f.oem4f (.text:ti_sysbios_knl_Queue_Object__destruct__S)
                  0000a1fc    0000001c     ti.targets.arm.rtsarm.aem4f : Error.oem4f (.text:xdc_runtime_Error_check__F)
                  0000a218    0000001c                                 : Memory.oem4f (.text:xdc_runtime_Memory_valloc__F)
                  0000a234    0000001a     motors.obj (.text:motorsDisable)
                  0000a24e    0000001a     KIRC_FltCmp_RTOS_pem4f.oem4f (.text:xdc_runtime_System_aprintf__E)
                  0000a268    0000001a     KIRC_FltCmp_RTOS_pem4f.oem4f (.text:xdc_runtime_System_printf__E)
                  0000a282    00000018     driverlib.lib : gpio.obj (.text:GPIOPinTypeGPIOOutput)
                  0000a29a    00000018     sensors.obj (.text:Gyro_Init)
                  0000a2b2    00000018     UARTUtils.obj (.text:UARTUtils_deviceclose)
                  0000a2ca    00000002     --HOLE-- [fill = 0]
                  0000a2cc    00000018     uart_tivaware.aem4f : UART.oem4f (.text:UART_open)
                  0000a2e4    00000018     KIRC_FltCmp_RTOS_pem4f.oem4f (.text:free)
                  0000a2fc    00000018     rtsv7M4_T_le_v4SPD16_eabi.lib : args_main.obj (.text)
                  0000a314    00000018                                   : ll_mul_t2.obj (.text)
                  0000a32c    00000018                                   : strcmp.obj (.text)
                  0000a344    00000018     KIRC_FltCmp_RTOS_pem4f.oem4f (.text:ti_sysbios_family_arm_lm4_Timer_Module__startupDone__F)
                  0000a35c    00000018     KIRC_FltCmp_RTOS_pem4f.oem4f (.text:ti_sysbios_family_arm_m3_Hwi_Handle__label__S)
                  0000a374    00000018     KIRC_FltCmp_RTOS_pem4f.oem4f (.text:ti_sysbios_family_arm_m3_Hwi_Module__startupDone__F)
                  0000a38c    00000018     sysbios.aem4f : m3_TaskSupport_asm.obj (.text:ti_sysbios_family_arm_m3_TaskSupport_swap__E)
                  0000a3a4    00000018     KIRC_FltCmp_RTOS_pem4f.oem4f (.text:ti_sysbios_gates_GateHwi_Handle__label__S)
                  0000a3bc    00000018     KIRC_FltCmp_RTOS_pem4f.oem4f (.text:ti_sysbios_gates_GateMutex_Handle__label__S)
                  0000a3d4    00000018     sysbios.aem4f : BIOS.obj (.text:ti_sysbios_gates_GateMutex_leave__E)
                  0000a3ec    00000018     KIRC_FltCmp_RTOS_pem4f.oem4f (.text:ti_sysbios_hal_Timer_Module__startupDone__F)
                  0000a404    00000018     KIRC_FltCmp_RTOS_pem4f.oem4f (.text:ti_sysbios_heaps_HeapMem_Handle__label__S)
                  0000a41c    00000018     KIRC_FltCmp_RTOS_pem4f.oem4f (.text:ti_sysbios_knl_Task_Handle__label__S)
                  0000a434    00000018     ti.targets.arm.rtsarm.aem4f : Text.oem4f (.text:xdc_runtime_Text_ropeText__F)
                  0000a44c    00000016     rtsv7M4_T_le_v4SPD16_eabi.lib : memchr.obj (.text)
                  0000a462    00000016                                   : strchr.obj (.text)
                  0000a478    00000014     gpio_tivaware.aem4f : GPIO.oem4f (.text:GPIO_clearInt)
                  0000a48c    00000014     driverlib.lib : sysctl.obj (.text:SysCtlPWMClockSet)
                  0000a4a0    00000014                   : uart.obj (.text:UARTEnable)
                  0000a4b4    00000014     UARTUtils.obj (.text:UARTUtils_systemReady)
                  0000a4c8    00000014     rtsv7M4_T_le_v4SPD16_eabi.lib : _lock.obj (.text)
                  0000a4dc    00000014                                   : strlen.obj (.text)
                  0000a4f0    00000014     sysbios.aem4f : BIOS.obj (.text:ti_sysbios_family_arm_m3_Hwi_switchFromBootStack__E)
                  0000a504    00000014     KIRC_FltCmp_RTOS_pem4f.oem4f (.text:ti_sysbios_heaps_HeapMem_Object__get__S)
                  0000a518    00000014     ti.targets.arm.rtsarm.aem4f : System.oem4f (.text:xdc_runtime_System_abort__F)
                  0000a52c    00000012     driverlib.lib : gpio.obj (.text:GPIOPinTypeGPIOInput)
                  0000a53e    00000012                   : gpio.obj (.text:GPIOPinTypeI2C)
                  0000a550    00000012                   : gpio.obj (.text:GPIOPinTypeI2CSCL)
                  0000a562    00000012                   : gpio.obj (.text:GPIOPinTypePWM)
                  0000a574    00000012                   : gpio.obj (.text:GPIOPinTypeUART)
                  0000a586    00000012                   : pwm.obj (.text:PWMOutputState)
                  0000a598    00000012     UARTUtils.obj (.text:UARTUtils_devicelseek)
                  0000a5aa    00000012     rtsv7M4_T_le_v4SPD16_eabi.lib : copy_zero_init.obj (.text:decompress:ZI)
                  0000a5bc    00000012                                   : xdclass.obj (.text)
                  0000a5ce    00000012     sysbios.aem4f : BIOS.obj (.text:ti_sysbios_hal_Hwi_Module_startup__F)
                  0000a5e0    00000012                   : BIOS.obj (.text:ti_sysbios_hal_Timer_Module_startup__F)
                  0000a5f2    00000012     KIRC_FltCmp_RTOS_pem4f.oem4f (.text:xdc_runtime_Startup_exec__I)
                  0000a604    00000010     driverlib.lib : pwm.obj (.text:PWMGenPeriodSet)
                  0000a614    00000010     UARTUtils.obj (.text:UARTUtils_devicerename)
                  0000a624    00000010     rtsv7M4_T_le_v4SPD16_eabi.lib : strcpy.obj (.text)
                  0000a634    00000010     sysbios.aem4f : BIOS.obj (.text:ti_sysbios_BIOS_getCpuFreq__E)
                  0000a644    00000010                   : BIOS.obj (.text:ti_sysbios_BIOS_setThreadType__E)
                  0000a654    00000010                   : BIOS.obj (.text:ti_sysbios_BIOS_start__E)
                  0000a664    00000010                   : BIOS.obj (.text:ti_sysbios_family_arm_m3_Hwi_excHandler__I)
                  0000a674    00000010                   : m3_TaskSupport_asm.obj (.text:ti_sysbios_family_arm_m3_TaskSupport_glue)
                  0000a684    00000010                   : BIOS.obj (.text:ti_sysbios_gates_GateMutex_Instance_finalize__F)
                  0000a694    00000010                   : BIOS.obj (.text:ti_sysbios_knl_Semaphore_Instance_finalize__F)
                  0000a6a4    00000010     KIRC_FltCmp_RTOS_pem4f.oem4f (.text:ti_sysbios_knl_Task_Object__get__S)
                  0000a6b4    00000010     sysbios.aem4f : BIOS.obj (.text:ti_sysbios_knl_Task_disable__E)
                  0000a6c4    00000010     ti.targets.arm.rtsarm.aem4f : Gate.oem4f (.text:xdc_runtime_Gate_leaveSystem__F)
                  0000a6d4    00000010                                 : Memory.oem4f (.text:xdc_runtime_Memory_free__F)
                  0000a6e4    00000010                                 : SysCallback.oem4f (.text:xdc_runtime_SysCallback_abort__F)
                  0000a6f4    00000010                                 : SysCallback.oem4f (.text:xdc_runtime_SysCallback_exit__F)
                  0000a704    00000010                                 : SysCallback.oem4f (.text:xdc_runtime_SysCallback_flush__F)
                  0000a714    00000010                                 : SysCallback.oem4f (.text:xdc_runtime_SysCallback_putch__F)
                  0000a724    00000010                                 : SysCallback.oem4f (.text:xdc_runtime_SysCallback_ready__F)
                  0000a734    00000010                                 : System.oem4f (.text:xdc_runtime_System_vsnprintf__F)
                  0000a744    0000000e     driverlib.lib : gpio.obj (.text:GPIOIntDisable)
                  0000a752    0000000e                   : gpio.obj (.text:GPIOIntStatus)
                  0000a760    0000000e                   : uart.obj (.text:UARTCharGetNonBlocking)
                  0000a76e    0000000e                   : uart.obj (.text:UARTCharPutNonBlocking)
                  0000a77c    0000000e     UARTUtils.obj (.text:UARTUtils_deviceunlink)
                  0000a78a    0000000e     rtsv7M4_T_le_v4SPD16_eabi.lib : copy_decompress_none.obj (.text:decompress:none)
                  0000a798    0000000e     sysbios.aem4f : BIOS.obj (.text:ti_sysbios_knl_Queue_empty__E)
                  0000a7a6    00000002     --HOLE-- [fill = 0]
                  0000a7a8    0000000c     KIRC_FltCmp_RTOS_pem4f.oem4f (.text:.bootCodeSection:ti_catalog_arm_cortexm4_tiva_ce_Boot_init__I)
                  0000a7b4    0000000c     driverlib.lib : gpio.obj (.text:GPIOIntEnable)
                  0000a7c0    0000000c                   : pwm.obj (.text:PWMGenEnable)
                  0000a7cc    0000000c     sysbios.aem4f : BIOS.obj (.text:ti_sysbios_family_arm_lm4_Timer_masterDisable__I)
                  0000a7d8    0000000c     KIRC_FltCmp_RTOS_pem4f.oem4f (.text:ti_sysbios_family_arm_m3_Hwi_Params__init__S)
                  0000a7e4    0000000c     sysbios.aem4f : BIOS.obj (.text:ti_sysbios_family_arm_m3_Hwi_disableFxn__E)
                  0000a7f0    0000000c                   : BIOS.obj (.text:ti_sysbios_gates_GateHwi_enter__E)
                  0000a7fc    0000000c                   : BIOS.obj (.text:ti_sysbios_knl_Clock_getTicks__E)
                  0000a808    0000000c     KIRC_FltCmp_RTOS_pem4f.oem4f (.text:ti_sysbios_knl_Queue_Object__get__S)
                  0000a814    0000000c     KIRC_FltCmp_RTOS_pem4f.oem4f (.text:ti_sysbios_knl_Semaphore_Params__init__S)
                  0000a820    0000000c     ti.targets.arm.rtsarm.aem4f : Error.oem4f (.text:xdc_runtime_Error_init__F)
                  0000a82c    0000000c                                 : Gate.oem4f (.text:xdc_runtime_Gate_enterSystem__F)
                  0000a838    0000000c                                 : Memory.oem4f (.text:xdc_runtime_Memory_calloc__F)
                  0000a844    0000000c                                 : Memory.oem4f (.text:xdc_runtime_Memory_getMaxDefaultTypeAlign__F)
                  0000a850    0000000c                                 : System.oem4f (.text:xdc_runtime_System_exit__F)
                  0000a85c    0000000c                                 : System.oem4f (.text:xdc_runtime_System_lastFxn__I)
                  0000a868    0000000a     driverlib.lib : i2c.obj (.text:I2CMasterEnable)
                  0000a872    0000000a                   : uart.obj (.text:UARTCharGet)
                  0000a87c    0000000a                   : uart.obj (.text:UARTCharPut)
                  0000a886    0000000a                   : uart.obj (.text:UARTIntDisable)
                  0000a890    0000000a                   : uart.obj (.text:UARTIntStatus)
                  0000a89a    0000000a     uart_tivaware.aem4f : UART.oem4f (.text:UART_close)
                  0000a8a4    0000000a                         : UART.oem4f (.text:UART_read)
                  0000a8ae    0000000a                         : UART.oem4f (.text:UART_write)
                  0000a8b8    0000000a                         : UART.oem4f (.text:UART_writePolling)
                  0000a8c2    0000000a     KIRC_FltCmp_RTOS_pem4f.oem4f (.text:xdc_runtime_IHeap_alloc)
                  0000a8cc    0000000a     KIRC_FltCmp_RTOS_pem4f.oem4f (.text:xdc_runtime_IHeap_free)
                  0000a8d6    0000000a     KIRC_FltCmp_RTOS_pem4f.oem4f (.text:xdc_runtime_Text_visitRope__I)
                  0000a8e0    00000008     driverlib.lib : i2c.obj (.text:I2CMasterBusy)
                  0000a8e8    00000008                   : i2c.obj (.text:I2CMasterSlaveAddrSet)
                  0000a8f0    00000008                   : uart.obj (.text:UARTIntEnable)
                  0000a8f8    00000008     uart_tivaware.aem4f : UARTTiva.oem4f (.text:UARTTiva_init)
                  0000a900    00000008                         : UARTTiva.oem4f (.text:readSemCallback)
                  0000a908    00000008     sysbios.aem4f : BIOS.obj (.text:ti_sysbios_family_arm_m3_Hwi_startup__E)
                  0000a910    00000008                   : BIOS.obj (.text:ti_sysbios_knl_Idle_loop__E)
                  0000a918    00000008     uart_tivaware.aem4f : UARTTiva.oem4f (.text:writeSemCallback)
                  0000a920    00000006     driverlib.lib : gpio.obj (.text:GPIOIntClear)
                  0000a926    00000006                   : gpio.obj (.text:GPIOPinRead)
                  0000a92c    00000006                   : gpio.obj (.text:GPIOPinWrite)
                  0000a932    00000006                   : sysctl.obj (.text:SysCtlDelay)
                  0000a938    00000006                   : uart.obj (.text:UARTFIFOLevelSet)
                  0000a93e    00000006     ti.targets.arm.rtsarm.aem4f : xdc_noinit.oem4f (.text:__xdc__init)
                  0000a944    00000006     rtsv7M4_T_le_v4SPD16_eabi.lib : copy_decompress_rle.obj (.text:decompress:rle24)
                  0000a94a    00000006     Boot.aem4f : Boot_sysctl.oem4f (.text:ti_catalog_arm_cortexm4_tiva_ce_Boot_sysCtlDelayI__I)
                  0000a950    00000006     sysbios.aem4f : BIOS.obj (.text:ti_sysbios_family_arm_m3_Hwi_restoreFxn__E)
                  0000a956    00000006                   : BIOS.obj (.text:ti_sysbios_gates_GateHwi_leave__E)
                  0000a95c    00000006                   : BIOS.obj (.text:ti_sysbios_heaps_HeapMem_isBlocking__E)
                  0000a962    00000006                   : BIOS.obj (.text:ti_sysbios_knl_Queue_Instance_init__F)
                  0000a968    00000006                   : BIOS.obj (.text:ti_sysbios_knl_Swi_Module_startup__F)
                  0000a96e    00000006     ti.targets.arm.rtsarm.aem4f : System.oem4f (.text:xdc_runtime_System_Module_startup__F)
                  0000a974    00000004     driverlib.lib : i2c.obj (.text:I2CMasterControl)
                  0000a978    00000004                   : i2c.obj (.text:I2CMasterDataGet)
                  0000a97c    00000004                   : i2c.obj (.text:I2CMasterDataPut)
                  0000a980    00000004                   : uart.obj (.text:UARTIntClear)
                  0000a984    00000004     KIRC_FltCmp_RTOS_pem4f.oem4f (.text:ti_sysbios_BIOS_RtsGateProxy_enter__E)
                  0000a988    00000004     KIRC_FltCmp_RTOS_pem4f.oem4f (.text:ti_sysbios_BIOS_RtsGateProxy_leave__E)
                  0000a98c    00000004     sysbios.aem4f : BIOS.obj (.text:ti_sysbios_family_arm_lm4_Timer_getPeriod__E)
                  0000a990    00000004                   : BIOS.obj (.text:ti_sysbios_family_arm_lm4_Timer_masterEnable__I)
                  0000a994    00000004     KIRC_FltCmp_RTOS_pem4f.oem4f (.text:ti_sysbios_family_arm_m3_TaskSupport_Module__startupDone__S)
                  0000a998    00000004     sysbios.aem4f : BIOS.obj (.text:ti_sysbios_gates_GateHwi_query__F)
                  0000a99c    00000004                   : BIOS.obj (.text:ti_sysbios_gates_GateMutex_query__F)
                  0000a9a0    00000004     KIRC_FltCmp_RTOS_pem4f.oem4f (.text:ti_sysbios_hal_Hwi_HwiProxy_Module__startupDone__S)
                  0000a9a4    00000004     KIRC_FltCmp_RTOS_pem4f.oem4f (.text:ti_sysbios_hal_Timer_TimerProxy_Module__startupDone__S)
                  0000a9a8    00000004     KIRC_FltCmp_RTOS_pem4f.oem4f (.text:ti_sysbios_hal_Timer_TimerProxy_getPeriod__E)
                  0000a9ac    00000004     KIRC_FltCmp_RTOS_pem4f.oem4f (.text:ti_sysbios_heaps_HeapMem_Module_GateProxy_enter__E)
                  0000a9b0    00000004     KIRC_FltCmp_RTOS_pem4f.oem4f (.text:ti_sysbios_heaps_HeapMem_Module_GateProxy_leave__E)
                  0000a9b4    00000004     KIRC_FltCmp_RTOS_pem4f.oem4f (.text:ti_sysbios_knl_Task_SupportProxy_Module__startupDone__S)
                  0000a9b8    00000004     sysbios.aem4f : BIOS.obj (.text:ti_sysbios_knl_Task_startup__E)
                  0000a9bc    00000004     ti.targets.arm.rtsarm.aem4f : Error.oem4f (.text:xdc_runtime_Error_getSite__F)
                  0000a9c0    00000004     KIRC_FltCmp_RTOS_pem4f.oem4f (.text:xdc_runtime_Memory_HeapProxy_alloc__E)
                  0000a9c4    00000004     KIRC_FltCmp_RTOS_pem4f.oem4f (.text:xdc_runtime_Memory_HeapProxy_free__E)
                  0000a9c8    00000004     KIRC_FltCmp_RTOS_pem4f.oem4f (.text:xdc_runtime_System_Module_GateProxy_enter__E)
                  0000a9cc    00000004     KIRC_FltCmp_RTOS_pem4f.oem4f (.text:xdc_runtime_System_Module_GateProxy_leave__E)
                  0000a9d0    00000004     ti.targets.arm.rtsarm.aem4f : System.oem4f (.text:xdc_runtime_System_aprintf_va__F)
                  0000a9d4    00000004                                 : System.oem4f (.text:xdc_runtime_System_printf_va__F)
                  0000a9d8    00000004     KIRC_FltCmp_RTOS_pem4f.oem4f (.text:xdc_runtime_System_vsnprintf__E)

.const     0    0000a9e0    00001f7c     
                  0000a9e0    000015c7     KIRC_FltCmp_RTOS_pem4f.oem4f (.const:xdc_runtime_Text_charTab__A)
                  0000bfa7    00000001     KIRC_FltCmp_RTOS_pem4f.oem4f (.const:xdc_runtime_Error_policy__C)
                  0000bfa8    00000102     rtsv7M4_T_le_v4SPD16_eabi.lib : ctype.obj (.const:.string:_ctypes_)
                  0000c0aa    000000d8     KIRC_FltCmp_RTOS_pem4f.oem4f (.const:ti_sysbios_family_arm_m3_Hwi_priorities__A)
                  0000c182    00000002     KIRC_FltCmp_RTOS_pem4f.oem4f (.const:ti_catalog_arm_cortexm4_tiva_ce_Boot_Module__id__C)
                  0000c184    00000090     driverlib.lib : gpio.obj (.const:g_pui32GPIOBaseAddrs)
                  0000c214    00000004     KIRC_FltCmp_RTOS_pem4f.oem4f (.const:ti_catalog_arm_cortexm4_tiva_ce_Boot_A_mustUseEnhancedClockMode__C)
                  0000c218    00000088     rtsv7M4_T_le_v4SPD16_eabi.lib : xatan.obj (.const)
                  0000c2a0    00000084     EK_TM4C123GXL.obj (.const:gpioHWAttrs)
                  0000c324    0000006c     driverlib.lib : sysctl.obj (.const:g_pui32Xtals)
                  0000c390    00000048     KIRC_FltCmp_RTOS_pem4f.oem4f (.const:.string)
                  0000c3d8    0000003c     Main.obj (.const)
                  0000c414    00000034     rtsv7M4_T_le_v4SPD16_eabi.lib : xfatan.obj (.const)
                  0000c448    00000030     EK_TM4C123GXL.obj (.const)
                  0000c478    00000030     EK_TM4C123GXL.obj (.const:GPIO_config)
                  0000c4a8    00000030     KIRC_FltCmp_RTOS_pem4f.oem4f (.const:ti_sysbios_family_arm_m3_Hwi_Object__PARAMS__C)
                  0000c4d8    0000002c     EK_TM4C123GXL.obj (.const:EK_TM4C123GXL_gpioPortACallbacks)
                  0000c504    0000002c     EK_TM4C123GXL.obj (.const:EK_TM4C123GXL_gpioPortFCallbacks)
                  0000c530    00000028     KIRC_FltCmp_RTOS_pem4f.oem4f (.const:ti_sysbios_heaps_HeapMem_Module__FXNS__C)
                  0000c558    00000024     uart_tivaware.aem4f : UARTTiva.oem4f (.const:UARTTiva_fxnTable)
                  0000c57c    00000024     KIRC_FltCmp_RTOS_pem4f.oem4f (.const:ti_sysbios_gates_GateHwi_Module__FXNS__C)
                  0000c5a0    00000024     KIRC_FltCmp_RTOS_pem4f.oem4f (.const:ti_sysbios_gates_GateMutex_Module__FXNS__C)
                  0000c5c4    00000024     KIRC_FltCmp_RTOS_pem4f.oem4f (.const:ti_sysbios_heaps_HeapMem_Object__PARAMS__C)
                  0000c5e8    00000024     KIRC_FltCmp_RTOS_pem4f.oem4f (.const:ti_sysbios_knl_Semaphore_Object__PARAMS__C)
                  0000c60c    00000020     KIRC_FltCmp_RTOS_pem4f.oem4f (.const:ti_sysbios_family_arm_m3_Hwi_Object__DESC__C)
                  0000c62c    00000020     KIRC_FltCmp_RTOS_pem4f.oem4f (.const:ti_sysbios_gates_GateHwi_Object__DESC__C)
                  0000c64c    00000020     KIRC_FltCmp_RTOS_pem4f.oem4f (.const:ti_sysbios_gates_GateMutex_Object__DESC__C)
                  0000c66c    00000020     KIRC_FltCmp_RTOS_pem4f.oem4f (.const:ti_sysbios_heaps_HeapMem_Object__DESC__C)
                  0000c68c    00000020     KIRC_FltCmp_RTOS_pem4f.oem4f (.const:ti_sysbios_knl_Queue_Object__DESC__C)
                  0000c6ac    00000020     KIRC_FltCmp_RTOS_pem4f.oem4f (.const:ti_sysbios_knl_Semaphore_Object__DESC__C)
                  0000c6cc    00000020     KIRC_FltCmp_RTOS_pem4f.oem4f (.const:xdc_runtime_Startup_sfxnTab__A)
                  0000c6ec    00000018     KIRC_FltCmp_RTOS_pem4f.oem4f (.const:ti_sysbios_gates_GateHwi_Object__PARAMS__C)
                  0000c704    00000018     KIRC_FltCmp_RTOS_pem4f.oem4f (.const:ti_sysbios_gates_GateMutex_Object__PARAMS__C)
                  0000c71c    00000018     KIRC_FltCmp_RTOS_pem4f.oem4f (.const:ti_sysbios_knl_Queue_Object__PARAMS__C)
                  0000c734    00000014     KIRC_FltCmp_RTOS_pem4f.oem4f (.const:xdc_runtime_Startup_firstFxns__A)
                  0000c748    00000011     ti.targets.arm.rtsarm.aem4f : System.oem4f (.const)
                  0000c759    00000001     --HOLE-- [fill = 0]
                  0000c75a    00000010     KIRC_FltCmp_RTOS_pem4f.oem4f (.const:xdc_runtime_Startup_sfxnRts__A)
                  0000c76a    00000010     KIRC_FltCmp_RTOS_pem4f.oem4f (.const:xdc_runtime_Text_nodeTab__A)
                  0000c77a    00000002     KIRC_FltCmp_RTOS_pem4f.oem4f (.const:ti_sysbios_BIOS_Module__id__C)
                  0000c77c    00000008     KIRC_FltCmp_RTOS_pem4f.oem4f (.const:ti_sysbios_family_arm_m3_Hwi_excHookFuncs__A)
                  0000c784    00000008     KIRC_FltCmp_RTOS_pem4f.oem4f (.const:ti_sysbios_knl_Idle_coreList__C)
                  0000c78c    00000008     KIRC_FltCmp_RTOS_pem4f.oem4f (.const:ti_sysbios_knl_Idle_funcList__C)
                  0000c794    00000008     KIRC_FltCmp_RTOS_pem4f.oem4f (.const:xdc_runtime_Startup_firstFxns__C)
                  0000c79c    00000008     KIRC_FltCmp_RTOS_pem4f.oem4f (.const:xdc_runtime_Startup_lastFxns__C)
                  0000c7a4    00000004     KIRC_FltCmp_RTOS_pem4f.oem4f (.const:ti_catalog_arm_cortexm4_tiva_ce_Boot_Module__diagsEnabled__C)
                  0000c7a8    00000004     KIRC_FltCmp_RTOS_pem4f.oem4f (.const:ti_catalog_arm_cortexm4_tiva_ce_Boot_Module__diagsIncluded__C)
                  0000c7ac    00000004     KIRC_FltCmp_RTOS_pem4f.oem4f (.const:ti_catalog_arm_cortexm4_tiva_ce_Boot_Module__diagsMask__C)
                  0000c7b0    00000004     KIRC_FltCmp_RTOS_pem4f.oem4f (.const:ti_sysbios_BIOS_Module__diagsEnabled__C)
                  0000c7b4    00000004     KIRC_FltCmp_RTOS_pem4f.oem4f (.const:ti_sysbios_BIOS_Module__diagsIncluded__C)
                  0000c7b8    00000004     KIRC_FltCmp_RTOS_pem4f.oem4f (.const:ti_sysbios_BIOS_Module__diagsMask__C)
                  0000c7bc    00000004     KIRC_FltCmp_RTOS_pem4f.oem4f (.const:ti_sysbios_BIOS_installedErrorHook__C)
                  0000c7c0    00000004     KIRC_FltCmp_RTOS_pem4f.oem4f (.const:ti_sysbios_family_arm_lm4_Timer_enableFunc__C)
                  0000c7c4    00000004     KIRC_FltCmp_RTOS_pem4f.oem4f (.const:ti_sysbios_family_arm_lm4_Timer_numTimerDevices__C)
                  0000c7c8    00000004     KIRC_FltCmp_RTOS_pem4f.oem4f (.const:ti_sysbios_family_arm_lm4_Timer_startupNeeded__C)
                  0000c7cc    00000004     KIRC_FltCmp_RTOS_pem4f.oem4f (.const:ti_sysbios_family_arm_m3_Hwi_E_NMI__C)
                  0000c7d0    00000004     KIRC_FltCmp_RTOS_pem4f.oem4f (.const:ti_sysbios_family_arm_m3_Hwi_E_alreadyDefined__C)
                  0000c7d4    00000004     KIRC_FltCmp_RTOS_pem4f.oem4f (.const:ti_sysbios_family_arm_m3_Hwi_E_busFault__C)
                  0000c7d8    00000004     KIRC_FltCmp_RTOS_pem4f.oem4f (.const:ti_sysbios_family_arm_m3_Hwi_E_debugMon__C)
                  0000c7dc    00000004     KIRC_FltCmp_RTOS_pem4f.oem4f (.const:ti_sysbios_family_arm_m3_Hwi_E_hardFault__C)
                  0000c7e0    00000004     KIRC_FltCmp_RTOS_pem4f.oem4f (.const:ti_sysbios_family_arm_m3_Hwi_E_memFault__C)
                  0000c7e4    00000004     KIRC_FltCmp_RTOS_pem4f.oem4f (.const:ti_sysbios_family_arm_m3_Hwi_E_noIsr__C)
                  0000c7e8    00000004     KIRC_FltCmp_RTOS_pem4f.oem4f (.const:ti_sysbios_family_arm_m3_Hwi_E_reserved__C)
                  0000c7ec    00000004     KIRC_FltCmp_RTOS_pem4f.oem4f (.const:ti_sysbios_family_arm_m3_Hwi_E_svCall__C)
                  0000c7f0    00000004     KIRC_FltCmp_RTOS_pem4f.oem4f (.const:ti_sysbios_family_arm_m3_Hwi_E_usageFault__C)
                  0000c7f4    00000004     KIRC_FltCmp_RTOS_pem4f.oem4f (.const:ti_sysbios_family_arm_m3_Hwi_NUM_INTERRUPTS__C)
                  0000c7f8    00000004     KIRC_FltCmp_RTOS_pem4f.oem4f (.const:ti_sysbios_family_arm_m3_Hwi_ccr__C)
                  0000c7fc    00000004     KIRC_FltCmp_RTOS_pem4f.oem4f (.const:ti_sysbios_family_arm_m3_Hwi_dispatchTable__C)
                  0000c800    00000004     KIRC_FltCmp_RTOS_pem4f.oem4f (.const:ti_sysbios_family_arm_m3_Hwi_excHandlerFunc__C)
                  0000c804    00000004     KIRC_FltCmp_RTOS_pem4f.oem4f (.const:ti_sysbios_family_arm_m3_Hwi_excHookFuncs__C)
                  0000c808    00000004     KIRC_FltCmp_RTOS_pem4f.oem4f (.const:ti_sysbios_family_arm_m3_Hwi_priGroup__C)
                  0000c80c    00000004     KIRC_FltCmp_RTOS_pem4f.oem4f (.const:ti_sysbios_family_arm_m3_Hwi_priorities__C)
                  0000c810    00000004     KIRC_FltCmp_RTOS_pem4f.oem4f (.const:ti_sysbios_gates_GateMutex_A_badContext__C)
                  0000c814    00000004     KIRC_FltCmp_RTOS_pem4f.oem4f (.const:ti_sysbios_gates_GateMutex_Instance_State_sem__O)
                  0000c818    00000004     KIRC_FltCmp_RTOS_pem4f.oem4f (.const:ti_sysbios_gates_GateMutex_Module__diagsEnabled__C)
                  0000c81c    00000004     KIRC_FltCmp_RTOS_pem4f.oem4f (.const:ti_sysbios_gates_GateMutex_Module__diagsIncluded__C)
                  0000c820    00000004     KIRC_FltCmp_RTOS_pem4f.oem4f (.const:ti_sysbios_gates_GateMutex_Module__diagsMask__C)
                  0000c824    00000004     KIRC_FltCmp_RTOS_pem4f.oem4f (.const:ti_sysbios_heaps_HeapMem_A_align__C)
                  0000c828    00000004     KIRC_FltCmp_RTOS_pem4f.oem4f (.const:ti_sysbios_heaps_HeapMem_A_heapSize__C)
                  0000c82c    00000004     KIRC_FltCmp_RTOS_pem4f.oem4f (.const:ti_sysbios_heaps_HeapMem_A_invalidFree__C)
                  0000c830    00000004     KIRC_FltCmp_RTOS_pem4f.oem4f (.const:ti_sysbios_heaps_HeapMem_A_zeroBlock__C)
                  0000c834    00000004     KIRC_FltCmp_RTOS_pem4f.oem4f (.const:ti_sysbios_heaps_HeapMem_E_memory__C)
                  0000c838    00000004     KIRC_FltCmp_RTOS_pem4f.oem4f (.const:ti_sysbios_heaps_HeapMem_Module__diagsEnabled__C)
                  0000c83c    00000004     KIRC_FltCmp_RTOS_pem4f.oem4f (.const:ti_sysbios_heaps_HeapMem_Module__diagsIncluded__C)
                  0000c840    00000004     KIRC_FltCmp_RTOS_pem4f.oem4f (.const:ti_sysbios_heaps_HeapMem_Module__diagsMask__C)
                  0000c844    00000004     KIRC_FltCmp_RTOS_pem4f.oem4f (.const:ti_sysbios_heaps_HeapMem_Module__gateObj__C)
                  0000c848    00000004     KIRC_FltCmp_RTOS_pem4f.oem4f (.const:ti_sysbios_heaps_HeapMem_Object__count__C)
                  0000c84c    00000004     KIRC_FltCmp_RTOS_pem4f.oem4f (.const:ti_sysbios_heaps_HeapMem_reqAlign__C)
                  0000c850    00000004     KIRC_FltCmp_RTOS_pem4f.oem4f (.const:ti_sysbios_knl_Clock_Module_State_clockQ__O)
                  0000c854    00000004     KIRC_FltCmp_RTOS_pem4f.oem4f (.const:ti_sysbios_knl_Semaphore_A_badContext__C)
                  0000c858    00000004     KIRC_FltCmp_RTOS_pem4f.oem4f (.const:ti_sysbios_knl_Semaphore_A_noEvents__C)
                  0000c85c    00000004     KIRC_FltCmp_RTOS_pem4f.oem4f (.const:ti_sysbios_knl_Semaphore_A_overflow__C)
                  0000c860    00000004     KIRC_FltCmp_RTOS_pem4f.oem4f (.const:ti_sysbios_knl_Semaphore_A_pendTaskDisabled__C)
                  0000c864    00000004     KIRC_FltCmp_RTOS_pem4f.oem4f (.const:ti_sysbios_knl_Semaphore_Instance_State_pendQ__O)
                  0000c868    00000004     KIRC_FltCmp_RTOS_pem4f.oem4f (.const:ti_sysbios_knl_Semaphore_Module__diagsEnabled__C)
                  0000c86c    00000004     KIRC_FltCmp_RTOS_pem4f.oem4f (.const:ti_sysbios_knl_Semaphore_Module__diagsIncluded__C)
                  0000c870    00000004     KIRC_FltCmp_RTOS_pem4f.oem4f (.const:ti_sysbios_knl_Semaphore_Module__diagsMask__C)
                  0000c874    00000004     KIRC_FltCmp_RTOS_pem4f.oem4f (.const:ti_sysbios_knl_Task_A_badTimeout__C)
                  0000c878    00000004     KIRC_FltCmp_RTOS_pem4f.oem4f (.const:ti_sysbios_knl_Task_A_sleepTaskDisabled__C)
                  0000c87c    00000004     KIRC_FltCmp_RTOS_pem4f.oem4f (.const:ti_sysbios_knl_Task_Module_State_inactiveQ__O)
                  0000c880    00000004     KIRC_FltCmp_RTOS_pem4f.oem4f (.const:ti_sysbios_knl_Task_Module__diagsEnabled__C)
                  0000c884    00000004     KIRC_FltCmp_RTOS_pem4f.oem4f (.const:ti_sysbios_knl_Task_Module__diagsIncluded__C)
                  0000c888    00000004     KIRC_FltCmp_RTOS_pem4f.oem4f (.const:ti_sysbios_knl_Task_Module__diagsMask__C)
                  0000c88c    00000004     KIRC_FltCmp_RTOS_pem4f.oem4f (.const:ti_sysbios_knl_Task_Object__count__C)
                  0000c890    00000004     KIRC_FltCmp_RTOS_pem4f.oem4f (.const:ti_sysbios_knl_Task_allBlockedFunc__C)
                  0000c894    00000004     KIRC_FltCmp_RTOS_pem4f.oem4f (.const:ti_sysbios_knl_Task_numConstructedTasks__C)
                  0000c898    00000004     KIRC_FltCmp_RTOS_pem4f.oem4f (.const:xdc_runtime_Assert_E_assertFailed__C)
                  0000c89c    00000004     KIRC_FltCmp_RTOS_pem4f.oem4f (.const:xdc_runtime_Core_A_initializedParams__C)
                  0000c8a0    00000004     KIRC_FltCmp_RTOS_pem4f.oem4f (.const:xdc_runtime_Core_Module__diagsEnabled__C)
                  0000c8a4    00000004     KIRC_FltCmp_RTOS_pem4f.oem4f (.const:xdc_runtime_Core_Module__diagsIncluded__C)
                  0000c8a8    00000004     KIRC_FltCmp_RTOS_pem4f.oem4f (.const:xdc_runtime_Core_Module__diagsMask__C)
                  0000c8ac    00000004     KIRC_FltCmp_RTOS_pem4f.oem4f (.const:xdc_runtime_Error_E_memory__C)
                  0000c8b0    00000004     KIRC_FltCmp_RTOS_pem4f.oem4f (.const:xdc_runtime_Error_Module__diagsEnabled__C)
                  0000c8b4    00000004     KIRC_FltCmp_RTOS_pem4f.oem4f (.const:xdc_runtime_Error_Module__diagsIncluded__C)
                  0000c8b8    00000004     KIRC_FltCmp_RTOS_pem4f.oem4f (.const:xdc_runtime_Error_Module__diagsMask__C)
                  0000c8bc    00000004     KIRC_FltCmp_RTOS_pem4f.oem4f (.const:xdc_runtime_Error_Module__loggerFxn8__C)
                  0000c8c0    00000004     KIRC_FltCmp_RTOS_pem4f.oem4f (.const:xdc_runtime_Error_Module__loggerObj__C)
                  0000c8c4    00000004     KIRC_FltCmp_RTOS_pem4f.oem4f (.const:xdc_runtime_Error_raiseHook__C)
                  0000c8c8    00000004     KIRC_FltCmp_RTOS_pem4f.oem4f (.const:xdc_runtime_IGateProvider_Interface__BASE__C)
                  0000c8cc    00000004     KIRC_FltCmp_RTOS_pem4f.oem4f (.const:xdc_runtime_IHeap_Interface__BASE__C)
                  0000c8d0    00000004     KIRC_FltCmp_RTOS_pem4f.oem4f (.const:xdc_runtime_IModule_Interface__BASE__C)
                  0000c8d4    00000004     KIRC_FltCmp_RTOS_pem4f.oem4f (.const:xdc_runtime_Log_L_error__C)
                  0000c8d8    00000004     KIRC_FltCmp_RTOS_pem4f.oem4f (.const:xdc_runtime_Main_Module__diagsEnabled__C)
                  0000c8dc    00000004     KIRC_FltCmp_RTOS_pem4f.oem4f (.const:xdc_runtime_Main_Module__diagsIncluded__C)
                  0000c8e0    00000004     KIRC_FltCmp_RTOS_pem4f.oem4f (.const:xdc_runtime_Main_Module__diagsMask__C)
                  0000c8e4    00000004     KIRC_FltCmp_RTOS_pem4f.oem4f (.const:xdc_runtime_Main_Module__loggerFxn2__C)
                  0000c8e8    00000004     KIRC_FltCmp_RTOS_pem4f.oem4f (.const:xdc_runtime_Main_Module__loggerObj__C)
                  0000c8ec    00000004     KIRC_FltCmp_RTOS_pem4f.oem4f (.const:xdc_runtime_Memory_defaultHeapInstance__C)
                  0000c8f0    00000004     KIRC_FltCmp_RTOS_pem4f.oem4f (.const:xdc_runtime_Startup_execImpl__C)
                  0000c8f4    00000004     KIRC_FltCmp_RTOS_pem4f.oem4f (.const:xdc_runtime_Startup_lastFxns__A)
                  0000c8f8    00000004     KIRC_FltCmp_RTOS_pem4f.oem4f (.const:xdc_runtime_Startup_maxPasses__C)
                  0000c8fc    00000004     KIRC_FltCmp_RTOS_pem4f.oem4f (.const:xdc_runtime_Startup_sfxnRts__C)
                  0000c900    00000004     KIRC_FltCmp_RTOS_pem4f.oem4f (.const:xdc_runtime_Startup_sfxnTab__C)
                  0000c904    00000004     KIRC_FltCmp_RTOS_pem4f.oem4f (.const:xdc_runtime_SysCallback_abortFxn__C)
                  0000c908    00000004     KIRC_FltCmp_RTOS_pem4f.oem4f (.const:xdc_runtime_SysCallback_exitFxn__C)
                  0000c90c    00000004     KIRC_FltCmp_RTOS_pem4f.oem4f (.const:xdc_runtime_SysCallback_flushFxn__C)
                  0000c910    00000004     KIRC_FltCmp_RTOS_pem4f.oem4f (.const:xdc_runtime_SysCallback_putchFxn__C)
                  0000c914    00000004     KIRC_FltCmp_RTOS_pem4f.oem4f (.const:xdc_runtime_SysCallback_readyFxn__C)
                  0000c918    00000004     KIRC_FltCmp_RTOS_pem4f.oem4f (.const:xdc_runtime_System_Module__gateObj__C)
                  0000c91c    00000004     KIRC_FltCmp_RTOS_pem4f.oem4f (.const:xdc_runtime_System_extendFxn__C)
                  0000c920    00000004     KIRC_FltCmp_RTOS_pem4f.oem4f (.const:xdc_runtime_System_maxAtexitHandlers__C)
                  0000c924    00000004     KIRC_FltCmp_RTOS_pem4f.oem4f (.const:xdc_runtime_Text_charTab__C)
                  0000c928    00000004     KIRC_FltCmp_RTOS_pem4f.oem4f (.const:xdc_runtime_Text_nameEmpty__C)
                  0000c92c    00000004     KIRC_FltCmp_RTOS_pem4f.oem4f (.const:xdc_runtime_Text_nameStatic__C)
                  0000c930    00000004     KIRC_FltCmp_RTOS_pem4f.oem4f (.const:xdc_runtime_Text_nameUnknown__C)
                  0000c934    00000004     KIRC_FltCmp_RTOS_pem4f.oem4f (.const:xdc_runtime_Text_nodeTab__C)
                  0000c938    00000004     KIRC_FltCmp_RTOS_pem4f.oem4f (.const:xdc_runtime_Text_visitRopeFxn__C)
                  0000c93c    00000002     KIRC_FltCmp_RTOS_pem4f.oem4f (.const:ti_sysbios_family_arm_m3_Hwi_Module__id__C)
                  0000c93e    00000002     KIRC_FltCmp_RTOS_pem4f.oem4f (.const:ti_sysbios_gates_GateMutex_Module__id__C)
                  0000c940    00000002     KIRC_FltCmp_RTOS_pem4f.oem4f (.const:ti_sysbios_heaps_HeapMem_Module__id__C)
                  0000c942    00000002     KIRC_FltCmp_RTOS_pem4f.oem4f (.const:ti_sysbios_knl_Semaphore_Module__id__C)
                  0000c944    00000002     KIRC_FltCmp_RTOS_pem4f.oem4f (.const:ti_sysbios_knl_Task_Module__id__C)
                  0000c946    00000002     KIRC_FltCmp_RTOS_pem4f.oem4f (.const:ti_sysbios_knl_Task_initStackFlag__C)
                  0000c948    00000002     KIRC_FltCmp_RTOS_pem4f.oem4f (.const:xdc_runtime_Core_Module__id__C)
                  0000c94a    00000002     KIRC_FltCmp_RTOS_pem4f.oem4f (.const:xdc_runtime_Error_Module__loggerDefined__C)
                  0000c94c    00000002     KIRC_FltCmp_RTOS_pem4f.oem4f (.const:xdc_runtime_Error_maxDepth__C)
                  0000c94e    00000002     KIRC_FltCmp_RTOS_pem4f.oem4f (.const:xdc_runtime_Main_Module__id__C)
                  0000c950    00000002     KIRC_FltCmp_RTOS_pem4f.oem4f (.const:xdc_runtime_Main_Module__loggerDefined__C)
                  0000c952    00000002     KIRC_FltCmp_RTOS_pem4f.oem4f (.const:xdc_runtime_Memory_Module__id__C)
                  0000c954    00000002     KIRC_FltCmp_RTOS_pem4f.oem4f (.const:xdc_runtime_Text_charCnt__C)
                  0000c956    00000002     KIRC_FltCmp_RTOS_pem4f.oem4f (.const:xdc_runtime_Text_isLoaded__C)
                  0000c958    00000002     KIRC_FltCmp_RTOS_pem4f.oem4f (.const:xdc_runtime_Text_registryModsLastId__C)
                  0000c95a    00000002     KIRC_FltCmp_RTOS_pem4f.oem4f (.const:xdc_runtime_Text_unnamedModsLastId__C)

.cinit     0    0000c960    000003b0     
                  0000c960    0000037c     (.cinit..data.load) [load image, compression = rle]
                  0000ccdc    0000000c     (__TI_handler_table)
                  0000cce8    00000008     (.cinit..bss.load) [load image, compression = zero_init]
                  0000ccf0    00000008     (.cinit..vecs.load) [load image, compression = zero_init]
                  0000ccf8    00000018     (__TI_cinit_table)

.vecs      0    20000000    00000360     UNINITIALIZED
                  20000000    00000360     KIRC_FltCmp_RTOS_pem4f.oem4f (.vecs)

.bss       0    20000360    00002490     UNINITIALIZED
                  20000360    00001e00     KIRC_FltCmp_RTOS_pem4f.oem4f (.bss:taskStackSection)
                  20002160    00000400     KIRC_FltCmp_RTOS_pem4f.oem4f (.bss:ti_sysbios_heaps_HeapMem_Instance_State_0_buf__A)
                  20002560    00000120     rtsv7M4_T_le_v4SPD16_eabi.lib : trgmsg.obj (.bss:__CIOBUF_)
                  20002680    000000a0                                   : defs.obj (.bss:__TI_tmpnams)
                  20002720    00000088     EK_TM4C123GXL.obj (.bss:uartTivaObjects)
                  200027a8    0000001c     (.common:callbackHwi)
                  200027c4    0000001c     (.common:callbackHwi2)
                  200027e0    00000008     (.common:parmbuf)
                  200027e8    00000004     (.common:ui32Load)
                  200027ec    00000004     (.common:ui32PWMClock)

.data      0    200027f0    00000c16     UNINITIALIZED
                  200027f0    00000360     KIRC_FltCmp_RTOS_pem4f.oem4f (.data:ti_sysbios_family_arm_m3_Hwi_Module_State_0_dispatchTable__A)
                  20002b50    0000016c     KIRC_FltCmp_RTOS_pem4f.oem4f (.data)
                  20002cbc    00000130     KIRC_FltCmp_RTOS_pem4f.oem4f (.data:ti_sysbios_knl_Task_Object__table__V)
                  20002dec    000000f0     rtsv7M4_T_le_v4SPD16_eabi.lib : defs.obj (.data:_ftable)
                  20002edc    000000d0                                   : lowlev.obj (.data)
                  20002fac    000000b0                                   : signal.obj (.data:sigtable)
                  2000305c    00000004     Main.obj (.data)
                  20003060    00000080     rtsv7M4_T_le_v4SPD16_eabi.lib : xvalues.obj (.data)
                  200030e0    00000068                                   : xfvalues.obj (.data)
                  20003148    0000005c     KIRC_FltCmp_RTOS_pem4f.oem4f (.data:ti_sysbios_family_arm_m3_Hwi_Module__state__V)
                  200031a4    00000044     KIRC_FltCmp_RTOS_pem4f.oem4f (.data:ti_sysbios_knl_Task_Module__state__V)
                  200031e8    0000003c     sensors.obj (.data:Gyro_Memory)
                  20003224    0000003c     Main.obj (.data:RxData)
                  20003260    00000038     KIRC_FltCmp_RTOS_pem4f.oem4f (.data:ti_sysbios_family_arm_lm4_Timer_Object__table__V)
                  20003298    00000038     KIRC_FltCmp_RTOS_pem4f.oem4f (.data:ti_sysbios_gates_GateMutex_Object__table__V)
                  200032d0    00000034     Main.obj (.data:controlData)
                  20003304    00000030     KIRC_FltCmp_RTOS_pem4f.oem4f (.data:ti_sysbios_family_arm_lm4_Timer_Module_State_0_device__A)
                  20003334    00000028     KIRC_FltCmp_RTOS_pem4f.oem4f (.data:ti_sysbios_knl_Clock_Module__state__V)
                  2000335c    00000024     Main.obj (.data:IMUdata)
                  20003380    00000018     UARTUtils.obj (.data)
                  20003398    00000018     sensors.obj (.data)
                  200033b0    00000010     quaternion.obj (.data)
                  200033c0    00000010     rtsv7M4_T_le_v4SPD16_eabi.lib : defs.obj (.data)
                  200033d0    00000008     gpio_tivaware.aem4f : GPIO.oem4f (.data)
                  200033d8    00000008     rtsv7M4_T_le_v4SPD16_eabi.lib : _lock.obj (.data)
                  200033e0    00000008                                   : exit.obj (.data)
                  200033e8    00000008                                   : feraiseexcept.obj (.data)
                  200033f0    00000004                                   : dtor_list.obj (.data)
                  200033f4    00000004                                   : errno.obj (.data)
                  200033f8    00000004                                   : fopen.obj (.data)
                  200033fc    00000004                                   : stkdepth_vars.obj (.data)
                  20003400    00000004     uart_tivaware.aem4f : UART.oem4f (.data)
                  20003404    00000002     RxFunctions.obj (.data)

.stack     0    20003408    00000600     UNINITIALIZED
                  20003408    00000600     --HOLE--


LINKER GENERATED COPY TABLES

__TI_cinit_table @ 0000ccf8 records: 3, size/record: 8, table size: 24
	.data: load addr=0000c960, load size=0000037c bytes, run addr=200027f0, run size=00000c16 bytes, compression=rle
	.bss: load addr=0000cce8, load size=00000008 bytes, run addr=20000360, run size=00002490 bytes, compression=zero_init
	.vecs: load addr=0000ccf0, load size=00000008 bytes, run addr=20000000, run size=00000360 bytes, compression=zero_init


LINKER GENERATED HANDLER TABLE

__TI_handler_table @ 0000ccdc records: 3, size/record: 4, table size: 12
	index: 0, handler: __TI_zero_init
	index: 1, handler: __TI_decompress_rle24
	index: 2, handler: __TI_decompress_none


GLOBAL SYMBOLS: SORTED ALPHABETICALLY BY Name 

address    name
--------   ----
00009bcd   Accel_Init
000090f9   C$$EXIT
00008843   C$$IO$$
000069e9   Calib_Accel
0000522d   Calib_Gyro
00009dd7   ClearRxInterrupts
00001c89   ControlFxn
00009dff   DisableRxInterrupts
0000c4d8   EK_TM4C123GXL_gpioPortACallbacks
0000c504   EK_TM4C123GXL_gpioPortFCallbacks
00006819   EK_TM4C123GXL_initGPIO
000092d5   EK_TM4C123GXL_initGeneral
00008415   EK_TM4C123GXL_initPWM
00009bf9   EK_TM4C123GXL_initUART
000097bd   EnableRxInterrupts
000048a9   Filter_GyroData
00009d59   GPIODirModeSet
0000a921   GPIOIntClear
0000a745   GPIOIntDisable
0000a7b5   GPIOIntEnable
0000a753   GPIOIntStatus
00008b55   GPIOIntTypeSet
00005ab9   GPIOPadConfigSet
00008e2d   GPIOPinConfigure
0000a927   GPIOPinRead
0000a52d   GPIOPinTypeGPIOInput
0000a283   GPIOPinTypeGPIOOutput
0000a53f   GPIOPinTypeI2C
0000a551   GPIOPinTypeI2CSCL
0000a563   GPIOPinTypePWM
0000a575   GPIOPinTypeUART
0000a92d   GPIOPinWrite
0000a479   GPIO_clearInt
0000c478   GPIO_config
00009ef1   GPIO_disableInt
00009315   GPIO_enableInt
00009d83   GPIO_hwiIntFxn
00009f15   GPIO_init
00008bad   GPIO_setupCallbacks
000094d5   GPIO_toggle
00009e29   GPIO_write
00007de9   GetData_Accel
00007e6d   GetData_Gyro
0000a29b   Gyro_Init
200031e8   Gyro_Memory
20003398   Gyro_Offset
00002f55   HOSTclock
00002f1d   HOSTclose
00002edf   HOSTgetenv
00002e83   HOSTlseek
00002e31   HOSTopen
00002de5   HOSTread
00002d87   HOSTrename
00002d4d   HOSTtime
00002d15   HOSTunlink
00002cc9   HOSTwrite
00008e75   I2C0_MasterInit
000087b9   I2C0_RxData
00008aa5   I2C0_TxData
0000a8e1   I2CMasterBusy
0000a975   I2CMasterControl
0000a979   I2CMasterDataGet
0000a97d   I2CMasterDataPut
0000a869   I2CMasterEnable
00008ebd   I2CMasterInitExpClk
0000a8e9   I2CMasterSlaveAddrSet
2000335c   IMUdata
200033a4   Magn_Offset
0000a011   PWMGenConfigure
0000a7c1   PWMGenEnable
0000a605   PWMGenPeriodSet
0000a587   PWMOutputState
0000a135   PWMPulseWidthSet
00003ad5   ProcessRxData
00007ef1   RCinputIntHandler
20003404   RXChannelLock
000043e9   ReadInputFxn
0000816d   ReadSensorsFxn
00007f75   Read_Accel
00004b99   Read_Gyro
20003224   RxData
UNDEFED    SHT$$INIT_ARRAY$$Base
UNDEFED    SHT$$INIT_ARRAY$$Limit
200033b0   State
00007155   StateEst_Calib
00006f09   SysCtlClockGet
0000a933   SysCtlDelay
0000a48d   SysCtlPWMClockSet
000097f1   SysCtlPeripheralEnable
20002da0   TSK_idle
0000a873   UARTCharGet
0000a761   UARTCharGetNonBlocking
0000a87d   UARTCharPut
0000a76f   UARTCharPutNonBlocking
00009291   UARTConfigSetExpClk
0000a171   UARTDisable
0000a4a1   UARTEnable
0000a939   UARTFIFOLevelSet
0000a981   UARTIntClear
0000a887   UARTIntDisable
0000a8f1   UARTIntEnable
0000a891   UARTIntStatus
0000c558   UARTTiva_fxnTable
0000a2b3   UARTUtils_deviceclose
0000a599   UARTUtils_devicelseek
00009b15   UARTUtils_deviceopen
00009859   UARTUtils_deviceread
0000a615   UARTUtils_devicerename
0000a77d   UARTUtils_deviceunlink
0000988d   UARTUtils_devicewrite
00009f39   UARTUtils_systemAbort
00007c45   UARTUtils_systemInit
0000a035   UARTUtils_systemPutch
0000a4b5   UARTUtils_systemReady
00009c25   UART_Params_init
0000a89b   UART_close
0000c460   UART_config
000095c5   UART_init
0000a2cd   UART_open
0000a8a5   UART_read
0000a8af   UART_write
0000a8b9   UART_writePolling
000011ed   Update_State
0000471d   _Atan
0000a5bd   _Dclass
20003060   _Denorm
00006fd1   _Dnorm
00005e29   _Dscale
0000913d   _Dtest
000086f1   _Dunscale
20003070   _Eps
200033f4   _Errno
00007579   _FAtan
200030e0   _FDenorm
00009929   _FDtest
200030f0   _FEps
20003100   _FInf
20003110   _FNan
20003130   _FRteps
20003120   _FSnan
20003140   _FXbig
20003144   _FZero
200033e8   _Fenv
00009a25   _Feraise
20003080   _Hugeval
20003090   _Inf
200030a0   _Nan
200030c0   _Rteps
200030b0   _Snan
200033ec   _Tls_setup__Fenv
200030d0   _Xbig
200030d8   _Zero
00000000   __ASM__
20002560   __CIOBUF_
00000086   __ISA__
00000099   __PLAT__
20003a08   __STACK_END
00000600   __STACK_SIZE
20003508   __STACK_TOP
000000ba   __TARG__
0000ccf8   __TI_CINIT_Base
0000cd10   __TI_CINIT_Limit
0000ccdc   __TI_Handler_Table_Base
0000cce8   __TI_Handler_Table_Limit
00000001   __TI_args_main
00007811   __TI_auto_init
00003f85   __TI_cleanup
200033e0   __TI_cleanup_ptr
00007a85   __TI_closefile
0000a78b   __TI_decompress_none
0000a945   __TI_decompress_rle24
00007095   __TI_doflush
200033e4   __TI_dtors_ptr
200033c0   __TI_ft_end
00000ee3   __TI_printfi
00007483   __TI_rd_ok
00008847   __TI_readmsg
00000000   __TI_static_base__
20002680   __TI_tmpnams
00008819   __TI_writemsg
00007421   __TI_wrt_ok
0000a5ab   __TI_zero_init
000000e0   __TRDR__
000065a1   __aeabi_atexit
00007ff9   __aeabi_cdcmpeq
00007ff9   __aeabi_cdcmple
00008077   __aeabi_cdrcmple
00008de1   __aeabi_d2f
00008f05   __aeabi_d2iz
00004087   __aeabi_dadd
00005719   __aeabi_ddiv
00006355   __aeabi_dmul
0000407d   __aeabi_dsub
000095fd   __aeabi_f2d
00009b71   __aeabi_i2d
0000a315   __aeabi_lmul
000080f5   __aeabi_memclr
000080f5   __aeabi_memclr4
000080f5   __aeabi_memclr8
0000794d   __aeabi_memcpy
0000794d   __aeabi_memcpy4
0000794d   __aeabi_memcpy8
000080f7   __aeabi_memset
000080f7   __aeabi_memset4
000080f7   __aeabi_memset8
200033cc   __aeabi_stderr
200033c4   __aeabi_stdin
200033c8   __aeabi_stdout
00003cc9   __aeabi_uldivmod
ffffffff   __binit__
ffffffff   __c_args__
0000658f   __cxa_atexit
00006549   __cxa_finalize
00006589   __cxa_ia64_exit
20003408   __stack
0000a93f   __xdc__init
20002cb8   __xdc__init__addr
0000a2fd   _args_main
00008a4d   _c_int00
0000bfa8   _ctypes_
20002dec   _ftable
200033d8   _lock
0000a4d7   _nop
0000a4cf   _register_lock
0000a4c9   _register_unlock
200033dc   _unlock
000090fd   abort
00002c1b   add_device
00005d0d   asin
00006d5d   atan2f
00006593   atexit
00008d95   atoi
ffffffff   binit
200027a8   callbackHwi
200027c4   callbackHwi2
00002bc9   close
200032d0   controlData
000090b5   copy_in
20003405   currentRXChannel
00009105   exit
00007aeb   fclose
000098f5   feraiseexcept
000070e1   fflush
00003fdb   fopen
000078b1   fputc
00005851   fputs
0000a2e5   free
00003fb1   freopen
0000868d   fseek
0000c2a0   gpioHWAttrs
0000c448   i2cTivaHWAttrs
00002ba5   lseek
000089f1   ltoa
0000663d   main
200033fc   main_func_sp
00009b43   malloc
0000a18d   memccpy
0000a44d   memchr
0000794d   memcpy
000080fd   memset
0000a235   motorsDisable
00005369   motors_init
00006c85   motors_out
00002af7   open
000081ed   printf
00007935   putc
00007939   putchar
0000595d   puts
00009b9f   raise
00002ad3   read
00002a49   remove
00002aab   remove_device
00002a6d   rename
00006ba9   setvbuf
00009395   signal
00004fa5   sqrt
0000a463   strchr
0000a32d   strcmp
0000a625   strcpy
0000a4dd   strlen
000099f5   strncpy
0000c214   ti_catalog_arm_cortexm4_tiva_ce_Boot_A_mustUseEnhancedClockMode__C
0000c7a4   ti_catalog_arm_cortexm4_tiva_ce_Boot_Module__diagsEnabled__C
0000c7a8   ti_catalog_arm_cortexm4_tiva_ce_Boot_Module__diagsIncluded__C
0000c7ac   ti_catalog_arm_cortexm4_tiva_ce_Boot_Module__diagsMask__C
0000c182   ti_catalog_arm_cortexm4_tiva_ce_Boot_Module__id__C
0000a7a9   ti_catalog_arm_cortexm4_tiva_ce_Boot_init__I
00005f39   ti_catalog_arm_cortexm4_tiva_ce_Boot_sysCtlClockSetI__I
00007b1d   ti_catalog_arm_cortexm4_tiva_ce_Boot_sysCtlClockSet__E
0000a94b   ti_catalog_arm_cortexm4_tiva_ce_Boot_sysCtlDelayI__I
0000c7b0   ti_sysbios_BIOS_Module__diagsEnabled__C
0000c7b4   ti_sysbios_BIOS_Module__diagsIncluded__C
0000c7b8   ti_sysbios_BIOS_Module__diagsMask__C
0000c77a   ti_sysbios_BIOS_Module__id__C
20002b50   ti_sysbios_BIOS_Module__state__V
0000a985   ti_sysbios_BIOS_RtsGateProxy_enter__E
0000a989   ti_sysbios_BIOS_RtsGateProxy_leave__E
0000a99d   ti_sysbios_BIOS_RtsGateProxy_query__E
00008f4d   ti_sysbios_BIOS_errorRaiseHook__I
00009c51   ti_sysbios_BIOS_exitFunc__I
0000a635   ti_sysbios_BIOS_getCpuFreq__E
0000c7bc   ti_sysbios_BIOS_installedErrorHook__C
00004233   ti_sysbios_BIOS_nullFunc__I
00009f5d   ti_sysbios_BIOS_registerRTSLock__I
0000a1a9   ti_sysbios_BIOS_rtsLock__I
00008559   ti_sysbios_BIOS_rtsUnlock__I
0000a645   ti_sysbios_BIOS_setThreadType__E
0000a055   ti_sysbios_BIOS_startFunc__I
0000a655   ti_sysbios_BIOS_start__E
20003304   ti_sysbios_family_arm_lm4_Timer_Module_State_0_device__A
20002b78   ti_sysbios_family_arm_lm4_Timer_Module_State_0_handles__A
20002b70   ti_sysbios_family_arm_lm4_Timer_Module__root__V
0000a345   ti_sysbios_family_arm_lm4_Timer_Module__startupDone__F
0000a345   ti_sysbios_family_arm_lm4_Timer_Module__startupDone__S
20002b90   ti_sysbios_family_arm_lm4_Timer_Module__state__V
00008939   ti_sysbios_family_arm_lm4_Timer_Module_startup__E
00008939   ti_sysbios_family_arm_lm4_Timer_Module_startup__F
20003260   ti_sysbios_family_arm_lm4_Timer_Object__table__V
0000c7c0   ti_sysbios_family_arm_lm4_Timer_enableFunc__C
000076c9   ti_sysbios_family_arm_lm4_Timer_enableTimers__I
000074cd   ti_sysbios_family_arm_lm4_Timer_enableTiva__I
0000a98d   ti_sysbios_family_arm_lm4_Timer_getPeriod__E
00008879   ti_sysbios_family_arm_lm4_Timer_isrStub__E
0000a7cd   ti_sysbios_family_arm_lm4_Timer_masterDisable__I
0000a991   ti_sysbios_family_arm_lm4_Timer_masterEnable__I
0000c7c4   ti_sysbios_family_arm_lm4_Timer_numTimerDevices__C
000036c9   ti_sysbios_family_arm_lm4_Timer_start__E
0000c7c8   ti_sysbios_family_arm_lm4_Timer_startupNeeded__C
000093d5   ti_sysbios_family_arm_lm4_Timer_startup__E
00009181   ti_sysbios_family_arm_lm4_Timer_stop__E
0000a153   ti_sysbios_family_arm_lm4_Timer_write__I
0000c7cc   ti_sysbios_family_arm_m3_Hwi_E_NMI__C
0000c7d0   ti_sysbios_family_arm_m3_Hwi_E_alreadyDefined__C
0000c7d4   ti_sysbios_family_arm_m3_Hwi_E_busFault__C
0000c7d8   ti_sysbios_family_arm_m3_Hwi_E_debugMon__C
0000c7dc   ti_sysbios_family_arm_m3_Hwi_E_hardFault__C
0000c7e0   ti_sysbios_family_arm_m3_Hwi_E_memFault__C
0000c7e4   ti_sysbios_family_arm_m3_Hwi_E_noIsr__C
0000c7e8   ti_sysbios_family_arm_m3_Hwi_E_reserved__C
0000c7ec   ti_sysbios_family_arm_m3_Hwi_E_svCall__C
0000c7f0   ti_sysbios_family_arm_m3_Hwi_E_usageFault__C
0000a35d   ti_sysbios_family_arm_m3_Hwi_Handle__label__S
00009f81   ti_sysbios_family_arm_m3_Hwi_Instance_finalize__F
00007cd1   ti_sysbios_family_arm_m3_Hwi_Instance_init__F
200027f0   ti_sysbios_family_arm_m3_Hwi_Module_State_0_dispatchTable__A
20002bbc   ti_sysbios_family_arm_m3_Hwi_Module_State_0_excActive__A
20002bc0   ti_sysbios_family_arm_m3_Hwi_Module_State_0_excContext__A
20002bc4   ti_sysbios_family_arm_m3_Hwi_Module_State_0_excStack__A
0000c93c   ti_sysbios_family_arm_m3_Hwi_Module__id__C
20002b9c   ti_sysbios_family_arm_m3_Hwi_Module__root__V
0000a375   ti_sysbios_family_arm_m3_Hwi_Module__startupDone__F
0000a375   ti_sysbios_family_arm_m3_Hwi_Module__startupDone__S
20003148   ti_sysbios_family_arm_m3_Hwi_Module__state__V
0000776d   ti_sysbios_family_arm_m3_Hwi_Module_startup__E
0000776d   ti_sysbios_family_arm_m3_Hwi_Module_startup__F
0000c7f4   ti_sysbios_family_arm_m3_Hwi_NUM_INTERRUPTS__C
0000c60c   ti_sysbios_family_arm_m3_Hwi_Object__DESC__C
[...]
0000a269   xdc_runtime_System_printf__E
0000a283   GPIOPinTypeGPIOOutput
0000a29b   Gyro_Init
0000a2b3   UARTUtils_deviceclose
0000a2cd   UART_open
0000a2e5   free
0000a2fd   _args_main
0000a315   __aeabi_lmul
0000a32d   strcmp
0000a345   ti_sysbios_family_arm_lm4_Timer_Module__startupDone__F
0000a345   ti_sysbios_family_arm_lm4_Timer_Module__startupDone__S
0000a35d   ti_sysbios_family_arm_m3_Hwi_Handle__label__S
0000a375   ti_sysbios_family_arm_m3_Hwi_Module__startupDone__F
0000a375   ti_sysbios_family_arm_m3_Hwi_Module__startupDone__S
0000a38d   ti_sysbios_family_arm_m3_TaskSupport_swap__E
0000a38d   ti_sysbios_knl_Task_SupportProxy_swap__E
0000a399   ti_sysbios_knl_Task_swapReturn
0000a3a5   ti_sysbios_gates_GateHwi_Handle__label__S
0000a3bd   ti_sysbios_gates_GateMutex_Handle__label__S
0000a3d5   ti_sysbios_gates_GateMutex_leave__E
0000a3ed   ti_sysbios_hal_Timer_Module__startupDone__F
0000a3ed   ti_sysbios_hal_Timer_Module__startupDone__S
0000a405   ti_sysbios_heaps_HeapMem_Handle__label__S
0000a41d   ti_sysbios_knl_Task_Handle__label__S
0000a435   xdc_runtime_Text_ropeText__E
0000a435   xdc_runtime_Text_ropeText__F
0000a44d   memchr
0000a463   strchr
0000a479   GPIO_clearInt
0000a48d   SysCtlPWMClockSet
0000a4a1   UARTEnable
0000a4b5   UARTUtils_systemReady
0000a4c9   _register_unlock
0000a4cf   _register_lock
0000a4d7   _nop
0000a4dd   strlen
0000a4f1   ti_sysbios_family_arm_m3_Hwi_switchFromBootStack__E
0000a4f1   ti_sysbios_hal_Hwi_HwiProxy_switchFromBootStack__E
0000a4f1   ti_sysbios_hal_Hwi_switchFromBootStack__E
0000a505   ti_sysbios_heaps_HeapMem_Object__get__S
0000a519   xdc_runtime_System_abort__E
0000a519   xdc_runtime_System_abort__F
0000a52d   GPIOPinTypeGPIOInput
0000a53f   GPIOPinTypeI2C
0000a551   GPIOPinTypeI2CSCL
0000a563   GPIOPinTypePWM
0000a575   GPIOPinTypeUART
0000a587   PWMOutputState
0000a599   UARTUtils_devicelseek
0000a5ab   __TI_zero_init
0000a5bd   _Dclass
0000a5cf   ti_sysbios_hal_Hwi_Module_startup__E
0000a5cf   ti_sysbios_hal_Hwi_Module_startup__F
0000a5e1   ti_sysbios_hal_Timer_Module_startup__E
0000a5e1   ti_sysbios_hal_Timer_Module_startup__F
0000a5f3   xdc_runtime_Startup_exec__I
0000a605   PWMGenPeriodSet
0000a615   UARTUtils_devicerename
0000a625   strcpy
0000a635   ti_sysbios_BIOS_getCpuFreq__E
0000a645   ti_sysbios_BIOS_setThreadType__E
0000a655   ti_sysbios_BIOS_start__E
0000a665   ti_sysbios_family_arm_m3_Hwi_excHandler__I
0000a675   ti_sysbios_family_arm_m3_TaskSupport_glue
0000a685   ti_sysbios_gates_GateMutex_Instance_finalize__F
0000a695   ti_sysbios_knl_Semaphore_Instance_finalize__F
0000a6a5   ti_sysbios_knl_Task_Object__get__S
0000a6b5   ti_sysbios_knl_Task_disable__E
0000a6c5   xdc_runtime_Gate_leaveSystem__E
0000a6c5   xdc_runtime_Gate_leaveSystem__F
0000a6d5   xdc_runtime_Memory_free__E
0000a6d5   xdc_runtime_Memory_free__F
0000a6e5   xdc_runtime_SysCallback_abort__E
0000a6e5   xdc_runtime_SysCallback_abort__F
0000a6e5   xdc_runtime_System_SupportProxy_abort__E
0000a6f5   xdc_runtime_SysCallback_exit__E
0000a6f5   xdc_runtime_SysCallback_exit__F
0000a6f5   xdc_runtime_System_SupportProxy_exit__E
0000a705   xdc_runtime_SysCallback_flush__E
0000a705   xdc_runtime_SysCallback_flush__F
0000a705   xdc_runtime_System_SupportProxy_flush__E
0000a705   xdc_runtime_System_flush__E
0000a705   xdc_runtime_System_flush__F
0000a715   xdc_runtime_SysCallback_putch__E
0000a715   xdc_runtime_SysCallback_putch__F
0000a715   xdc_runtime_System_SupportProxy_putch__E
0000a725   xdc_runtime_SysCallback_ready__E
0000a725   xdc_runtime_SysCallback_ready__F
0000a725   xdc_runtime_System_SupportProxy_ready__E
0000a735   xdc_runtime_System_vsnprintf__F
0000a745   GPIOIntDisable
0000a753   GPIOIntStatus
0000a761   UARTCharGetNonBlocking
0000a76f   UARTCharPutNonBlocking
0000a77d   UARTUtils_deviceunlink
0000a78b   __TI_decompress_none
0000a799   ti_sysbios_knl_Queue_empty__E
0000a7a9   ti_catalog_arm_cortexm4_tiva_ce_Boot_init__I
0000a7b5   GPIOIntEnable
0000a7c1   PWMGenEnable
0000a7cd   ti_sysbios_family_arm_lm4_Timer_masterDisable__I
0000a7d9   ti_sysbios_family_arm_m3_Hwi_Params__init__S
0000a7e5   ti_sysbios_family_arm_m3_Hwi_disableFxn__E
0000a7e5   ti_sysbios_hal_Hwi_HwiProxy_disable__E
0000a7e5   ti_sysbios_hal_Hwi_disable__E
0000a7f1   ti_sysbios_gates_GateHwi_enter__E
0000a7fd   ti_sysbios_knl_Clock_getTicks__E
0000a809   ti_sysbios_knl_Queue_Object__get__S
0000a815   ti_sysbios_knl_Semaphore_Params__init__S
0000a821   xdc_runtime_Error_init__E
0000a821   xdc_runtime_Error_init__F
0000a82d   xdc_runtime_Gate_enterSystem__E
0000a82d   xdc_runtime_Gate_enterSystem__F
0000a839   xdc_runtime_Memory_calloc__E
0000a839   xdc_runtime_Memory_calloc__F
0000a845   xdc_runtime_Memory_getMaxDefaultTypeAlign__E
0000a845   xdc_runtime_Memory_getMaxDefaultTypeAlign__F
0000a851   xdc_runtime_System_exit__E
0000a851   xdc_runtime_System_exit__F
0000a85d   xdc_runtime_System_lastFxn__I
0000a869   I2CMasterEnable
0000a873   UARTCharGet
0000a87d   UARTCharPut
0000a887   UARTIntDisable
0000a891   UARTIntStatus
0000a89b   UART_close
0000a8a5   UART_read
0000a8af   UART_write
0000a8b9   UART_writePolling
0000a8d7   xdc_runtime_Text_visitRope__I
0000a8e1   I2CMasterBusy
0000a8e9   I2CMasterSlaveAddrSet
0000a8f1   UARTIntEnable
0000a909   ti_sysbios_family_arm_m3_Hwi_startup__E
0000a909   ti_sysbios_hal_Hwi_HwiProxy_startup__E
0000a909   ti_sysbios_hal_Hwi_startup__E
0000a911   ti_sysbios_knl_Idle_loop__E
0000a921   GPIOIntClear
0000a927   GPIOPinRead
0000a92d   GPIOPinWrite
0000a933   SysCtlDelay
0000a939   UARTFIFOLevelSet
0000a93f   __xdc__init
0000a945   __TI_decompress_rle24
0000a94b   ti_catalog_arm_cortexm4_tiva_ce_Boot_sysCtlDelayI__I
0000a951   ti_sysbios_family_arm_m3_Hwi_restoreFxn__E
0000a951   ti_sysbios_hal_Hwi_HwiProxy_restore__E
0000a951   ti_sysbios_hal_Hwi_restore__E
0000a957   ti_sysbios_gates_GateHwi_leave__E
0000a95d   ti_sysbios_heaps_HeapMem_isBlocking__E
0000a963   ti_sysbios_knl_Queue_Instance_init__F
0000a969   ti_sysbios_knl_Swi_Module_startup__E
0000a969   ti_sysbios_knl_Swi_Module_startup__F
0000a96f   xdc_runtime_System_Module_startup__E
0000a96f   xdc_runtime_System_Module_startup__F
0000a975   I2CMasterControl
0000a979   I2CMasterDataGet
0000a97d   I2CMasterDataPut
0000a981   UARTIntClear
0000a985   ti_sysbios_BIOS_RtsGateProxy_enter__E
0000a989   ti_sysbios_BIOS_RtsGateProxy_leave__E
0000a98d   ti_sysbios_family_arm_lm4_Timer_getPeriod__E
0000a991   ti_sysbios_family_arm_lm4_Timer_masterEnable__I
0000a995   ti_sysbios_family_arm_m3_TaskSupport_Module__startupDone__S
0000a999   ti_sysbios_gates_GateHwi_query__E
0000a999   ti_sysbios_gates_GateHwi_query__F
0000a999   xdc_runtime_Main_Module_GateProxy_query__E
0000a999   xdc_runtime_System_Module_GateProxy_query__E
0000a99d   ti_sysbios_BIOS_RtsGateProxy_query__E
0000a99d   ti_sysbios_gates_GateMutex_query__E
0000a99d   ti_sysbios_gates_GateMutex_query__F
0000a99d   ti_sysbios_heaps_HeapMem_Module_GateProxy_query__E
0000a9a1   ti_sysbios_hal_Hwi_HwiProxy_Module__startupDone__S
0000a9a5   ti_sysbios_hal_Timer_TimerProxy_Module__startupDone__S
0000a9a9   ti_sysbios_hal_Timer_TimerProxy_getPeriod__E
0000a9ad   ti_sysbios_heaps_HeapMem_Module_GateProxy_enter__E
0000a9b1   ti_sysbios_heaps_HeapMem_Module_GateProxy_leave__E
0000a9b5   ti_sysbios_knl_Task_SupportProxy_Module__startupDone__S
0000a9b9   ti_sysbios_knl_Task_startup__E
0000a9bd   xdc_runtime_Error_getSite__E
0000a9bd   xdc_runtime_Error_getSite__F
0000a9c1   xdc_runtime_Memory_HeapProxy_alloc__E
0000a9c5   xdc_runtime_Memory_HeapProxy_free__E
0000a9c9   xdc_runtime_System_Module_GateProxy_enter__E
0000a9cd   xdc_runtime_System_Module_GateProxy_leave__E
0000a9d1   xdc_runtime_System_aprintf_va__F
0000a9d5   xdc_runtime_System_printf_va__F
0000a9d9   xdc_runtime_System_vsnprintf__E
0000a9e0   xdc_runtime_Text_charTab__A
0000bfa7   xdc_runtime_Error_policy__C
0000bfa8   _ctypes_
0000c0aa   ti_sysbios_family_arm_m3_Hwi_priorities__A
0000c182   ti_catalog_arm_cortexm4_tiva_ce_Boot_Module__id__C
0000c214   ti_catalog_arm_cortexm4_tiva_ce_Boot_A_mustUseEnhancedClockMode__C
0000c2a0   gpioHWAttrs
0000c448   i2cTivaHWAttrs
0000c458   uartTivaHWAttrs
0000c460   UART_config
0000c478   GPIO_config
0000c4a8   ti_sysbios_family_arm_m3_Hwi_Object__PARAMS__C
0000c4d8   EK_TM4C123GXL_gpioPortACallbacks
0000c504   EK_TM4C123GXL_gpioPortFCallbacks
0000c530   ti_sysbios_heaps_HeapMem_Module__FXNS__C
0000c558   UARTTiva_fxnTable
0000c57c   ti_sysbios_gates_GateHwi_Module__FXNS__C
0000c5a0   ti_sysbios_gates_GateMutex_Module__FXNS__C
0000c5c4   ti_sysbios_heaps_HeapMem_Object__PARAMS__C
0000c5e8   ti_sysbios_knl_Semaphore_Object__PARAMS__C
0000c60c   ti_sysbios_family_arm_m3_Hwi_Object__DESC__C
0000c62c   ti_sysbios_gates_GateHwi_Object__DESC__C
0000c64c   ti_sysbios_gates_GateMutex_Object__DESC__C
0000c66c   ti_sysbios_heaps_HeapMem_Object__DESC__C
0000c68c   ti_sysbios_knl_Queue_Object__DESC__C
0000c6ac   ti_sysbios_knl_Semaphore_Object__DESC__C
0000c6cc   xdc_runtime_Startup_sfxnTab__A
0000c6ec   ti_sysbios_gates_GateHwi_Object__PARAMS__C
0000c704   ti_sysbios_gates_GateMutex_Object__PARAMS__C
0000c71c   ti_sysbios_knl_Queue_Object__PARAMS__C
0000c734   xdc_runtime_Startup_firstFxns__A
0000c75a   xdc_runtime_Startup_sfxnRts__A
0000c76a   xdc_runtime_Text_nodeTab__A
0000c77a   ti_sysbios_BIOS_Module__id__C
0000c77c   ti_sysbios_family_arm_m3_Hwi_excHookFuncs__A
0000c784   ti_sysbios_knl_Idle_coreList__C
0000c78c   ti_sysbios_knl_Idle_funcList__C
0000c794   xdc_runtime_Startup_firstFxns__C
0000c79c   xdc_runtime_Startup_lastFxns__C
0000c7a4   ti_catalog_arm_cortexm4_tiva_ce_Boot_Module__diagsEnabled__C
0000c7a8   ti_catalog_arm_cortexm4_tiva_ce_Boot_Module__diagsIncluded__C
0000c7ac   ti_catalog_arm_cortexm4_tiva_ce_Boot_Module__diagsMask__C
0000c7b0   ti_sysbios_BIOS_Module__diagsEnabled__C
0000c7b4   ti_sysbios_BIOS_Module__diagsIncluded__C
0000c7b8   ti_sysbios_BIOS_Module__diagsMask__C
0000c7bc   ti_sysbios_BIOS_installedErrorHook__C
0000c7c0   ti_sysbios_family_arm_lm4_Timer_enableFunc__C
0000c7c4   ti_sysbios_family_arm_lm4_Timer_numTimerDevices__C
0000c7c8   ti_sysbios_family_arm_lm4_Timer_startupNeeded__C
0000c7cc   ti_sysbios_family_arm_m3_Hwi_E_NMI__C
0000c7d0   ti_sysbios_family_arm_m3_Hwi_E_alreadyDefined__C
0000c7d4   ti_sysbios_family_arm_m3_Hwi_E_busFault__C
0000c7d8   ti_sysbios_family_arm_m3_Hwi_E_debugMon__C
0000c7dc   ti_sysbios_family_arm_m3_Hwi_E_hardFault__C
0000c7e0   ti_sysbios_family_arm_m3_Hwi_E_memFault__C
0000c7e4   ti_sysbios_family_arm_m3_Hwi_E_noIsr__C
0000c7e8   ti_sysbios_family_arm_m3_Hwi_E_reserved__C
0000c7ec   ti_sysbios_family_arm_m3_Hwi_E_svCall__C
0000c7f0   ti_sysbios_family_arm_m3_Hwi_E_usageFault__C
0000c7f4   ti_sysbios_family_arm_m3_Hwi_NUM_INTERRUPTS__C
0000c7f8   ti_sysbios_family_arm_m3_Hwi_ccr__C
0000c7fc   ti_sysbios_family_arm_m3_Hwi_dispatchTable__C
0000c800   ti_sysbios_family_arm_m3_Hwi_excHandlerFunc__C
0000c804   ti_sysbios_family_arm_m3_Hwi_excHookFuncs__C
0000c808   ti_sysbios_family_arm_m3_Hwi_priGroup__C
0000c80c   ti_sysbios_family_arm_m3_Hwi_priorities__C
0000c810   ti_sysbios_gates_GateMutex_A_badContext__C
0000c814   ti_sysbios_gates_GateMutex_Instance_State_sem__O
0000c818   ti_sysbios_gates_GateMutex_Module__diagsEnabled__C
0000c81c   ti_sysbios_gates_GateMutex_Module__diagsIncluded__C
0000c820   ti_sysbios_gates_GateMutex_Module__diagsMask__C
0000c824   ti_sysbios_heaps_HeapMem_A_align__C
0000c828   ti_sysbios_heaps_HeapMem_A_heapSize__C
0000c82c   ti_sysbios_heaps_HeapMem_A_invalidFree__C
0000c830   ti_sysbios_heaps_HeapMem_A_zeroBlock__C
0000c834   ti_sysbios_heaps_HeapMem_E_memory__C
0000c838   ti_sysbios_heaps_HeapMem_Module__diagsEnabled__C
0000c83c   ti_sysbios_heaps_HeapMem_Module__diagsIncluded__C
0000c840   ti_sysbios_heaps_HeapMem_Module__diagsMask__C
0000c844   ti_sysbios_heaps_HeapMem_Module__gateObj__C
0000c848   ti_sysbios_heaps_HeapMem_Object__count__C
0000c84c   ti_sysbios_heaps_HeapMem_reqAlign__C
0000c850   ti_sysbios_knl_Clock_Module_State_clockQ__O
0000c854   ti_sysbios_knl_Semaphore_A_badContext__C
0000c858   ti_sysbios_knl_Semaphore_A_noEvents__C
0000c85c   ti_sysbios_knl_Semaphore_A_overflow__C
0000c860   ti_sysbios_knl_Semaphore_A_pendTaskDisabled__C
0000c864   ti_sysbios_knl_Semaphore_Instance_State_pendQ__O
0000c868   ti_sysbios_knl_Semaphore_Module__diagsEnabled__C
0000c86c   ti_sysbios_knl_Semaphore_Module__diagsIncluded__C
0000c870   ti_sysbios_knl_Semaphore_Module__diagsMask__C
0000c874   ti_sysbios_knl_Task_A_badTimeout__C
0000c878   ti_sysbios_knl_Task_A_sleepTaskDisabled__C
0000c87c   ti_sysbios_knl_Task_Module_State_inactiveQ__O
0000c880   ti_sysbios_knl_Task_Module__diagsEnabled__C
0000c884   ti_sysbios_knl_Task_Module__diagsIncluded__C
0000c888   ti_sysbios_knl_Task_Module__diagsMask__C
0000c88c   ti_sysbios_knl_Task_Object__count__C
0000c890   ti_sysbios_knl_Task_allBlockedFunc__C
0000c894   ti_sysbios_knl_Task_numConstructedTasks__C
0000c898   xdc_runtime_Assert_E_assertFailed__C
0000c89c   xdc_runtime_Core_A_initializedParams__C
0000c8a0   xdc_runtime_Core_Module__diagsEnabled__C
0000c8a4   xdc_runtime_Core_Module__diagsIncluded__C
0000c8a8   xdc_runtime_Core_Module__diagsMask__C
0000c8ac   xdc_runtime_Error_E_memory__C
0000c8b0   xdc_runtime_Error_Module__diagsEnabled__C
0000c8b4   xdc_runtime_Error_Module__diagsIncluded__C
0000c8b8   xdc_runtime_Error_Module__diagsMask__C
0000c8bc   xdc_runtime_Error_Module__loggerFxn8__C
0000c8c0   xdc_runtime_Error_Module__loggerObj__C
0000c8c4   xdc_runtime_Error_raiseHook__C
0000c8c8   xdc_runtime_IGateProvider_Interface__BASE__C
0000c8cc   xdc_runtime_IHeap_Interface__BASE__C
0000c8d0   xdc_runtime_IModule_Interface__BASE__C
0000c8d4   xdc_runtime_Log_L_error__C
0000c8d8   xdc_runtime_Main_Module__diagsEnabled__C
0000c8dc   xdc_runtime_Main_Module__diagsIncluded__C
0000c8e0   xdc_runtime_Main_Module__diagsMask__C
0000c8e4   xdc_runtime_Main_Module__loggerFxn2__C
0000c8e8   xdc_runtime_Main_Module__loggerObj__C
0000c8ec   xdc_runtime_Memory_defaultHeapInstance__C
0000c8f0   xdc_runtime_Startup_execImpl__C
0000c8f4   xdc_runtime_Startup_lastFxns__A
0000c8f8   xdc_runtime_Startup_maxPasses__C
0000c8fc   xdc_runtime_Startup_sfxnRts__C
0000c900   xdc_runtime_Startup_sfxnTab__C
0000c904   xdc_runtime_SysCallback_abortFxn__C
0000c908   xdc_runtime_SysCallback_exitFxn__C
0000c90c   xdc_runtime_SysCallback_flushFxn__C
0000c910   xdc_runtime_SysCallback_putchFxn__C
0000c914   xdc_runtime_SysCallback_readyFxn__C
0000c918   xdc_runtime_System_Module__gateObj__C
0000c91c   xdc_runtime_System_extendFxn__C
0000c920   xdc_runtime_System_maxAtexitHandlers__C
0000c924   xdc_runtime_Text_charTab__C
0000c928   xdc_runtime_Text_nameEmpty__C
0000c92c   xdc_runtime_Text_nameStatic__C
0000c930   xdc_runtime_Text_nameUnknown__C
0000c934   xdc_runtime_Text_nodeTab__C
0000c938   xdc_runtime_Text_visitRopeFxn__C
0000c93c   ti_sysbios_family_arm_m3_Hwi_Module__id__C
0000c93e   ti_sysbios_gates_GateMutex_Module__id__C
0000c940   ti_sysbios_heaps_HeapMem_Module__id__C
0000c942   ti_sysbios_knl_Semaphore_Module__id__C
0000c944   ti_sysbios_knl_Task_Module__id__C
0000c946   ti_sysbios_knl_Task_initStackFlag__C
0000c948   xdc_runtime_Core_Module__id__C
0000c94a   xdc_runtime_Error_Module__loggerDefined__C
0000c94c   xdc_runtime_Error_maxDepth__C
0000c94e   xdc_runtime_Main_Module__id__C
0000c950   xdc_runtime_Main_Module__loggerDefined__C
0000c952   xdc_runtime_Memory_Module__id__C
0000c954   xdc_runtime_Text_charCnt__C
0000c956   xdc_runtime_Text_isLoaded__C
0000c958   xdc_runtime_Text_registryModsLastId__C
0000c95a   xdc_runtime_Text_unnamedModsLastId__C
0000ccdc   __TI_Handler_Table_Base
0000cce8   __TI_Handler_Table_Limit
0000ccf8   __TI_CINIT_Base
0000cd10   __TI_CINIT_Limit
20000000   ti_sysbios_family_arm_m3_Hwi_ramVectors
20000360   ti_sysbios_knl_Task_Instance_State_0_stack__A
20000b60   ti_sysbios_knl_Task_Instance_State_1_stack__A
20001160   ti_sysbios_knl_Task_Instance_State_2_stack__A
20001960   ti_sysbios_knl_Task_Instance_State_3_stack__A
20002160   ti_sysbios_heaps_HeapMem_Instance_State_0_buf__A
20002560   __CIOBUF_
20002680   __TI_tmpnams
20002720   uartTivaObjects
200027a8   callbackHwi
200027c4   callbackHwi2
200027e8   ui32Load
200027ec   ui32PWMClock
200027f0   ti_sysbios_family_arm_m3_Hwi_Module_State_0_dispatchTable__A
20002b50   ti_sysbios_BIOS_Module__state__V
20002b70   ti_sysbios_family_arm_lm4_Timer_Module__root__V
20002b78   ti_sysbios_family_arm_lm4_Timer_Module_State_0_handles__A
20002b90   ti_sysbios_family_arm_lm4_Timer_Module__state__V
20002b9c   ti_sysbios_family_arm_m3_Hwi_Module__root__V
20002ba4   ti_sysbios_family_arm_m3_Hwi_Object__table__V
20002bbc   ti_sysbios_family_arm_m3_Hwi_Module_State_0_excActive__A
20002bc0   ti_sysbios_family_arm_m3_Hwi_Module_State_0_excContext__A
20002bc4   ti_sysbios_family_arm_m3_Hwi_Module_State_0_excStack__A
20002bc8   ti_sysbios_gates_GateHwi_Module__root__V
20002bd0   ti_sysbios_gates_GateHwi_Object__table__V
20002bd4   ti_sysbios_gates_GateMutex_Module__root__V
20002bdc   ti_sysbios_hal_Hwi_Module__root__V
20002be4   ti_sysbios_hal_Timer_Module__root__V
20002bec   ti_sysbios_hal_Timer_Object__table__V
20002bf4   ti_sysbios_heaps_HeapMem_Module__root__V
20002bfc   ti_sysbios_heaps_HeapMem_Object__table__V
20002c14   ti_sysbios_knl_Clock_Module__root__V
20002c1c   ti_sysbios_knl_Queue_Module__root__V
20002c24   ti_sysbios_knl_Semaphore_Module__root__V
20002c2c   ti_sysbios_knl_Swi_Module__root__V
20002c34   ti_sysbios_knl_Swi_Module_State_0_readyQ__A
20002c3c   ti_sysbios_knl_Swi_Module__state__V
20002c58   ti_sysbios_knl_Task_Module__root__V
20002c60   ti_sysbios_knl_Task_Module_State_0_readyQ__A
20002c80   ti_sysbios_knl_Task_Module_State_0_idleTask__A
20002c84   xdc_runtime_Error_Module__state__V
20002c88   xdc_runtime_Memory_Module__state__V
20002c8c   xdc_runtime_Registry_Module__state__V
20002c94   xdc_runtime_Startup_Module__state__V
20002c9c   xdc_runtime_System_Module_State_0_atexitHandlers__A
20002ca4   xdc_runtime_System_Module__state__V
20002cb0   xdc_runtime_Text_Module__state__V
20002cb8   __xdc__init__addr
20002cbc   ti_sysbios_knl_Task_Object__table__V
20002da0   TSK_idle
20002dec   _ftable
20003060   _Denorm
20003070   _Eps
20003080   _Hugeval
20003090   _Inf
200030a0   _Nan
200030b0   _Snan
200030c0   _Rteps
200030d0   _Xbig
200030d8   _Zero
200030e0   _FDenorm
200030f0   _FEps
20003100   _FInf
20003110   _FNan
20003120   _FSnan
20003130   _FRteps
20003140   _FXbig
20003144   _FZero
20003148   ti_sysbios_family_arm_m3_Hwi_Module__state__V
200031a4   ti_sysbios_knl_Task_Module__state__V
200031e8   Gyro_Memory
20003224   RxData
20003260   ti_sysbios_family_arm_lm4_Timer_Object__table__V
20003298   ti_sysbios_gates_GateMutex_Object__table__V
200032d0   controlData
20003304   ti_sysbios_family_arm_lm4_Timer_Module_State_0_device__A
20003334   ti_sysbios_knl_Clock_Module__state__V
2000335c   IMUdata
20003398   Gyro_Offset
200033a4   Magn_Offset
200033b0   State
200033c0   __TI_ft_end
200033c4   __aeabi_stdin
200033c8   __aeabi_stdout
200033cc   __aeabi_stderr
200033d8   _lock
200033dc   _unlock
200033e0   __TI_cleanup_ptr
200033e4   __TI_dtors_ptr
200033e8   _Fenv
200033ec   _Tls_setup__Fenv
200033f4   _Errno
200033fc   main_func_sp
20003404   RXChannelLock
20003405   currentRXChannel
20003408   __stack
20003508   __STACK_TOP
20003a08   __STACK_END
e000e000   ti_sysbios_family_arm_m3_Hwi_nvic
ffffffff   __binit__
ffffffff   __c_args__
ffffffff   binit
UNDEFED    SHT$$INIT_ARRAY$$Base
UNDEFED    SHT$$INIT_ARRAY$$Limit

[757 symbols]
