******************************************************************************
                  TI ARM Linker PC v5.1.1                      
******************************************************************************
>> Linked Mon Mar 10 14:04:57 2014

OUTPUT FILE NAME:   <KIRC_FltCmp_Software.out>
ENTRY POINT SYMBOL: "_c_int00"  address: 000075a1


MEMORY CONFIGURATION

         name            origin    length      used     unused   attr    fill
----------------------  --------  ---------  --------  --------  ----  --------
  FLASH                 00000000   00040000  0000b6b6  0003494a  R  X
  SRAM                  20000000   00008000  00003a06  000045fa  RW X


SEGMENT ALLOCATION MAP

run origin  load origin   length   init length attrs members
----------  ----------- ---------- ----------- ----- -------
00000000    00000000    0000b6c0   0000b6c0    r-x
  00000000    00000000    00000360   00000360    r-- .resetVecs
  00000360    00000360    0000912c   0000912c    r-x .text
  00009490    00009490    00001e7a   00001e7a    r-- .const
  0000b310    0000b310    000003b0   000003b0    r-- .cinit
20000000    20000000    00003a08   00000000    rw-
  20000000    20000000    00000360   00000000    rw- .vecs
  20000360    20000360    00002490   00000000    rw- .bss
  200027f0    200027f0    00000c16   00000000    rw- .data
  20003408    20003408    00000600   00000000    rw- .stack


SECTION ALLOCATION MAP

 output                                  attributes/
section   page    origin      length       input sections
--------  ----  ----------  ----------   ----------------
.bootVecs 
*          0    00000000    00000008     DSECT
                  00000000    00000008     boot.aem4f : boot.oem4f (.bootVecs)

.resetVecs 
*          0    00000000    00000360     
                  00000000    00000360     KIRC_FltCmp_RTOS_pem4f.oem4f (.resetVecs)

xdc.meta   0    00000000    00000108     COPY SECTION
                  00000000    00000108     KIRC_FltCmp_RTOS_pem4f.oem4f (xdc.meta)

.text      0    00000360    0000912c     
                  00000360    00000a9c     quaternion.obj (.text:Update_State)
                  00000dfc    0000074c     Main.obj (.text:ControlFxn)
                  00001548    0000042c     sysbios.aem4f : BIOS.obj (.text:ti_sysbios_family_arm_m3_Hwi_excDumpRegs__I)
                  00001974    00000344     ti.targets.arm.rtsarm.aem4f : System.oem4f (.text:xdc_runtime_System_doPrint__I)
                  00001cb8    00000310     rtsv7M4_T_le_v4SPD16_eabi.lib : lowlev.obj (.text)
                  00001fc8    000002d4                                   : trgdrv.obj (.text)
                  0000229c    000002b0     sysbios.aem4f : BIOS.obj (.text:ti_sysbios_knl_Semaphore_pend__E)
                  0000254c    00000248                   : BIOS.obj (.text:ti_sysbios_heaps_HeapMem_free__E)
                  00002794    00000234                   : BIOS.obj (.text:ti_sysbios_heaps_HeapMem_alloc__E)
                  000029c8    0000020c                   : BIOS.obj (.text:ti_sysbios_family_arm_lm4_Timer_start__E)
                  00002bd4    00000200                   : BIOS.obj (.text:ti_sysbios_family_arm_m3_Hwi_excHandlerMax__I)
                  00002dd4    000001c0     rtsv7M4_T_le_v4SPD16_eabi.lib : fopen.obj (.text)
                  00002f94    000001b6                                   : fd_add_t2.obj (.text)
                  0000314a    00000002     sysbios.aem4f : BIOS.obj (.text:ti_sysbios_BIOS_nullFunc__I)
                  0000314c    000001b4                   : BIOS.obj (.text:ti_sysbios_knl_Task_sleep__E)
                  00003300    00000190                   : BIOS.obj (.text:ti_sysbios_knl_Task_Module_startup__F)
                  00003490    0000018c     Main.obj (.text:ReadInputFxn)
                  0000361c    0000018c     rtsv7M4_T_le_v4SPD16_eabi.lib : xatan.obj (.text)
                  000037a8    00000188     sensors.obj (.text:Filter_GyroData)
                  00003930    00000168     sysbios.aem4f : BIOS.obj (.text:ti_sysbios_family_arm_m3_Hwi_excBusFault__I)
                  00003a98    0000015c     sensors.obj (.text:Read_Gyro)
                  00003bf4    0000015c     uart_tivaware.aem4f : UARTTiva.oem4f (.text:UARTTiva_open)
                  00003d50    00000154     sysbios.aem4f : BIOS.obj (.text:ti_sysbios_family_arm_m3_Hwi_excUsageFault__I)
                  00003ea4    00000148     rtsv7M4_T_le_v4SPD16_eabi.lib : sqrt.obj (.text)
                  00003fec    00000140     sysbios.aem4f : BIOS.obj (.text:ti_sysbios_family_arm_m3_Hwi_excMemFault__I)
                  0000412c    0000013c     sensors.obj (.text:Calib_Gyro)
                  00004268    0000013c     motors.obj (.text:motors_init)
                  000043a4    0000013c     ti.targets.arm.rtsarm.aem4f : Error.oem4f (.text:xdc_runtime_Error_raiseX__F)
                  000044e0    00000138     sysbios.aem4f : BIOS.obj (.text:ti_sysbios_heaps_HeapMem_Instance_init__F)
                  00004618    00000136     rtsv7M4_T_le_v4SPD16_eabi.lib : fd_div_t2.obj (.text)
                  0000474e    00000002     sysbios.aem4f : BIOS.obj (.text:ti_sysbios_family_arm_m3_Hwi_doSwiRestore__I)
                  00004750    00000134                   : m3_Hwi_asm.obj (.text:ti_sysbios_family_arm_m3_Hwi_dispatch__I)
                  00004884    00000130     driverlib.lib : gpio.obj (.text:GPIOPadConfigSet)
                  000049b4    00000124     uart_tivaware.aem4f : UARTTiva.oem4f (.text:UARTTiva_hwiIntFxn)
                  00004ad8    0000011c     rtsv7M4_T_le_v4SPD16_eabi.lib : asin.obj (.text)
                  00004bf4    00000110                                   : xdscale.obj (.text)
                  00004d04    0000010c     Boot.aem4f : Boot_sysctl.oem4f (.text:ti_catalog_arm_cortexm4_tiva_ce_Boot_sysCtlClockSetI__I)
                  00004e10    00000108     UARTUtils.obj (.text:openHandle)
                  00004f18    00000104     ti.targets.arm.rtsarm.aem4f : Core-mem.oem4f (.text:xdc_runtime_Core_createObject__I)
                  0000501c    00000104     KIRC_FltCmp_RTOS_pem4f.oem4f (.text:xdc_runtime_System_printfExtend__I)
                  00005120    000000fc     rtsv7M4_T_le_v4SPD16_eabi.lib : fd_mul_t2.obj (.text)
                  0000521c    000000f8     ti.targets.arm.rtsarm.aem4f : Startup.oem4f (.text:xdc_runtime_Startup_startMods__I)
                  00005314    000000f4     rtsv7M4_T_le_v4SPD16_eabi.lib : dtor_list.obj (.text)
                  00005408    000000f0     Main.obj (.text:main)
                  000054f8    000000ec     sysbios.aem4f : BIOS.obj (.text:ti_sysbios_knl_Semaphore_post__E)
                  000055e4    000000e8     EK_TM4C123GXL.obj (.text:EK_TM4C123GXL_initGPIO)
                  000056cc    000000e8     sysbios.aem4f : BIOS.obj (.text:ti_sysbios_family_arm_m3_Hwi_initNVIC__E)
                  000057b4    000000e4     sensors.obj (.text:Calib_Accel)
                  00005898    000000dc     uart_tivaware.aem4f : UARTTiva.oem4f (.text:UARTTiva_write)
                  00005974    000000dc     rtsv7M4_T_le_v4SPD16_eabi.lib : setvbuf.obj (.text)
                  00005a50    000000d8     motors.obj (.text:motors_out)
                  00005b28    000000d8     rtsv7M4_T_le_v4SPD16_eabi.lib : atan2f.obj (.text)
                  00005c00    000000d2     uart_tivaware.aem4f : UARTTiva.oem4f (.text:UARTTiva_read)
                  00005cd2    00000002     sysbios.aem4f : BIOS.obj (.text:ti_sysbios_gates_GateHwi_Instance_init__F)
                  00005cd4    000000c8     driverlib.lib : sysctl.obj (.text:SysCtlClockGet)
                  00005d9c    000000c4     rtsv7M4_T_le_v4SPD16_eabi.lib : xdnorm.obj (.text)
                  00005e60    000000c0                                   : fflush.obj (.text)
                  00005f20    000000b4     quaternion.obj (.text:StateEst_Calib)
                  00005fd4    000000b4     sysbios.aem4f : BIOS.obj (.text:ti_sysbios_family_arm_m3_Hwi_excHardFault__I)
                  00006088    000000b4                   : BIOS.obj (.text:ti_sysbios_gates_GateMutex_enter__E)
                  0000613c    000000b0                   : BIOS.obj (.text:ti_sysbios_family_arm_m3_Hwi_excDebugMon__I)
                  000061ec    000000ac                   : BIOS.obj (.text:ti_sysbios_family_arm_lm4_Timer_enableTiva__I)
                  00006298    000000a8     rtsv7M4_T_le_v4SPD16_eabi.lib : xfatan.obj (.text)
                  00006340    000000a8     sysbios.aem4f : BIOS.obj (.text:ti_sysbios_knl_Semaphore_Instance_init__F)
                  000063e8    000000a4                   : BIOS.obj (.text:ti_sysbios_family_arm_lm4_Timer_enableTimers__I)
                  0000648c    000000a4                   : BIOS.obj (.text:ti_sysbios_family_arm_m3_Hwi_Module_startup__F)
                  00006530    000000a0     auto_init.aem4f : auto_init.oem4f (.text)
                  000065d0    0000009c     rtsv7M4_T_le_v4SPD16_eabi.lib : memcpy_t2.obj (.text)
                  0000666c    0000009a     ti.targets.arm.rtsarm.aem4f : Text.oem4f (.text:xdc_runtime_Text_putSite__F)
                  00006706    00000002     sysbios.aem4f : BIOS.obj (.text:ti_sysbios_knl_Clock_logTick__E)
                  00006708    00000098     rtsv7M4_T_le_v4SPD16_eabi.lib : fclose.obj (.text)
                  000067a0    00000094     Boot.aem4f : Boot.oem4f (.text:ti_catalog_arm_cortexm4_tiva_ce_Boot_sysCtlClockSet__E)
                  00006834    00000094     ti.targets.arm.rtsarm.aem4f : Text.oem4f (.text:xdc_runtime_Text_putMod__F)
                  000068c8    0000008c     UARTUtils.obj (.text:UARTUtils_systemInit)
                  00006954    0000008c     sysbios.aem4f : BIOS.obj (.text:ti_sysbios_family_arm_m3_Hwi_Instance_init__F)
                  000069e0    0000008c                   : m3_TaskSupport_asm.obj (.text:ti_sysbios_family_arm_m3_TaskSupport_buildTaskStack)
                  00006a6c    00000084     sensors.obj (.text:GetData_Accel)
                  00006af0    00000084     sensors.obj (.text:GetData_Gyro)
                  00006b74    00000084     RxFunctions.obj (.text:RCinputIntHandler)
                  00006bf8    00000084     sensors.obj (.text:Read_Accel)
                  00006c7c    0000007e     rtsv7M4_T_le_v4SPD16_eabi.lib : fd_cmp_t2.obj (.text:__aeabi_cdcmple)
                  00006cfa    0000007e                                   : fd_cmp_t2.obj (.text:__aeabi_cdrcmple)
                  00006d78    00000078                                   : memset_t2.obj (.text)
                  00006df0    00000075     Main.obj (.text:ReadSensorsFxn)
                  00006e65    00000001     --HOLE-- [fill = 0]
                  00006e66    00000002     KIRC_FltCmp_RTOS_pem4f.oem4f (.text:xdc_runtime_Startup_reset__I)
                  00006e68    00000070     KIRC_FltCmp_RTOS_pem4f.oem4f (.text:ti_sysbios_family_arm_m3_Hwi_Object__create__S)
                  00006ed8    00000070     sysbios.aem4f : BIOS.obj (.text:ti_sysbios_family_arm_m3_Hwi_reconfig__E)
                  00006f48    00000070                   : BIOS.obj (.text:ti_sysbios_knl_Clock_workFunc__E)
                  00006fb8    00000070     ti.targets.arm.rtsarm.aem4f : Memory.oem4f (.text:xdc_runtime_Memory_alloc__F)
                  00007028    0000006c     EK_TM4C123GXL.obj (.text:EK_TM4C123GXL_initPWM)
                  00007094    0000006c     sysbios.aem4f : BIOS.obj (.text:ti_sysbios_knl_Task_exit__E)
                  00007100    0000006c     ti.targets.arm.rtsarm.aem4f : Error.oem4f (.text:xdc_runtime_Error_print__F)
                  0000716c    00000068     sysbios.aem4f : BIOS.obj (.text:ti_sysbios_BIOS_rtsUnlock__I)
                  000071d4    00000066     uart_tivaware.aem4f : UARTTiva.oem4f (.text:UARTTiva_readPolling)
                  0000723a    00000066     ti.targets.arm.rtsarm.aem4f : Core-mem.oem4f (.text:xdc_runtime_Core_deleteObject__I)
                  000072a0    00000064     rtsv7M4_T_le_v4SPD16_eabi.lib : xdunscal.obj (.text)
                  00007304    00000064     sysbios.aem4f : BIOS.obj (.text:ti_sysbios_knl_Task_startCore__E)
                  00007368    00000060     sensors.obj (.text:I2C0_RxData)
                  000073c8    00000060     rtsv7M4_T_le_v4SPD16_eabi.lib : trgmsg.obj (.text)
                  00007428    00000060     sysbios.aem4f : BIOS.obj (.text:ti_sysbios_family_arm_lm4_Timer_isrStub__E)
                  00007488    0000005e     rtsv7M4_T_le_v4SPD16_eabi.lib : copy_decompress_rle.obj (.text)
                  000074e6    00000002     ti.targets.arm.rtsarm.aem4f : SysCallback.oem4f (.text:xdc_runtime_SysCallback_defaultExit)
                  000074e8    0000005c     sysbios.aem4f : BIOS.obj (.text:ti_sysbios_family_arm_lm4_Timer_Module_startup__F)
                  00007544    0000005b     ti.targets.arm.rtsarm.aem4f : Text.oem4f (.text:xdc_runtime_Text_putLab__F)
                  0000759f    00000001     --HOLE-- [fill = 0]
                  000075a0    00000058     boot.aem4f : boot.oem4f (.text)
                  000075f8    00000058     sensors.obj (.text:I2C0_TxData)
                  00007650    00000058     sysbios.aem4f : BIOS.obj (.text:ti_sysbios_family_arm_m3_Hwi_dispatchC__I)
                  000076a8    00000056     driverlib.lib : gpio.obj (.text:GPIOIntTypeSet)
                  000076fe    00000002     ti.targets.arm.rtsarm.aem4f : SysCallback.oem4f (.text:xdc_runtime_SysCallback_defaultFlush)
                  00007700    00000054     gpio_tivaware.aem4f : GPIO.oem4f (.text:GPIO_setupCallbacks)
                  00007754    00000054     sysbios.aem4f : BIOS.obj (.text:ti_sysbios_knl_Task_processVitalTaskFlag__I)
                  000077a8    00000050                   : BIOS.obj (.text:ti_sysbios_knl_Task_schedule__I)
                  000077f8    00000050     ti.targets.arm.rtsarm.aem4f : Startup.oem4f (.text:xdc_runtime_Startup_exec__F)
                  00007848    00000050                                 : System.oem4f (.text:xdc_runtime_System_formatNum__I)
                  00007898    00000050                                 : Text.oem4f (.text:xdc_runtime_Text_visitRope2__I)
                  000078e8    0000004a     rtsv7M4_T_le_v4SPD16_eabi.lib : fd_tos_t2.obj (.text)
                  00007932    00000002     --HOLE-- [fill = 0]
                  00007934    00000048     driverlib.lib : gpio.obj (.text:GPIOPinConfigure)
                  0000797c    00000048     EK_TM4C123GXL.obj (.text:I2C0_MasterInit)
                  000079c4    00000048     driverlib.lib : i2c.obj (.text:I2CMasterInitExpClk)
                  00007a0c    00000048     rtsv7M4_T_le_v4SPD16_eabi.lib : fd_toi_t2.obj (.text)
                  00007a54    00000048     sysbios.aem4f : BIOS.obj (.text:ti_sysbios_BIOS_errorRaiseHook__I)
                  00007a9c    00000048                   : BIOS.obj (.text:ti_sysbios_family_arm_m3_Hwi_excReserved__I)
                  00007ae4    00000048                   : BIOS.obj (.text:ti_sysbios_heaps_HeapMem_getStats__E)
                  00007b2c    00000048     ti.targets.arm.rtsarm.aem4f : Assert.oem4f (.text:xdc_runtime_Assert_raise__I)
                  00007b74    00000048                                 : Core-params.oem4f (.text:xdc_runtime_Core_assignParams__I)
                  00007bbc    00000044     rtsv7M4_T_le_v4SPD16_eabi.lib : cpy_tbl.obj (.text)
                  00007c00    00000044                                   : exit.obj (.text)
                  00007c44    00000044                                   : xdtest.obj (.text)
                  00007c88    00000044     sysbios.aem4f : BIOS.obj (.text:ti_sysbios_family_arm_lm4_Timer_stop__E)
                  00007ccc    00000044                   : BIOS.obj (.text:ti_sysbios_family_arm_m3_Hwi_disableInterrupt__E)
                  00007d10    00000044                   : BIOS.obj (.text:ti_sysbios_family_arm_m3_Hwi_enableInterrupt__E)
                  00007d54    00000044                   : BIOS.obj (.text:ti_sysbios_knl_Task_allBlockedFunction__I)
                  00007d98    00000042     driverlib.lib : uart.obj (.text:UARTConfigSetExpClk)
                  00007dda    00000002     --HOLE-- [fill = 0]
                  00007ddc    00000040     EK_TM4C123GXL.obj (.text:EK_TM4C123GXL_initGeneral)
                  00007e1c    00000040     gpio_tivaware.aem4f : GPIO.oem4f (.text:GPIO_enableInt)
                  00007e5c    00000040     uart_tivaware.aem4f : UARTTiva.oem4f (.text:UARTTiva_writePolling)
                  00007e9c    00000040     rtsv7M4_T_le_v4SPD16_eabi.lib : signal.obj (.text)
                  00007edc    00000040     sysbios.aem4f : BIOS.obj (.text:ti_sysbios_family_arm_lm4_Timer_startup__E)
                  00007f1c    00000040     KIRC_FltCmp_RTOS_pem4f.oem4f (.text:ti_sysbios_knl_Semaphore_Object__create__S)
                  00007f5c    00000040     sysbios.aem4f : BIOS.obj (.text:ti_sysbios_knl_Semaphore_pendTimeout__I)
                  00007f9c    00000040     ti.targets.arm.rtsarm.aem4f : System.oem4f (.text:xdc_runtime_System_atexit__F)
                  00007fdc    0000003c     gpio_tivaware.aem4f : GPIO.oem4f (.text:GPIO_toggle)
                  00008018    0000003c     sysbios.aem4f : BIOS.obj (.text:ti_sysbios_family_arm_m3_Hwi_excSvCall__I)
                  00008054    0000003c                   : BIOS.obj (.text:ti_sysbios_heaps_HeapMem_init__I)
                  00008090    0000003c     ti.targets.arm.rtsarm.aem4f : Text.oem4f (.text:xdc_runtime_Text_xprintf__I)
                  000080cc    00000038     uart_tivaware.aem4f : UART.oem4f (.text:UART_init)
                  00008104    00000038     rtsv7M4_T_le_v4SPD16_eabi.lib : fs_tod_t2.obj (.text)
                  0000813c    00000038     sysbios.aem4f : BIOS.obj (.text:ti_sysbios_family_arm_m3_Hwi_excNoIsr__I)
                  00008174    00000038                   : BIOS.obj (.text:ti_sysbios_family_arm_m3_Hwi_getStackInfo__E)
                  000081ac    00000038                   : BIOS.obj (.text:ti_sysbios_family_arm_m3_TaskSupport_start__E)
                  000081e4    00000038     KIRC_FltCmp_RTOS_pem4f.oem4f (.text:ti_sysbios_gates_GateHwi_Object__create__S)
                  0000821c    00000038     KIRC_FltCmp_RTOS_pem4f.oem4f (.text:ti_sysbios_gates_GateMutex_Object__create__S)
                  00008254    00000038     KIRC_FltCmp_RTOS_pem4f.oem4f (.text:ti_sysbios_heaps_HeapMem_Object__create__S)
                  0000828c    00000038     KIRC_FltCmp_RTOS_pem4f.oem4f (.text:ti_sysbios_knl_Queue_Object__create__S)
                  000082c4    00000034     RxFunctions.obj (.text:EnableRxInterrupts)
                  000082f8    00000034     driverlib.lib : sysctl.obj (.text:SysCtlPeripheralEnable)
                  0000832c    00000034     uart_tivaware.aem4f : UARTTiva.oem4f (.text:UARTTiva_close)
                  00008360    00000034     UARTUtils.obj (.text:UARTUtils_deviceread)
                  00008394    00000034     UARTUtils.obj (.text:UARTUtils_devicewrite)
                  000083c8    00000034     UARTUtils.obj (.text:closeHandle)
                  000083fc    00000034     rtsv7M4_T_le_v4SPD16_eabi.lib : feraiseexcept.obj (.text)
                  00008430    00000034                                   : xfdtest.obj (.text)
                  00008464    00000034     sysbios.aem4f : BIOS.obj (.text:ti_sysbios_family_arm_m3_Hwi_excNmi__I)
                  00008498    00000032     uart_tivaware.aem4f : UARTTiva.oem4f (.text:UARTTiva_readCancel)
                  000084ca    00000032                         : UARTTiva.oem4f (.text:UARTTiva_writeCancel)
                  000084fc    00000030     rtsv7M4_T_le_v4SPD16_eabi.lib : strncpy.obj (.text)
                  0000852c    00000030                                   : xferaise.obj (.text)
                  0000855c    00000030     sysbios.aem4f : BIOS.obj (.text:ti_sysbios_knl_Idle_run__E)
                  0000858c    00000030                   : BIOS.obj (.text:ti_sysbios_knl_Task_unblockI__E)
                  000085bc    00000030     ti.targets.arm.rtsarm.aem4f : Core-label.oem4f (.text:xdc_runtime_Core_assignLabel__I)
                  000085ec    0000002f                                 : Text.oem4f (.text:xdc_runtime_Text_printVisFxn__I)
                  0000861b    00000001     --HOLE-- [fill = 0]
                  0000861c    0000002e     UARTUtils.obj (.text:UARTUtils_deviceopen)
                  0000864a    0000002e     KIRC_FltCmp_RTOS_pem4f.oem4f (.text:malloc)
                  00008678    0000002e     rtsv7M4_T_le_v4SPD16_eabi.lib : i_tofd_t2.obj (.text)
                  000086a6    0000002e                                   : raise.obj (.text)
                  000086d4    0000002c     sensors.obj (.text:Accel_Init)
                  00008700    0000002c     EK_TM4C123GXL.obj (.text:EK_TM4C123GXL_initUART)
                  0000872c    0000002c     uart_tivaware.aem4f : UART.oem4f (.text:UART_Params_init)
                  00008758    0000002c     KIRC_FltCmp_RTOS_pem4f.oem4f (.text:ti_sysbios_BIOS_exitFunc__I)
                  00008784    0000002c     sysbios.aem4f : BIOS.obj (.text:ti_sysbios_hal_Hwi_initStack:ti_sysbios_hal_Hwi_initStack)
                  000087b0    0000002c     KIRC_FltCmp_RTOS_pem4f.oem4f (.text:ti_sysbios_knl_Clock_doTick__I)
                  000087dc    0000002c     sysbios.aem4f : BIOS.obj (.text:ti_sysbios_knl_Task_sleepTimeout__I)
                  00008808    0000002c     ti.targets.arm.rtsarm.aem4f : System.oem4f (.text:xdc_runtime_System_rtsExit__I)
                  00008834    0000002c                                 : Text.oem4f (.text:xdc_runtime_Text_cordText__F)
                  00008860    0000002a     driverlib.lib : gpio.obj (.text:GPIODirModeSet)
                  0000888a    0000002a     gpio_tivaware.aem4f : GPIO.oem4f (.text:GPIO_hwiIntFxn)
                  000088b4    0000002a     ti.targets.arm.rtsarm.aem4f : System.oem4f (.text:xdc_runtime_System_putchar__I)
                  000088de    00000028     RxFunctions.obj (.text:ClearRxInterrupts)
                  00008906    00000028     RxFunctions.obj (.text:DisableRxInterrupts)
                  0000892e    00000002     --HOLE-- [fill = 0]
                  00008930    00000028     gpio_tivaware.aem4f : GPIO.oem4f (.text:GPIO_write)
                  00008958    00000028     sysbios.aem4f : m3_Hwi_asm_switch.obj (.text:ti_sysbios_family_arm_m3_Hwi_initStacks__E)
                  00008980    00000028                   : BIOS.obj (.text:ti_sysbios_gates_GateMutex_Instance_init__F)
                  000089a8    00000028                   : BIOS.obj (.text:ti_sysbios_knl_Task_restore__E)
                  000089d0    00000026     ti.targets.arm.rtsarm.aem4f : System.oem4f (.text:xdc_runtime_System_avprintf__F)
                  000089f6    00000002     --HOLE-- [fill = 0]
                  000089f8    00000024     gpio_tivaware.aem4f : GPIO.oem4f (.text:GPIO_disableInt)
                  00008a1c    00000024                         : GPIO.oem4f (.text:GPIO_init)
                  00008a40    00000024     UARTUtils.obj (.text:UARTUtils_systemAbort)
                  00008a64    00000024     sysbios.aem4f : BIOS.obj (.text:ti_sysbios_BIOS_registerRTSLock__I)
                  00008a88    00000024                   : BIOS.obj (.text:ti_sysbios_family_arm_m3_Hwi_Instance_finalize__F)
                  00008aac    00000024     KIRC_FltCmp_RTOS_pem4f.oem4f (.text:ti_sysbios_gates_GateMutex_Object__delete__S)
                  00008ad0    00000024     sysbios.aem4f : BIOS.obj (.text:ti_sysbios_knl_Clock_Module_startup__F)
                  00008af4    00000024     ti.targets.arm.rtsarm.aem4f : System.oem4f (.text:xdc_runtime_System_vprintf__F)
                  00008b18    00000022     driverlib.lib : pwm.obj (.text:PWMGenConfigure)
                  00008b3a    00000002     --HOLE-- [fill = 0]
                  00008b3c    00000020     UARTUtils.obj (.text:UARTUtils_systemPutch)
                  00008b5c    00000020     KIRC_FltCmp_RTOS_pem4f.oem4f (.text:ti_sysbios_BIOS_startFunc__I)
                  00008b7c    00000020     sysbios.aem4f : BIOS.obj (.text:ti_sysbios_family_arm_m3_Hwi_doTaskRestore__I)
                  00008b9c    00000020     KIRC_FltCmp_RTOS_pem4f.oem4f (.text:ti_sysbios_gates_GateHwi_Object__delete__S)
                  00008bbc    00000020     KIRC_FltCmp_RTOS_pem4f.oem4f (.text:ti_sysbios_heaps_HeapMem_Object__delete__S)
                  00008bdc    00000020     KIRC_FltCmp_RTOS_pem4f.oem4f (.text:ti_sysbios_knl_Semaphore_Object__destruct__S)
                  00008bfc    00000020     sysbios.aem4f : BIOS.obj (.text:ti_sysbios_knl_Task_enter__I)
                  00008c1c    00000020     ti.targets.arm.rtsarm.aem4f : Registry.oem4f (.text:xdc_runtime_Registry_findById__F)
                  00008c3c    0000001e     driverlib.lib : pwm.obj (.text:PWMPulseWidthSet)
                  00008c5a    0000001e     sysbios.aem4f : BIOS.obj (.text:ti_sysbios_family_arm_lm4_Timer_write__I)
                  00008c78    0000001c     driverlib.lib : uart.obj (.text:UARTDisable)
                  00008c94    0000001c     sysbios.aem4f : BIOS.obj (.text:ti_sysbios_BIOS_rtsLock__I)
                  00008cb0    0000001c     KIRC_FltCmp_RTOS_pem4f.oem4f (.text:ti_sysbios_family_arm_m3_Hwi_Object__destruct__S)
                  00008ccc    0000001c     KIRC_FltCmp_RTOS_pem4f.oem4f (.text:ti_sysbios_knl_Queue_Object__destruct__S)
                  00008ce8    0000001c     ti.targets.arm.rtsarm.aem4f : Error.oem4f (.text:xdc_runtime_Error_check__F)
                  00008d04    0000001c                                 : Memory.oem4f (.text:xdc_runtime_Memory_valloc__F)
                  00008d20    0000001a     motors.obj (.text:motorsDisable)
                  00008d3a    0000001a     KIRC_FltCmp_RTOS_pem4f.oem4f (.text:xdc_runtime_System_aprintf__E)
                  00008d54    0000001a     KIRC_FltCmp_RTOS_pem4f.oem4f (.text:xdc_runtime_System_printf__E)
                  00008d6e    00000018     driverlib.lib : gpio.obj (.text:GPIOPinTypeGPIOOutput)
                  00008d86    00000018     sensors.obj (.text:Gyro_Init)
                  00008d9e    00000018     UARTUtils.obj (.text:UARTUtils_deviceclose)
                  00008db6    00000002     --HOLE-- [fill = 0]
                  00008db8    00000018     uart_tivaware.aem4f : UART.oem4f (.text:UART_open)
                  00008dd0    00000018     KIRC_FltCmp_RTOS_pem4f.oem4f (.text:free)
                  00008de8    00000018     rtsv7M4_T_le_v4SPD16_eabi.lib : args_main.obj (.text)
                  00008e00    00000018                                   : strcmp.obj (.text)
                  00008e18    00000018     KIRC_FltCmp_RTOS_pem4f.oem4f (.text:ti_sysbios_family_arm_lm4_Timer_Module__startupDone__F)
                  00008e30    00000018     KIRC_FltCmp_RTOS_pem4f.oem4f (.text:ti_sysbios_family_arm_m3_Hwi_Handle__label__S)
                  00008e48    00000018     KIRC_FltCmp_RTOS_pem4f.oem4f (.text:ti_sysbios_family_arm_m3_Hwi_Module__startupDone__F)
                  00008e60    00000018     sysbios.aem4f : m3_TaskSupport_asm.obj (.text:ti_sysbios_family_arm_m3_TaskSupport_swap__E)
                  00008e78    00000018     KIRC_FltCmp_RTOS_pem4f.oem4f (.text:ti_sysbios_gates_GateHwi_Handle__label__S)
                  00008e90    00000018     KIRC_FltCmp_RTOS_pem4f.oem4f (.text:ti_sysbios_gates_GateMutex_Handle__label__S)
                  00008ea8    00000018     sysbios.aem4f : BIOS.obj (.text:ti_sysbios_gates_GateMutex_leave__E)
                  00008ec0    00000018     KIRC_FltCmp_RTOS_pem4f.oem4f (.text:ti_sysbios_hal_Timer_Module__startupDone__F)
                  00008ed8    00000018     KIRC_FltCmp_RTOS_pem4f.oem4f (.text:ti_sysbios_heaps_HeapMem_Handle__label__S)
                  00008ef0    00000018     KIRC_FltCmp_RTOS_pem4f.oem4f (.text:ti_sysbios_knl_Task_Handle__label__S)
                  00008f08    00000018     ti.targets.arm.rtsarm.aem4f : Text.oem4f (.text:xdc_runtime_Text_ropeText__F)
                  00008f20    00000016     rtsv7M4_T_le_v4SPD16_eabi.lib : strchr.obj (.text)
                  00008f36    00000002     --HOLE-- [fill = 0]
                  00008f38    00000014     gpio_tivaware.aem4f : GPIO.oem4f (.text:GPIO_clearInt)
                  00008f4c    00000014     driverlib.lib : sysctl.obj (.text:SysCtlPWMClockSet)
                  00008f60    00000014                   : uart.obj (.text:UARTEnable)
                  00008f74    00000014     UARTUtils.obj (.text:UARTUtils_systemReady)
                  00008f88    00000014     rtsv7M4_T_le_v4SPD16_eabi.lib : _lock.obj (.text)
                  00008f9c    00000014                                   : strlen.obj (.text)
                  00008fb0    00000014     sysbios.aem4f : BIOS.obj (.text:ti_sysbios_family_arm_m3_Hwi_switchFromBootStack__E)
                  00008fc4    00000014     KIRC_FltCmp_RTOS_pem4f.oem4f (.text:ti_sysbios_heaps_HeapMem_Object__get__S)
                  00008fd8    00000014     ti.targets.arm.rtsarm.aem4f : System.oem4f (.text:xdc_runtime_System_abort__F)
                  00008fec    00000012     driverlib.lib : gpio.obj (.text:GPIOPinTypeGPIOInput)
                  00008ffe    00000012                   : gpio.obj (.text:GPIOPinTypeI2C)
                  00009010    00000012                   : gpio.obj (.text:GPIOPinTypeI2CSCL)
                  00009022    00000012                   : gpio.obj (.text:GPIOPinTypePWM)
                  00009034    00000012                   : gpio.obj (.text:GPIOPinTypeUART)
                  00009046    00000012                   : pwm.obj (.text:PWMOutputState)
                  00009058    00000012     UARTUtils.obj (.text:UARTUtils_devicelseek)
                  0000906a    00000012     rtsv7M4_T_le_v4SPD16_eabi.lib : copy_zero_init.obj (.text:decompress:ZI)
                  0000907c    00000012     sysbios.aem4f : BIOS.obj (.text:ti_sysbios_hal_Hwi_Module_startup__F)
                  0000908e    00000012                   : BIOS.obj (.text:ti_sysbios_hal_Timer_Module_startup__F)
                  000090a0    00000012     KIRC_FltCmp_RTOS_pem4f.oem4f (.text:xdc_runtime_Startup_exec__I)
                  000090b2    00000010     driverlib.lib : pwm.obj (.text:PWMGenPeriodSet)
                  000090c2    00000010     UARTUtils.obj (.text:UARTUtils_devicerename)
                  000090d2    00000010     rtsv7M4_T_le_v4SPD16_eabi.lib : strcpy.obj (.text)
                  000090e2    00000002     --HOLE-- [fill = 0]
                  000090e4    00000010     sysbios.aem4f : BIOS.obj (.text:ti_sysbios_BIOS_getCpuFreq__E)
                  000090f4    00000010                   : BIOS.obj (.text:ti_sysbios_BIOS_setThreadType__E)
                  00009104    00000010                   : BIOS.obj (.text:ti_sysbios_BIOS_start__E)
                  00009114    00000010                   : BIOS.obj (.text:ti_sysbios_family_arm_m3_Hwi_excHandler__I)
                  00009124    00000010                   : m3_TaskSupport_asm.obj (.text:ti_sysbios_family_arm_m3_TaskSupport_glue)
                  00009134    00000010                   : BIOS.obj (.text:ti_sysbios_gates_GateMutex_Instance_finalize__F)
                  00009144    00000010                   : BIOS.obj (.text:ti_sysbios_knl_Semaphore_Instance_finalize__F)
                  00009154    00000010     KIRC_FltCmp_RTOS_pem4f.oem4f (.text:ti_sysbios_knl_Task_Object__get__S)
                  00009164    00000010     sysbios.aem4f : BIOS.obj (.text:ti_sysbios_knl_Task_disable__E)
                  00009174    00000010     ti.targets.arm.rtsarm.aem4f : Gate.oem4f (.text:xdc_runtime_Gate_leaveSystem__F)
                  00009184    00000010                                 : Memory.oem4f (.text:xdc_runtime_Memory_free__F)
                  00009194    00000010                                 : SysCallback.oem4f (.text:xdc_runtime_SysCallback_abort__F)
                  000091a4    00000010                                 : SysCallback.oem4f (.text:xdc_runtime_SysCallback_exit__F)
                  000091b4    00000010                                 : SysCallback.oem4f (.text:xdc_runtime_SysCallback_flush__F)
                  000091c4    00000010                                 : SysCallback.oem4f (.text:xdc_runtime_SysCallback_putch__F)
                  000091d4    00000010                                 : SysCallback.oem4f (.text:xdc_runtime_SysCallback_ready__F)
                  000091e4    00000010                                 : System.oem4f (.text:xdc_runtime_System_vsnprintf__F)
                  000091f4    0000000e     driverlib.lib : gpio.obj (.text:GPIOIntDisable)
                  00009202    0000000e                   : gpio.obj (.text:GPIOIntStatus)
                  00009210    0000000e                   : uart.obj (.text:UARTCharGetNonBlocking)
                  0000921e    0000000e                   : uart.obj (.text:UARTCharPutNonBlocking)
                  0000922c    0000000e     UARTUtils.obj (.text:UARTUtils_deviceunlink)
                  0000923a    0000000e     rtsv7M4_T_le_v4SPD16_eabi.lib : copy_decompress_none.obj (.text:decompress:none)
                  00009248    0000000e     sysbios.aem4f : BIOS.obj (.text:ti_sysbios_knl_Queue_empty__E)
                  00009256    00000002     --HOLE-- [fill = 0]
                  00009258    0000000c     KIRC_FltCmp_RTOS_pem4f.oem4f (.text:.bootCodeSection:ti_catalog_arm_cortexm4_tiva_ce_Boot_init__I)
                  00009264    0000000c     driverlib.lib : gpio.obj (.text:GPIOIntEnable)
                  00009270    0000000c                   : pwm.obj (.text:PWMGenEnable)
                  0000927c    0000000c     sysbios.aem4f : BIOS.obj (.text:ti_sysbios_family_arm_lm4_Timer_masterDisable__I)
                  00009288    0000000c     KIRC_FltCmp_RTOS_pem4f.oem4f (.text:ti_sysbios_family_arm_m3_Hwi_Params__init__S)
                  00009294    0000000c     sysbios.aem4f : BIOS.obj (.text:ti_sysbios_family_arm_m3_Hwi_disableFxn__E)
                  000092a0    0000000c                   : BIOS.obj (.text:ti_sysbios_gates_GateHwi_enter__E)
                  000092ac    0000000c                   : BIOS.obj (.text:ti_sysbios_knl_Clock_getTicks__E)
                  000092b8    0000000c     KIRC_FltCmp_RTOS_pem4f.oem4f (.text:ti_sysbios_knl_Queue_Object__get__S)
                  000092c4    0000000c     KIRC_FltCmp_RTOS_pem4f.oem4f (.text:ti_sysbios_knl_Semaphore_Params__init__S)
                  000092d0    0000000c     ti.targets.arm.rtsarm.aem4f : Error.oem4f (.text:xdc_runtime_Error_init__F)
                  000092dc    0000000c                                 : Gate.oem4f (.text:xdc_runtime_Gate_enterSystem__F)
                  000092e8    0000000c                                 : Memory.oem4f (.text:xdc_runtime_Memory_calloc__F)
                  000092f4    0000000c                                 : Memory.oem4f (.text:xdc_runtime_Memory_getMaxDefaultTypeAlign__F)
                  00009300    0000000c                                 : System.oem4f (.text:xdc_runtime_System_exit__F)
                  0000930c    0000000c                                 : System.oem4f (.text:xdc_runtime_System_lastFxn__I)
                  00009318    0000000a     driverlib.lib : i2c.obj (.text:I2CMasterEnable)
                  00009322    0000000a                   : uart.obj (.text:UARTCharGet)
                  0000932c    0000000a                   : uart.obj (.text:UARTCharPut)
                  00009336    0000000a                   : uart.obj (.text:UARTIntDisable)
                  00009340    0000000a                   : uart.obj (.text:UARTIntStatus)
                  0000934a    0000000a     uart_tivaware.aem4f : UART.oem4f (.text:UART_close)
                  00009354    0000000a                         : UART.oem4f (.text:UART_read)
                  0000935e    0000000a                         : UART.oem4f (.text:UART_write)
                  00009368    0000000a                         : UART.oem4f (.text:UART_writePolling)
                  00009372    0000000a     KIRC_FltCmp_RTOS_pem4f.oem4f (.text:xdc_runtime_IHeap_alloc)
                  0000937c    0000000a     KIRC_FltCmp_RTOS_pem4f.oem4f (.text:xdc_runtime_IHeap_free)
                  00009386    0000000a     KIRC_FltCmp_RTOS_pem4f.oem4f (.text:xdc_runtime_Text_visitRope__I)
                  00009390    00000008     driverlib.lib : i2c.obj (.text:I2CMasterBusy)
                  00009398    00000008                   : i2c.obj (.text:I2CMasterSlaveAddrSet)
                  000093a0    00000008                   : uart.obj (.text:UARTIntEnable)
                  000093a8    00000008     uart_tivaware.aem4f : UARTTiva.oem4f (.text:UARTTiva_init)
                  000093b0    00000008                         : UARTTiva.oem4f (.text:readSemCallback)
                  000093b8    00000008     sysbios.aem4f : BIOS.obj (.text:ti_sysbios_family_arm_m3_Hwi_startup__E)
                  000093c0    00000008                   : BIOS.obj (.text:ti_sysbios_knl_Idle_loop__E)
                  000093c8    00000008     uart_tivaware.aem4f : UARTTiva.oem4f (.text:writeSemCallback)
                  000093d0    00000006     driverlib.lib : gpio.obj (.text:GPIOIntClear)
                  000093d6    00000006                   : gpio.obj (.text:GPIOPinRead)
                  000093dc    00000006                   : gpio.obj (.text:GPIOPinWrite)
                  000093e2    00000006                   : sysctl.obj (.text:SysCtlDelay)
                  000093e8    00000006                   : uart.obj (.text:UARTFIFOLevelSet)
                  000093ee    00000006     ti.targets.arm.rtsarm.aem4f : xdc_noinit.oem4f (.text:__xdc__init)
                  000093f4    00000006     rtsv7M4_T_le_v4SPD16_eabi.lib : copy_decompress_rle.obj (.text:decompress:rle24)
                  000093fa    00000006     Boot.aem4f : Boot_sysctl.oem4f (.text:ti_catalog_arm_cortexm4_tiva_ce_Boot_sysCtlDelayI__I)
                  00009400    00000006     sysbios.aem4f : BIOS.obj (.text:ti_sysbios_family_arm_m3_Hwi_restoreFxn__E)
                  00009406    00000006                   : BIOS.obj (.text:ti_sysbios_gates_GateHwi_leave__E)
                  0000940c    00000006                   : BIOS.obj (.text:ti_sysbios_heaps_HeapMem_isBlocking__E)
                  00009412    00000006                   : BIOS.obj (.text:ti_sysbios_knl_Queue_Instance_init__F)
                  00009418    00000006                   : BIOS.obj (.text:ti_sysbios_knl_Swi_Module_startup__F)
                  0000941e    00000006     ti.targets.arm.rtsarm.aem4f : System.oem4f (.text:xdc_runtime_System_Module_startup__F)
                  00009424    00000004     driverlib.lib : i2c.obj (.text:I2CMasterControl)
                  00009428    00000004                   : i2c.obj (.text:I2CMasterDataGet)
                  0000942c    00000004                   : i2c.obj (.text:I2CMasterDataPut)
                  00009430    00000004                   : uart.obj (.text:UARTIntClear)
                  00009434    00000004     KIRC_FltCmp_RTOS_pem4f.oem4f (.text:ti_sysbios_BIOS_RtsGateProxy_enter__E)
                  00009438    00000004     KIRC_FltCmp_RTOS_pem4f.oem4f (.text:ti_sysbios_BIOS_RtsGateProxy_leave__E)
                  0000943c    00000004     sysbios.aem4f : BIOS.obj (.text:ti_sysbios_family_arm_lm4_Timer_getPeriod__E)
                  00009440    00000004                   : BIOS.obj (.text:ti_sysbios_family_arm_lm4_Timer_masterEnable__I)
                  00009444    00000004     KIRC_FltCmp_RTOS_pem4f.oem4f (.text:ti_sysbios_family_arm_m3_TaskSupport_Module__startupDone__S)
                  00009448    00000004     sysbios.aem4f : BIOS.obj (.text:ti_sysbios_gates_GateHwi_query__F)
                  0000944c    00000004                   : BIOS.obj (.text:ti_sysbios_gates_GateMutex_query__F)
                  00009450    00000004     KIRC_FltCmp_RTOS_pem4f.oem4f (.text:ti_sysbios_hal_Hwi_HwiProxy_Module__startupDone__S)
                  00009454    00000004     KIRC_FltCmp_RTOS_pem4f.oem4f (.text:ti_sysbios_hal_Timer_TimerProxy_Module__startupDone__S)
                  00009458    00000004     KIRC_FltCmp_RTOS_pem4f.oem4f (.text:ti_sysbios_hal_Timer_TimerProxy_getPeriod__E)
                  0000945c    00000004     KIRC_FltCmp_RTOS_pem4f.oem4f (.text:ti_sysbios_heaps_HeapMem_Module_GateProxy_enter__E)
                  00009460    00000004     KIRC_FltCmp_RTOS_pem4f.oem4f (.text:ti_sysbios_heaps_HeapMem_Module_GateProxy_leave__E)
                  00009464    00000004     KIRC_FltCmp_RTOS_pem4f.oem4f (.text:ti_sysbios_knl_Task_SupportProxy_Module__startupDone__S)
                  00009468    00000004     sysbios.aem4f : BIOS.obj (.text:ti_sysbios_knl_Task_startup__E)
                  0000946c    00000004     ti.targets.arm.rtsarm.aem4f : Error.oem4f (.text:xdc_runtime_Error_getSite__F)
                  00009470    00000004     KIRC_FltCmp_RTOS_pem4f.oem4f (.text:xdc_runtime_Memory_HeapProxy_alloc__E)
                  00009474    00000004     KIRC_FltCmp_RTOS_pem4f.oem4f (.text:xdc_runtime_Memory_HeapProxy_free__E)
                  00009478    00000004     KIRC_FltCmp_RTOS_pem4f.oem4f (.text:xdc_runtime_System_Module_GateProxy_enter__E)
                  0000947c    00000004     KIRC_FltCmp_RTOS_pem4f.oem4f (.text:xdc_runtime_System_Module_GateProxy_leave__E)
                  00009480    00000004     ti.targets.arm.rtsarm.aem4f : System.oem4f (.text:xdc_runtime_System_aprintf_va__F)
                  00009484    00000004                                 : System.oem4f (.text:xdc_runtime_System_printf_va__F)
                  00009488    00000004     KIRC_FltCmp_RTOS_pem4f.oem4f (.text:xdc_runtime_System_vsnprintf__E)

.const     0    00009490    00001e7a     
                  00009490    000015c7     KIRC_FltCmp_RTOS_pem4f.oem4f (.const:xdc_runtime_Text_charTab__A)
                  0000aa57    000000d8     KIRC_FltCmp_RTOS_pem4f.oem4f (.const:ti_sysbios_family_arm_m3_Hwi_priorities__A)
                  0000ab2f    00000001     KIRC_FltCmp_RTOS_pem4f.oem4f (.const:xdc_runtime_Error_policy__C)
                  0000ab30    00000090     driverlib.lib : gpio.obj (.const:g_pui32GPIOBaseAddrs)
                  0000abc0    00000088     rtsv7M4_T_le_v4SPD16_eabi.lib : xatan.obj (.const)
                  0000ac48    00000084     EK_TM4C123GXL.obj (.const:gpioHWAttrs)
                  0000accc    0000006c     driverlib.lib : sysctl.obj (.const:g_pui32Xtals)
                  0000ad38    00000048     KIRC_FltCmp_RTOS_pem4f.oem4f (.const:.string)
                  0000ad80    0000003c     Main.obj (.const)
                  0000adbc    00000034     rtsv7M4_T_le_v4SPD16_eabi.lib : xfatan.obj (.const)
                  0000adf0    00000030     EK_TM4C123GXL.obj (.const)
                  0000ae20    00000030     EK_TM4C123GXL.obj (.const:GPIO_config)
                  0000ae50    00000030     KIRC_FltCmp_RTOS_pem4f.oem4f (.const:ti_sysbios_family_arm_m3_Hwi_Object__PARAMS__C)
                  0000ae80    0000002c     EK_TM4C123GXL.obj (.const:EK_TM4C123GXL_gpioPortACallbacks)
                  0000aeac    0000002c     EK_TM4C123GXL.obj (.const:EK_TM4C123GXL_gpioPortFCallbacks)
                  0000aed8    00000028     KIRC_FltCmp_RTOS_pem4f.oem4f (.const:ti_sysbios_heaps_HeapMem_Module__FXNS__C)
                  0000af00    00000024     uart_tivaware.aem4f : UARTTiva.oem4f (.const:UARTTiva_fxnTable)
                  0000af24    00000024     KIRC_FltCmp_RTOS_pem4f.oem4f (.const:ti_sysbios_gates_GateHwi_Module__FXNS__C)
                  0000af48    00000024     KIRC_FltCmp_RTOS_pem4f.oem4f (.const:ti_sysbios_gates_GateMutex_Module__FXNS__C)
                  0000af6c    00000024     KIRC_FltCmp_RTOS_pem4f.oem4f (.const:ti_sysbios_heaps_HeapMem_Object__PARAMS__C)
                  0000af90    00000024     KIRC_FltCmp_RTOS_pem4f.oem4f (.const:ti_sysbios_knl_Semaphore_Object__PARAMS__C)
                  0000afb4    00000020     KIRC_FltCmp_RTOS_pem4f.oem4f (.const:ti_sysbios_family_arm_m3_Hwi_Object__DESC__C)
                  0000afd4    00000020     KIRC_FltCmp_RTOS_pem4f.oem4f (.const:ti_sysbios_gates_GateHwi_Object__DESC__C)
                  0000aff4    00000020     KIRC_FltCmp_RTOS_pem4f.oem4f (.const:ti_sysbios_gates_GateMutex_Object__DESC__C)
                  0000b014    00000020     KIRC_FltCmp_RTOS_pem4f.oem4f (.const:ti_sysbios_heaps_HeapMem_Object__DESC__C)
                  0000b034    00000020     KIRC_FltCmp_RTOS_pem4f.oem4f (.const:ti_sysbios_knl_Queue_Object__DESC__C)
                  0000b054    00000020     KIRC_FltCmp_RTOS_pem4f.oem4f (.const:ti_sysbios_knl_Semaphore_Object__DESC__C)
                  0000b074    00000020     KIRC_FltCmp_RTOS_pem4f.oem4f (.const:xdc_runtime_Startup_sfxnTab__A)
                  0000b094    00000018     KIRC_FltCmp_RTOS_pem4f.oem4f (.const:ti_sysbios_gates_GateHwi_Object__PARAMS__C)
                  0000b0ac    00000018     KIRC_FltCmp_RTOS_pem4f.oem4f (.const:ti_sysbios_gates_GateMutex_Object__PARAMS__C)
                  0000b0c4    00000018     KIRC_FltCmp_RTOS_pem4f.oem4f (.const:ti_sysbios_knl_Queue_Object__PARAMS__C)
                  0000b0dc    00000014     KIRC_FltCmp_RTOS_pem4f.oem4f (.const:xdc_runtime_Startup_firstFxns__A)
                  0000b0f0    00000011     ti.targets.arm.rtsarm.aem4f : System.oem4f (.const)
                  0000b101    00000001     --HOLE-- [fill = 0]
                  0000b102    00000010     KIRC_FltCmp_RTOS_pem4f.oem4f (.const:xdc_runtime_Startup_sfxnRts__A)
                  0000b112    00000010     KIRC_FltCmp_RTOS_pem4f.oem4f (.const:xdc_runtime_Text_nodeTab__A)
                  0000b122    00000002     KIRC_FltCmp_RTOS_pem4f.oem4f (.const:ti_catalog_arm_cortexm4_tiva_ce_Boot_Module__id__C)
                  0000b124    00000008     KIRC_FltCmp_RTOS_pem4f.oem4f (.const:ti_sysbios_family_arm_m3_Hwi_excHookFuncs__A)
                  0000b12c    00000008     KIRC_FltCmp_RTOS_pem4f.oem4f (.const:ti_sysbios_knl_Idle_coreList__C)
                  0000b134    00000008     KIRC_FltCmp_RTOS_pem4f.oem4f (.const:ti_sysbios_knl_Idle_funcList__C)
                  0000b13c    00000008     KIRC_FltCmp_RTOS_pem4f.oem4f (.const:xdc_runtime_Startup_firstFxns__C)
                  0000b144    00000008     KIRC_FltCmp_RTOS_pem4f.oem4f (.const:xdc_runtime_Startup_lastFxns__C)
                  0000b14c    00000004     KIRC_FltCmp_RTOS_pem4f.oem4f (.const:ti_catalog_arm_cortexm4_tiva_ce_Boot_A_mustUseEnhancedClockMode__C)
                  0000b150    00000004     KIRC_FltCmp_RTOS_pem4f.oem4f (.const:ti_catalog_arm_cortexm4_tiva_ce_Boot_Module__diagsEnabled__C)
                  0000b154    00000004     KIRC_FltCmp_RTOS_pem4f.oem4f (.const:ti_catalog_arm_cortexm4_tiva_ce_Boot_Module__diagsIncluded__C)
                  0000b158    00000004     KIRC_FltCmp_RTOS_pem4f.oem4f (.const:ti_catalog_arm_cortexm4_tiva_ce_Boot_Module__diagsMask__C)
                  0000b15c    00000004     KIRC_FltCmp_RTOS_pem4f.oem4f (.const:ti_sysbios_BIOS_Module__diagsEnabled__C)
                  0000b160    00000004     KIRC_FltCmp_RTOS_pem4f.oem4f (.const:ti_sysbios_BIOS_Module__diagsIncluded__C)
                  0000b164    00000004     KIRC_FltCmp_RTOS_pem4f.oem4f (.const:ti_sysbios_BIOS_Module__diagsMask__C)
                  0000b168    00000004     KIRC_FltCmp_RTOS_pem4f.oem4f (.const:ti_sysbios_BIOS_installedErrorHook__C)
                  0000b16c    00000004     KIRC_FltCmp_RTOS_pem4f.oem4f (.const:ti_sysbios_family_arm_lm4_Timer_enableFunc__C)
                  0000b170    00000004     KIRC_FltCmp_RTOS_pem4f.oem4f (.const:ti_sysbios_family_arm_lm4_Timer_numTimerDevices__C)
                  0000b174    00000004     KIRC_FltCmp_RTOS_pem4f.oem4f (.const:ti_sysbios_family_arm_lm4_Timer_startupNeeded__C)
                  0000b178    00000004     KIRC_FltCmp_RTOS_pem4f.oem4f (.const:ti_sysbios_family_arm_m3_Hwi_E_NMI__C)
                  0000b17c    00000004     KIRC_FltCmp_RTOS_pem4f.oem4f (.const:ti_sysbios_family_arm_m3_Hwi_E_alreadyDefined__C)
                  0000b180    00000004     KIRC_FltCmp_RTOS_pem4f.oem4f (.const:ti_sysbios_family_arm_m3_Hwi_E_busFault__C)
                  0000b184    00000004     KIRC_FltCmp_RTOS_pem4f.oem4f (.const:ti_sysbios_family_arm_m3_Hwi_E_debugMon__C)
                  0000b188    00000004     KIRC_FltCmp_RTOS_pem4f.oem4f (.const:ti_sysbios_family_arm_m3_Hwi_E_hardFault__C)
                  0000b18c    00000004     KIRC_FltCmp_RTOS_pem4f.oem4f (.const:ti_sysbios_family_arm_m3_Hwi_E_memFault__C)
                  0000b190    00000004     KIRC_FltCmp_RTOS_pem4f.oem4f (.const:ti_sysbios_family_arm_m3_Hwi_E_noIsr__C)
                  0000b194    00000004     KIRC_FltCmp_RTOS_pem4f.oem4f (.const:ti_sysbios_family_arm_m3_Hwi_E_reserved__C)
                  0000b198    00000004     KIRC_FltCmp_RTOS_pem4f.oem4f (.const:ti_sysbios_family_arm_m3_Hwi_E_svCall__C)
                  0000b19c    00000004     KIRC_FltCmp_RTOS_pem4f.oem4f (.const:ti_sysbios_family_arm_m3_Hwi_E_usageFault__C)
                  0000b1a0    00000004     KIRC_FltCmp_RTOS_pem4f.oem4f (.const:ti_sysbios_family_arm_m3_Hwi_NUM_INTERRUPTS__C)
                  0000b1a4    00000004     KIRC_FltCmp_RTOS_pem4f.oem4f (.const:ti_sysbios_family_arm_m3_Hwi_ccr__C)
                  0000b1a8    00000004     KIRC_FltCmp_RTOS_pem4f.oem4f (.const:ti_sysbios_family_arm_m3_Hwi_dispatchTable__C)
                  0000b1ac    00000004     KIRC_FltCmp_RTOS_pem4f.oem4f (.const:ti_sysbios_family_arm_m3_Hwi_excHandlerFunc__C)
                  0000b1b0    00000004     KIRC_FltCmp_RTOS_pem4f.oem4f (.const:ti_sysbios_family_arm_m3_Hwi_excHookFuncs__C)
                  0000b1b4    00000004     KIRC_FltCmp_RTOS_pem4f.oem4f (.const:ti_sysbios_family_arm_m3_Hwi_priGroup__C)
                  0000b1b8    00000004     KIRC_FltCmp_RTOS_pem4f.oem4f (.const:ti_sysbios_family_arm_m3_Hwi_priorities__C)
                  0000b1bc    00000004     KIRC_FltCmp_RTOS_pem4f.oem4f (.const:ti_sysbios_gates_GateMutex_A_badContext__C)
                  0000b1c0    00000004     KIRC_FltCmp_RTOS_pem4f.oem4f (.const:ti_sysbios_gates_GateMutex_Instance_State_sem__O)
                  0000b1c4    00000004     KIRC_FltCmp_RTOS_pem4f.oem4f (.const:ti_sysbios_gates_GateMutex_Module__diagsEnabled__C)
                  0000b1c8    00000004     KIRC_FltCmp_RTOS_pem4f.oem4f (.const:ti_sysbios_gates_GateMutex_Module__diagsIncluded__C)
                  0000b1cc    00000004     KIRC_FltCmp_RTOS_pem4f.oem4f (.const:ti_sysbios_gates_GateMutex_Module__diagsMask__C)
                  0000b1d0    00000004     KIRC_FltCmp_RTOS_pem4f.oem4f (.const:ti_sysbios_heaps_HeapMem_A_align__C)
                  0000b1d4    00000004     KIRC_FltCmp_RTOS_pem4f.oem4f (.const:ti_sysbios_heaps_HeapMem_A_heapSize__C)
                  0000b1d8    00000004     KIRC_FltCmp_RTOS_pem4f.oem4f (.const:ti_sysbios_heaps_HeapMem_A_invalidFree__C)
                  0000b1dc    00000004     KIRC_FltCmp_RTOS_pem4f.oem4f (.const:ti_sysbios_heaps_HeapMem_A_zeroBlock__C)
                  0000b1e0    00000004     KIRC_FltCmp_RTOS_pem4f.oem4f (.const:ti_sysbios_heaps_HeapMem_E_memory__C)
                  0000b1e4    00000004     KIRC_FltCmp_RTOS_pem4f.oem4f (.const:ti_sysbios_heaps_HeapMem_Module__diagsEnabled__C)
                  0000b1e8    00000004     KIRC_FltCmp_RTOS_pem4f.oem4f (.const:ti_sysbios_heaps_HeapMem_Module__diagsIncluded__C)
                  0000b1ec    00000004     KIRC_FltCmp_RTOS_pem4f.oem4f (.const:ti_sysbios_heaps_HeapMem_Module__diagsMask__C)
                  0000b1f0    00000004     KIRC_FltCmp_RTOS_pem4f.oem4f (.const:ti_sysbios_heaps_HeapMem_Module__gateObj__C)
                  0000b1f4    00000004     KIRC_FltCmp_RTOS_pem4f.oem4f (.const:ti_sysbios_heaps_HeapMem_Object__count__C)
                  0000b1f8    00000004     KIRC_FltCmp_RTOS_pem4f.oem4f (.const:ti_sysbios_heaps_HeapMem_reqAlign__C)
                  0000b1fc    00000004     KIRC_FltCmp_RTOS_pem4f.oem4f (.const:ti_sysbios_knl_Clock_Module_State_clockQ__O)
                  0000b200    00000004     KIRC_FltCmp_RTOS_pem4f.oem4f (.const:ti_sysbios_knl_Semaphore_A_badContext__C)
                  0000b204    00000004     KIRC_FltCmp_RTOS_pem4f.oem4f (.const:ti_sysbios_knl_Semaphore_A_noEvents__C)
                  0000b208    00000004     KIRC_FltCmp_RTOS_pem4f.oem4f (.const:ti_sysbios_knl_Semaphore_A_overflow__C)
                  0000b20c    00000004     KIRC_FltCmp_RTOS_pem4f.oem4f (.const:ti_sysbios_knl_Semaphore_A_pendTaskDisabled__C)
                  0000b210    00000004     KIRC_FltCmp_RTOS_pem4f.oem4f (.const:ti_sysbios_knl_Semaphore_Instance_State_pendQ__O)
                  0000b214    00000004     KIRC_FltCmp_RTOS_pem4f.oem4f (.const:ti_sysbios_knl_Semaphore_Module__diagsEnabled__C)
                  0000b218    00000004     KIRC_FltCmp_RTOS_pem4f.oem4f (.const:ti_sysbios_knl_Semaphore_Module__diagsIncluded__C)
                  0000b21c    00000004     KIRC_FltCmp_RTOS_pem4f.oem4f (.const:ti_sysbios_knl_Semaphore_Module__diagsMask__C)
                  0000b220    00000004     KIRC_FltCmp_RTOS_pem4f.oem4f (.const:ti_sysbios_knl_Task_A_badTimeout__C)
                  0000b224    00000004     KIRC_FltCmp_RTOS_pem4f.oem4f (.const:ti_sysbios_knl_Task_A_sleepTaskDisabled__C)
                  0000b228    00000004     KIRC_FltCmp_RTOS_pem4f.oem4f (.const:ti_sysbios_knl_Task_Module_State_inactiveQ__O)
                  0000b22c    00000004     KIRC_FltCmp_RTOS_pem4f.oem4f (.const:ti_sysbios_knl_Task_Module__diagsEnabled__C)
                  0000b230    00000004     KIRC_FltCmp_RTOS_pem4f.oem4f (.const:ti_sysbios_knl_Task_Module__diagsIncluded__C)
                  0000b234    00000004     KIRC_FltCmp_RTOS_pem4f.oem4f (.const:ti_sysbios_knl_Task_Module__diagsMask__C)
                  0000b238    00000004     KIRC_FltCmp_RTOS_pem4f.oem4f (.const:ti_sysbios_knl_Task_Object__count__C)
                  0000b23c    00000004     KIRC_FltCmp_RTOS_pem4f.oem4f (.const:ti_sysbios_knl_Task_allBlockedFunc__C)
                  0000b240    00000004     KIRC_FltCmp_RTOS_pem4f.oem4f (.const:ti_sysbios_knl_Task_numConstructedTasks__C)
                  0000b244    00000004     KIRC_FltCmp_RTOS_pem4f.oem4f (.const:xdc_runtime_Assert_E_assertFailed__C)
                  0000b248    00000004     KIRC_FltCmp_RTOS_pem4f.oem4f (.const:xdc_runtime_Core_A_initializedParams__C)
                  0000b24c    00000004     KIRC_FltCmp_RTOS_pem4f.oem4f (.const:xdc_runtime_Core_Module__diagsEnabled__C)
                  0000b250    00000004     KIRC_FltCmp_RTOS_pem4f.oem4f (.const:xdc_runtime_Core_Module__diagsIncluded__C)
                  0000b254    00000004     KIRC_FltCmp_RTOS_pem4f.oem4f (.const:xdc_runtime_Core_Module__diagsMask__C)
                  0000b258    00000004     KIRC_FltCmp_RTOS_pem4f.oem4f (.const:xdc_runtime_Error_E_memory__C)
                  0000b25c    00000004     KIRC_FltCmp_RTOS_pem4f.oem4f (.const:xdc_runtime_Error_Module__diagsEnabled__C)
                  0000b260    00000004     KIRC_FltCmp_RTOS_pem4f.oem4f (.const:xdc_runtime_Error_Module__diagsIncluded__C)
                  0000b264    00000004     KIRC_FltCmp_RTOS_pem4f.oem4f (.const:xdc_runtime_Error_Module__diagsMask__C)
                  0000b268    00000004     KIRC_FltCmp_RTOS_pem4f.oem4f (.const:xdc_runtime_Error_Module__loggerFxn8__C)
                  0000b26c    00000004     KIRC_FltCmp_RTOS_pem4f.oem4f (.const:xdc_runtime_Error_Module__loggerObj__C)
                  0000b270    00000004     KIRC_FltCmp_RTOS_pem4f.oem4f (.const:xdc_runtime_Error_raiseHook__C)
                  0000b274    00000004     KIRC_FltCmp_RTOS_pem4f.oem4f (.const:xdc_runtime_IGateProvider_Interface__BASE__C)
                  0000b278    00000004     KIRC_FltCmp_RTOS_pem4f.oem4f (.const:xdc_runtime_IHeap_Interface__BASE__C)
                  0000b27c    00000004     KIRC_FltCmp_RTOS_pem4f.oem4f (.const:xdc_runtime_IModule_Interface__BASE__C)
                  0000b280    00000004     KIRC_FltCmp_RTOS_pem4f.oem4f (.const:xdc_runtime_Log_L_error__C)
                  0000b284    00000004     KIRC_FltCmp_RTOS_pem4f.oem4f (.const:xdc_runtime_Main_Module__diagsEnabled__C)
                  0000b288    00000004     KIRC_FltCmp_RTOS_pem4f.oem4f (.const:xdc_runtime_Main_Module__diagsIncluded__C)
                  0000b28c    00000004     KIRC_FltCmp_RTOS_pem4f.oem4f (.const:xdc_runtime_Main_Module__diagsMask__C)
                  0000b290    00000004     KIRC_FltCmp_RTOS_pem4f.oem4f (.const:xdc_runtime_Main_Module__loggerFxn2__C)
                  0000b294    00000004     KIRC_FltCmp_RTOS_pem4f.oem4f (.const:xdc_runtime_Main_Module__loggerObj__C)
                  0000b298    00000004     KIRC_FltCmp_RTOS_pem4f.oem4f (.const:xdc_runtime_Memory_defaultHeapInstance__C)
                  0000b29c    00000004     KIRC_FltCmp_RTOS_pem4f.oem4f (.const:xdc_runtime_Startup_execImpl__C)
                  0000b2a0    00000004     KIRC_FltCmp_RTOS_pem4f.oem4f (.const:xdc_runtime_Startup_lastFxns__A)
                  0000b2a4    00000004     KIRC_FltCmp_RTOS_pem4f.oem4f (.const:xdc_runtime_Startup_maxPasses__C)
                  0000b2a8    00000004     KIRC_FltCmp_RTOS_pem4f.oem4f (.const:xdc_runtime_Startup_sfxnRts__C)
                  0000b2ac    00000004     KIRC_FltCmp_RTOS_pem4f.oem4f (.const:xdc_runtime_Startup_sfxnTab__C)
                  0000b2b0    00000004     KIRC_FltCmp_RTOS_pem4f.oem4f (.const:xdc_runtime_SysCallback_abortFxn__C)
                  0000b2b4    00000004     KIRC_FltCmp_RTOS_pem4f.oem4f (.const:xdc_runtime_SysCallback_exitFxn__C)
                  0000b2b8    00000004     KIRC_FltCmp_RTOS_pem4f.oem4f (.const:xdc_runtime_SysCallback_flushFxn__C)
                  0000b2bc    00000004     KIRC_FltCmp_RTOS_pem4f.oem4f (.const:xdc_runtime_SysCallback_putchFxn__C)
                  0000b2c0    00000004     KIRC_FltCmp_RTOS_pem4f.oem4f (.const:xdc_runtime_SysCallback_readyFxn__C)
                  0000b2c4    00000004     KIRC_FltCmp_RTOS_pem4f.oem4f (.const:xdc_runtime_System_Module__gateObj__C)
                  0000b2c8    00000004     KIRC_FltCmp_RTOS_pem4f.oem4f (.const:xdc_runtime_System_extendFxn__C)
                  0000b2cc    00000004     KIRC_FltCmp_RTOS_pem4f.oem4f (.const:xdc_runtime_System_maxAtexitHandlers__C)
                  0000b2d0    00000004     KIRC_FltCmp_RTOS_pem4f.oem4f (.const:xdc_runtime_Text_charTab__C)
                  0000b2d4    00000004     KIRC_FltCmp_RTOS_pem4f.oem4f (.const:xdc_runtime_Text_nameEmpty__C)
                  0000b2d8    00000004     KIRC_FltCmp_RTOS_pem4f.oem4f (.const:xdc_runtime_Text_nameStatic__C)
                  0000b2dc    00000004     KIRC_FltCmp_RTOS_pem4f.oem4f (.const:xdc_runtime_Text_nameUnknown__C)
                  0000b2e0    00000004     KIRC_FltCmp_RTOS_pem4f.oem4f (.const:xdc_runtime_Text_nodeTab__C)
                  0000b2e4    00000004     KIRC_FltCmp_RTOS_pem4f.oem4f (.const:xdc_runtime_Text_visitRopeFxn__C)
                  0000b2e8    00000002     KIRC_FltCmp_RTOS_pem4f.oem4f (.const:ti_sysbios_BIOS_Module__id__C)
                  0000b2ea    00000002     KIRC_FltCmp_RTOS_pem4f.oem4f (.const:ti_sysbios_family_arm_m3_Hwi_Module__id__C)
                  0000b2ec    00000002     KIRC_FltCmp_RTOS_pem4f.oem4f (.const:ti_sysbios_gates_GateMutex_Module__id__C)
                  0000b2ee    00000002     KIRC_FltCmp_RTOS_pem4f.oem4f (.const:ti_sysbios_heaps_HeapMem_Module__id__C)
                  0000b2f0    00000002     KIRC_FltCmp_RTOS_pem4f.oem4f (.const:ti_sysbios_knl_Semaphore_Module__id__C)
                  0000b2f2    00000002     KIRC_FltCmp_RTOS_pem4f.oem4f (.const:ti_sysbios_knl_Task_Module__id__C)
                  0000b2f4    00000002     KIRC_FltCmp_RTOS_pem4f.oem4f (.const:ti_sysbios_knl_Task_initStackFlag__C)
                  0000b2f6    00000002     KIRC_FltCmp_RTOS_pem4f.oem4f (.const:xdc_runtime_Core_Module__id__C)
                  0000b2f8    00000002     KIRC_FltCmp_RTOS_pem4f.oem4f (.const:xdc_runtime_Error_Module__loggerDefined__C)
                  0000b2fa    00000002     KIRC_FltCmp_RTOS_pem4f.oem4f (.const:xdc_runtime_Error_maxDepth__C)
                  0000b2fc    00000002     KIRC_FltCmp_RTOS_pem4f.oem4f (.const:xdc_runtime_Main_Module__id__C)
                  0000b2fe    00000002     KIRC_FltCmp_RTOS_pem4f.oem4f (.const:xdc_runtime_Main_Module__loggerDefined__C)
                  0000b300    00000002     KIRC_FltCmp_RTOS_pem4f.oem4f (.const:xdc_runtime_Memory_Module__id__C)
                  0000b302    00000002     KIRC_FltCmp_RTOS_pem4f.oem4f (.const:xdc_runtime_Text_charCnt__C)
                  0000b304    00000002     KIRC_FltCmp_RTOS_pem4f.oem4f (.const:xdc_runtime_Text_isLoaded__C)
                  0000b306    00000002     KIRC_FltCmp_RTOS_pem4f.oem4f (.const:xdc_runtime_Text_registryModsLastId__C)
                  0000b308    00000002     KIRC_FltCmp_RTOS_pem4f.oem4f (.const:xdc_runtime_Text_unnamedModsLastId__C)

.cinit     0    0000b310    000003b0     
                  0000b310    0000037c     (.cinit..data.load) [load image, compression = rle]
                  0000b68c    0000000c     (__TI_handler_table)
                  0000b698    00000008     (.cinit..bss.load) [load image, compression = zero_init]
                  0000b6a0    00000008     (.cinit..vecs.load) [load image, compression = zero_init]
                  0000b6a8    00000018     (__TI_cinit_table)

.vecs      0    20000000    00000360     UNINITIALIZED
                  20000000    00000360     KIRC_FltCmp_RTOS_pem4f.oem4f (.vecs)

.bss       0    20000360    00002490     UNINITIALIZED
                  20000360    00001e00     KIRC_FltCmp_RTOS_pem4f.oem4f (.bss:taskStackSection)
                  20002160    00000400     KIRC_FltCmp_RTOS_pem4f.oem4f (.bss:ti_sysbios_heaps_HeapMem_Instance_State_0_buf__A)
                  20002560    00000120     rtsv7M4_T_le_v4SPD16_eabi.lib : trgmsg.obj (.bss:__CIOBUF_)
                  20002680    000000a0                                   : defs.obj (.bss:__TI_tmpnams)
                  20002720    00000088     EK_TM4C123GXL.obj (.bss:uartTivaObjects)
                  200027a8    0000001c     (.common:callbackHwi)
                  200027c4    0000001c     (.common:callbackHwi2)
                  200027e0    00000008     (.common:parmbuf)
                  200027e8    00000004     (.common:ui32Load)
                  200027ec    00000004     (.common:ui32PWMClock)

.data      0    200027f0    00000c16     UNINITIALIZED
                  200027f0    00000360     KIRC_FltCmp_RTOS_pem4f.oem4f (.data:ti_sysbios_family_arm_m3_Hwi_Module_State_0_dispatchTable__A)
                  20002b50    0000016c     KIRC_FltCmp_RTOS_pem4f.oem4f (.data)
                  20002cbc    00000130     KIRC_FltCmp_RTOS_pem4f.oem4f (.data:ti_sysbios_knl_Task_Object__table__V)
                  20002dec    000000f0     rtsv7M4_T_le_v4SPD16_eabi.lib : defs.obj (.data:_ftable)
                  20002edc    000000d0                                   : lowlev.obj (.data)
                  20002fac    000000b0                                   : signal.obj (.data:sigtable)
                  2000305c    00000004     Main.obj (.data)
                  20003060    00000080     rtsv7M4_T_le_v4SPD16_eabi.lib : xvalues.obj (.data)
                  200030e0    00000068                                   : xfvalues.obj (.data)
                  20003148    0000005c     KIRC_FltCmp_RTOS_pem4f.oem4f (.data:ti_sysbios_family_arm_m3_Hwi_Module__state__V)
                  200031a4    00000044     KIRC_FltCmp_RTOS_pem4f.oem4f (.data:ti_sysbios_knl_Task_Module__state__V)
                  200031e8    0000003c     sensors.obj (.data:Gyro_Memory)
                  20003224    0000003c     Main.obj (.data:RxData)
                  20003260    00000038     KIRC_FltCmp_RTOS_pem4f.oem4f (.data:ti_sysbios_family_arm_lm4_Timer_Object__table__V)
                  20003298    00000038     KIRC_FltCmp_RTOS_pem4f.oem4f (.data:ti_sysbios_gates_GateMutex_Object__table__V)
                  200032d0    00000034     Main.obj (.data:controlData)
                  20003304    00000030     KIRC_FltCmp_RTOS_pem4f.oem4f (.data:ti_sysbios_family_arm_lm4_Timer_Module_State_0_device__A)
                  20003334    00000028     KIRC_FltCmp_RTOS_pem4f.oem4f (.data:ti_sysbios_knl_Clock_Module__state__V)
                  2000335c    00000024     Main.obj (.data:IMUdata)
                  20003380    00000018     UARTUtils.obj (.data)
                  20003398    00000018     sensors.obj (.data)
                  200033b0    00000010     quaternion.obj (.data)
                  200033c0    00000010     rtsv7M4_T_le_v4SPD16_eabi.lib : defs.obj (.data)
                  200033d0    00000008     gpio_tivaware.aem4f : GPIO.oem4f (.data)
                  200033d8    00000008     rtsv7M4_T_le_v4SPD16_eabi.lib : _lock.obj (.data)
                  200033e0    00000008                                   : exit.obj (.data)
                  200033e8    00000008                                   : feraiseexcept.obj (.data)
                  200033f0    00000004                                   : dtor_list.obj (.data)
                  200033f4    00000004                                   : errno.obj (.data)
                  200033f8    00000004                                   : fopen.obj (.data)
                  200033fc    00000004                                   : stkdepth_vars.obj (.data)
                  20003400    00000004     uart_tivaware.aem4f : UART.oem4f (.data)
                  20003404    00000002     RxFunctions.obj (.data)

.stack     0    20003408    00000600     UNINITIALIZED
                  20003408    00000600     --HOLE--


LINKER GENERATED COPY TABLES

__TI_cinit_table @ 0000b6a8 records: 3, size/record: 8, table size: 24
	.data: load addr=0000b310, load size=0000037c bytes, run addr=200027f0, run size=00000c16 bytes, compression=rle
	.bss: load addr=0000b698, load size=00000008 bytes, run addr=20000360, run size=00002490 bytes, compression=zero_init
	.vecs: load addr=0000b6a0, load size=00000008 bytes, run addr=20000000, run size=00000360 bytes, compression=zero_init


LINKER GENERATED HANDLER TABLE

__TI_handler_table @ 0000b68c records: 3, size/record: 4, table size: 12
	index: 0, handler: __TI_zero_init
	index: 1, handler: __TI_decompress_rle24
	index: 2, handler: __TI_decompress_none


GLOBAL SYMBOLS: SORTED ALPHABETICALLY BY Name 

address    name
--------   ----
000086d5   Accel_Init
00007c01   C$$EXIT
000073f3   C$$IO$$
000057b5   Calib_Accel
0000412d   Calib_Gyro
000088df   ClearRxInterrupts
00000dfd   ControlFxn
00008907   DisableRxInterrupts
0000ae80   EK_TM4C123GXL_gpioPortACallbacks
0000aeac   EK_TM4C123GXL_gpioPortFCallbacks
000055e5   EK_TM4C123GXL_initGPIO
00007ddd   EK_TM4C123GXL_initGeneral
00007029   EK_TM4C123GXL_initPWM
00008701   EK_TM4C123GXL_initUART
000082c5   EnableRxInterrupts
000037a9   Filter_GyroData
00008861   GPIODirModeSet
000093d1   GPIOIntClear
000091f5   GPIOIntDisable
00009265   GPIOIntEnable
00009203   GPIOIntStatus
000076a9   GPIOIntTypeSet
00004885   GPIOPadConfigSet
00007935   GPIOPinConfigure
000093d7   GPIOPinRead
00008fed   GPIOPinTypeGPIOInput
00008d6f   GPIOPinTypeGPIOOutput
00008fff   GPIOPinTypeI2C
00009011   GPIOPinTypeI2CSCL
00009023   GPIOPinTypePWM
00009035   GPIOPinTypeUART
000093dd   GPIOPinWrite
00008f39   GPIO_clearInt
0000ae20   GPIO_config
000089f9   GPIO_disableInt
00007e1d   GPIO_enableInt
0000888b   GPIO_hwiIntFxn
00008a1d   GPIO_init
00007701   GPIO_setupCallbacks
00007fdd   GPIO_toggle
00008931   GPIO_write
00006a6d   GetData_Accel
00006af1   GetData_Gyro
00008d87   Gyro_Init
200031e8   Gyro_Memory
20003398   Gyro_Offset
00002255   HOSTclock
0000221d   HOSTclose
000021df   HOSTgetenv
00002183   HOSTlseek
00002131   HOSTopen
000020e5   HOSTread
00002087   HOSTrename
0000204d   HOSTtime
00002015   HOSTunlink
00001fc9   HOSTwrite
0000797d   I2C0_MasterInit
00007369   I2C0_RxData
000075f9   I2C0_TxData
00009391   I2CMasterBusy
00009425   I2CMasterControl
00009429   I2CMasterDataGet
0000942d   I2CMasterDataPut
00009319   I2CMasterEnable
000079c5   I2CMasterInitExpClk
00009399   I2CMasterSlaveAddrSet
2000335c   IMUdata
200033a4   Magn_Offset
00008b19   PWMGenConfigure
00009271   PWMGenEnable
000090b3   PWMGenPeriodSet
00009047   PWMOutputState
00008c3d   PWMPulseWidthSet
00006b75   RCinputIntHandler
20003404   RXChannelLock
00003491   ReadInputFxn
00006df1   ReadSensorsFxn
00006bf9   Read_Accel
00003a99   Read_Gyro
20003224   RxData
UNDEFED    SHT$$INIT_ARRAY$$Base
UNDEFED    SHT$$INIT_ARRAY$$Limit
200033b0   State
00005f21   StateEst_Calib
00005cd5   SysCtlClockGet
000093e3   SysCtlDelay
00008f4d   SysCtlPWMClockSet
000082f9   SysCtlPeripheralEnable
20002da0   TSK_idle
00009323   UARTCharGet
00009211   UARTCharGetNonBlocking
0000932d   UARTCharPut
0000921f   UARTCharPutNonBlocking
00007d99   UARTConfigSetExpClk
00008c79   UARTDisable
00008f61   UARTEnable
000093e9   UARTFIFOLevelSet
00009431   UARTIntClear
00009337   UARTIntDisable
000093a1   UARTIntEnable
00009341   UARTIntStatus
0000af00   UARTTiva_fxnTable
00008d9f   UARTUtils_deviceclose
00009059   UARTUtils_devicelseek
0000861d   UARTUtils_deviceopen
00008361   UARTUtils_deviceread
000090c3   UARTUtils_devicerename
0000922d   UARTUtils_deviceunlink
00008395   UARTUtils_devicewrite
00008a41   UARTUtils_systemAbort
000068c9   UARTUtils_systemInit
00008b3d   UARTUtils_systemPutch
00008f75   UARTUtils_systemReady
0000872d   UART_Params_init
0000934b   UART_close
0000ae08   UART_config
000080cd   UART_init
00008db9   UART_open
00009355   UART_read
0000935f   UART_write
00009369   UART_writePolling
00000361   Update_State
0000361d   _Atan
20003060   _Denorm
00005d9d   _Dnorm
00004bf5   _Dscale
00007c45   _Dtest
000072a1   _Dunscale
20003070   _Eps
200033f4   _Errno
00006299   _FAtan
200030e0   _FDenorm
00008431   _FDtest
200030f0   _FEps
20003100   _FInf
20003110   _FNan
20003130   _FRteps
20003120   _FSnan
20003140   _FXbig
20003144   _FZero
200033e8   _Fenv
0000852d   _Feraise
20003080   _Hugeval
20003090   _Inf
200030a0   _Nan
200030c0   _Rteps
200030b0   _Snan
200033ec   _Tls_setup__Fenv
200030d0   _Xbig
200030d8   _Zero
00000000   __ASM__
20002560   __CIOBUF_
00000086   __ISA__
00000099   __PLAT__
20003a08   __STACK_END
00000600   __STACK_SIZE
20003508   __STACK_TOP
000000ba   __TARG__
0000b6a8   __TI_CINIT_Base
0000b6c0   __TI_CINIT_Limit
0000b68c   __TI_Handler_Table_Base
0000b698   __TI_Handler_Table_Limit
00000001   __TI_args_main
00006531   __TI_auto_init
00002e9d   __TI_cleanup
200033e0   __TI_cleanup_ptr
00006709   __TI_closefile
0000923b   __TI_decompress_none
000093f5   __TI_decompress_rle24
00005e61   __TI_doflush
200033e4   __TI_dtors_ptr
200033c0   __TI_ft_end
000073f7   __TI_readmsg
00000000   __TI_static_base__
20002680   __TI_tmpnams
000073c9   __TI_writemsg
0000906b   __TI_zero_init
000000e0   __TRDR__
0000536d   __aeabi_atexit
00006c7d   __aeabi_cdcmpeq
00006c7d   __aeabi_cdcmple
00006cfb   __aeabi_cdrcmple
000078e9   __aeabi_d2f
00007a0d   __aeabi_d2iz
00002f9f   __aeabi_dadd
00004619   __aeabi_ddiv
00005121   __aeabi_dmul
00002f95   __aeabi_dsub
00008105   __aeabi_f2d
00008679   __aeabi_i2d
00006d79   __aeabi_memclr
00006d79   __aeabi_memclr4
00006d79   __aeabi_memclr8
000065d1   __aeabi_memcpy
000065d1   __aeabi_memcpy4
000065d1   __aeabi_memcpy8
00006d7b   __aeabi_memset
00006d7b   __aeabi_memset4
00006d7b   __aeabi_memset8
200033cc   __aeabi_stderr
200033c4   __aeabi_stdin
200033c8   __aeabi_stdout
ffffffff   __binit__
ffffffff   __c_args__
0000535b   __cxa_atexit
00005315   __cxa_finalize
00005355   __cxa_ia64_exit
20003408   __stack
000093ef   __xdc__init
20002cb8   __xdc__init__addr
00008de9   _args_main
000075a1   _c_int00
20002dec   _ftable
200033d8   _lock
00008f97   _nop
00008f8f   _register_lock
00008f89   _register_unlock
200033dc   _unlock
00007c05   abort
00001f1b   add_device
00004ad9   asin
00005b29   atan2f
0000535f   atexit
ffffffff   binit
200027a8   callbackHwi
200027c4   callbackHwi2
00001ec9   close
200032d0   controlData
00007bbd   copy_in
20003405   currentRXChannel
00007c0d   exit
0000676f   fclose
000083fd   feraiseexcept
00005ead   fflush
00002ef3   fopen
00008dd1   free
00002ec9   freopen
0000ac48   gpioHWAttrs
0000adf0   i2cTivaHWAttrs
00001ea5   lseek
00005409   main
200033fc   main_func_sp
0000864b   malloc
000065d1   memcpy
00006d81   memset
00008d21   motorsDisable
00004269   motors_init
00005a51   motors_out
00001df7   open
000086a7   raise
00001dd3   read
00001d49   remove
00001dab   remove_device
00001d6d   rename
00005975   setvbuf
00007e9d   signal
00003ea5   sqrt
00008f21   strchr
00008e01   strcmp
000090d3   strcpy
00008f9d   strlen
000084fd   strncpy
0000b14c   ti_catalog_arm_cortexm4_tiva_ce_Boot_A_mustUseEnhancedClockMode__C
0000b150   ti_catalog_arm_cortexm4_tiva_ce_Boot_Module__diagsEnabled__C
0000b154   ti_catalog_arm_cortexm4_tiva_ce_Boot_Module__diagsIncluded__C
0000b158   ti_catalog_arm_cortexm4_tiva_ce_Boot_Module__diagsMask__C
0000b122   ti_catalog_arm_cortexm4_tiva_ce_Boot_Module__id__C
00009259   ti_catalog_arm_cortexm4_tiva_ce_Boot_init__I
00004d05   ti_catalog_arm_cortexm4_tiva_ce_Boot_sysCtlClockSetI__I
000067a1   ti_catalog_arm_cortexm4_tiva_ce_Boot_sysCtlClockSet__E
000093fb   ti_catalog_arm_cortexm4_tiva_ce_Boot_sysCtlDelayI__I
0000b15c   ti_sysbios_BIOS_Module__diagsEnabled__C
0000b160   ti_sysbios_BIOS_Module__diagsIncluded__C
0000b164   ti_sysbios_BIOS_Module__diagsMask__C
0000b2e8   ti_sysbios_BIOS_Module__id__C
20002b50   ti_sysbios_BIOS_Module__state__V
00009435   ti_sysbios_BIOS_RtsGateProxy_enter__E
00009439   ti_sysbios_BIOS_RtsGateProxy_leave__E
0000944d   ti_sysbios_BIOS_RtsGateProxy_query__E
00007a55   ti_sysbios_BIOS_errorRaiseHook__I
00008759   ti_sysbios_BIOS_exitFunc__I
000090e5   ti_sysbios_BIOS_getCpuFreq__E
0000b168   ti_sysbios_BIOS_installedErrorHook__C
0000314b   ti_sysbios_BIOS_nullFunc__I
00008a65   ti_sysbios_BIOS_registerRTSLock__I
00008c95   ti_sysbios_BIOS_rtsLock__I
0000716d   ti_sysbios_BIOS_rtsUnlock__I
000090f5   ti_sysbios_BIOS_setThreadType__E
00008b5d   ti_sysbios_BIOS_startFunc__I
00009105   ti_sysbios_BIOS_start__E
20003304   ti_sysbios_family_arm_lm4_Timer_Module_State_0_device__A
20002b78   ti_sysbios_family_arm_lm4_Timer_Module_State_0_handles__A
20002b70   ti_sysbios_family_arm_lm4_Timer_Module__root__V
00008e19   ti_sysbios_family_arm_lm4_Timer_Module__startupDone__F
00008e19   ti_sysbios_family_arm_lm4_Timer_Module__startupDone__S
20002b90   ti_sysbios_family_arm_lm4_Timer_Module__state__V
000074e9   ti_sysbios_family_arm_lm4_Timer_Module_startup__E
000074e9   ti_sysbios_family_arm_lm4_Timer_Module_startup__F
20003260   ti_sysbios_family_arm_lm4_Timer_Object__table__V
0000b16c   ti_sysbios_family_arm_lm4_Timer_enableFunc__C
000063e9   ti_sysbios_family_arm_lm4_Timer_enableTimers__I
000061ed   ti_sysbios_family_arm_lm4_Timer_enableTiva__I
0000943d   ti_sysbios_family_arm_lm4_Timer_getPeriod__E
00007429   ti_sysbios_family_arm_lm4_Timer_isrStub__E
0000927d   ti_sysbios_family_arm_lm4_Timer_masterDisable__I
00009441   ti_sysbios_family_arm_lm4_Timer_masterEnable__I
0000b170   ti_sysbios_family_arm_lm4_Timer_numTimerDevices__C
000029c9   ti_sysbios_family_arm_lm4_Timer_start__E
0000b174   ti_sysbios_family_arm_lm4_Timer_startupNeeded__C
00007edd   ti_sysbios_family_arm_lm4_Timer_startup__E
00007c89   ti_sysbios_family_arm_lm4_Timer_stop__E
00008c5b   ti_sysbios_family_arm_lm4_Timer_write__I
0000b178   ti_sysbios_family_arm_m3_Hwi_E_NMI__C
0000b17c   ti_sysbios_family_arm_m3_Hwi_E_alreadyDefined__C
0000b180   ti_sysbios_family_arm_m3_Hwi_E_busFault__C
0000b184   ti_sysbios_family_arm_m3_Hwi_E_debugMon__C
0000b188   ti_sysbios_family_arm_m3_Hwi_E_hardFault__C
0000b18c   ti_sysbios_family_arm_m3_Hwi_E_memFault__C
0000b190   ti_sysbios_family_arm_m3_Hwi_E_noIsr__C
0000b194   ti_sysbios_family_arm_m3_Hwi_E_reserved__C
0000b198   ti_sysbios_family_arm_m3_Hwi_E_svCall__C
0000b19c   ti_sysbios_family_arm_m3_Hwi_E_usageFault__C
00008e31   ti_sysbios_family_arm_m3_Hwi_Handle__label__S
00008a89   ti_sysbios_family_arm_m3_Hwi_Instance_finalize__F
00006955   ti_sysbios_family_arm_m3_Hwi_Instance_init__F
200027f0   ti_sysbios_family_arm_m3_Hwi_Module_State_0_dispatchTable__A
20002bbc   ti_sysbios_family_arm_m3_Hwi_Module_State_0_excActive__A
20002bc0   ti_sysbios_family_arm_m3_Hwi_Module_State_0_excContext__A
20002bc4   ti_sysbios_family_arm_m3_Hwi_Module_State_0_excStack__A
0000b2ea   ti_sysbios_family_arm_m3_Hwi_Module__id__C
20002b9c   ti_sysbios_family_arm_m3_Hwi_Module__root__V
00008e49   ti_sysbios_family_arm_m3_Hwi_Module__startupDone__F
00008e49   ti_sysbios_family_arm_m3_Hwi_Module__startupDone__S
20003148   ti_sysbios_family_arm_m3_Hwi_Module__state__V
0000648d   ti_sysbios_family_arm_m3_Hwi_Module_startup__E
0000648d   ti_sysbios_family_arm_m3_Hwi_Module_startup__F
0000b1a0   ti_sysbios_family_arm_m3_Hwi_NUM_INTERRUPTS__C
0000afb4   ti_sysbios_family_arm_m3_Hwi_Object__DESC__C
0000ae50   ti_sysbios_family_arm_m3_Hwi_Object__PARAMS__C
00006e69   ti_sysbios_family_arm_m3_Hwi_Object__create__S
00008cb1   ti_sysbios_family_arm_m3_Hwi_Object__destruct__S
20002ba4   ti_sysbios_family_arm_m3_Hwi_Object__table__V
00009289   ti_sysbios_family_arm_m3_Hwi_Params__init__S
0000b1a4   ti_sysbios_family_arm_m3_Hwi_ccr__C
00009295   ti_sysbios_family_arm_m3_Hwi_disableFxn__E
00007ccd   ti_sysbios_family_arm_m3_Hwi_disableInterrupt__E
00007651   ti_sysbios_family_arm_m3_Hwi_dispatchC__I
0000b1a8   ti_sysbios_family_arm_m3_Hwi_dispatchTable__C
00004751   ti_sysbios_family_arm_m3_Hwi_dispatch__I
0000474f   ti_sysbios_family_arm_m3_Hwi_doSwiRestore__I
00008b7d   ti_sysbios_family_arm_m3_Hwi_doTaskRestore__I
00007d11   ti_sysbios_family_arm_m3_Hwi_enableInterrupt__E
00003931   ti_sysbios_family_arm_m3_Hwi_excBusFault__I
0000613d   ti_sysbios_family_arm_m3_Hwi_excDebugMon__I
00001549   ti_sysbios_family_arm_m3_Hwi_excDumpRegs__I
00004865   ti_sysbios_family_arm_m3_Hwi_excHandlerAsm__I
0000b1ac   ti_sysbios_family_arm_m3_Hwi_excHandlerFunc__C
00002bd5   ti_sysbios_family_arm_m3_Hwi_excHandlerMax__I
00009115   ti_sysbios_family_arm_m3_Hwi_excHandler__I
00005fd5   ti_sysbios_family_arm_m3_Hwi_excHardFault__I
0000b124   ti_sysbios_family_arm_m3_Hwi_excHookFuncs__A
0000b1b0   ti_sysbios_family_arm_m3_Hwi_excHookFuncs__C
00003fed   ti_sysbios_family_arm_m3_Hwi_excMemFault__I
00008465   ti_sysbios_family_arm_m3_Hwi_excNmi__I
0000813d   ti_sysbios_family_arm_m3_Hwi_excNoIsr__I
00007a9d   ti_sysbios_family_arm_m3_Hwi_excReserved__I
00008019   ti_sysbios_family_arm_m3_Hwi_excSvCall__I
00003d51   ti_sysbios_family_arm_m3_Hwi_excUsageFault__I
00008175   ti_sysbios_family_arm_m3_Hwi_getStackInfo__E
000056cd   ti_sysbios_family_arm_m3_Hwi_initNVIC__E
[...]
00008d21   motorsDisable
00008d3b   xdc_runtime_System_aprintf__E
00008d55   xdc_runtime_System_printf__E
00008d6f   GPIOPinTypeGPIOOutput
00008d87   Gyro_Init
00008d9f   UARTUtils_deviceclose
00008db9   UART_open
00008dd1   free
00008de9   _args_main
00008e01   strcmp
00008e19   ti_sysbios_family_arm_lm4_Timer_Module__startupDone__F
00008e19   ti_sysbios_family_arm_lm4_Timer_Module__startupDone__S
00008e31   ti_sysbios_family_arm_m3_Hwi_Handle__label__S
00008e49   ti_sysbios_family_arm_m3_Hwi_Module__startupDone__F
00008e49   ti_sysbios_family_arm_m3_Hwi_Module__startupDone__S
00008e61   ti_sysbios_family_arm_m3_TaskSupport_swap__E
00008e61   ti_sysbios_knl_Task_SupportProxy_swap__E
00008e6d   ti_sysbios_knl_Task_swapReturn
00008e79   ti_sysbios_gates_GateHwi_Handle__label__S
00008e91   ti_sysbios_gates_GateMutex_Handle__label__S
00008ea9   ti_sysbios_gates_GateMutex_leave__E
00008ec1   ti_sysbios_hal_Timer_Module__startupDone__F
00008ec1   ti_sysbios_hal_Timer_Module__startupDone__S
00008ed9   ti_sysbios_heaps_HeapMem_Handle__label__S
00008ef1   ti_sysbios_knl_Task_Handle__label__S
00008f09   xdc_runtime_Text_ropeText__E
00008f09   xdc_runtime_Text_ropeText__F
00008f21   strchr
00008f39   GPIO_clearInt
00008f4d   SysCtlPWMClockSet
00008f61   UARTEnable
00008f75   UARTUtils_systemReady
00008f89   _register_unlock
00008f8f   _register_lock
00008f97   _nop
00008f9d   strlen
00008fb1   ti_sysbios_family_arm_m3_Hwi_switchFromBootStack__E
00008fb1   ti_sysbios_hal_Hwi_HwiProxy_switchFromBootStack__E
00008fb1   ti_sysbios_hal_Hwi_switchFromBootStack__E
00008fc5   ti_sysbios_heaps_HeapMem_Object__get__S
00008fd9   xdc_runtime_System_abort__E
00008fd9   xdc_runtime_System_abort__F
00008fed   GPIOPinTypeGPIOInput
00008fff   GPIOPinTypeI2C
00009011   GPIOPinTypeI2CSCL
00009023   GPIOPinTypePWM
00009035   GPIOPinTypeUART
00009047   PWMOutputState
00009059   UARTUtils_devicelseek
0000906b   __TI_zero_init
0000907d   ti_sysbios_hal_Hwi_Module_startup__E
0000907d   ti_sysbios_hal_Hwi_Module_startup__F
0000908f   ti_sysbios_hal_Timer_Module_startup__E
0000908f   ti_sysbios_hal_Timer_Module_startup__F
000090a1   xdc_runtime_Startup_exec__I
000090b3   PWMGenPeriodSet
000090c3   UARTUtils_devicerename
000090d3   strcpy
000090e5   ti_sysbios_BIOS_getCpuFreq__E
000090f5   ti_sysbios_BIOS_setThreadType__E
00009105   ti_sysbios_BIOS_start__E
00009115   ti_sysbios_family_arm_m3_Hwi_excHandler__I
00009125   ti_sysbios_family_arm_m3_TaskSupport_glue
00009135   ti_sysbios_gates_GateMutex_Instance_finalize__F
00009145   ti_sysbios_knl_Semaphore_Instance_finalize__F
00009155   ti_sysbios_knl_Task_Object__get__S
00009165   ti_sysbios_knl_Task_disable__E
00009175   xdc_runtime_Gate_leaveSystem__E
00009175   xdc_runtime_Gate_leaveSystem__F
00009185   xdc_runtime_Memory_free__E
00009185   xdc_runtime_Memory_free__F
00009195   xdc_runtime_SysCallback_abort__E
00009195   xdc_runtime_SysCallback_abort__F
00009195   xdc_runtime_System_SupportProxy_abort__E
000091a5   xdc_runtime_SysCallback_exit__E
000091a5   xdc_runtime_SysCallback_exit__F
000091a5   xdc_runtime_System_SupportProxy_exit__E
000091b5   xdc_runtime_SysCallback_flush__E
000091b5   xdc_runtime_SysCallback_flush__F
000091b5   xdc_runtime_System_SupportProxy_flush__E
000091b5   xdc_runtime_System_flush__E
000091b5   xdc_runtime_System_flush__F
000091c5   xdc_runtime_SysCallback_putch__E
000091c5   xdc_runtime_SysCallback_putch__F
000091c5   xdc_runtime_System_SupportProxy_putch__E
000091d5   xdc_runtime_SysCallback_ready__E
000091d5   xdc_runtime_SysCallback_ready__F
000091d5   xdc_runtime_System_SupportProxy_ready__E
000091e5   xdc_runtime_System_vsnprintf__F
000091f5   GPIOIntDisable
00009203   GPIOIntStatus
00009211   UARTCharGetNonBlocking
0000921f   UARTCharPutNonBlocking
0000922d   UARTUtils_deviceunlink
0000923b   __TI_decompress_none
00009249   ti_sysbios_knl_Queue_empty__E
00009259   ti_catalog_arm_cortexm4_tiva_ce_Boot_init__I
00009265   GPIOIntEnable
00009271   PWMGenEnable
0000927d   ti_sysbios_family_arm_lm4_Timer_masterDisable__I
00009289   ti_sysbios_family_arm_m3_Hwi_Params__init__S
00009295   ti_sysbios_family_arm_m3_Hwi_disableFxn__E
00009295   ti_sysbios_hal_Hwi_HwiProxy_disable__E
00009295   ti_sysbios_hal_Hwi_disable__E
000092a1   ti_sysbios_gates_GateHwi_enter__E
000092ad   ti_sysbios_knl_Clock_getTicks__E
000092b9   ti_sysbios_knl_Queue_Object__get__S
000092c5   ti_sysbios_knl_Semaphore_Params__init__S
000092d1   xdc_runtime_Error_init__E
000092d1   xdc_runtime_Error_init__F
000092dd   xdc_runtime_Gate_enterSystem__E
000092dd   xdc_runtime_Gate_enterSystem__F
000092e9   xdc_runtime_Memory_calloc__E
000092e9   xdc_runtime_Memory_calloc__F
000092f5   xdc_runtime_Memory_getMaxDefaultTypeAlign__E
000092f5   xdc_runtime_Memory_getMaxDefaultTypeAlign__F
00009301   xdc_runtime_System_exit__E
00009301   xdc_runtime_System_exit__F
0000930d   xdc_runtime_System_lastFxn__I
00009319   I2CMasterEnable
00009323   UARTCharGet
0000932d   UARTCharPut
00009337   UARTIntDisable
00009341   UARTIntStatus
0000934b   UART_close
00009355   UART_read
0000935f   UART_write
00009369   UART_writePolling
00009387   xdc_runtime_Text_visitRope__I
00009391   I2CMasterBusy
00009399   I2CMasterSlaveAddrSet
000093a1   UARTIntEnable
000093b9   ti_sysbios_family_arm_m3_Hwi_startup__E
000093b9   ti_sysbios_hal_Hwi_HwiProxy_startup__E
000093b9   ti_sysbios_hal_Hwi_startup__E
000093c1   ti_sysbios_knl_Idle_loop__E
000093d1   GPIOIntClear
000093d7   GPIOPinRead
000093dd   GPIOPinWrite
000093e3   SysCtlDelay
000093e9   UARTFIFOLevelSet
000093ef   __xdc__init
000093f5   __TI_decompress_rle24
000093fb   ti_catalog_arm_cortexm4_tiva_ce_Boot_sysCtlDelayI__I
00009401   ti_sysbios_family_arm_m3_Hwi_restoreFxn__E
00009401   ti_sysbios_hal_Hwi_HwiProxy_restore__E
00009401   ti_sysbios_hal_Hwi_restore__E
00009407   ti_sysbios_gates_GateHwi_leave__E
0000940d   ti_sysbios_heaps_HeapMem_isBlocking__E
00009413   ti_sysbios_knl_Queue_Instance_init__F
00009419   ti_sysbios_knl_Swi_Module_startup__E
00009419   ti_sysbios_knl_Swi_Module_startup__F
0000941f   xdc_runtime_System_Module_startup__E
0000941f   xdc_runtime_System_Module_startup__F
00009425   I2CMasterControl
00009429   I2CMasterDataGet
0000942d   I2CMasterDataPut
00009431   UARTIntClear
00009435   ti_sysbios_BIOS_RtsGateProxy_enter__E
00009439   ti_sysbios_BIOS_RtsGateProxy_leave__E
0000943d   ti_sysbios_family_arm_lm4_Timer_getPeriod__E
00009441   ti_sysbios_family_arm_lm4_Timer_masterEnable__I
00009445   ti_sysbios_family_arm_m3_TaskSupport_Module__startupDone__S
00009449   ti_sysbios_gates_GateHwi_query__E
00009449   ti_sysbios_gates_GateHwi_query__F
00009449   xdc_runtime_Main_Module_GateProxy_query__E
00009449   xdc_runtime_System_Module_GateProxy_query__E
0000944d   ti_sysbios_BIOS_RtsGateProxy_query__E
0000944d   ti_sysbios_gates_GateMutex_query__E
0000944d   ti_sysbios_gates_GateMutex_query__F
0000944d   ti_sysbios_heaps_HeapMem_Module_GateProxy_query__E
00009451   ti_sysbios_hal_Hwi_HwiProxy_Module__startupDone__S
00009455   ti_sysbios_hal_Timer_TimerProxy_Module__startupDone__S
00009459   ti_sysbios_hal_Timer_TimerProxy_getPeriod__E
0000945d   ti_sysbios_heaps_HeapMem_Module_GateProxy_enter__E
00009461   ti_sysbios_heaps_HeapMem_Module_GateProxy_leave__E
00009465   ti_sysbios_knl_Task_SupportProxy_Module__startupDone__S
00009469   ti_sysbios_knl_Task_startup__E
0000946d   xdc_runtime_Error_getSite__E
0000946d   xdc_runtime_Error_getSite__F
00009471   xdc_runtime_Memory_HeapProxy_alloc__E
00009475   xdc_runtime_Memory_HeapProxy_free__E
00009479   xdc_runtime_System_Module_GateProxy_enter__E
0000947d   xdc_runtime_System_Module_GateProxy_leave__E
00009481   xdc_runtime_System_aprintf_va__F
00009485   xdc_runtime_System_printf_va__F
00009489   xdc_runtime_System_vsnprintf__E
00009490   xdc_runtime_Text_charTab__A
0000aa57   ti_sysbios_family_arm_m3_Hwi_priorities__A
0000ab2f   xdc_runtime_Error_policy__C
0000ac48   gpioHWAttrs
0000adf0   i2cTivaHWAttrs
0000ae00   uartTivaHWAttrs
0000ae08   UART_config
0000ae20   GPIO_config
0000ae50   ti_sysbios_family_arm_m3_Hwi_Object__PARAMS__C
0000ae80   EK_TM4C123GXL_gpioPortACallbacks
0000aeac   EK_TM4C123GXL_gpioPortFCallbacks
0000aed8   ti_sysbios_heaps_HeapMem_Module__FXNS__C
0000af00   UARTTiva_fxnTable
0000af24   ti_sysbios_gates_GateHwi_Module__FXNS__C
0000af48   ti_sysbios_gates_GateMutex_Module__FXNS__C
0000af6c   ti_sysbios_heaps_HeapMem_Object__PARAMS__C
0000af90   ti_sysbios_knl_Semaphore_Object__PARAMS__C
0000afb4   ti_sysbios_family_arm_m3_Hwi_Object__DESC__C
0000afd4   ti_sysbios_gates_GateHwi_Object__DESC__C
0000aff4   ti_sysbios_gates_GateMutex_Object__DESC__C
0000b014   ti_sysbios_heaps_HeapMem_Object__DESC__C
0000b034   ti_sysbios_knl_Queue_Object__DESC__C
0000b054   ti_sysbios_knl_Semaphore_Object__DESC__C
0000b074   xdc_runtime_Startup_sfxnTab__A
0000b094   ti_sysbios_gates_GateHwi_Object__PARAMS__C
0000b0ac   ti_sysbios_gates_GateMutex_Object__PARAMS__C
0000b0c4   ti_sysbios_knl_Queue_Object__PARAMS__C
0000b0dc   xdc_runtime_Startup_firstFxns__A
0000b102   xdc_runtime_Startup_sfxnRts__A
0000b112   xdc_runtime_Text_nodeTab__A
0000b122   ti_catalog_arm_cortexm4_tiva_ce_Boot_Module__id__C
0000b124   ti_sysbios_family_arm_m3_Hwi_excHookFuncs__A
0000b12c   ti_sysbios_knl_Idle_coreList__C
0000b134   ti_sysbios_knl_Idle_funcList__C
0000b13c   xdc_runtime_Startup_firstFxns__C
0000b144   xdc_runtime_Startup_lastFxns__C
0000b14c   ti_catalog_arm_cortexm4_tiva_ce_Boot_A_mustUseEnhancedClockMode__C
0000b150   ti_catalog_arm_cortexm4_tiva_ce_Boot_Module__diagsEnabled__C
0000b154   ti_catalog_arm_cortexm4_tiva_ce_Boot_Module__diagsIncluded__C
0000b158   ti_catalog_arm_cortexm4_tiva_ce_Boot_Module__diagsMask__C
0000b15c   ti_sysbios_BIOS_Module__diagsEnabled__C
0000b160   ti_sysbios_BIOS_Module__diagsIncluded__C
0000b164   ti_sysbios_BIOS_Module__diagsMask__C
0000b168   ti_sysbios_BIOS_installedErrorHook__C
0000b16c   ti_sysbios_family_arm_lm4_Timer_enableFunc__C
0000b170   ti_sysbios_family_arm_lm4_Timer_numTimerDevices__C
0000b174   ti_sysbios_family_arm_lm4_Timer_startupNeeded__C
0000b178   ti_sysbios_family_arm_m3_Hwi_E_NMI__C
0000b17c   ti_sysbios_family_arm_m3_Hwi_E_alreadyDefined__C
0000b180   ti_sysbios_family_arm_m3_Hwi_E_busFault__C
0000b184   ti_sysbios_family_arm_m3_Hwi_E_debugMon__C
0000b188   ti_sysbios_family_arm_m3_Hwi_E_hardFault__C
0000b18c   ti_sysbios_family_arm_m3_Hwi_E_memFault__C
0000b190   ti_sysbios_family_arm_m3_Hwi_E_noIsr__C
0000b194   ti_sysbios_family_arm_m3_Hwi_E_reserved__C
0000b198   ti_sysbios_family_arm_m3_Hwi_E_svCall__C
0000b19c   ti_sysbios_family_arm_m3_Hwi_E_usageFault__C
0000b1a0   ti_sysbios_family_arm_m3_Hwi_NUM_INTERRUPTS__C
0000b1a4   ti_sysbios_family_arm_m3_Hwi_ccr__C
0000b1a8   ti_sysbios_family_arm_m3_Hwi_dispatchTable__C
0000b1ac   ti_sysbios_family_arm_m3_Hwi_excHandlerFunc__C
0000b1b0   ti_sysbios_family_arm_m3_Hwi_excHookFuncs__C
0000b1b4   ti_sysbios_family_arm_m3_Hwi_priGroup__C
0000b1b8   ti_sysbios_family_arm_m3_Hwi_priorities__C
0000b1bc   ti_sysbios_gates_GateMutex_A_badContext__C
0000b1c0   ti_sysbios_gates_GateMutex_Instance_State_sem__O
0000b1c4   ti_sysbios_gates_GateMutex_Module__diagsEnabled__C
0000b1c8   ti_sysbios_gates_GateMutex_Module__diagsIncluded__C
0000b1cc   ti_sysbios_gates_GateMutex_Module__diagsMask__C
0000b1d0   ti_sysbios_heaps_HeapMem_A_align__C
0000b1d4   ti_sysbios_heaps_HeapMem_A_heapSize__C
0000b1d8   ti_sysbios_heaps_HeapMem_A_invalidFree__C
0000b1dc   ti_sysbios_heaps_HeapMem_A_zeroBlock__C
0000b1e0   ti_sysbios_heaps_HeapMem_E_memory__C
0000b1e4   ti_sysbios_heaps_HeapMem_Module__diagsEnabled__C
0000b1e8   ti_sysbios_heaps_HeapMem_Module__diagsIncluded__C
0000b1ec   ti_sysbios_heaps_HeapMem_Module__diagsMask__C
0000b1f0   ti_sysbios_heaps_HeapMem_Module__gateObj__C
0000b1f4   ti_sysbios_heaps_HeapMem_Object__count__C
0000b1f8   ti_sysbios_heaps_HeapMem_reqAlign__C
0000b1fc   ti_sysbios_knl_Clock_Module_State_clockQ__O
0000b200   ti_sysbios_knl_Semaphore_A_badContext__C
0000b204   ti_sysbios_knl_Semaphore_A_noEvents__C
0000b208   ti_sysbios_knl_Semaphore_A_overflow__C
0000b20c   ti_sysbios_knl_Semaphore_A_pendTaskDisabled__C
0000b210   ti_sysbios_knl_Semaphore_Instance_State_pendQ__O
0000b214   ti_sysbios_knl_Semaphore_Module__diagsEnabled__C
0000b218   ti_sysbios_knl_Semaphore_Module__diagsIncluded__C
0000b21c   ti_sysbios_knl_Semaphore_Module__diagsMask__C
0000b220   ti_sysbios_knl_Task_A_badTimeout__C
0000b224   ti_sysbios_knl_Task_A_sleepTaskDisabled__C
0000b228   ti_sysbios_knl_Task_Module_State_inactiveQ__O
0000b22c   ti_sysbios_knl_Task_Module__diagsEnabled__C
0000b230   ti_sysbios_knl_Task_Module__diagsIncluded__C
0000b234   ti_sysbios_knl_Task_Module__diagsMask__C
0000b238   ti_sysbios_knl_Task_Object__count__C
0000b23c   ti_sysbios_knl_Task_allBlockedFunc__C
0000b240   ti_sysbios_knl_Task_numConstructedTasks__C
0000b244   xdc_runtime_Assert_E_assertFailed__C
0000b248   xdc_runtime_Core_A_initializedParams__C
0000b24c   xdc_runtime_Core_Module__diagsEnabled__C
0000b250   xdc_runtime_Core_Module__diagsIncluded__C
0000b254   xdc_runtime_Core_Module__diagsMask__C
0000b258   xdc_runtime_Error_E_memory__C
0000b25c   xdc_runtime_Error_Module__diagsEnabled__C
0000b260   xdc_runtime_Error_Module__diagsIncluded__C
0000b264   xdc_runtime_Error_Module__diagsMask__C
0000b268   xdc_runtime_Error_Module__loggerFxn8__C
0000b26c   xdc_runtime_Error_Module__loggerObj__C
0000b270   xdc_runtime_Error_raiseHook__C
0000b274   xdc_runtime_IGateProvider_Interface__BASE__C
0000b278   xdc_runtime_IHeap_Interface__BASE__C
0000b27c   xdc_runtime_IModule_Interface__BASE__C
0000b280   xdc_runtime_Log_L_error__C
0000b284   xdc_runtime_Main_Module__diagsEnabled__C
0000b288   xdc_runtime_Main_Module__diagsIncluded__C
0000b28c   xdc_runtime_Main_Module__diagsMask__C
0000b290   xdc_runtime_Main_Module__loggerFxn2__C
0000b294   xdc_runtime_Main_Module__loggerObj__C
0000b298   xdc_runtime_Memory_defaultHeapInstance__C
0000b29c   xdc_runtime_Startup_execImpl__C
0000b2a0   xdc_runtime_Startup_lastFxns__A
0000b2a4   xdc_runtime_Startup_maxPasses__C
0000b2a8   xdc_runtime_Startup_sfxnRts__C
0000b2ac   xdc_runtime_Startup_sfxnTab__C
0000b2b0   xdc_runtime_SysCallback_abortFxn__C
0000b2b4   xdc_runtime_SysCallback_exitFxn__C
0000b2b8   xdc_runtime_SysCallback_flushFxn__C
0000b2bc   xdc_runtime_SysCallback_putchFxn__C
0000b2c0   xdc_runtime_SysCallback_readyFxn__C
0000b2c4   xdc_runtime_System_Module__gateObj__C
0000b2c8   xdc_runtime_System_extendFxn__C
0000b2cc   xdc_runtime_System_maxAtexitHandlers__C
0000b2d0   xdc_runtime_Text_charTab__C
0000b2d4   xdc_runtime_Text_nameEmpty__C
0000b2d8   xdc_runtime_Text_nameStatic__C
0000b2dc   xdc_runtime_Text_nameUnknown__C
0000b2e0   xdc_runtime_Text_nodeTab__C
0000b2e4   xdc_runtime_Text_visitRopeFxn__C
0000b2e8   ti_sysbios_BIOS_Module__id__C
0000b2ea   ti_sysbios_family_arm_m3_Hwi_Module__id__C
0000b2ec   ti_sysbios_gates_GateMutex_Module__id__C
0000b2ee   ti_sysbios_heaps_HeapMem_Module__id__C
0000b2f0   ti_sysbios_knl_Semaphore_Module__id__C
0000b2f2   ti_sysbios_knl_Task_Module__id__C
0000b2f4   ti_sysbios_knl_Task_initStackFlag__C
0000b2f6   xdc_runtime_Core_Module__id__C
0000b2f8   xdc_runtime_Error_Module__loggerDefined__C
0000b2fa   xdc_runtime_Error_maxDepth__C
0000b2fc   xdc_runtime_Main_Module__id__C
0000b2fe   xdc_runtime_Main_Module__loggerDefined__C
0000b300   xdc_runtime_Memory_Module__id__C
0000b302   xdc_runtime_Text_charCnt__C
0000b304   xdc_runtime_Text_isLoaded__C
0000b306   xdc_runtime_Text_registryModsLastId__C
0000b308   xdc_runtime_Text_unnamedModsLastId__C
0000b68c   __TI_Handler_Table_Base
0000b698   __TI_Handler_Table_Limit
0000b6a8   __TI_CINIT_Base
0000b6c0   __TI_CINIT_Limit
20000000   ti_sysbios_family_arm_m3_Hwi_ramVectors
20000360   ti_sysbios_knl_Task_Instance_State_0_stack__A
20000b60   ti_sysbios_knl_Task_Instance_State_1_stack__A
20001160   ti_sysbios_knl_Task_Instance_State_2_stack__A
20001960   ti_sysbios_knl_Task_Instance_State_3_stack__A
20002160   ti_sysbios_heaps_HeapMem_Instance_State_0_buf__A
20002560   __CIOBUF_
20002680   __TI_tmpnams
20002720   uartTivaObjects
200027a8   callbackHwi
200027c4   callbackHwi2
200027e8   ui32Load
200027ec   ui32PWMClock
200027f0   ti_sysbios_family_arm_m3_Hwi_Module_State_0_dispatchTable__A
20002b50   ti_sysbios_BIOS_Module__state__V
20002b70   ti_sysbios_family_arm_lm4_Timer_Module__root__V
20002b78   ti_sysbios_family_arm_lm4_Timer_Module_State_0_handles__A
20002b90   ti_sysbios_family_arm_lm4_Timer_Module__state__V
20002b9c   ti_sysbios_family_arm_m3_Hwi_Module__root__V
20002ba4   ti_sysbios_family_arm_m3_Hwi_Object__table__V
20002bbc   ti_sysbios_family_arm_m3_Hwi_Module_State_0_excActive__A
20002bc0   ti_sysbios_family_arm_m3_Hwi_Module_State_0_excContext__A
20002bc4   ti_sysbios_family_arm_m3_Hwi_Module_State_0_excStack__A
20002bc8   ti_sysbios_gates_GateHwi_Module__root__V
20002bd0   ti_sysbios_gates_GateHwi_Object__table__V
20002bd4   ti_sysbios_gates_GateMutex_Module__root__V
20002bdc   ti_sysbios_hal_Hwi_Module__root__V
20002be4   ti_sysbios_hal_Timer_Module__root__V
20002bec   ti_sysbios_hal_Timer_Object__table__V
20002bf4   ti_sysbios_heaps_HeapMem_Module__root__V
20002bfc   ti_sysbios_heaps_HeapMem_Object__table__V
20002c14   ti_sysbios_knl_Clock_Module__root__V
20002c1c   ti_sysbios_knl_Queue_Module__root__V
20002c24   ti_sysbios_knl_Semaphore_Module__root__V
20002c2c   ti_sysbios_knl_Swi_Module__root__V
20002c34   ti_sysbios_knl_Swi_Module_State_0_readyQ__A
20002c3c   ti_sysbios_knl_Swi_Module__state__V
20002c58   ti_sysbios_knl_Task_Module__root__V
20002c60   ti_sysbios_knl_Task_Module_State_0_readyQ__A
20002c80   ti_sysbios_knl_Task_Module_State_0_idleTask__A
20002c84   xdc_runtime_Error_Module__state__V
20002c88   xdc_runtime_Memory_Module__state__V
20002c8c   xdc_runtime_Registry_Module__state__V
20002c94   xdc_runtime_Startup_Module__state__V
20002c9c   xdc_runtime_System_Module_State_0_atexitHandlers__A
20002ca4   xdc_runtime_System_Module__state__V
20002cb0   xdc_runtime_Text_Module__state__V
20002cb8   __xdc__init__addr
20002cbc   ti_sysbios_knl_Task_Object__table__V
20002da0   TSK_idle
20002dec   _ftable
20003060   _Denorm
20003070   _Eps
20003080   _Hugeval
20003090   _Inf
200030a0   _Nan
200030b0   _Snan
200030c0   _Rteps
200030d0   _Xbig
200030d8   _Zero
200030e0   _FDenorm
200030f0   _FEps
20003100   _FInf
20003110   _FNan
20003120   _FSnan
20003130   _FRteps
20003140   _FXbig
20003144   _FZero
20003148   ti_sysbios_family_arm_m3_Hwi_Module__state__V
200031a4   ti_sysbios_knl_Task_Module__state__V
200031e8   Gyro_Memory
20003224   RxData
20003260   ti_sysbios_family_arm_lm4_Timer_Object__table__V
20003298   ti_sysbios_gates_GateMutex_Object__table__V
200032d0   controlData
20003304   ti_sysbios_family_arm_lm4_Timer_Module_State_0_device__A
20003334   ti_sysbios_knl_Clock_Module__state__V
2000335c   IMUdata
20003398   Gyro_Offset
200033a4   Magn_Offset
200033b0   State
200033c0   __TI_ft_end
200033c4   __aeabi_stdin
200033c8   __aeabi_stdout
200033cc   __aeabi_stderr
200033d8   _lock
200033dc   _unlock
200033e0   __TI_cleanup_ptr
200033e4   __TI_dtors_ptr
200033e8   _Fenv
200033ec   _Tls_setup__Fenv
200033f4   _Errno
200033fc   main_func_sp
20003404   RXChannelLock
20003405   currentRXChannel
20003408   __stack
20003508   __STACK_TOP
20003a08   __STACK_END
e000e000   ti_sysbios_family_arm_m3_Hwi_nvic
ffffffff   __binit__
ffffffff   __c_args__
ffffffff   binit
UNDEFED    SHT$$INIT_ARRAY$$Base
UNDEFED    SHT$$INIT_ARRAY$$Limit

[738 symbols]
