******************************************************************************
                  TI ARM Linker PC v5.1.1                      
******************************************************************************
>> Linked Mon Mar 24 07:48:02 2014

OUTPUT FILE NAME:   <KIRC_FltCmp_Software.out>
ENTRY POINT SYMBOL: "_c_int00"  address: 00008b25


MEMORY CONFIGURATION

         name            origin    length      used     unused   attr    fill
----------------------  --------  ---------  --------  --------  ----  --------
  FLASH                 00000000   00040000  0000cde8  00033218  R  X
  SRAM                  20000000   00008000  00003a06  000045fa  RW X


SEGMENT ALLOCATION MAP

run origin  load origin   length   init length attrs members
----------  ----------- ---------- ----------- ----- -------
00000000    00000000    0000cdf0   0000cdf0    r-x
  00000000    00000000    00000360   00000360    r-- .resetVecs
  00000360    00000360    0000a754   0000a754    r-x .text
  0000aab8    0000aab8    00001f7c   00001f7c    r-- .const
  0000ca38    0000ca38    000003b8   000003b8    r-- .cinit
20000000    20000000    00003a08   00000000    rw-
  20000000    20000000    00000360   00000000    rw- .vecs
  20000360    20000360    00002490   00000000    rw- .bss
  200027f0    200027f0    00000c16   00000000    rw- .data
  20003408    20003408    00000600   00000000    rw- .stack


SECTION ALLOCATION MAP

 output                                  attributes/
section   page    origin      length       input sections
--------  ----  ----------  ----------   ----------------
.bootVecs 
*          0    00000000    00000008     DSECT
                  00000000    00000008     boot.aem4f : boot.oem4f (.bootVecs)

.resetVecs 
*          0    00000000    00000360     
                  00000000    00000360     KIRC_FltCmp_RTOS_pem4f.oem4f (.resetVecs)

xdc.meta   0    00000000    00000108     COPY SECTION
                  00000000    00000108     KIRC_FltCmp_RTOS_pem4f.oem4f (xdc.meta)

.text      0    00000360    0000a754     
                  00000360    00000e8c     rtsv7M4_T_le_v4SPD16_eabi.lib : _printfi.obj (.text)
                  000011ec    00000a9c     quaternion.obj (.text:Update_State)
                  00001c88    00000658     Main.obj (.text:ControlFxn)
                  000022e0    0000042c     sysbios.aem4f : BIOS.obj (.text:ti_sysbios_family_arm_m3_Hwi_excDumpRegs__I)
                  0000270c    00000344     ti.targets.arm.rtsarm.aem4f : System.oem4f (.text:xdc_runtime_System_doPrint__I)
                  00002a50    00000310     rtsv7M4_T_le_v4SPD16_eabi.lib : lowlev.obj (.text)
                  00002d60    000002d4                                   : trgdrv.obj (.text)
                  00003034    000002b0     sysbios.aem4f : BIOS.obj (.text:ti_sysbios_knl_Semaphore_pend__E)
                  000032e4    00000248                   : BIOS.obj (.text:ti_sysbios_heaps_HeapMem_free__E)
                  0000352c    00000234                   : BIOS.obj (.text:ti_sysbios_heaps_HeapMem_alloc__E)
                  00003760    0000020c                   : BIOS.obj (.text:ti_sysbios_family_arm_lm4_Timer_start__E)
                  0000396c    00000200                   : BIOS.obj (.text:ti_sysbios_family_arm_m3_Hwi_excHandlerMax__I)
                  00003b6c    000001f4     RxFunctions.obj (.text:ProcessRxData)
                  00003d60    000001f4     rtsv7M4_T_le_v4SPD16_eabi.lib : ull_div_t2.obj (.text)
                  00003f54    000001c0                                   : fopen.obj (.text)
                  00004114    000001b6                                   : fd_add_t2.obj (.text)
                  000042ca    00000002     sysbios.aem4f : BIOS.obj (.text:ti_sysbios_BIOS_nullFunc__I)
                  000042cc    000001b4                   : BIOS.obj (.text:ti_sysbios_knl_Task_sleep__E)
                  00004480    00000190                   : BIOS.obj (.text:ti_sysbios_knl_Task_Module_startup__F)
                  00004610    0000018c     rtsv7M4_T_le_v4SPD16_eabi.lib : xatan.obj (.text)
                  0000479c    00000188     sensors.obj (.text:Filter_GyroData)
                  00004924    00000168     sysbios.aem4f : BIOS.obj (.text:ti_sysbios_family_arm_m3_Hwi_excBusFault__I)
                  00004a8c    0000015c     sensors.obj (.text:Read_Gyro)
                  00004be8    0000015c     uart_tivaware.aem4f : UARTTiva.oem4f (.text:UARTTiva_open)
                  00004d44    00000154     sysbios.aem4f : BIOS.obj (.text:ti_sysbios_family_arm_m3_Hwi_excUsageFault__I)
                  00004e98    00000148     rtsv7M4_T_le_v4SPD16_eabi.lib : sqrt.obj (.text)
                  00004fe0    00000140     Main.obj (.text:ReadInputFxn)
                  00005120    00000140     sysbios.aem4f : BIOS.obj (.text:ti_sysbios_family_arm_m3_Hwi_excMemFault__I)
                  00005260    0000013c     sensors.obj (.text:Calib_Gyro)
                  0000539c    0000013c     motors.obj (.text:motors_init)
                  000054d8    0000013c     ti.targets.arm.rtsarm.aem4f : Error.oem4f (.text:xdc_runtime_Error_raiseX__F)
                  00005614    00000138     sysbios.aem4f : BIOS.obj (.text:ti_sysbios_heaps_HeapMem_Instance_init__F)
                  0000574c    00000136     rtsv7M4_T_le_v4SPD16_eabi.lib : fd_div_t2.obj (.text)
                  00005882    00000002     sysbios.aem4f : BIOS.obj (.text:ti_sysbios_family_arm_m3_Hwi_doSwiRestore__I)
                  00005884    00000134     rtsv7M4_T_le_v4SPD16_eabi.lib : fputs.obj (.text)
                  000059b8    00000134     sysbios.aem4f : m3_Hwi_asm.obj (.text:ti_sysbios_family_arm_m3_Hwi_dispatch__I)
                  00005aec    00000130     driverlib.lib : gpio.obj (.text:GPIOPadConfigSet)
                  00005c1c    00000124     uart_tivaware.aem4f : UARTTiva.oem4f (.text:UARTTiva_hwiIntFxn)
                  00005d40    0000011c     rtsv7M4_T_le_v4SPD16_eabi.lib : asin.obj (.text)
                  00005e5c    00000110                                   : xdscale.obj (.text)
                  00005f6c    0000010c     Boot.aem4f : Boot_sysctl.oem4f (.text:ti_catalog_arm_cortexm4_tiva_ce_Boot_sysCtlClockSetI__I)
                  00006078    00000108     UARTUtils.obj (.text:openHandle)
                  00006180    00000104     ti.targets.arm.rtsarm.aem4f : Core-mem.oem4f (.text:xdc_runtime_Core_createObject__I)
                  00006284    00000104     KIRC_FltCmp_RTOS_pem4f.oem4f (.text:xdc_runtime_System_printfExtend__I)
                  00006388    000000fc     rtsv7M4_T_le_v4SPD16_eabi.lib : fd_mul_t2.obj (.text)
                  00006484    000000f8     ti.targets.arm.rtsarm.aem4f : Startup.oem4f (.text:xdc_runtime_Startup_startMods__I)
                  0000657c    000000f4     rtsv7M4_T_le_v4SPD16_eabi.lib : dtor_list.obj (.text)
                  00006670    000000f0     Main.obj (.text:main)
                  00006760    000000ec     sysbios.aem4f : BIOS.obj (.text:ti_sysbios_knl_Semaphore_post__E)
                  0000684c    000000e8     EK_TM4C123GXL.obj (.text:EK_TM4C123GXL_initGPIO)
                  00006934    000000e8     sysbios.aem4f : BIOS.obj (.text:ti_sysbios_family_arm_m3_Hwi_initNVIC__E)
                  00006a1c    000000e4     sensors.obj (.text:Calib_Accel)
                  00006b00    000000dc     uart_tivaware.aem4f : UARTTiva.oem4f (.text:UARTTiva_write)
                  00006bdc    000000dc     rtsv7M4_T_le_v4SPD16_eabi.lib : setvbuf.obj (.text)
                  00006cb8    000000d8     motors.obj (.text:motors_out)
                  00006d90    000000d8     rtsv7M4_T_le_v4SPD16_eabi.lib : atan2f.obj (.text)
                  00006e68    000000d2     uart_tivaware.aem4f : UARTTiva.oem4f (.text:UARTTiva_read)
                  00006f3a    00000002     sysbios.aem4f : BIOS.obj (.text:ti_sysbios_gates_GateHwi_Instance_init__F)
                  00006f3c    000000c8     driverlib.lib : sysctl.obj (.text:SysCtlClockGet)
                  00007004    000000c4     rtsv7M4_T_le_v4SPD16_eabi.lib : xdnorm.obj (.text)
                  000070c8    000000c0                                   : fflush.obj (.text)
                  00007188    000000b4     quaternion.obj (.text:StateEst_Calib)
                  0000723c    000000b4     sysbios.aem4f : BIOS.obj (.text:ti_sysbios_family_arm_m3_Hwi_excHardFault__I)
                  000072f0    000000b4                   : BIOS.obj (.text:ti_sysbios_gates_GateMutex_enter__E)
                  000073a4    000000b0                   : BIOS.obj (.text:ti_sysbios_family_arm_m3_Hwi_excDebugMon__I)
                  00007454    000000ac     rtsv7M4_T_le_v4SPD16_eabi.lib : _io_perm.obj (.text)
                  00007500    000000ac     sysbios.aem4f : BIOS.obj (.text:ti_sysbios_family_arm_lm4_Timer_enableTiva__I)
                  000075ac    000000a8     rtsv7M4_T_le_v4SPD16_eabi.lib : xfatan.obj (.text)
                  00007654    000000a8     sysbios.aem4f : BIOS.obj (.text:ti_sysbios_knl_Semaphore_Instance_init__F)
                  000076fc    000000a4                   : BIOS.obj (.text:ti_sysbios_family_arm_lm4_Timer_enableTimers__I)
                  000077a0    000000a4                   : BIOS.obj (.text:ti_sysbios_family_arm_m3_Hwi_Module_startup__F)
                  00007844    000000a0     auto_init.aem4f : auto_init.oem4f (.text)
                  000078e4    0000009c     rtsv7M4_T_le_v4SPD16_eabi.lib : fputc.obj (.text)
                  00007980    0000009c                                   : memcpy_t2.obj (.text)
                  00007a1c    0000009a     ti.targets.arm.rtsarm.aem4f : Text.oem4f (.text:xdc_runtime_Text_putSite__F)
                  00007ab6    00000002     sysbios.aem4f : BIOS.obj (.text:ti_sysbios_knl_Clock_logTick__E)
                  00007ab8    00000098     rtsv7M4_T_le_v4SPD16_eabi.lib : fclose.obj (.text)
                  00007b50    00000094     RxFunctions.obj (.text:ProcessStateMachine)
                  00007be4    00000094     Boot.aem4f : Boot.oem4f (.text:ti_catalog_arm_cortexm4_tiva_ce_Boot_sysCtlClockSet__E)
                  00007c78    00000094     ti.targets.arm.rtsarm.aem4f : Text.oem4f (.text:xdc_runtime_Text_putMod__F)
                  00007d0c    0000008c     UARTUtils.obj (.text:UARTUtils_systemInit)
                  00007d98    0000008c     sysbios.aem4f : BIOS.obj (.text:ti_sysbios_family_arm_m3_Hwi_Instance_init__F)
                  00007e24    0000008c                   : m3_TaskSupport_asm.obj (.text:ti_sysbios_family_arm_m3_TaskSupport_buildTaskStack)
                  00007eb0    00000088     Main.obj (.text:ReadSensorsFxn)
                  00007f38    00000084     sensors.obj (.text:GetData_Accel)
                  00007fbc    00000084     sensors.obj (.text:GetData_Gyro)
                  00008040    00000084     RxFunctions.obj (.text:RCinputIntHandler)
                  000080c4    00000084     sensors.obj (.text:Read_Accel)
                  00008148    0000007e     rtsv7M4_T_le_v4SPD16_eabi.lib : fd_cmp_t2.obj (.text:__aeabi_cdcmple)
                  000081c6    0000007e                                   : fd_cmp_t2.obj (.text:__aeabi_cdrcmple)
                  00008244    00000078                                   : memset_t2.obj (.text)
                  000082bc    00000070                                   : printf.obj (.text)
                  0000832c    00000070     KIRC_FltCmp_RTOS_pem4f.oem4f (.text:ti_sysbios_family_arm_m3_Hwi_Object__create__S)
                  0000839c    00000070     sysbios.aem4f : BIOS.obj (.text:ti_sysbios_family_arm_m3_Hwi_reconfig__E)
                  0000840c    00000070                   : BIOS.obj (.text:ti_sysbios_knl_Clock_workFunc__E)
                  0000847c    00000070     ti.targets.arm.rtsarm.aem4f : Memory.oem4f (.text:xdc_runtime_Memory_alloc__F)
                  000084ec    0000006c     EK_TM4C123GXL.obj (.text:EK_TM4C123GXL_initPWM)
                  00008558    0000006c     sysbios.aem4f : BIOS.obj (.text:ti_sysbios_knl_Task_exit__E)
                  000085c4    0000006c     ti.targets.arm.rtsarm.aem4f : Error.oem4f (.text:xdc_runtime_Error_print__F)
                  00008630    00000068     sysbios.aem4f : BIOS.obj (.text:ti_sysbios_BIOS_rtsUnlock__I)
                  00008698    00000066     uart_tivaware.aem4f : UARTTiva.oem4f (.text:UARTTiva_readPolling)
                  000086fe    00000066     ti.targets.arm.rtsarm.aem4f : Core-mem.oem4f (.text:xdc_runtime_Core_deleteObject__I)
                  00008764    00000064     rtsv7M4_T_le_v4SPD16_eabi.lib : fseek.obj (.text)
                  000087c8    00000064                                   : xdunscal.obj (.text)
                  0000882c    00000064     sysbios.aem4f : BIOS.obj (.text:ti_sysbios_knl_Task_startCore__E)
                  00008890    00000060     sensors.obj (.text:I2C0_RxData)
                  000088f0    00000060     rtsv7M4_T_le_v4SPD16_eabi.lib : trgmsg.obj (.text)
                  00008950    00000060     sysbios.aem4f : BIOS.obj (.text:ti_sysbios_family_arm_lm4_Timer_isrStub__E)
                  000089b0    0000005e     rtsv7M4_T_le_v4SPD16_eabi.lib : copy_decompress_rle.obj (.text)
                  00008a0e    00000002     KIRC_FltCmp_RTOS_pem4f.oem4f (.text:xdc_runtime_Startup_reset__I)
                  00008a10    0000005c     sysbios.aem4f : BIOS.obj (.text:ti_sysbios_family_arm_lm4_Timer_Module_startup__F)
                  00008a6c    0000005b     ti.targets.arm.rtsarm.aem4f : Text.oem4f (.text:xdc_runtime_Text_putLab__F)
                  00008ac7    00000001     --HOLE-- [fill = 0]
                  00008ac8    0000005a     rtsv7M4_T_le_v4SPD16_eabi.lib : ltoa.obj (.text)
                  00008b22    00000002     ti.targets.arm.rtsarm.aem4f : SysCallback.oem4f (.text:xdc_runtime_SysCallback_defaultExit)
                  00008b24    00000058     boot.aem4f : boot.oem4f (.text)
                  00008b7c    00000058     sensors.obj (.text:I2C0_TxData)
                  00008bd4    00000058     sysbios.aem4f : BIOS.obj (.text:ti_sysbios_family_arm_m3_Hwi_dispatchC__I)
                  00008c2c    00000056     driverlib.lib : gpio.obj (.text:GPIOIntTypeSet)
                  00008c82    00000002     ti.targets.arm.rtsarm.aem4f : SysCallback.oem4f (.text:xdc_runtime_SysCallback_defaultFlush)
                  00008c84    00000054     gpio_tivaware.aem4f : GPIO.oem4f (.text:GPIO_setupCallbacks)
                  00008cd8    00000054     sysbios.aem4f : BIOS.obj (.text:ti_sysbios_knl_Task_processVitalTaskFlag__I)
                  00008d2c    00000050                   : BIOS.obj (.text:ti_sysbios_knl_Task_schedule__I)
                  00008d7c    00000050     ti.targets.arm.rtsarm.aem4f : Startup.oem4f (.text:xdc_runtime_Startup_exec__F)
                  00008dcc    00000050                                 : System.oem4f (.text:xdc_runtime_System_formatNum__I)
                  00008e1c    00000050                                 : Text.oem4f (.text:xdc_runtime_Text_visitRope2__I)
                  00008e6c    0000004c     rtsv7M4_T_le_v4SPD16_eabi.lib : atoi.obj (.text)
                  00008eb8    0000004a                                   : fd_tos_t2.obj (.text)
                  00008f02    00000002     --HOLE-- [fill = 0]
                  00008f04    00000048     driverlib.lib : gpio.obj (.text:GPIOPinConfigure)
                  00008f4c    00000048     EK_TM4C123GXL.obj (.text:I2C0_MasterInit)
                  00008f94    00000048     driverlib.lib : i2c.obj (.text:I2CMasterInitExpClk)
                  00008fdc    00000048     rtsv7M4_T_le_v4SPD16_eabi.lib : fd_toi_t2.obj (.text)
                  00009024    00000048     sysbios.aem4f : BIOS.obj (.text:ti_sysbios_BIOS_errorRaiseHook__I)
                  0000906c    00000048                   : BIOS.obj (.text:ti_sysbios_family_arm_m3_Hwi_excReserved__I)
                  000090b4    00000048                   : BIOS.obj (.text:ti_sysbios_heaps_HeapMem_getStats__E)
                  000090fc    00000048     ti.targets.arm.rtsarm.aem4f : Assert.oem4f (.text:xdc_runtime_Assert_raise__I)
                  00009144    00000048                                 : Core-params.oem4f (.text:xdc_runtime_Core_assignParams__I)
                  0000918c    00000044     rtsv7M4_T_le_v4SPD16_eabi.lib : cpy_tbl.obj (.text)
                  000091d0    00000044                                   : exit.obj (.text)
                  00009214    00000044                                   : xdtest.obj (.text)
                  00009258    00000044     sysbios.aem4f : BIOS.obj (.text:ti_sysbios_family_arm_lm4_Timer_stop__E)
                  0000929c    00000044                   : BIOS.obj (.text:ti_sysbios_family_arm_m3_Hwi_disableInterrupt__E)
                  000092e0    00000044                   : BIOS.obj (.text:ti_sysbios_family_arm_m3_Hwi_enableInterrupt__E)
                  00009324    00000044                   : BIOS.obj (.text:ti_sysbios_knl_Task_allBlockedFunction__I)
                  00009368    00000042     driverlib.lib : uart.obj (.text:UARTConfigSetExpClk)
                  000093aa    00000002     --HOLE-- [fill = 0]
                  000093ac    00000040     EK_TM4C123GXL.obj (.text:EK_TM4C123GXL_initGeneral)
                  000093ec    00000040     gpio_tivaware.aem4f : GPIO.oem4f (.text:GPIO_enableInt)
                  0000942c    00000040     uart_tivaware.aem4f : UARTTiva.oem4f (.text:UARTTiva_writePolling)
                  0000946c    00000040     rtsv7M4_T_le_v4SPD16_eabi.lib : signal.obj (.text)
                  000094ac    00000040     sysbios.aem4f : BIOS.obj (.text:ti_sysbios_family_arm_lm4_Timer_startup__E)
                  000094ec    00000040     KIRC_FltCmp_RTOS_pem4f.oem4f (.text:ti_sysbios_knl_Semaphore_Object__create__S)
                  0000952c    00000040     sysbios.aem4f : BIOS.obj (.text:ti_sysbios_knl_Semaphore_pendTimeout__I)
                  0000956c    00000040     ti.targets.arm.rtsarm.aem4f : System.oem4f (.text:xdc_runtime_System_atexit__F)
                  000095ac    0000003c     gpio_tivaware.aem4f : GPIO.oem4f (.text:GPIO_toggle)
                  000095e8    0000003c     sysbios.aem4f : BIOS.obj (.text:ti_sysbios_family_arm_m3_Hwi_excSvCall__I)
                  00009624    0000003c                   : BIOS.obj (.text:ti_sysbios_heaps_HeapMem_init__I)
                  00009660    0000003c     ti.targets.arm.rtsarm.aem4f : Text.oem4f (.text:xdc_runtime_Text_xprintf__I)
                  0000969c    00000038     uart_tivaware.aem4f : UART.oem4f (.text:UART_init)
                  000096d4    00000038     rtsv7M4_T_le_v4SPD16_eabi.lib : fs_tod_t2.obj (.text)
                  0000970c    00000038     sysbios.aem4f : BIOS.obj (.text:ti_sysbios_family_arm_m3_Hwi_excNoIsr__I)
                  00009744    00000038                   : BIOS.obj (.text:ti_sysbios_family_arm_m3_Hwi_getStackInfo__E)
                  0000977c    00000038                   : BIOS.obj (.text:ti_sysbios_family_arm_m3_TaskSupport_start__E)
                  000097b4    00000038     KIRC_FltCmp_RTOS_pem4f.oem4f (.text:ti_sysbios_gates_GateHwi_Object__create__S)
                  000097ec    00000038     KIRC_FltCmp_RTOS_pem4f.oem4f (.text:ti_sysbios_gates_GateMutex_Object__create__S)
                  00009824    00000038     KIRC_FltCmp_RTOS_pem4f.oem4f (.text:ti_sysbios_heaps_HeapMem_Object__create__S)
                  0000985c    00000038     KIRC_FltCmp_RTOS_pem4f.oem4f (.text:ti_sysbios_knl_Queue_Object__create__S)
                  00009894    00000034     RxFunctions.obj (.text:EnableRxInterrupts)
                  000098c8    00000034     driverlib.lib : sysctl.obj (.text:SysCtlPeripheralEnable)
                  000098fc    00000034     uart_tivaware.aem4f : UARTTiva.oem4f (.text:UARTTiva_close)
                  00009930    00000034     UARTUtils.obj (.text:UARTUtils_deviceread)
                  00009964    00000034     UARTUtils.obj (.text:UARTUtils_devicewrite)
                  00009998    00000034     UARTUtils.obj (.text:closeHandle)
                  000099cc    00000034     rtsv7M4_T_le_v4SPD16_eabi.lib : feraiseexcept.obj (.text)
                  00009a00    00000034                                   : xfdtest.obj (.text)
                  00009a34    00000034     sysbios.aem4f : BIOS.obj (.text:ti_sysbios_family_arm_m3_Hwi_excNmi__I)
                  00009a68    00000032     uart_tivaware.aem4f : UARTTiva.oem4f (.text:UARTTiva_readCancel)
                  00009a9a    00000032                         : UARTTiva.oem4f (.text:UARTTiva_writeCancel)
                  00009acc    00000030     rtsv7M4_T_le_v4SPD16_eabi.lib : strncpy.obj (.text)
                  00009afc    00000030                                   : xferaise.obj (.text)
                  00009b2c    00000030     sysbios.aem4f : BIOS.obj (.text:ti_sysbios_knl_Idle_run__E)
                  00009b5c    00000030                   : BIOS.obj (.text:ti_sysbios_knl_Task_unblockI__E)
                  00009b8c    00000030     ti.targets.arm.rtsarm.aem4f : Core-label.oem4f (.text:xdc_runtime_Core_assignLabel__I)
                  00009bbc    0000002f                                 : Text.oem4f (.text:xdc_runtime_Text_printVisFxn__I)
                  00009beb    00000001     --HOLE-- [fill = 0]
                  00009bec    0000002e     UARTUtils.obj (.text:UARTUtils_deviceopen)
                  00009c1a    0000002e     KIRC_FltCmp_RTOS_pem4f.oem4f (.text:malloc)
                  00009c48    0000002e     rtsv7M4_T_le_v4SPD16_eabi.lib : i_tofd_t2.obj (.text)
                  00009c76    0000002e                                   : raise.obj (.text)
                  00009ca4    0000002c     sensors.obj (.text:Accel_Init)
                  00009cd0    0000002c     EK_TM4C123GXL.obj (.text:EK_TM4C123GXL_initUART)
                  00009cfc    0000002c     uart_tivaware.aem4f : UART.oem4f (.text:UART_Params_init)
                  00009d28    0000002c     KIRC_FltCmp_RTOS_pem4f.oem4f (.text:ti_sysbios_BIOS_exitFunc__I)
                  00009d54    0000002c     sysbios.aem4f : BIOS.obj (.text:ti_sysbios_hal_Hwi_initStack:ti_sysbios_hal_Hwi_initStack)
                  00009d80    0000002c     KIRC_FltCmp_RTOS_pem4f.oem4f (.text:ti_sysbios_knl_Clock_doTick__I)
                  00009dac    0000002c     sysbios.aem4f : BIOS.obj (.text:ti_sysbios_knl_Task_sleepTimeout__I)
                  00009dd8    0000002c     ti.targets.arm.rtsarm.aem4f : System.oem4f (.text:xdc_runtime_System_rtsExit__I)
                  00009e04    0000002c                                 : Text.oem4f (.text:xdc_runtime_Text_cordText__F)
                  00009e30    0000002a     driverlib.lib : gpio.obj (.text:GPIODirModeSet)
                  00009e5a    0000002a     gpio_tivaware.aem4f : GPIO.oem4f (.text:GPIO_hwiIntFxn)
                  00009e84    0000002a     ti.targets.arm.rtsarm.aem4f : System.oem4f (.text:xdc_runtime_System_putchar__I)
                  00009eae    00000028     RxFunctions.obj (.text:ClearRxInterrupts)
                  00009ed6    00000028     RxFunctions.obj (.text:DisableRxInterrupts)
                  00009efe    00000002     --HOLE-- [fill = 0]
                  00009f00    00000028     gpio_tivaware.aem4f : GPIO.oem4f (.text:GPIO_write)
                  00009f28    00000028     sysbios.aem4f : m3_Hwi_asm_switch.obj (.text:ti_sysbios_family_arm_m3_Hwi_initStacks__E)
                  00009f50    00000028                   : BIOS.obj (.text:ti_sysbios_gates_GateMutex_Instance_init__F)
                  00009f78    00000028                   : BIOS.obj (.text:ti_sysbios_knl_Task_restore__E)
                  00009fa0    00000026     ti.targets.arm.rtsarm.aem4f : System.oem4f (.text:xdc_runtime_System_avprintf__F)
                  00009fc6    00000002     --HOLE-- [fill = 0]
                  00009fc8    00000024     gpio_tivaware.aem4f : GPIO.oem4f (.text:GPIO_disableInt)
                  00009fec    00000024                         : GPIO.oem4f (.text:GPIO_init)
                  0000a010    00000024     UARTUtils.obj (.text:UARTUtils_systemAbort)
                  0000a034    00000024     sysbios.aem4f : BIOS.obj (.text:ti_sysbios_BIOS_registerRTSLock__I)
                  0000a058    00000024                   : BIOS.obj (.text:ti_sysbios_family_arm_m3_Hwi_Instance_finalize__F)
                  0000a07c    00000024     KIRC_FltCmp_RTOS_pem4f.oem4f (.text:ti_sysbios_gates_GateMutex_Object__delete__S)
                  0000a0a0    00000024     sysbios.aem4f : BIOS.obj (.text:ti_sysbios_knl_Clock_Module_startup__F)
                  0000a0c4    00000024     ti.targets.arm.rtsarm.aem4f : System.oem4f (.text:xdc_runtime_System_vprintf__F)
                  0000a0e8    00000022     driverlib.lib : pwm.obj (.text:PWMGenConfigure)
                  0000a10a    00000002     --HOLE-- [fill = 0]
                  0000a10c    00000020     UARTUtils.obj (.text:UARTUtils_systemPutch)
                  0000a12c    00000020     KIRC_FltCmp_RTOS_pem4f.oem4f (.text:ti_sysbios_BIOS_startFunc__I)
                  0000a14c    00000020     sysbios.aem4f : BIOS.obj (.text:ti_sysbios_family_arm_m3_Hwi_doTaskRestore__I)
                  0000a16c    00000020     KIRC_FltCmp_RTOS_pem4f.oem4f (.text:ti_sysbios_gates_GateHwi_Object__delete__S)
                  0000a18c    00000020     KIRC_FltCmp_RTOS_pem4f.oem4f (.text:ti_sysbios_heaps_HeapMem_Object__delete__S)
                  0000a1ac    00000020     KIRC_FltCmp_RTOS_pem4f.oem4f (.text:ti_sysbios_knl_Semaphore_Object__destruct__S)
                  0000a1cc    00000020     sysbios.aem4f : BIOS.obj (.text:ti_sysbios_knl_Task_enter__I)
                  0000a1ec    00000020     ti.targets.arm.rtsarm.aem4f : Registry.oem4f (.text:xdc_runtime_Registry_findById__F)
                  0000a20c    0000001e     driverlib.lib : pwm.obj (.text:PWMPulseWidthSet)
                  0000a22a    0000001e     sysbios.aem4f : BIOS.obj (.text:ti_sysbios_family_arm_lm4_Timer_write__I)
                  0000a248    0000001c     driverlib.lib : uart.obj (.text:UARTDisable)
                  0000a264    0000001c     rtsv7M4_T_le_v4SPD16_eabi.lib : memccpy.obj (.text)
                  0000a280    0000001c     sysbios.aem4f : BIOS.obj (.text:ti_sysbios_BIOS_rtsLock__I)
                  0000a29c    0000001c     KIRC_FltCmp_RTOS_pem4f.oem4f (.text:ti_sysbios_family_arm_m3_Hwi_Object__destruct__S)
                  0000a2b8    0000001c     KIRC_FltCmp_RTOS_pem4f.oem4f (.text:ti_sysbios_knl_Queue_Object__destruct__S)
                  0000a2d4    0000001c     ti.targets.arm.rtsarm.aem4f : Error.oem4f (.text:xdc_runtime_Error_check__F)
                  0000a2f0    0000001c                                 : Memory.oem4f (.text:xdc_runtime_Memory_valloc__F)
                  0000a30c    0000001a     motors.obj (.text:motorsDisable)
                  0000a326    0000001a     KIRC_FltCmp_RTOS_pem4f.oem4f (.text:xdc_runtime_System_aprintf__E)
                  0000a340    0000001a     KIRC_FltCmp_RTOS_pem4f.oem4f (.text:xdc_runtime_System_printf__E)
                  0000a35a    00000018     driverlib.lib : gpio.obj (.text:GPIOPinTypeGPIOOutput)
                  0000a372    00000018     sensors.obj (.text:Gyro_Init)
                  0000a38a    00000018     UARTUtils.obj (.text:UARTUtils_deviceclose)
                  0000a3a2    00000002     --HOLE-- [fill = 0]
                  0000a3a4    00000018     uart_tivaware.aem4f : UART.oem4f (.text:UART_open)
                  0000a3bc    00000018     KIRC_FltCmp_RTOS_pem4f.oem4f (.text:free)
                  0000a3d4    00000018     rtsv7M4_T_le_v4SPD16_eabi.lib : args_main.obj (.text)
                  0000a3ec    00000018                                   : ll_mul_t2.obj (.text)
                  0000a404    00000018                                   : strcmp.obj (.text)
                  0000a41c    00000018     KIRC_FltCmp_RTOS_pem4f.oem4f (.text:ti_sysbios_family_arm_lm4_Timer_Module__startupDone__F)
                  0000a434    00000018     KIRC_FltCmp_RTOS_pem4f.oem4f (.text:ti_sysbios_family_arm_m3_Hwi_Handle__label__S)
                  0000a44c    00000018     KIRC_FltCmp_RTOS_pem4f.oem4f (.text:ti_sysbios_family_arm_m3_Hwi_Module__startupDone__F)
                  0000a464    00000018     sysbios.aem4f : m3_TaskSupport_asm.obj (.text:ti_sysbios_family_arm_m3_TaskSupport_swap__E)
                  0000a47c    00000018     KIRC_FltCmp_RTOS_pem4f.oem4f (.text:ti_sysbios_gates_GateHwi_Handle__label__S)
                  0000a494    00000018     KIRC_FltCmp_RTOS_pem4f.oem4f (.text:ti_sysbios_gates_GateMutex_Handle__label__S)
                  0000a4ac    00000018     sysbios.aem4f : BIOS.obj (.text:ti_sysbios_gates_GateMutex_leave__E)
                  0000a4c4    00000018     KIRC_FltCmp_RTOS_pem4f.oem4f (.text:ti_sysbios_hal_Timer_Module__startupDone__F)
                  0000a4dc    00000018     KIRC_FltCmp_RTOS_pem4f.oem4f (.text:ti_sysbios_heaps_HeapMem_Handle__label__S)
                  0000a4f4    00000018     KIRC_FltCmp_RTOS_pem4f.oem4f (.text:ti_sysbios_knl_Task_Handle__label__S)
                  0000a50c    00000018     ti.targets.arm.rtsarm.aem4f : Text.oem4f (.text:xdc_runtime_Text_ropeText__F)
                  0000a524    00000016     rtsv7M4_T_le_v4SPD16_eabi.lib : memchr.obj (.text)
                  0000a53a    00000016                                   : strchr.obj (.text)
                  0000a550    00000014     gpio_tivaware.aem4f : GPIO.oem4f (.text:GPIO_clearInt)
                  0000a564    00000014     driverlib.lib : sysctl.obj (.text:SysCtlPWMClockSet)
                  0000a578    00000014                   : uart.obj (.text:UARTEnable)
                  0000a58c    00000014     UARTUtils.obj (.text:UARTUtils_systemReady)
                  0000a5a0    00000014     rtsv7M4_T_le_v4SPD16_eabi.lib : _lock.obj (.text)
                  0000a5b4    00000014                                   : strlen.obj (.text)
                  0000a5c8    00000014     sysbios.aem4f : BIOS.obj (.text:ti_sysbios_family_arm_m3_Hwi_switchFromBootStack__E)
                  0000a5dc    00000014     KIRC_FltCmp_RTOS_pem4f.oem4f (.text:ti_sysbios_heaps_HeapMem_Object__get__S)
                  0000a5f0    00000014     ti.targets.arm.rtsarm.aem4f : System.oem4f (.text:xdc_runtime_System_abort__F)
                  0000a604    00000012     driverlib.lib : gpio.obj (.text:GPIOPinTypeGPIOInput)
                  0000a616    00000012                   : gpio.obj (.text:GPIOPinTypeI2C)
                  0000a628    00000012                   : gpio.obj (.text:GPIOPinTypeI2CSCL)
                  0000a63a    00000012                   : gpio.obj (.text:GPIOPinTypePWM)
                  0000a64c    00000012                   : gpio.obj (.text:GPIOPinTypeUART)
                  0000a65e    00000012                   : pwm.obj (.text:PWMOutputState)
                  0000a670    00000012     UARTUtils.obj (.text:UARTUtils_devicelseek)
                  0000a682    00000012     rtsv7M4_T_le_v4SPD16_eabi.lib : copy_zero_init.obj (.text:decompress:ZI)
                  0000a694    00000012                                   : xdclass.obj (.text)
                  0000a6a6    00000012     sysbios.aem4f : BIOS.obj (.text:ti_sysbios_hal_Hwi_Module_startup__F)
                  0000a6b8    00000012                   : BIOS.obj (.text:ti_sysbios_hal_Timer_Module_startup__F)
                  0000a6ca    00000012     KIRC_FltCmp_RTOS_pem4f.oem4f (.text:xdc_runtime_Startup_exec__I)
                  0000a6dc    00000010     driverlib.lib : pwm.obj (.text:PWMGenPeriodSet)
                  0000a6ec    00000010     UARTUtils.obj (.text:UARTUtils_devicerename)
                  0000a6fc    00000010     rtsv7M4_T_le_v4SPD16_eabi.lib : strcpy.obj (.text)
                  0000a70c    00000010     sysbios.aem4f : BIOS.obj (.text:ti_sysbios_BIOS_getCpuFreq__E)
                  0000a71c    00000010                   : BIOS.obj (.text:ti_sysbios_BIOS_setThreadType__E)
                  0000a72c    00000010                   : BIOS.obj (.text:ti_sysbios_BIOS_start__E)
                  0000a73c    00000010                   : BIOS.obj (.text:ti_sysbios_family_arm_m3_Hwi_excHandler__I)
                  0000a74c    00000010                   : m3_TaskSupport_asm.obj (.text:ti_sysbios_family_arm_m3_TaskSupport_glue)
                  0000a75c    00000010                   : BIOS.obj (.text:ti_sysbios_gates_GateMutex_Instance_finalize__F)
                  0000a76c    00000010                   : BIOS.obj (.text:ti_sysbios_knl_Semaphore_Instance_finalize__F)
                  0000a77c    00000010     KIRC_FltCmp_RTOS_pem4f.oem4f (.text:ti_sysbios_knl_Task_Object__get__S)
                  0000a78c    00000010     sysbios.aem4f : BIOS.obj (.text:ti_sysbios_knl_Task_disable__E)
                  0000a79c    00000010     ti.targets.arm.rtsarm.aem4f : Gate.oem4f (.text:xdc_runtime_Gate_leaveSystem__F)
                  0000a7ac    00000010                                 : Memory.oem4f (.text:xdc_runtime_Memory_free__F)
                  0000a7bc    00000010                                 : SysCallback.oem4f (.text:xdc_runtime_SysCallback_abort__F)
                  0000a7cc    00000010                                 : SysCallback.oem4f (.text:xdc_runtime_SysCallback_exit__F)
                  0000a7dc    00000010                                 : SysCallback.oem4f (.text:xdc_runtime_SysCallback_flush__F)
                  0000a7ec    00000010                                 : SysCallback.oem4f (.text:xdc_runtime_SysCallback_putch__F)
                  0000a7fc    00000010                                 : SysCallback.oem4f (.text:xdc_runtime_SysCallback_ready__F)
                  0000a80c    00000010                                 : System.oem4f (.text:xdc_runtime_System_vsnprintf__F)
                  0000a81c    0000000e     driverlib.lib : gpio.obj (.text:GPIOIntDisable)
                  0000a82a    0000000e                   : gpio.obj (.text:GPIOIntStatus)
                  0000a838    0000000e                   : uart.obj (.text:UARTCharGetNonBlocking)
                  0000a846    0000000e                   : uart.obj (.text:UARTCharPutNonBlocking)
                  0000a854    0000000e     UARTUtils.obj (.text:UARTUtils_deviceunlink)
                  0000a862    0000000e     rtsv7M4_T_le_v4SPD16_eabi.lib : copy_decompress_none.obj (.text:decompress:none)
                  0000a870    0000000e     sysbios.aem4f : BIOS.obj (.text:ti_sysbios_knl_Queue_empty__E)
                  0000a87e    00000002     --HOLE-- [fill = 0]
                  0000a880    0000000c     KIRC_FltCmp_RTOS_pem4f.oem4f (.text:.bootCodeSection:ti_catalog_arm_cortexm4_tiva_ce_Boot_init__I)
                  0000a88c    0000000c     driverlib.lib : gpio.obj (.text:GPIOIntEnable)
                  0000a898    0000000c                   : pwm.obj (.text:PWMGenEnable)
                  0000a8a4    0000000c     sysbios.aem4f : BIOS.obj (.text:ti_sysbios_family_arm_lm4_Timer_masterDisable__I)
                  0000a8b0    0000000c     KIRC_FltCmp_RTOS_pem4f.oem4f (.text:ti_sysbios_family_arm_m3_Hwi_Params__init__S)
                  0000a8bc    0000000c     sysbios.aem4f : BIOS.obj (.text:ti_sysbios_family_arm_m3_Hwi_disableFxn__E)
                  0000a8c8    0000000c                   : BIOS.obj (.text:ti_sysbios_gates_GateHwi_enter__E)
                  0000a8d4    0000000c                   : BIOS.obj (.text:ti_sysbios_knl_Clock_getTicks__E)
                  0000a8e0    0000000c     KIRC_FltCmp_RTOS_pem4f.oem4f (.text:ti_sysbios_knl_Queue_Object__get__S)
                  0000a8ec    0000000c     KIRC_FltCmp_RTOS_pem4f.oem4f (.text:ti_sysbios_knl_Semaphore_Params__init__S)
                  0000a8f8    0000000c     ti.targets.arm.rtsarm.aem4f : Error.oem4f (.text:xdc_runtime_Error_init__F)
                  0000a904    0000000c                                 : Gate.oem4f (.text:xdc_runtime_Gate_enterSystem__F)
                  0000a910    0000000c                                 : Memory.oem4f (.text:xdc_runtime_Memory_calloc__F)
                  0000a91c    0000000c                                 : Memory.oem4f (.text:xdc_runtime_Memory_getMaxDefaultTypeAlign__F)
                  0000a928    0000000c                                 : System.oem4f (.text:xdc_runtime_System_exit__F)
                  0000a934    0000000c                                 : System.oem4f (.text:xdc_runtime_System_lastFxn__I)
                  0000a940    0000000a     driverlib.lib : i2c.obj (.text:I2CMasterEnable)
                  0000a94a    0000000a                   : uart.obj (.text:UARTCharGet)
                  0000a954    0000000a                   : uart.obj (.text:UARTCharPut)
                  0000a95e    0000000a                   : uart.obj (.text:UARTIntDisable)
                  0000a968    0000000a                   : uart.obj (.text:UARTIntStatus)
                  0000a972    0000000a     uart_tivaware.aem4f : UART.oem4f (.text:UART_close)
                  0000a97c    0000000a                         : UART.oem4f (.text:UART_read)
                  0000a986    0000000a                         : UART.oem4f (.text:UART_write)
                  0000a990    0000000a                         : UART.oem4f (.text:UART_writePolling)
                  0000a99a    0000000a     KIRC_FltCmp_RTOS_pem4f.oem4f (.text:xdc_runtime_IHeap_alloc)
                  0000a9a4    0000000a     KIRC_FltCmp_RTOS_pem4f.oem4f (.text:xdc_runtime_IHeap_free)
                  0000a9ae    0000000a     KIRC_FltCmp_RTOS_pem4f.oem4f (.text:xdc_runtime_Text_visitRope__I)
                  0000a9b8    00000008     driverlib.lib : i2c.obj (.text:I2CMasterBusy)
                  0000a9c0    00000008                   : i2c.obj (.text:I2CMasterSlaveAddrSet)
                  0000a9c8    00000008                   : uart.obj (.text:UARTIntEnable)
                  0000a9d0    00000008     uart_tivaware.aem4f : UARTTiva.oem4f (.text:UARTTiva_init)
                  0000a9d8    00000008                         : UARTTiva.oem4f (.text:readSemCallback)
                  0000a9e0    00000008     sysbios.aem4f : BIOS.obj (.text:ti_sysbios_family_arm_m3_Hwi_startup__E)
                  0000a9e8    00000008                   : BIOS.obj (.text:ti_sysbios_knl_Idle_loop__E)
                  0000a9f0    00000008     uart_tivaware.aem4f : UARTTiva.oem4f (.text:writeSemCallback)
                  0000a9f8    00000006     driverlib.lib : gpio.obj (.text:GPIOIntClear)
                  0000a9fe    00000006                   : gpio.obj (.text:GPIOPinRead)
                  0000aa04    00000006                   : gpio.obj (.text:GPIOPinWrite)
                  0000aa0a    00000006                   : sysctl.obj (.text:SysCtlDelay)
                  0000aa10    00000006                   : uart.obj (.text:UARTFIFOLevelSet)
                  0000aa16    00000006     ti.targets.arm.rtsarm.aem4f : xdc_noinit.oem4f (.text:__xdc__init)
                  0000aa1c    00000006     rtsv7M4_T_le_v4SPD16_eabi.lib : copy_decompress_rle.obj (.text:decompress:rle24)
                  0000aa22    00000006     Boot.aem4f : Boot_sysctl.oem4f (.text:ti_catalog_arm_cortexm4_tiva_ce_Boot_sysCtlDelayI__I)
                  0000aa28    00000006     sysbios.aem4f : BIOS.obj (.text:ti_sysbios_family_arm_m3_Hwi_restoreFxn__E)
                  0000aa2e    00000006                   : BIOS.obj (.text:ti_sysbios_gates_GateHwi_leave__E)
                  0000aa34    00000006                   : BIOS.obj (.text:ti_sysbios_heaps_HeapMem_isBlocking__E)
                  0000aa3a    00000006                   : BIOS.obj (.text:ti_sysbios_knl_Queue_Instance_init__F)
                  0000aa40    00000006                   : BIOS.obj (.text:ti_sysbios_knl_Swi_Module_startup__F)
                  0000aa46    00000006     ti.targets.arm.rtsarm.aem4f : System.oem4f (.text:xdc_runtime_System_Module_startup__F)
                  0000aa4c    00000004     driverlib.lib : i2c.obj (.text:I2CMasterControl)
                  0000aa50    00000004                   : i2c.obj (.text:I2CMasterDataGet)
                  0000aa54    00000004                   : i2c.obj (.text:I2CMasterDataPut)
                  0000aa58    00000004                   : uart.obj (.text:UARTIntClear)
                  0000aa5c    00000004     KIRC_FltCmp_RTOS_pem4f.oem4f (.text:ti_sysbios_BIOS_RtsGateProxy_enter__E)
                  0000aa60    00000004     KIRC_FltCmp_RTOS_pem4f.oem4f (.text:ti_sysbios_BIOS_RtsGateProxy_leave__E)
                  0000aa64    00000004     sysbios.aem4f : BIOS.obj (.text:ti_sysbios_family_arm_lm4_Timer_getPeriod__E)
                  0000aa68    00000004                   : BIOS.obj (.text:ti_sysbios_family_arm_lm4_Timer_masterEnable__I)
                  0000aa6c    00000004     KIRC_FltCmp_RTOS_pem4f.oem4f (.text:ti_sysbios_family_arm_m3_TaskSupport_Module__startupDone__S)
                  0000aa70    00000004     sysbios.aem4f : BIOS.obj (.text:ti_sysbios_gates_GateHwi_query__F)
                  0000aa74    00000004                   : BIOS.obj (.text:ti_sysbios_gates_GateMutex_query__F)
                  0000aa78    00000004     KIRC_FltCmp_RTOS_pem4f.oem4f (.text:ti_sysbios_hal_Hwi_HwiProxy_Module__startupDone__S)
                  0000aa7c    00000004     KIRC_FltCmp_RTOS_pem4f.oem4f (.text:ti_sysbios_hal_Timer_TimerProxy_Module__startupDone__S)
                  0000aa80    00000004     KIRC_FltCmp_RTOS_pem4f.oem4f (.text:ti_sysbios_hal_Timer_TimerProxy_getPeriod__E)
                  0000aa84    00000004     KIRC_FltCmp_RTOS_pem4f.oem4f (.text:ti_sysbios_heaps_HeapMem_Module_GateProxy_enter__E)
                  0000aa88    00000004     KIRC_FltCmp_RTOS_pem4f.oem4f (.text:ti_sysbios_heaps_HeapMem_Module_GateProxy_leave__E)
                  0000aa8c    00000004     KIRC_FltCmp_RTOS_pem4f.oem4f (.text:ti_sysbios_knl_Task_SupportProxy_Module__startupDone__S)
                  0000aa90    00000004     sysbios.aem4f : BIOS.obj (.text:ti_sysbios_knl_Task_startup__E)
                  0000aa94    00000004     ti.targets.arm.rtsarm.aem4f : Error.oem4f (.text:xdc_runtime_Error_getSite__F)
                  0000aa98    00000004     KIRC_FltCmp_RTOS_pem4f.oem4f (.text:xdc_runtime_Memory_HeapProxy_alloc__E)
                  0000aa9c    00000004     KIRC_FltCmp_RTOS_pem4f.oem4f (.text:xdc_runtime_Memory_HeapProxy_free__E)
                  0000aaa0    00000004     KIRC_FltCmp_RTOS_pem4f.oem4f (.text:xdc_runtime_System_Module_GateProxy_enter__E)
                  0000aaa4    00000004     KIRC_FltCmp_RTOS_pem4f.oem4f (.text:xdc_runtime_System_Module_GateProxy_leave__E)
                  0000aaa8    00000004     ti.targets.arm.rtsarm.aem4f : System.oem4f (.text:xdc_runtime_System_aprintf_va__F)
                  0000aaac    00000004                                 : System.oem4f (.text:xdc_runtime_System_printf_va__F)
                  0000aab0    00000004     KIRC_FltCmp_RTOS_pem4f.oem4f (.text:xdc_runtime_System_vsnprintf__E)

.const     0    0000aab8    00001f7c     
                  0000aab8    000015c7     KIRC_FltCmp_RTOS_pem4f.oem4f (.const:xdc_runtime_Text_charTab__A)
                  0000c07f    00000001     KIRC_FltCmp_RTOS_pem4f.oem4f (.const:xdc_runtime_Error_policy__C)
                  0000c080    00000102     rtsv7M4_T_le_v4SPD16_eabi.lib : ctype.obj (.const:.string:_ctypes_)
                  0000c182    000000d8     KIRC_FltCmp_RTOS_pem4f.oem4f (.const:ti_sysbios_family_arm_m3_Hwi_priorities__A)
                  0000c25a    00000002     KIRC_FltCmp_RTOS_pem4f.oem4f (.const:ti_catalog_arm_cortexm4_tiva_ce_Boot_Module__id__C)
                  0000c25c    00000090     driverlib.lib : gpio.obj (.const:g_pui32GPIOBaseAddrs)
                  0000c2ec    00000004     KIRC_FltCmp_RTOS_pem4f.oem4f (.const:ti_catalog_arm_cortexm4_tiva_ce_Boot_A_mustUseEnhancedClockMode__C)
                  0000c2f0    00000088     rtsv7M4_T_le_v4SPD16_eabi.lib : xatan.obj (.const)
                  0000c378    00000084     EK_TM4C123GXL.obj (.const:gpioHWAttrs)
                  0000c3fc    0000006c     driverlib.lib : sysctl.obj (.const:g_pui32Xtals)
                  0000c468    00000048     KIRC_FltCmp_RTOS_pem4f.oem4f (.const:.string)
                  0000c4b0    0000003c     Main.obj (.const)
                  0000c4ec    00000034     rtsv7M4_T_le_v4SPD16_eabi.lib : xfatan.obj (.const)
                  0000c520    00000030     EK_TM4C123GXL.obj (.const)
                  0000c550    00000030     EK_TM4C123GXL.obj (.const:GPIO_config)
                  0000c580    00000030     KIRC_FltCmp_RTOS_pem4f.oem4f (.const:ti_sysbios_family_arm_m3_Hwi_Object__PARAMS__C)
                  0000c5b0    0000002c     EK_TM4C123GXL.obj (.const:EK_TM4C123GXL_gpioPortACallbacks)
                  0000c5dc    0000002c     EK_TM4C123GXL.obj (.const:EK_TM4C123GXL_gpioPortFCallbacks)
                  0000c608    00000028     KIRC_FltCmp_RTOS_pem4f.oem4f (.const:ti_sysbios_heaps_HeapMem_Module__FXNS__C)
                  0000c630    00000024     uart_tivaware.aem4f : UARTTiva.oem4f (.const:UARTTiva_fxnTable)
                  0000c654    00000024     KIRC_FltCmp_RTOS_pem4f.oem4f (.const:ti_sysbios_gates_GateHwi_Module__FXNS__C)
                  0000c678    00000024     KIRC_FltCmp_RTOS_pem4f.oem4f (.const:ti_sysbios_gates_GateMutex_Module__FXNS__C)
                  0000c69c    00000024     KIRC_FltCmp_RTOS_pem4f.oem4f (.const:ti_sysbios_heaps_HeapMem_Object__PARAMS__C)
                  0000c6c0    00000024     KIRC_FltCmp_RTOS_pem4f.oem4f (.const:ti_sysbios_knl_Semaphore_Object__PARAMS__C)
                  0000c6e4    00000020     KIRC_FltCmp_RTOS_pem4f.oem4f (.const:ti_sysbios_family_arm_m3_Hwi_Object__DESC__C)
                  0000c704    00000020     KIRC_FltCmp_RTOS_pem4f.oem4f (.const:ti_sysbios_gates_GateHwi_Object__DESC__C)
                  0000c724    00000020     KIRC_FltCmp_RTOS_pem4f.oem4f (.const:ti_sysbios_gates_GateMutex_Object__DESC__C)
                  0000c744    00000020     KIRC_FltCmp_RTOS_pem4f.oem4f (.const:ti_sysbios_heaps_HeapMem_Object__DESC__C)
                  0000c764    00000020     KIRC_FltCmp_RTOS_pem4f.oem4f (.const:ti_sysbios_knl_Queue_Object__DESC__C)
                  0000c784    00000020     KIRC_FltCmp_RTOS_pem4f.oem4f (.const:ti_sysbios_knl_Semaphore_Object__DESC__C)
                  0000c7a4    00000020     KIRC_FltCmp_RTOS_pem4f.oem4f (.const:xdc_runtime_Startup_sfxnTab__A)
                  0000c7c4    00000018     KIRC_FltCmp_RTOS_pem4f.oem4f (.const:ti_sysbios_gates_GateHwi_Object__PARAMS__C)
                  0000c7dc    00000018     KIRC_FltCmp_RTOS_pem4f.oem4f (.const:ti_sysbios_gates_GateMutex_Object__PARAMS__C)
                  0000c7f4    00000018     KIRC_FltCmp_RTOS_pem4f.oem4f (.const:ti_sysbios_knl_Queue_Object__PARAMS__C)
                  0000c80c    00000014     KIRC_FltCmp_RTOS_pem4f.oem4f (.const:xdc_runtime_Startup_firstFxns__A)
                  0000c820    00000011     ti.targets.arm.rtsarm.aem4f : System.oem4f (.const)
                  0000c831    00000001     --HOLE-- [fill = 0]
                  0000c832    00000010     KIRC_FltCmp_RTOS_pem4f.oem4f (.const:xdc_runtime_Startup_sfxnRts__A)
                  0000c842    00000010     KIRC_FltCmp_RTOS_pem4f.oem4f (.const:xdc_runtime_Text_nodeTab__A)
                  0000c852    00000002     KIRC_FltCmp_RTOS_pem4f.oem4f (.const:ti_sysbios_BIOS_Module__id__C)
                  0000c854    00000008     KIRC_FltCmp_RTOS_pem4f.oem4f (.const:ti_sysbios_family_arm_m3_Hwi_excHookFuncs__A)
                  0000c85c    00000008     KIRC_FltCmp_RTOS_pem4f.oem4f (.const:ti_sysbios_knl_Idle_coreList__C)
                  0000c864    00000008     KIRC_FltCmp_RTOS_pem4f.oem4f (.const:ti_sysbios_knl_Idle_funcList__C)
                  0000c86c    00000008     KIRC_FltCmp_RTOS_pem4f.oem4f (.const:xdc_runtime_Startup_firstFxns__C)
                  0000c874    00000008     KIRC_FltCmp_RTOS_pem4f.oem4f (.const:xdc_runtime_Startup_lastFxns__C)
                  0000c87c    00000004     KIRC_FltCmp_RTOS_pem4f.oem4f (.const:ti_catalog_arm_cortexm4_tiva_ce_Boot_Module__diagsEnabled__C)
                  0000c880    00000004     KIRC_FltCmp_RTOS_pem4f.oem4f (.const:ti_catalog_arm_cortexm4_tiva_ce_Boot_Module__diagsIncluded__C)
                  0000c884    00000004     KIRC_FltCmp_RTOS_pem4f.oem4f (.const:ti_catalog_arm_cortexm4_tiva_ce_Boot_Module__diagsMask__C)
                  0000c888    00000004     KIRC_FltCmp_RTOS_pem4f.oem4f (.const:ti_sysbios_BIOS_Module__diagsEnabled__C)
                  0000c88c    00000004     KIRC_FltCmp_RTOS_pem4f.oem4f (.const:ti_sysbios_BIOS_Module__diagsIncluded__C)
                  0000c890    00000004     KIRC_FltCmp_RTOS_pem4f.oem4f (.const:ti_sysbios_BIOS_Module__diagsMask__C)
                  0000c894    00000004     KIRC_FltCmp_RTOS_pem4f.oem4f (.const:ti_sysbios_BIOS_installedErrorHook__C)
                  0000c898    00000004     KIRC_FltCmp_RTOS_pem4f.oem4f (.const:ti_sysbios_family_arm_lm4_Timer_enableFunc__C)
                  0000c89c    00000004     KIRC_FltCmp_RTOS_pem4f.oem4f (.const:ti_sysbios_family_arm_lm4_Timer_numTimerDevices__C)
                  0000c8a0    00000004     KIRC_FltCmp_RTOS_pem4f.oem4f (.const:ti_sysbios_family_arm_lm4_Timer_startupNeeded__C)
                  0000c8a4    00000004     KIRC_FltCmp_RTOS_pem4f.oem4f (.const:ti_sysbios_family_arm_m3_Hwi_E_NMI__C)
                  0000c8a8    00000004     KIRC_FltCmp_RTOS_pem4f.oem4f (.const:ti_sysbios_family_arm_m3_Hwi_E_alreadyDefined__C)
                  0000c8ac    00000004     KIRC_FltCmp_RTOS_pem4f.oem4f (.const:ti_sysbios_family_arm_m3_Hwi_E_busFault__C)
                  0000c8b0    00000004     KIRC_FltCmp_RTOS_pem4f.oem4f (.const:ti_sysbios_family_arm_m3_Hwi_E_debugMon__C)
                  0000c8b4    00000004     KIRC_FltCmp_RTOS_pem4f.oem4f (.const:ti_sysbios_family_arm_m3_Hwi_E_hardFault__C)
                  0000c8b8    00000004     KIRC_FltCmp_RTOS_pem4f.oem4f (.const:ti_sysbios_family_arm_m3_Hwi_E_memFault__C)
                  0000c8bc    00000004     KIRC_FltCmp_RTOS_pem4f.oem4f (.const:ti_sysbios_family_arm_m3_Hwi_E_noIsr__C)
                  0000c8c0    00000004     KIRC_FltCmp_RTOS_pem4f.oem4f (.const:ti_sysbios_family_arm_m3_Hwi_E_reserved__C)
                  0000c8c4    00000004     KIRC_FltCmp_RTOS_pem4f.oem4f (.const:ti_sysbios_family_arm_m3_Hwi_E_svCall__C)
                  0000c8c8    00000004     KIRC_FltCmp_RTOS_pem4f.oem4f (.const:ti_sysbios_family_arm_m3_Hwi_E_usageFault__C)
                  0000c8cc    00000004     KIRC_FltCmp_RTOS_pem4f.oem4f (.const:ti_sysbios_family_arm_m3_Hwi_NUM_INTERRUPTS__C)
                  0000c8d0    00000004     KIRC_FltCmp_RTOS_pem4f.oem4f (.const:ti_sysbios_family_arm_m3_Hwi_ccr__C)
                  0000c8d4    00000004     KIRC_FltCmp_RTOS_pem4f.oem4f (.const:ti_sysbios_family_arm_m3_Hwi_dispatchTable__C)
                  0000c8d8    00000004     KIRC_FltCmp_RTOS_pem4f.oem4f (.const:ti_sysbios_family_arm_m3_Hwi_excHandlerFunc__C)
                  0000c8dc    00000004     KIRC_FltCmp_RTOS_pem4f.oem4f (.const:ti_sysbios_family_arm_m3_Hwi_excHookFuncs__C)
                  0000c8e0    00000004     KIRC_FltCmp_RTOS_pem4f.oem4f (.const:ti_sysbios_family_arm_m3_Hwi_priGroup__C)
                  0000c8e4    00000004     KIRC_FltCmp_RTOS_pem4f.oem4f (.const:ti_sysbios_family_arm_m3_Hwi_priorities__C)
                  0000c8e8    00000004     KIRC_FltCmp_RTOS_pem4f.oem4f (.const:ti_sysbios_gates_GateMutex_A_badContext__C)
                  0000c8ec    00000004     KIRC_FltCmp_RTOS_pem4f.oem4f (.const:ti_sysbios_gates_GateMutex_Instance_State_sem__O)
                  0000c8f0    00000004     KIRC_FltCmp_RTOS_pem4f.oem4f (.const:ti_sysbios_gates_GateMutex_Module__diagsEnabled__C)
                  0000c8f4    00000004     KIRC_FltCmp_RTOS_pem4f.oem4f (.const:ti_sysbios_gates_GateMutex_Module__diagsIncluded__C)
                  0000c8f8    00000004     KIRC_FltCmp_RTOS_pem4f.oem4f (.const:ti_sysbios_gates_GateMutex_Module__diagsMask__C)
                  0000c8fc    00000004     KIRC_FltCmp_RTOS_pem4f.oem4f (.const:ti_sysbios_heaps_HeapMem_A_align__C)
                  0000c900    00000004     KIRC_FltCmp_RTOS_pem4f.oem4f (.const:ti_sysbios_heaps_HeapMem_A_heapSize__C)
                  0000c904    00000004     KIRC_FltCmp_RTOS_pem4f.oem4f (.const:ti_sysbios_heaps_HeapMem_A_invalidFree__C)
                  0000c908    00000004     KIRC_FltCmp_RTOS_pem4f.oem4f (.const:ti_sysbios_heaps_HeapMem_A_zeroBlock__C)
                  0000c90c    00000004     KIRC_FltCmp_RTOS_pem4f.oem4f (.const:ti_sysbios_heaps_HeapMem_E_memory__C)
                  0000c910    00000004     KIRC_FltCmp_RTOS_pem4f.oem4f (.const:ti_sysbios_heaps_HeapMem_Module__diagsEnabled__C)
                  0000c914    00000004     KIRC_FltCmp_RTOS_pem4f.oem4f (.const:ti_sysbios_heaps_HeapMem_Module__diagsIncluded__C)
                  0000c918    00000004     KIRC_FltCmp_RTOS_pem4f.oem4f (.const:ti_sysbios_heaps_HeapMem_Module__diagsMask__C)
                  0000c91c    00000004     KIRC_FltCmp_RTOS_pem4f.oem4f (.const:ti_sysbios_heaps_HeapMem_Module__gateObj__C)
                  0000c920    00000004     KIRC_FltCmp_RTOS_pem4f.oem4f (.const:ti_sysbios_heaps_HeapMem_Object__count__C)
                  0000c924    00000004     KIRC_FltCmp_RTOS_pem4f.oem4f (.const:ti_sysbios_heaps_HeapMem_reqAlign__C)
                  0000c928    00000004     KIRC_FltCmp_RTOS_pem4f.oem4f (.const:ti_sysbios_knl_Clock_Module_State_clockQ__O)
                  0000c92c    00000004     KIRC_FltCmp_RTOS_pem4f.oem4f (.const:ti_sysbios_knl_Semaphore_A_badContext__C)
                  0000c930    00000004     KIRC_FltCmp_RTOS_pem4f.oem4f (.const:ti_sysbios_knl_Semaphore_A_noEvents__C)
                  0000c934    00000004     KIRC_FltCmp_RTOS_pem4f.oem4f (.const:ti_sysbios_knl_Semaphore_A_overflow__C)
                  0000c938    00000004     KIRC_FltCmp_RTOS_pem4f.oem4f (.const:ti_sysbios_knl_Semaphore_A_pendTaskDisabled__C)
                  0000c93c    00000004     KIRC_FltCmp_RTOS_pem4f.oem4f (.const:ti_sysbios_knl_Semaphore_Instance_State_pendQ__O)
                  0000c940    00000004     KIRC_FltCmp_RTOS_pem4f.oem4f (.const:ti_sysbios_knl_Semaphore_Module__diagsEnabled__C)
                  0000c944    00000004     KIRC_FltCmp_RTOS_pem4f.oem4f (.const:ti_sysbios_knl_Semaphore_Module__diagsIncluded__C)
                  0000c948    00000004     KIRC_FltCmp_RTOS_pem4f.oem4f (.const:ti_sysbios_knl_Semaphore_Module__diagsMask__C)
                  0000c94c    00000004     KIRC_FltCmp_RTOS_pem4f.oem4f (.const:ti_sysbios_knl_Task_A_badTimeout__C)
                  0000c950    00000004     KIRC_FltCmp_RTOS_pem4f.oem4f (.const:ti_sysbios_knl_Task_A_sleepTaskDisabled__C)
                  0000c954    00000004     KIRC_FltCmp_RTOS_pem4f.oem4f (.const:ti_sysbios_knl_Task_Module_State_inactiveQ__O)
                  0000c958    00000004     KIRC_FltCmp_RTOS_pem4f.oem4f (.const:ti_sysbios_knl_Task_Module__diagsEnabled__C)
                  0000c95c    00000004     KIRC_FltCmp_RTOS_pem4f.oem4f (.const:ti_sysbios_knl_Task_Module__diagsIncluded__C)
                  0000c960    00000004     KIRC_FltCmp_RTOS_pem4f.oem4f (.const:ti_sysbios_knl_Task_Module__diagsMask__C)
                  0000c964    00000004     KIRC_FltCmp_RTOS_pem4f.oem4f (.const:ti_sysbios_knl_Task_Object__count__C)
                  0000c968    00000004     KIRC_FltCmp_RTOS_pem4f.oem4f (.const:ti_sysbios_knl_Task_allBlockedFunc__C)
                  0000c96c    00000004     KIRC_FltCmp_RTOS_pem4f.oem4f (.const:ti_sysbios_knl_Task_numConstructedTasks__C)
                  0000c970    00000004     KIRC_FltCmp_RTOS_pem4f.oem4f (.const:xdc_runtime_Assert_E_assertFailed__C)
                  0000c974    00000004     KIRC_FltCmp_RTOS_pem4f.oem4f (.const:xdc_runtime_Core_A_initializedParams__C)
                  0000c978    00000004     KIRC_FltCmp_RTOS_pem4f.oem4f (.const:xdc_runtime_Core_Module__diagsEnabled__C)
                  0000c97c    00000004     KIRC_FltCmp_RTOS_pem4f.oem4f (.const:xdc_runtime_Core_Module__diagsIncluded__C)
                  0000c980    00000004     KIRC_FltCmp_RTOS_pem4f.oem4f (.const:xdc_runtime_Core_Module__diagsMask__C)
                  0000c984    00000004     KIRC_FltCmp_RTOS_pem4f.oem4f (.const:xdc_runtime_Error_E_memory__C)
                  0000c988    00000004     KIRC_FltCmp_RTOS_pem4f.oem4f (.const:xdc_runtime_Error_Module__diagsEnabled__C)
                  0000c98c    00000004     KIRC_FltCmp_RTOS_pem4f.oem4f (.const:xdc_runtime_Error_Module__diagsIncluded__C)
                  0000c990    00000004     KIRC_FltCmp_RTOS_pem4f.oem4f (.const:xdc_runtime_Error_Module__diagsMask__C)
                  0000c994    00000004     KIRC_FltCmp_RTOS_pem4f.oem4f (.const:xdc_runtime_Error_Module__loggerFxn8__C)
                  0000c998    00000004     KIRC_FltCmp_RTOS_pem4f.oem4f (.const:xdc_runtime_Error_Module__loggerObj__C)
                  0000c99c    00000004     KIRC_FltCmp_RTOS_pem4f.oem4f (.const:xdc_runtime_Error_raiseHook__C)
                  0000c9a0    00000004     KIRC_FltCmp_RTOS_pem4f.oem4f (.const:xdc_runtime_IGateProvider_Interface__BASE__C)
                  0000c9a4    00000004     KIRC_FltCmp_RTOS_pem4f.oem4f (.const:xdc_runtime_IHeap_Interface__BASE__C)
                  0000c9a8    00000004     KIRC_FltCmp_RTOS_pem4f.oem4f (.const:xdc_runtime_IModule_Interface__BASE__C)
                  0000c9ac    00000004     KIRC_FltCmp_RTOS_pem4f.oem4f (.const:xdc_runtime_Log_L_error__C)
                  0000c9b0    00000004     KIRC_FltCmp_RTOS_pem4f.oem4f (.const:xdc_runtime_Main_Module__diagsEnabled__C)
                  0000c9b4    00000004     KIRC_FltCmp_RTOS_pem4f.oem4f (.const:xdc_runtime_Main_Module__diagsIncluded__C)
                  0000c9b8    00000004     KIRC_FltCmp_RTOS_pem4f.oem4f (.const:xdc_runtime_Main_Module__diagsMask__C)
                  0000c9bc    00000004     KIRC_FltCmp_RTOS_pem4f.oem4f (.const:xdc_runtime_Main_Module__loggerFxn2__C)
                  0000c9c0    00000004     KIRC_FltCmp_RTOS_pem4f.oem4f (.const:xdc_runtime_Main_Module__loggerObj__C)
                  0000c9c4    00000004     KIRC_FltCmp_RTOS_pem4f.oem4f (.const:xdc_runtime_Memory_defaultHeapInstance__C)
                  0000c9c8    00000004     KIRC_FltCmp_RTOS_pem4f.oem4f (.const:xdc_runtime_Startup_execImpl__C)
                  0000c9cc    00000004     KIRC_FltCmp_RTOS_pem4f.oem4f (.const:xdc_runtime_Startup_lastFxns__A)
                  0000c9d0    00000004     KIRC_FltCmp_RTOS_pem4f.oem4f (.const:xdc_runtime_Startup_maxPasses__C)
                  0000c9d4    00000004     KIRC_FltCmp_RTOS_pem4f.oem4f (.const:xdc_runtime_Startup_sfxnRts__C)
                  0000c9d8    00000004     KIRC_FltCmp_RTOS_pem4f.oem4f (.const:xdc_runtime_Startup_sfxnTab__C)
                  0000c9dc    00000004     KIRC_FltCmp_RTOS_pem4f.oem4f (.const:xdc_runtime_SysCallback_abortFxn__C)
                  0000c9e0    00000004     KIRC_FltCmp_RTOS_pem4f.oem4f (.const:xdc_runtime_SysCallback_exitFxn__C)
                  0000c9e4    00000004     KIRC_FltCmp_RTOS_pem4f.oem4f (.const:xdc_runtime_SysCallback_flushFxn__C)
                  0000c9e8    00000004     KIRC_FltCmp_RTOS_pem4f.oem4f (.const:xdc_runtime_SysCallback_putchFxn__C)
                  0000c9ec    00000004     KIRC_FltCmp_RTOS_pem4f.oem4f (.const:xdc_runtime_SysCallback_readyFxn__C)
                  0000c9f0    00000004     KIRC_FltCmp_RTOS_pem4f.oem4f (.const:xdc_runtime_System_Module__gateObj__C)
                  0000c9f4    00000004     KIRC_FltCmp_RTOS_pem4f.oem4f (.const:xdc_runtime_System_extendFxn__C)
                  0000c9f8    00000004     KIRC_FltCmp_RTOS_pem4f.oem4f (.const:xdc_runtime_System_maxAtexitHandlers__C)
                  0000c9fc    00000004     KIRC_FltCmp_RTOS_pem4f.oem4f (.const:xdc_runtime_Text_charTab__C)
                  0000ca00    00000004     KIRC_FltCmp_RTOS_pem4f.oem4f (.const:xdc_runtime_Text_nameEmpty__C)
                  0000ca04    00000004     KIRC_FltCmp_RTOS_pem4f.oem4f (.const:xdc_runtime_Text_nameStatic__C)
                  0000ca08    00000004     KIRC_FltCmp_RTOS_pem4f.oem4f (.const:xdc_runtime_Text_nameUnknown__C)
                  0000ca0c    00000004     KIRC_FltCmp_RTOS_pem4f.oem4f (.const:xdc_runtime_Text_nodeTab__C)
                  0000ca10    00000004     KIRC_FltCmp_RTOS_pem4f.oem4f (.const:xdc_runtime_Text_visitRopeFxn__C)
                  0000ca14    00000002     KIRC_FltCmp_RTOS_pem4f.oem4f (.const:ti_sysbios_family_arm_m3_Hwi_Module__id__C)
                  0000ca16    00000002     KIRC_FltCmp_RTOS_pem4f.oem4f (.const:ti_sysbios_gates_GateMutex_Module__id__C)
                  0000ca18    00000002     KIRC_FltCmp_RTOS_pem4f.oem4f (.const:ti_sysbios_heaps_HeapMem_Module__id__C)
                  0000ca1a    00000002     KIRC_FltCmp_RTOS_pem4f.oem4f (.const:ti_sysbios_knl_Semaphore_Module__id__C)
                  0000ca1c    00000002     KIRC_FltCmp_RTOS_pem4f.oem4f (.const:ti_sysbios_knl_Task_Module__id__C)
                  0000ca1e    00000002     KIRC_FltCmp_RTOS_pem4f.oem4f (.const:ti_sysbios_knl_Task_initStackFlag__C)
                  0000ca20    00000002     KIRC_FltCmp_RTOS_pem4f.oem4f (.const:xdc_runtime_Core_Module__id__C)
                  0000ca22    00000002     KIRC_FltCmp_RTOS_pem4f.oem4f (.const:xdc_runtime_Error_Module__loggerDefined__C)
                  0000ca24    00000002     KIRC_FltCmp_RTOS_pem4f.oem4f (.const:xdc_runtime_Error_maxDepth__C)
                  0000ca26    00000002     KIRC_FltCmp_RTOS_pem4f.oem4f (.const:xdc_runtime_Main_Module__id__C)
                  0000ca28    00000002     KIRC_FltCmp_RTOS_pem4f.oem4f (.const:xdc_runtime_Main_Module__loggerDefined__C)
                  0000ca2a    00000002     KIRC_FltCmp_RTOS_pem4f.oem4f (.const:xdc_runtime_Memory_Module__id__C)
                  0000ca2c    00000002     KIRC_FltCmp_RTOS_pem4f.oem4f (.const:xdc_runtime_Text_charCnt__C)
                  0000ca2e    00000002     KIRC_FltCmp_RTOS_pem4f.oem4f (.const:xdc_runtime_Text_isLoaded__C)
                  0000ca30    00000002     KIRC_FltCmp_RTOS_pem4f.oem4f (.const:xdc_runtime_Text_registryModsLastId__C)
                  0000ca32    00000002     KIRC_FltCmp_RTOS_pem4f.oem4f (.const:xdc_runtime_Text_unnamedModsLastId__C)

.cinit     0    0000ca38    000003b8     
                  0000ca38    00000380     (.cinit..data.load) [load image, compression = rle]
                  0000cdb8    0000000c     (__TI_handler_table)
                  0000cdc4    00000004     --HOLE-- [fill = 0]
                  0000cdc8    00000008     (.cinit..bss.load) [load image, compression = zero_init]
                  0000cdd0    00000008     (.cinit..vecs.load) [load image, compression = zero_init]
                  0000cdd8    00000018     (__TI_cinit_table)

.vecs      0    20000000    00000360     UNINITIALIZED
                  20000000    00000360     KIRC_FltCmp_RTOS_pem4f.oem4f (.vecs)

.bss       0    20000360    00002490     UNINITIALIZED
                  20000360    00001e00     KIRC_FltCmp_RTOS_pem4f.oem4f (.bss:taskStackSection)
                  20002160    00000400     KIRC_FltCmp_RTOS_pem4f.oem4f (.bss:ti_sysbios_heaps_HeapMem_Instance_State_0_buf__A)
                  20002560    00000120     rtsv7M4_T_le_v4SPD16_eabi.lib : trgmsg.obj (.bss:__CIOBUF_)
                  20002680    000000a0                                   : defs.obj (.bss:__TI_tmpnams)
                  20002720    00000088     EK_TM4C123GXL.obj (.bss:uartTivaObjects)
                  200027a8    0000001c     (.common:callbackHwi)
                  200027c4    0000001c     (.common:callbackHwi2)
                  200027e0    00000008     (.common:parmbuf)
                  200027e8    00000004     (.common:ui32Load)
                  200027ec    00000004     (.common:ui32PWMClock)

.data      0    200027f0    00000c16     UNINITIALIZED
                  200027f0    00000360     KIRC_FltCmp_RTOS_pem4f.oem4f (.data:ti_sysbios_family_arm_m3_Hwi_Module_State_0_dispatchTable__A)
                  20002b50    0000016c     KIRC_FltCmp_RTOS_pem4f.oem4f (.data)
                  20002cbc    00000130     KIRC_FltCmp_RTOS_pem4f.oem4f (.data:ti_sysbios_knl_Task_Object__table__V)
                  20002dec    000000f0     rtsv7M4_T_le_v4SPD16_eabi.lib : defs.obj (.data:_ftable)
                  20002edc    000000d0                                   : lowlev.obj (.data)
                  20002fac    000000b0                                   : signal.obj (.data:sigtable)
                  2000305c    00000004     Main.obj (.data)
                  20003060    00000080     rtsv7M4_T_le_v4SPD16_eabi.lib : xvalues.obj (.data)
                  200030e0    00000068                                   : xfvalues.obj (.data)
                  20003148    0000005c     KIRC_FltCmp_RTOS_pem4f.oem4f (.data:ti_sysbios_family_arm_m3_Hwi_Module__state__V)
                  200031a4    00000044     KIRC_FltCmp_RTOS_pem4f.oem4f (.data:ti_sysbios_knl_Task_Module__state__V)
                  200031e8    0000003c     sensors.obj (.data:Gyro_Memory)
                  20003224    0000003c     Main.obj (.data:RxData)
                  20003260    00000038     KIRC_FltCmp_RTOS_pem4f.oem4f (.data:ti_sysbios_family_arm_lm4_Timer_Object__table__V)
                  20003298    00000038     KIRC_FltCmp_RTOS_pem4f.oem4f (.data:ti_sysbios_gates_GateMutex_Object__table__V)
                  200032d0    00000034     Main.obj (.data:controlData)
                  20003304    00000030     KIRC_FltCmp_RTOS_pem4f.oem4f (.data:ti_sysbios_family_arm_lm4_Timer_Module_State_0_device__A)
                  20003334    00000028     KIRC_FltCmp_RTOS_pem4f.oem4f (.data:ti_sysbios_knl_Clock_Module__state__V)
                  2000335c    00000024     Main.obj (.data:IMUdata)
                  20003380    00000018     UARTUtils.obj (.data)
                  20003398    00000018     sensors.obj (.data)
                  200033b0    00000010     quaternion.obj (.data)
                  200033c0    00000010     rtsv7M4_T_le_v4SPD16_eabi.lib : defs.obj (.data)
                  200033d0    00000008     gpio_tivaware.aem4f : GPIO.oem4f (.data)
                  200033d8    00000008     rtsv7M4_T_le_v4SPD16_eabi.lib : _lock.obj (.data)
                  200033e0    00000008                                   : exit.obj (.data)
                  200033e8    00000008                                   : feraiseexcept.obj (.data)
                  200033f0    00000004                                   : dtor_list.obj (.data)
                  200033f4    00000004                                   : errno.obj (.data)
                  200033f8    00000004                                   : fopen.obj (.data)
                  200033fc    00000004                                   : stkdepth_vars.obj (.data)
                  20003400    00000004     uart_tivaware.aem4f : UART.oem4f (.data)
                  20003404    00000002     RxFunctions.obj (.data)

.stack     0    20003408    00000600     UNINITIALIZED
                  20003408    00000600     --HOLE--


LINKER GENERATED COPY TABLES

__TI_cinit_table @ 0000cdd8 records: 3, size/record: 8, table size: 24
	.data: load addr=0000ca38, load size=00000380 bytes, run addr=200027f0, run size=00000c16 bytes, compression=rle
	.bss: load addr=0000cdc8, load size=00000008 bytes, run addr=20000360, run size=00002490 bytes, compression=zero_init
	.vecs: load addr=0000cdd0, load size=00000008 bytes, run addr=20000000, run size=00000360 bytes, compression=zero_init


LINKER GENERATED HANDLER TABLE

__TI_handler_table @ 0000cdb8 records: 3, size/record: 4, table size: 12
	index: 0, handler: __TI_zero_init
	index: 1, handler: __TI_decompress_rle24
	index: 2, handler: __TI_decompress_none


GLOBAL SYMBOLS: SORTED ALPHABETICALLY BY Name 

address    name
--------   ----
00009ca5   Accel_Init
000091d1   C$$EXIT
0000891b   C$$IO$$
00006a1d   Calib_Accel
00005261   Calib_Gyro
00009eaf   ClearRxInterrupts
00001c89   ControlFxn
00009ed7   DisableRxInterrupts
0000c5b0   EK_TM4C123GXL_gpioPortACallbacks
0000c5dc   EK_TM4C123GXL_gpioPortFCallbacks
0000684d   EK_TM4C123GXL_initGPIO
000093ad   EK_TM4C123GXL_initGeneral
000084ed   EK_TM4C123GXL_initPWM
00009cd1   EK_TM4C123GXL_initUART
00009895   EnableRxInterrupts
0000479d   Filter_GyroData
00009e31   GPIODirModeSet
0000a9f9   GPIOIntClear
0000a81d   GPIOIntDisable
0000a88d   GPIOIntEnable
0000a82b   GPIOIntStatus
00008c2d   GPIOIntTypeSet
00005aed   GPIOPadConfigSet
00008f05   GPIOPinConfigure
0000a9ff   GPIOPinRead
0000a605   GPIOPinTypeGPIOInput
0000a35b   GPIOPinTypeGPIOOutput
0000a617   GPIOPinTypeI2C
0000a629   GPIOPinTypeI2CSCL
0000a63b   GPIOPinTypePWM
0000a64d   GPIOPinTypeUART
0000aa05   GPIOPinWrite
0000a551   GPIO_clearInt
0000c550   GPIO_config
00009fc9   GPIO_disableInt
000093ed   GPIO_enableInt
00009e5b   GPIO_hwiIntFxn
00009fed   GPIO_init
00008c85   GPIO_setupCallbacks
000095ad   GPIO_toggle
00009f01   GPIO_write
00007f39   GetData_Accel
00007fbd   GetData_Gyro
0000a373   Gyro_Init
200031e8   Gyro_Memory
20003398   Gyro_Offset
00002fed   HOSTclock
00002fb5   HOSTclose
00002f77   HOSTgetenv
00002f1b   HOSTlseek
00002ec9   HOSTopen
00002e7d   HOSTread
00002e1f   HOSTrename
00002de5   HOSTtime
00002dad   HOSTunlink
00002d61   HOSTwrite
00008f4d   I2C0_MasterInit
00008891   I2C0_RxData
00008b7d   I2C0_TxData
0000a9b9   I2CMasterBusy
0000aa4d   I2CMasterControl
0000aa51   I2CMasterDataGet
0000aa55   I2CMasterDataPut
0000a941   I2CMasterEnable
00008f95   I2CMasterInitExpClk
0000a9c1   I2CMasterSlaveAddrSet
2000335c   IMUdata
200033a4   Magn_Offset
0000a0e9   PWMGenConfigure
0000a899   PWMGenEnable
0000a6dd   PWMGenPeriodSet
0000a65f   PWMOutputState
0000a20d   PWMPulseWidthSet
00003b6d   ProcessRxData
00007b51   ProcessStateMachine
00008041   RCinputIntHandler
20003404   RXChannelLock
00004fe1   ReadInputFxn
00007eb1   ReadSensorsFxn
000080c5   Read_Accel
00004a8d   Read_Gyro
20003224   RxData
UNDEFED    SHT$$INIT_ARRAY$$Base
UNDEFED    SHT$$INIT_ARRAY$$Limit
200033b0   State
00007189   StateEst_Calib
00006f3d   SysCtlClockGet
0000aa0b   SysCtlDelay
0000a565   SysCtlPWMClockSet
000098c9   SysCtlPeripheralEnable
20002da0   TSK_idle
0000a94b   UARTCharGet
0000a839   UARTCharGetNonBlocking
0000a955   UARTCharPut
0000a847   UARTCharPutNonBlocking
00009369   UARTConfigSetExpClk
0000a249   UARTDisable
0000a579   UARTEnable
0000aa11   UARTFIFOLevelSet
0000aa59   UARTIntClear
0000a95f   UARTIntDisable
0000a9c9   UARTIntEnable
0000a969   UARTIntStatus
0000c630   UARTTiva_fxnTable
0000a38b   UARTUtils_deviceclose
0000a671   UARTUtils_devicelseek
00009bed   UARTUtils_deviceopen
00009931   UARTUtils_deviceread
0000a6ed   UARTUtils_devicerename
0000a855   UARTUtils_deviceunlink
00009965   UARTUtils_devicewrite
0000a011   UARTUtils_systemAbort
00007d0d   UARTUtils_systemInit
0000a10d   UARTUtils_systemPutch
0000a58d   UARTUtils_systemReady
00009cfd   UART_Params_init
0000a973   UART_close
0000c538   UART_config
0000969d   UART_init
0000a3a5   UART_open
0000a97d   UART_read
0000a987   UART_write
0000a991   UART_writePolling
000011ed   Update_State
00004611   _Atan
0000a695   _Dclass
20003060   _Denorm
00007005   _Dnorm
00005e5d   _Dscale
00009215   _Dtest
000087c9   _Dunscale
20003070   _Eps
200033f4   _Errno
000075ad   _FAtan
200030e0   _FDenorm
00009a01   _FDtest
200030f0   _FEps
20003100   _FInf
20003110   _FNan
20003130   _FRteps
20003120   _FSnan
20003140   _FXbig
20003144   _FZero
200033e8   _Fenv
00009afd   _Feraise
20003080   _Hugeval
20003090   _Inf
200030a0   _Nan
200030c0   _Rteps
200030b0   _Snan
200033ec   _Tls_setup__Fenv
200030d0   _Xbig
200030d8   _Zero
00000000   __ASM__
20002560   __CIOBUF_
00000086   __ISA__
00000099   __PLAT__
20003a08   __STACK_END
00000600   __STACK_SIZE
20003508   __STACK_TOP
000000ba   __TARG__
0000cdd8   __TI_CINIT_Base
0000cdf0   __TI_CINIT_Limit
0000cdb8   __TI_Handler_Table_Base
0000cdc4   __TI_Handler_Table_Limit
00000001   __TI_args_main
00007845   __TI_auto_init
0000401d   __TI_cleanup
200033e0   __TI_cleanup_ptr
00007ab9   __TI_closefile
0000a863   __TI_decompress_none
0000aa1d   __TI_decompress_rle24
000070c9   __TI_doflush
200033e4   __TI_dtors_ptr
200033c0   __TI_ft_end
00000ee3   __TI_printfi
000074b7   __TI_rd_ok
0000891f   __TI_readmsg
00000000   __TI_static_base__
20002680   __TI_tmpnams
000088f1   __TI_writemsg
00007455   __TI_wrt_ok
0000a683   __TI_zero_init
000000e0   __TRDR__
000065d5   __aeabi_atexit
00008149   __aeabi_cdcmpeq
00008149   __aeabi_cdcmple
000081c7   __aeabi_cdrcmple
00008eb9   __aeabi_d2f
00008fdd   __aeabi_d2iz
0000411f   __aeabi_dadd
0000574d   __aeabi_ddiv
00006389   __aeabi_dmul
00004115   __aeabi_dsub
000096d5   __aeabi_f2d
00009c49   __aeabi_i2d
0000a3ed   __aeabi_lmul
00008245   __aeabi_memclr
00008245   __aeabi_memclr4
00008245   __aeabi_memclr8
00007981   __aeabi_memcpy
00007981   __aeabi_memcpy4
00007981   __aeabi_memcpy8
00008247   __aeabi_memset
00008247   __aeabi_memset4
00008247   __aeabi_memset8
200033cc   __aeabi_stderr
200033c4   __aeabi_stdin
200033c8   __aeabi_stdout
00003d61   __aeabi_uldivmod
ffffffff   __binit__
ffffffff   __c_args__
000065c3   __cxa_atexit
0000657d   __cxa_finalize
000065bd   __cxa_ia64_exit
20003408   __stack
0000aa17   __xdc__init
20002cb8   __xdc__init__addr
0000a3d5   _args_main
00008b25   _c_int00
0000c080   _ctypes_
20002dec   _ftable
200033d8   _lock
0000a5af   _nop
0000a5a7   _register_lock
0000a5a1   _register_unlock
200033dc   _unlock
000091d5   abort
00002cb3   add_device
00005d41   asin
00006d91   atan2f
000065c7   atexit
00008e6d   atoi
ffffffff   binit
200027a8   callbackHwi
200027c4   callbackHwi2
00002c61   close
200032d0   controlData
0000918d   copy_in
20003405   currentRXChannel
000091dd   exit
00007b1f   fclose
000099cd   feraiseexcept
00007115   fflush
00004073   fopen
000078e5   fputc
00005885   fputs
0000a3bd   free
00004049   freopen
00008765   fseek
0000c378   gpioHWAttrs
0000c520   i2cTivaHWAttrs
00002c3d   lseek
00008ac9   ltoa
00006671   main
200033fc   main_func_sp
00009c1b   malloc
0000a265   memccpy
0000a525   memchr
00007981   memcpy
0000824d   memset
0000a30d   motorsDisable
0000539d   motors_init
00006cb9   motors_out
00002b8f   open
000082c5   printf
00007969   putc
0000796d   putchar
00005991   puts
00009c77   raise
00002b6b   read
00002ae1   remove
00002b43   remove_device
00002b05   rename
00006bdd   setvbuf
0000946d   signal
00004e99   sqrt
0000a53b   strchr
0000a405   strcmp
0000a6fd   strcpy
0000a5b5   strlen
00009acd   strncpy
0000c2ec   ti_catalog_arm_cortexm4_tiva_ce_Boot_A_mustUseEnhancedClockMode__C
0000c87c   ti_catalog_arm_cortexm4_tiva_ce_Boot_Module__diagsEnabled__C
0000c880   ti_catalog_arm_cortexm4_tiva_ce_Boot_Module__diagsIncluded__C
0000c884   ti_catalog_arm_cortexm4_tiva_ce_Boot_Module__diagsMask__C
0000c25a   ti_catalog_arm_cortexm4_tiva_ce_Boot_Module__id__C
0000a881   ti_catalog_arm_cortexm4_tiva_ce_Boot_init__I
00005f6d   ti_catalog_arm_cortexm4_tiva_ce_Boot_sysCtlClockSetI__I
00007be5   ti_catalog_arm_cortexm4_tiva_ce_Boot_sysCtlClockSet__E
0000aa23   ti_catalog_arm_cortexm4_tiva_ce_Boot_sysCtlDelayI__I
0000c888   ti_sysbios_BIOS_Module__diagsEnabled__C
0000c88c   ti_sysbios_BIOS_Module__diagsIncluded__C
0000c890   ti_sysbios_BIOS_Module__diagsMask__C
0000c852   ti_sysbios_BIOS_Module__id__C
20002b50   ti_sysbios_BIOS_Module__state__V
0000aa5d   ti_sysbios_BIOS_RtsGateProxy_enter__E
0000aa61   ti_sysbios_BIOS_RtsGateProxy_leave__E
0000aa75   ti_sysbios_BIOS_RtsGateProxy_query__E
00009025   ti_sysbios_BIOS_errorRaiseHook__I
00009d29   ti_sysbios_BIOS_exitFunc__I
0000a70d   ti_sysbios_BIOS_getCpuFreq__E
0000c894   ti_sysbios_BIOS_installedErrorHook__C
000042cb   ti_sysbios_BIOS_nullFunc__I
0000a035   ti_sysbios_BIOS_registerRTSLock__I
0000a281   ti_sysbios_BIOS_rtsLock__I
00008631   ti_sysbios_BIOS_rtsUnlock__I
0000a71d   ti_sysbios_BIOS_setThreadType__E
0000a12d   ti_sysbios_BIOS_startFunc__I
0000a72d   ti_sysbios_BIOS_start__E
20003304   ti_sysbios_family_arm_lm4_Timer_Module_State_0_device__A
20002b78   ti_sysbios_family_arm_lm4_Timer_Module_State_0_handles__A
20002b70   ti_sysbios_family_arm_lm4_Timer_Module__root__V
0000a41d   ti_sysbios_family_arm_lm4_Timer_Module__startupDone__F
0000a41d   ti_sysbios_family_arm_lm4_Timer_Module__startupDone__S
20002b90   ti_sysbios_family_arm_lm4_Timer_Module__state__V
00008a11   ti_sysbios_family_arm_lm4_Timer_Module_startup__E
00008a11   ti_sysbios_family_arm_lm4_Timer_Module_startup__F
20003260   ti_sysbios_family_arm_lm4_Timer_Object__table__V
0000c898   ti_sysbios_family_arm_lm4_Timer_enableFunc__C
000076fd   ti_sysbios_family_arm_lm4_Timer_enableTimers__I
00007501   ti_sysbios_family_arm_lm4_Timer_enableTiva__I
0000aa65   ti_sysbios_family_arm_lm4_Timer_getPeriod__E
00008951   ti_sysbios_family_arm_lm4_Timer_isrStub__E
0000a8a5   ti_sysbios_family_arm_lm4_Timer_masterDisable__I
0000aa69   ti_sysbios_family_arm_lm4_Timer_masterEnable__I
0000c89c   ti_sysbios_family_arm_lm4_Timer_numTimerDevices__C
00003761   ti_sysbios_family_arm_lm4_Timer_start__E
0000c8a0   ti_sysbios_family_arm_lm4_Timer_startupNeeded__C
000094ad   ti_sysbios_family_arm_lm4_Timer_startup__E
00009259   ti_sysbios_family_arm_lm4_Timer_stop__E
0000a22b   ti_sysbios_family_arm_lm4_Timer_write__I
0000c8a4   ti_sysbios_family_arm_m3_Hwi_E_NMI__C
0000c8a8   ti_sysbios_family_arm_m3_Hwi_E_alreadyDefined__C
0000c8ac   ti_sysbios_family_arm_m3_Hwi_E_busFault__C
0000c8b0   ti_sysbios_family_arm_m3_Hwi_E_debugMon__C
0000c8b4   ti_sysbios_family_arm_m3_Hwi_E_hardFault__C
0000c8b8   ti_sysbios_family_arm_m3_Hwi_E_memFault__C
0000c8bc   ti_sysbios_family_arm_m3_Hwi_E_noIsr__C
0000c8c0   ti_sysbios_family_arm_m3_Hwi_E_reserved__C
0000c8c4   ti_sysbios_family_arm_m3_Hwi_E_svCall__C
0000c8c8   ti_sysbios_family_arm_m3_Hwi_E_usageFault__C
0000a435   ti_sysbios_family_arm_m3_Hwi_Handle__label__S
0000a059   ti_sysbios_family_arm_m3_Hwi_Instance_finalize__F
00007d99   ti_sysbios_family_arm_m3_Hwi_Instance_init__F
200027f0   ti_sysbios_family_arm_m3_Hwi_Module_State_0_dispatchTable__A
20002bbc   ti_sysbios_family_arm_m3_Hwi_Module_State_0_excActive__A
20002bc0   ti_sysbios_family_arm_m3_Hwi_Module_State_0_excContext__A
20002bc4   ti_sysbios_family_arm_m3_Hwi_Module_State_0_excStack__A
0000ca14   ti_sysbios_family_arm_m3_Hwi_Module__id__C
20002b9c   ti_sysbios_family_arm_m3_Hwi_Module__root__V
0000a44d   ti_sysbios_family_arm_m3_Hwi_Module__startupDone__F
0000a44d   ti_sysbios_family_arm_m3_Hwi_Module__startupDone__S
20003148   ti_sysbios_family_arm_m3_Hwi_Module__state__V
000077a1   ti_sysbios_family_arm_m3_Hwi_Module_startup__E
000077a1   ti_sysbios_family_arm_m3_Hwi_Module_startup__F
0000c8cc   ti_sysbios_family_arm_m3_Hwi_NUM_INTERRUPTS__C
[...]
0000a341   xdc_runtime_System_printf__E
0000a35b   GPIOPinTypeGPIOOutput
0000a373   Gyro_Init
0000a38b   UARTUtils_deviceclose
0000a3a5   UART_open
0000a3bd   free
0000a3d5   _args_main
0000a3ed   __aeabi_lmul
0000a405   strcmp
0000a41d   ti_sysbios_family_arm_lm4_Timer_Module__startupDone__F
0000a41d   ti_sysbios_family_arm_lm4_Timer_Module__startupDone__S
0000a435   ti_sysbios_family_arm_m3_Hwi_Handle__label__S
0000a44d   ti_sysbios_family_arm_m3_Hwi_Module__startupDone__F
0000a44d   ti_sysbios_family_arm_m3_Hwi_Module__startupDone__S
0000a465   ti_sysbios_family_arm_m3_TaskSupport_swap__E
0000a465   ti_sysbios_knl_Task_SupportProxy_swap__E
0000a471   ti_sysbios_knl_Task_swapReturn
0000a47d   ti_sysbios_gates_GateHwi_Handle__label__S
0000a495   ti_sysbios_gates_GateMutex_Handle__label__S
0000a4ad   ti_sysbios_gates_GateMutex_leave__E
0000a4c5   ti_sysbios_hal_Timer_Module__startupDone__F
0000a4c5   ti_sysbios_hal_Timer_Module__startupDone__S
0000a4dd   ti_sysbios_heaps_HeapMem_Handle__label__S
0000a4f5   ti_sysbios_knl_Task_Handle__label__S
0000a50d   xdc_runtime_Text_ropeText__E
0000a50d   xdc_runtime_Text_ropeText__F
0000a525   memchr
0000a53b   strchr
0000a551   GPIO_clearInt
0000a565   SysCtlPWMClockSet
0000a579   UARTEnable
0000a58d   UARTUtils_systemReady
0000a5a1   _register_unlock
0000a5a7   _register_lock
0000a5af   _nop
0000a5b5   strlen
0000a5c9   ti_sysbios_family_arm_m3_Hwi_switchFromBootStack__E
0000a5c9   ti_sysbios_hal_Hwi_HwiProxy_switchFromBootStack__E
0000a5c9   ti_sysbios_hal_Hwi_switchFromBootStack__E
0000a5dd   ti_sysbios_heaps_HeapMem_Object__get__S
0000a5f1   xdc_runtime_System_abort__E
0000a5f1   xdc_runtime_System_abort__F
0000a605   GPIOPinTypeGPIOInput
0000a617   GPIOPinTypeI2C
0000a629   GPIOPinTypeI2CSCL
0000a63b   GPIOPinTypePWM
0000a64d   GPIOPinTypeUART
0000a65f   PWMOutputState
0000a671   UARTUtils_devicelseek
0000a683   __TI_zero_init
0000a695   _Dclass
0000a6a7   ti_sysbios_hal_Hwi_Module_startup__E
0000a6a7   ti_sysbios_hal_Hwi_Module_startup__F
0000a6b9   ti_sysbios_hal_Timer_Module_startup__E
0000a6b9   ti_sysbios_hal_Timer_Module_startup__F
0000a6cb   xdc_runtime_Startup_exec__I
0000a6dd   PWMGenPeriodSet
0000a6ed   UARTUtils_devicerename
0000a6fd   strcpy
0000a70d   ti_sysbios_BIOS_getCpuFreq__E
0000a71d   ti_sysbios_BIOS_setThreadType__E
0000a72d   ti_sysbios_BIOS_start__E
0000a73d   ti_sysbios_family_arm_m3_Hwi_excHandler__I
0000a74d   ti_sysbios_family_arm_m3_TaskSupport_glue
0000a75d   ti_sysbios_gates_GateMutex_Instance_finalize__F
0000a76d   ti_sysbios_knl_Semaphore_Instance_finalize__F
0000a77d   ti_sysbios_knl_Task_Object__get__S
0000a78d   ti_sysbios_knl_Task_disable__E
0000a79d   xdc_runtime_Gate_leaveSystem__E
0000a79d   xdc_runtime_Gate_leaveSystem__F
0000a7ad   xdc_runtime_Memory_free__E
0000a7ad   xdc_runtime_Memory_free__F
0000a7bd   xdc_runtime_SysCallback_abort__E
0000a7bd   xdc_runtime_SysCallback_abort__F
0000a7bd   xdc_runtime_System_SupportProxy_abort__E
0000a7cd   xdc_runtime_SysCallback_exit__E
0000a7cd   xdc_runtime_SysCallback_exit__F
0000a7cd   xdc_runtime_System_SupportProxy_exit__E
0000a7dd   xdc_runtime_SysCallback_flush__E
0000a7dd   xdc_runtime_SysCallback_flush__F
0000a7dd   xdc_runtime_System_SupportProxy_flush__E
0000a7dd   xdc_runtime_System_flush__E
0000a7dd   xdc_runtime_System_flush__F
0000a7ed   xdc_runtime_SysCallback_putch__E
0000a7ed   xdc_runtime_SysCallback_putch__F
0000a7ed   xdc_runtime_System_SupportProxy_putch__E
0000a7fd   xdc_runtime_SysCallback_ready__E
0000a7fd   xdc_runtime_SysCallback_ready__F
0000a7fd   xdc_runtime_System_SupportProxy_ready__E
0000a80d   xdc_runtime_System_vsnprintf__F
0000a81d   GPIOIntDisable
0000a82b   GPIOIntStatus
0000a839   UARTCharGetNonBlocking
0000a847   UARTCharPutNonBlocking
0000a855   UARTUtils_deviceunlink
0000a863   __TI_decompress_none
0000a871   ti_sysbios_knl_Queue_empty__E
0000a881   ti_catalog_arm_cortexm4_tiva_ce_Boot_init__I
0000a88d   GPIOIntEnable
0000a899   PWMGenEnable
0000a8a5   ti_sysbios_family_arm_lm4_Timer_masterDisable__I
0000a8b1   ti_sysbios_family_arm_m3_Hwi_Params__init__S
0000a8bd   ti_sysbios_family_arm_m3_Hwi_disableFxn__E
0000a8bd   ti_sysbios_hal_Hwi_HwiProxy_disable__E
0000a8bd   ti_sysbios_hal_Hwi_disable__E
0000a8c9   ti_sysbios_gates_GateHwi_enter__E
0000a8d5   ti_sysbios_knl_Clock_getTicks__E
0000a8e1   ti_sysbios_knl_Queue_Object__get__S
0000a8ed   ti_sysbios_knl_Semaphore_Params__init__S
0000a8f9   xdc_runtime_Error_init__E
0000a8f9   xdc_runtime_Error_init__F
0000a905   xdc_runtime_Gate_enterSystem__E
0000a905   xdc_runtime_Gate_enterSystem__F
0000a911   xdc_runtime_Memory_calloc__E
0000a911   xdc_runtime_Memory_calloc__F
0000a91d   xdc_runtime_Memory_getMaxDefaultTypeAlign__E
0000a91d   xdc_runtime_Memory_getMaxDefaultTypeAlign__F
0000a929   xdc_runtime_System_exit__E
0000a929   xdc_runtime_System_exit__F
0000a935   xdc_runtime_System_lastFxn__I
0000a941   I2CMasterEnable
0000a94b   UARTCharGet
0000a955   UARTCharPut
0000a95f   UARTIntDisable
0000a969   UARTIntStatus
0000a973   UART_close
0000a97d   UART_read
0000a987   UART_write
0000a991   UART_writePolling
0000a9af   xdc_runtime_Text_visitRope__I
0000a9b9   I2CMasterBusy
0000a9c1   I2CMasterSlaveAddrSet
0000a9c9   UARTIntEnable
0000a9e1   ti_sysbios_family_arm_m3_Hwi_startup__E
0000a9e1   ti_sysbios_hal_Hwi_HwiProxy_startup__E
0000a9e1   ti_sysbios_hal_Hwi_startup__E
0000a9e9   ti_sysbios_knl_Idle_loop__E
0000a9f9   GPIOIntClear
0000a9ff   GPIOPinRead
0000aa05   GPIOPinWrite
0000aa0b   SysCtlDelay
0000aa11   UARTFIFOLevelSet
0000aa17   __xdc__init
0000aa1d   __TI_decompress_rle24
0000aa23   ti_catalog_arm_cortexm4_tiva_ce_Boot_sysCtlDelayI__I
0000aa29   ti_sysbios_family_arm_m3_Hwi_restoreFxn__E
0000aa29   ti_sysbios_hal_Hwi_HwiProxy_restore__E
0000aa29   ti_sysbios_hal_Hwi_restore__E
0000aa2f   ti_sysbios_gates_GateHwi_leave__E
0000aa35   ti_sysbios_heaps_HeapMem_isBlocking__E
0000aa3b   ti_sysbios_knl_Queue_Instance_init__F
0000aa41   ti_sysbios_knl_Swi_Module_startup__E
0000aa41   ti_sysbios_knl_Swi_Module_startup__F
0000aa47   xdc_runtime_System_Module_startup__E
0000aa47   xdc_runtime_System_Module_startup__F
0000aa4d   I2CMasterControl
0000aa51   I2CMasterDataGet
0000aa55   I2CMasterDataPut
0000aa59   UARTIntClear
0000aa5d   ti_sysbios_BIOS_RtsGateProxy_enter__E
0000aa61   ti_sysbios_BIOS_RtsGateProxy_leave__E
0000aa65   ti_sysbios_family_arm_lm4_Timer_getPeriod__E
0000aa69   ti_sysbios_family_arm_lm4_Timer_masterEnable__I
0000aa6d   ti_sysbios_family_arm_m3_TaskSupport_Module__startupDone__S
0000aa71   ti_sysbios_gates_GateHwi_query__E
0000aa71   ti_sysbios_gates_GateHwi_query__F
0000aa71   xdc_runtime_Main_Module_GateProxy_query__E
0000aa71   xdc_runtime_System_Module_GateProxy_query__E
0000aa75   ti_sysbios_BIOS_RtsGateProxy_query__E
0000aa75   ti_sysbios_gates_GateMutex_query__E
0000aa75   ti_sysbios_gates_GateMutex_query__F
0000aa75   ti_sysbios_heaps_HeapMem_Module_GateProxy_query__E
0000aa79   ti_sysbios_hal_Hwi_HwiProxy_Module__startupDone__S
0000aa7d   ti_sysbios_hal_Timer_TimerProxy_Module__startupDone__S
0000aa81   ti_sysbios_hal_Timer_TimerProxy_getPeriod__E
0000aa85   ti_sysbios_heaps_HeapMem_Module_GateProxy_enter__E
0000aa89   ti_sysbios_heaps_HeapMem_Module_GateProxy_leave__E
0000aa8d   ti_sysbios_knl_Task_SupportProxy_Module__startupDone__S
0000aa91   ti_sysbios_knl_Task_startup__E
0000aa95   xdc_runtime_Error_getSite__E
0000aa95   xdc_runtime_Error_getSite__F
0000aa99   xdc_runtime_Memory_HeapProxy_alloc__E
0000aa9d   xdc_runtime_Memory_HeapProxy_free__E
0000aaa1   xdc_runtime_System_Module_GateProxy_enter__E
0000aaa5   xdc_runtime_System_Module_GateProxy_leave__E
0000aaa9   xdc_runtime_System_aprintf_va__F
0000aaad   xdc_runtime_System_printf_va__F
0000aab1   xdc_runtime_System_vsnprintf__E
0000aab8   xdc_runtime_Text_charTab__A
0000c07f   xdc_runtime_Error_policy__C
0000c080   _ctypes_
0000c182   ti_sysbios_family_arm_m3_Hwi_priorities__A
0000c25a   ti_catalog_arm_cortexm4_tiva_ce_Boot_Module__id__C
0000c2ec   ti_catalog_arm_cortexm4_tiva_ce_Boot_A_mustUseEnhancedClockMode__C
0000c378   gpioHWAttrs
0000c520   i2cTivaHWAttrs
0000c530   uartTivaHWAttrs
0000c538   UART_config
0000c550   GPIO_config
0000c580   ti_sysbios_family_arm_m3_Hwi_Object__PARAMS__C
0000c5b0   EK_TM4C123GXL_gpioPortACallbacks
0000c5dc   EK_TM4C123GXL_gpioPortFCallbacks
0000c608   ti_sysbios_heaps_HeapMem_Module__FXNS__C
0000c630   UARTTiva_fxnTable
0000c654   ti_sysbios_gates_GateHwi_Module__FXNS__C
0000c678   ti_sysbios_gates_GateMutex_Module__FXNS__C
0000c69c   ti_sysbios_heaps_HeapMem_Object__PARAMS__C
0000c6c0   ti_sysbios_knl_Semaphore_Object__PARAMS__C
0000c6e4   ti_sysbios_family_arm_m3_Hwi_Object__DESC__C
0000c704   ti_sysbios_gates_GateHwi_Object__DESC__C
0000c724   ti_sysbios_gates_GateMutex_Object__DESC__C
0000c744   ti_sysbios_heaps_HeapMem_Object__DESC__C
0000c764   ti_sysbios_knl_Queue_Object__DESC__C
0000c784   ti_sysbios_knl_Semaphore_Object__DESC__C
0000c7a4   xdc_runtime_Startup_sfxnTab__A
0000c7c4   ti_sysbios_gates_GateHwi_Object__PARAMS__C
0000c7dc   ti_sysbios_gates_GateMutex_Object__PARAMS__C
0000c7f4   ti_sysbios_knl_Queue_Object__PARAMS__C
0000c80c   xdc_runtime_Startup_firstFxns__A
0000c832   xdc_runtime_Startup_sfxnRts__A
0000c842   xdc_runtime_Text_nodeTab__A
0000c852   ti_sysbios_BIOS_Module__id__C
0000c854   ti_sysbios_family_arm_m3_Hwi_excHookFuncs__A
0000c85c   ti_sysbios_knl_Idle_coreList__C
0000c864   ti_sysbios_knl_Idle_funcList__C
0000c86c   xdc_runtime_Startup_firstFxns__C
0000c874   xdc_runtime_Startup_lastFxns__C
0000c87c   ti_catalog_arm_cortexm4_tiva_ce_Boot_Module__diagsEnabled__C
0000c880   ti_catalog_arm_cortexm4_tiva_ce_Boot_Module__diagsIncluded__C
0000c884   ti_catalog_arm_cortexm4_tiva_ce_Boot_Module__diagsMask__C
0000c888   ti_sysbios_BIOS_Module__diagsEnabled__C
0000c88c   ti_sysbios_BIOS_Module__diagsIncluded__C
0000c890   ti_sysbios_BIOS_Module__diagsMask__C
0000c894   ti_sysbios_BIOS_installedErrorHook__C
0000c898   ti_sysbios_family_arm_lm4_Timer_enableFunc__C
0000c89c   ti_sysbios_family_arm_lm4_Timer_numTimerDevices__C
0000c8a0   ti_sysbios_family_arm_lm4_Timer_startupNeeded__C
0000c8a4   ti_sysbios_family_arm_m3_Hwi_E_NMI__C
0000c8a8   ti_sysbios_family_arm_m3_Hwi_E_alreadyDefined__C
0000c8ac   ti_sysbios_family_arm_m3_Hwi_E_busFault__C
0000c8b0   ti_sysbios_family_arm_m3_Hwi_E_debugMon__C
0000c8b4   ti_sysbios_family_arm_m3_Hwi_E_hardFault__C
0000c8b8   ti_sysbios_family_arm_m3_Hwi_E_memFault__C
0000c8bc   ti_sysbios_family_arm_m3_Hwi_E_noIsr__C
0000c8c0   ti_sysbios_family_arm_m3_Hwi_E_reserved__C
0000c8c4   ti_sysbios_family_arm_m3_Hwi_E_svCall__C
0000c8c8   ti_sysbios_family_arm_m3_Hwi_E_usageFault__C
0000c8cc   ti_sysbios_family_arm_m3_Hwi_NUM_INTERRUPTS__C
0000c8d0   ti_sysbios_family_arm_m3_Hwi_ccr__C
0000c8d4   ti_sysbios_family_arm_m3_Hwi_dispatchTable__C
0000c8d8   ti_sysbios_family_arm_m3_Hwi_excHandlerFunc__C
0000c8dc   ti_sysbios_family_arm_m3_Hwi_excHookFuncs__C
0000c8e0   ti_sysbios_family_arm_m3_Hwi_priGroup__C
0000c8e4   ti_sysbios_family_arm_m3_Hwi_priorities__C
0000c8e8   ti_sysbios_gates_GateMutex_A_badContext__C
0000c8ec   ti_sysbios_gates_GateMutex_Instance_State_sem__O
0000c8f0   ti_sysbios_gates_GateMutex_Module__diagsEnabled__C
0000c8f4   ti_sysbios_gates_GateMutex_Module__diagsIncluded__C
0000c8f8   ti_sysbios_gates_GateMutex_Module__diagsMask__C
0000c8fc   ti_sysbios_heaps_HeapMem_A_align__C
0000c900   ti_sysbios_heaps_HeapMem_A_heapSize__C
0000c904   ti_sysbios_heaps_HeapMem_A_invalidFree__C
0000c908   ti_sysbios_heaps_HeapMem_A_zeroBlock__C
0000c90c   ti_sysbios_heaps_HeapMem_E_memory__C
0000c910   ti_sysbios_heaps_HeapMem_Module__diagsEnabled__C
0000c914   ti_sysbios_heaps_HeapMem_Module__diagsIncluded__C
0000c918   ti_sysbios_heaps_HeapMem_Module__diagsMask__C
0000c91c   ti_sysbios_heaps_HeapMem_Module__gateObj__C
0000c920   ti_sysbios_heaps_HeapMem_Object__count__C
0000c924   ti_sysbios_heaps_HeapMem_reqAlign__C
0000c928   ti_sysbios_knl_Clock_Module_State_clockQ__O
0000c92c   ti_sysbios_knl_Semaphore_A_badContext__C
0000c930   ti_sysbios_knl_Semaphore_A_noEvents__C
0000c934   ti_sysbios_knl_Semaphore_A_overflow__C
0000c938   ti_sysbios_knl_Semaphore_A_pendTaskDisabled__C
0000c93c   ti_sysbios_knl_Semaphore_Instance_State_pendQ__O
0000c940   ti_sysbios_knl_Semaphore_Module__diagsEnabled__C
0000c944   ti_sysbios_knl_Semaphore_Module__diagsIncluded__C
0000c948   ti_sysbios_knl_Semaphore_Module__diagsMask__C
0000c94c   ti_sysbios_knl_Task_A_badTimeout__C
0000c950   ti_sysbios_knl_Task_A_sleepTaskDisabled__C
0000c954   ti_sysbios_knl_Task_Module_State_inactiveQ__O
0000c958   ti_sysbios_knl_Task_Module__diagsEnabled__C
0000c95c   ti_sysbios_knl_Task_Module__diagsIncluded__C
0000c960   ti_sysbios_knl_Task_Module__diagsMask__C
0000c964   ti_sysbios_knl_Task_Object__count__C
0000c968   ti_sysbios_knl_Task_allBlockedFunc__C
0000c96c   ti_sysbios_knl_Task_numConstructedTasks__C
0000c970   xdc_runtime_Assert_E_assertFailed__C
0000c974   xdc_runtime_Core_A_initializedParams__C
0000c978   xdc_runtime_Core_Module__diagsEnabled__C
0000c97c   xdc_runtime_Core_Module__diagsIncluded__C
0000c980   xdc_runtime_Core_Module__diagsMask__C
0000c984   xdc_runtime_Error_E_memory__C
0000c988   xdc_runtime_Error_Module__diagsEnabled__C
0000c98c   xdc_runtime_Error_Module__diagsIncluded__C
0000c990   xdc_runtime_Error_Module__diagsMask__C
0000c994   xdc_runtime_Error_Module__loggerFxn8__C
0000c998   xdc_runtime_Error_Module__loggerObj__C
0000c99c   xdc_runtime_Error_raiseHook__C
0000c9a0   xdc_runtime_IGateProvider_Interface__BASE__C
0000c9a4   xdc_runtime_IHeap_Interface__BASE__C
0000c9a8   xdc_runtime_IModule_Interface__BASE__C
0000c9ac   xdc_runtime_Log_L_error__C
0000c9b0   xdc_runtime_Main_Module__diagsEnabled__C
0000c9b4   xdc_runtime_Main_Module__diagsIncluded__C
0000c9b8   xdc_runtime_Main_Module__diagsMask__C
0000c9bc   xdc_runtime_Main_Module__loggerFxn2__C
0000c9c0   xdc_runtime_Main_Module__loggerObj__C
0000c9c4   xdc_runtime_Memory_defaultHeapInstance__C
0000c9c8   xdc_runtime_Startup_execImpl__C
0000c9cc   xdc_runtime_Startup_lastFxns__A
0000c9d0   xdc_runtime_Startup_maxPasses__C
0000c9d4   xdc_runtime_Startup_sfxnRts__C
0000c9d8   xdc_runtime_Startup_sfxnTab__C
0000c9dc   xdc_runtime_SysCallback_abortFxn__C
0000c9e0   xdc_runtime_SysCallback_exitFxn__C
0000c9e4   xdc_runtime_SysCallback_flushFxn__C
0000c9e8   xdc_runtime_SysCallback_putchFxn__C
0000c9ec   xdc_runtime_SysCallback_readyFxn__C
0000c9f0   xdc_runtime_System_Module__gateObj__C
0000c9f4   xdc_runtime_System_extendFxn__C
0000c9f8   xdc_runtime_System_maxAtexitHandlers__C
0000c9fc   xdc_runtime_Text_charTab__C
0000ca00   xdc_runtime_Text_nameEmpty__C
0000ca04   xdc_runtime_Text_nameStatic__C
0000ca08   xdc_runtime_Text_nameUnknown__C
0000ca0c   xdc_runtime_Text_nodeTab__C
0000ca10   xdc_runtime_Text_visitRopeFxn__C
0000ca14   ti_sysbios_family_arm_m3_Hwi_Module__id__C
0000ca16   ti_sysbios_gates_GateMutex_Module__id__C
0000ca18   ti_sysbios_heaps_HeapMem_Module__id__C
0000ca1a   ti_sysbios_knl_Semaphore_Module__id__C
0000ca1c   ti_sysbios_knl_Task_Module__id__C
0000ca1e   ti_sysbios_knl_Task_initStackFlag__C
0000ca20   xdc_runtime_Core_Module__id__C
0000ca22   xdc_runtime_Error_Module__loggerDefined__C
0000ca24   xdc_runtime_Error_maxDepth__C
0000ca26   xdc_runtime_Main_Module__id__C
0000ca28   xdc_runtime_Main_Module__loggerDefined__C
0000ca2a   xdc_runtime_Memory_Module__id__C
0000ca2c   xdc_runtime_Text_charCnt__C
0000ca2e   xdc_runtime_Text_isLoaded__C
0000ca30   xdc_runtime_Text_registryModsLastId__C
0000ca32   xdc_runtime_Text_unnamedModsLastId__C
0000cdb8   __TI_Handler_Table_Base
0000cdc4   __TI_Handler_Table_Limit
0000cdd8   __TI_CINIT_Base
0000cdf0   __TI_CINIT_Limit
20000000   ti_sysbios_family_arm_m3_Hwi_ramVectors
20000360   ti_sysbios_knl_Task_Instance_State_0_stack__A
20000b60   ti_sysbios_knl_Task_Instance_State_1_stack__A
20001160   ti_sysbios_knl_Task_Instance_State_2_stack__A
20001960   ti_sysbios_knl_Task_Instance_State_3_stack__A
20002160   ti_sysbios_heaps_HeapMem_Instance_State_0_buf__A
20002560   __CIOBUF_
20002680   __TI_tmpnams
20002720   uartTivaObjects
200027a8   callbackHwi
200027c4   callbackHwi2
200027e8   ui32Load
200027ec   ui32PWMClock
200027f0   ti_sysbios_family_arm_m3_Hwi_Module_State_0_dispatchTable__A
20002b50   ti_sysbios_BIOS_Module__state__V
20002b70   ti_sysbios_family_arm_lm4_Timer_Module__root__V
20002b78   ti_sysbios_family_arm_lm4_Timer_Module_State_0_handles__A
20002b90   ti_sysbios_family_arm_lm4_Timer_Module__state__V
20002b9c   ti_sysbios_family_arm_m3_Hwi_Module__root__V
20002ba4   ti_sysbios_family_arm_m3_Hwi_Object__table__V
20002bbc   ti_sysbios_family_arm_m3_Hwi_Module_State_0_excActive__A
20002bc0   ti_sysbios_family_arm_m3_Hwi_Module_State_0_excContext__A
20002bc4   ti_sysbios_family_arm_m3_Hwi_Module_State_0_excStack__A
20002bc8   ti_sysbios_gates_GateHwi_Module__root__V
20002bd0   ti_sysbios_gates_GateHwi_Object__table__V
20002bd4   ti_sysbios_gates_GateMutex_Module__root__V
20002bdc   ti_sysbios_hal_Hwi_Module__root__V
20002be4   ti_sysbios_hal_Timer_Module__root__V
20002bec   ti_sysbios_hal_Timer_Object__table__V
20002bf4   ti_sysbios_heaps_HeapMem_Module__root__V
20002bfc   ti_sysbios_heaps_HeapMem_Object__table__V
20002c14   ti_sysbios_knl_Clock_Module__root__V
20002c1c   ti_sysbios_knl_Queue_Module__root__V
20002c24   ti_sysbios_knl_Semaphore_Module__root__V
20002c2c   ti_sysbios_knl_Swi_Module__root__V
20002c34   ti_sysbios_knl_Swi_Module_State_0_readyQ__A
20002c3c   ti_sysbios_knl_Swi_Module__state__V
20002c58   ti_sysbios_knl_Task_Module__root__V
20002c60   ti_sysbios_knl_Task_Module_State_0_readyQ__A
20002c80   ti_sysbios_knl_Task_Module_State_0_idleTask__A
20002c84   xdc_runtime_Error_Module__state__V
20002c88   xdc_runtime_Memory_Module__state__V
20002c8c   xdc_runtime_Registry_Module__state__V
20002c94   xdc_runtime_Startup_Module__state__V
20002c9c   xdc_runtime_System_Module_State_0_atexitHandlers__A
20002ca4   xdc_runtime_System_Module__state__V
20002cb0   xdc_runtime_Text_Module__state__V
20002cb8   __xdc__init__addr
20002cbc   ti_sysbios_knl_Task_Object__table__V
20002da0   TSK_idle
20002dec   _ftable
20003060   _Denorm
20003070   _Eps
20003080   _Hugeval
20003090   _Inf
200030a0   _Nan
200030b0   _Snan
200030c0   _Rteps
200030d0   _Xbig
200030d8   _Zero
200030e0   _FDenorm
200030f0   _FEps
20003100   _FInf
20003110   _FNan
20003120   _FSnan
20003130   _FRteps
20003140   _FXbig
20003144   _FZero
20003148   ti_sysbios_family_arm_m3_Hwi_Module__state__V
200031a4   ti_sysbios_knl_Task_Module__state__V
200031e8   Gyro_Memory
20003224   RxData
20003260   ti_sysbios_family_arm_lm4_Timer_Object__table__V
20003298   ti_sysbios_gates_GateMutex_Object__table__V
200032d0   controlData
20003304   ti_sysbios_family_arm_lm4_Timer_Module_State_0_device__A
20003334   ti_sysbios_knl_Clock_Module__state__V
2000335c   IMUdata
20003398   Gyro_Offset
200033a4   Magn_Offset
200033b0   State
200033c0   __TI_ft_end
200033c4   __aeabi_stdin
200033c8   __aeabi_stdout
200033cc   __aeabi_stderr
200033d8   _lock
200033dc   _unlock
200033e0   __TI_cleanup_ptr
200033e4   __TI_dtors_ptr
200033e8   _Fenv
200033ec   _Tls_setup__Fenv
200033f4   _Errno
200033fc   main_func_sp
20003404   RXChannelLock
20003405   currentRXChannel
20003408   __stack
20003508   __STACK_TOP
20003a08   __STACK_END
e000e000   ti_sysbios_family_arm_m3_Hwi_nvic
ffffffff   __binit__
ffffffff   __c_args__
ffffffff   binit
UNDEFED    SHT$$INIT_ARRAY$$Base
UNDEFED    SHT$$INIT_ARRAY$$Limit

[758 symbols]
