******************************************************************************
                  TI ARM Linker PC v5.1.3                      
******************************************************************************
>> Linked Sun Mar 30 23:02:59 2014

OUTPUT FILE NAME:   <KIRC_FltCmp_Software.out>
ENTRY POINT SYMBOL: "_c_int00"  address: 00009ce9


MEMORY CONFIGURATION

         name            origin    length      used     unused   attr    fill
----------------------  --------  ---------  --------  --------  ----  --------
  FLASH                 00000000   00040000  0000e2be  00031d42  R  X
  SRAM                  20000000   00008000  00005696  0000296a  RW X


SEGMENT ALLOCATION MAP

run origin  load origin   length   init length attrs members
----------  ----------- ---------- ----------- ----- -------
00000000    00000000    0000e2c0   0000e2c0    r-x
  00000000    00000000    00000360   00000360    r-- .resetVecs
  00000360    00000360    0000ba50   0000ba50    r-x .text
  0000bdb0    0000bdb0    000020c6   000020c6    r-- .const
  0000de78    0000de78    00000448   00000448    r-- .cinit
20000000    20000000    00005698   00000000    rw-
  20000000    20000000    00000360   00000000    rw- .vecs
  20000360    20000360    00003fa0   00000000    rw- .bss
  20004300    20004300    00000d96   00000000    rw- .data
  20005098    20005098    00000600   00000000    rw- .stack


SECTION ALLOCATION MAP

 output                                  attributes/
section   page    origin      length       input sections
--------  ----  ----------  ----------   ----------------
.bootVecs 
*          0    00000000    00000008     DSECT
                  00000000    00000008     boot.aem4f : boot.oem4f (.bootVecs)

.resetVecs 
*          0    00000000    00000360     
                  00000000    00000360     KIRC_FltCmp_RTOS_pem4f.oem4f (.resetVecs)

xdc.meta   0    00000000    00000105     COPY SECTION
                  00000000    00000105     KIRC_FltCmp_RTOS_pem4f.oem4f (xdc.meta)

.text      0    00000360    0000ba50     
                  00000360    00000ec0     rtsv7M4_T_le_v4SPD16_eabi.lib : _printfi.obj (.text)
                  00001220    00000a9c     quaternion.obj (.text:Update_State)
                  00001cbc    00000658     Main.obj (.text:ControlFxn)
                  00002314    0000042c     sysbios.aem4f : BIOS.obj (.text:ti_sysbios_family_arm_m3_Hwi_excDumpRegs__I)
                  00002740    000003f0     rtsv7M4_T_le_v4SPD16_eabi.lib : powf.obj (.text)
                  00002b30    00000344     ti.targets.arm.rtsarm.aem4f : System.oem4f (.text:xdc_runtime_System_doPrint__I)
                  00002e74    00000310     rtsv7M4_T_le_v4SPD16_eabi.lib : lowlev.obj (.text)
                  00003184    000002d4                                   : trgdrv.obj (.text)
                  00003458    000002b0     sysbios.aem4f : BIOS.obj (.text:ti_sysbios_knl_Semaphore_pend__E)
                  00003708    00000248                   : BIOS.obj (.text:ti_sysbios_heaps_HeapMem_free__E)
                  00003950    00000234                   : BIOS.obj (.text:ti_sysbios_heaps_HeapMem_alloc__E)
                  00003b84    0000020c                   : BIOS.obj (.text:ti_sysbios_family_arm_lm4_Timer_start__E)
                  00003d90    00000200                   : BIOS.obj (.text:ti_sysbios_family_arm_m3_Hwi_excHandlerMax__I)
                  00003f90    000001f4     RxFunctions.obj (.text:ProcessRxData)
                  00004184    000001f4     rtsv7M4_T_le_v4SPD16_eabi.lib : ull_div_t2.obj (.text)
                  00004378    000001d0     sensors.obj (.text:GPS_Init)
                  00004548    000001c0     rtsv7M4_T_le_v4SPD16_eabi.lib : fopen.obj (.text)
                  00004708    000001b6                                   : fd_add_t2.obj (.text)
                  000048be    00000002     sysbios.aem4f : BIOS.obj (.text:ti_sysbios_BIOS_nullFunc__I)
                  000048c0    000001b4                   : BIOS.obj (.text:ti_sysbios_knl_Task_sleep__E)
                  00004a74    00000190                   : BIOS.obj (.text:ti_sysbios_knl_Task_Module_startup__F)
                  00004c04    0000018c     rtsv7M4_T_le_v4SPD16_eabi.lib : xatan.obj (.text)
                  00004d90    00000188     sensors.obj (.text:Filter_GyroData)
                  00004f18    00000184     rtsv7M4_T_le_v4SPD16_eabi.lib : xfexp.obj (.text)
                  0000509c    00000178                                   : xflog.obj (.text)
                  00005214    0000016c     sensors.obj (.text:Get_Pressure)
                  00005380    00000168     sysbios.aem4f : BIOS.obj (.text:ti_sysbios_family_arm_m3_Hwi_excBusFault__I)
                  000054e8    0000015c     sensors.obj (.text:Read_Gyro)
                  00005644    0000015c     uart_tivaware.aem4f : UARTTiva.oem4f (.text:UARTTiva_open)
                  000057a0    00000154     sysbios.aem4f : BIOS.obj (.text:ti_sysbios_family_arm_m3_Hwi_excUsageFault__I)
                  000058f4    00000148     Main.obj (.text:ReadInputFxn)
                  00005a3c    00000148     rtsv7M4_T_le_v4SPD16_eabi.lib : sqrt.obj (.text)
                  00005b84    00000140     sysbios.aem4f : BIOS.obj (.text:ti_sysbios_family_arm_m3_Hwi_excMemFault__I)
                  00005cc4    0000013c     sensors.obj (.text:Calib_Gyro)
                  00005e00    0000013c     motors.obj (.text:motors_init)
                  00005f3c    0000013c     ti.targets.arm.rtsarm.aem4f : Error.oem4f (.text:xdc_runtime_Error_raiseX__F)
                  00006078    00000138     sysbios.aem4f : BIOS.obj (.text:ti_sysbios_heaps_HeapMem_Instance_init__F)
                  000061b0    00000136     rtsv7M4_T_le_v4SPD16_eabi.lib : fd_div_t2.obj (.text)
                  000062e6    00000002     sysbios.aem4f : BIOS.obj (.text:ti_sysbios_family_arm_m3_Hwi_doSwiRestore__I)
                  000062e8    00000134     rtsv7M4_T_le_v4SPD16_eabi.lib : fputs.obj (.text)
                  0000641c    00000134     sysbios.aem4f : m3_Hwi_asm.obj (.text:ti_sysbios_family_arm_m3_Hwi_dispatch__I)
                  00006550    00000130     driverlib.lib : gpio.obj (.text:GPIOPadConfigSet)
                  00006680    00000124     uart_tivaware.aem4f : UARTTiva.oem4f (.text:UARTTiva_hwiIntFxn)
                  000067a4    0000011c     rtsv7M4_T_le_v4SPD16_eabi.lib : asin.obj (.text)
                  000068c0    00000110                                   : xdscale.obj (.text)
                  000069d0    0000010c     Boot.aem4f : Boot_sysctl.oem4f (.text:ti_catalog_arm_cortexm4_tiva_ce_Boot_sysCtlClockSetI__I)
                  00006adc    00000108     UARTUtils.obj (.text:openHandle)
                  00006be4    00000104     sensors.obj (.text:Altm_Init)
                  00006ce8    00000104     ti.targets.arm.rtsarm.aem4f : Core-mem.oem4f (.text:xdc_runtime_Core_createObject__I)
                  00006dec    00000104     KIRC_FltCmp_RTOS_pem4f.oem4f (.text:xdc_runtime_System_printfExtend__I)
                  00006ef0    000000fc     rtsv7M4_T_le_v4SPD16_eabi.lib : fd_mul_t2.obj (.text)
                  00006fec    000000f8     ti.targets.arm.rtsarm.aem4f : Startup.oem4f (.text:xdc_runtime_Startup_startMods__I)
                  000070e4    000000f4     rtsv7M4_T_le_v4SPD16_eabi.lib : dtor_list.obj (.text)
                  000071d8    000000f0     Main.obj (.text:main)
                  000072c8    000000ec     sysbios.aem4f : BIOS.obj (.text:ti_sysbios_knl_Semaphore_post__E)
                  000073b4    000000e8     EK_TM4C123GXL.obj (.text:EK_TM4C123GXL_initGPIO)
                  0000749c    000000e8     sysbios.aem4f : BIOS.obj (.text:ti_sysbios_family_arm_m3_Hwi_initNVIC__E)
                  00007584    000000e4     sensors.obj (.text:Calib_Accel)
                  00007668    000000dc     uart_tivaware.aem4f : UARTTiva.oem4f (.text:UARTTiva_write)
                  00007744    000000dc     rtsv7M4_T_le_v4SPD16_eabi.lib : setvbuf.obj (.text)
                  00007820    000000d8     Main.obj (.text:GPSFxn)
                  000078f8    000000d8     motors.obj (.text:motors_out)
                  000079d0    000000d8     rtsv7M4_T_le_v4SPD16_eabi.lib : atan2f.obj (.text)
                  00007aa8    000000d2     uart_tivaware.aem4f : UARTTiva.oem4f (.text:UARTTiva_read)
                  00007b7a    00000002     sysbios.aem4f : BIOS.obj (.text:ti_sysbios_gates_GateHwi_Instance_init__F)
                  00007b7c    000000d0     Main.obj (.text:AltimeterFxn)
                  00007c4c    000000c8     sensors.obj (.text:Get_Altitude)
                  00007d14    000000c8     driverlib.lib : sysctl.obj (.text:SysCtlClockGet)
                  00007ddc    000000c4     rtsv7M4_T_le_v4SPD16_eabi.lib : xdnorm.obj (.text)
                  00007ea0    000000c0                                   : fflush.obj (.text)
                  00007f60    000000c0                                   : xfdscale.obj (.text)
                  00008020    000000b4     quaternion.obj (.text:StateEst_Calib)
                  000080d4    000000b4     sysbios.aem4f : BIOS.obj (.text:ti_sysbios_family_arm_m3_Hwi_excHardFault__I)
                  00008188    000000b4                   : BIOS.obj (.text:ti_sysbios_gates_GateMutex_enter__E)
                  0000823c    000000b0                   : BIOS.obj (.text:ti_sysbios_family_arm_m3_Hwi_excDebugMon__I)
                  000082ec    000000ac     rtsv7M4_T_le_v4SPD16_eabi.lib : _io_perm.obj (.text)
                  00008398    000000ac     sysbios.aem4f : BIOS.obj (.text:ti_sysbios_family_arm_lm4_Timer_enableTiva__I)
                  00008444    000000a8     rtsv7M4_T_le_v4SPD16_eabi.lib : xfatan.obj (.text)
                  000084ec    000000a8     sysbios.aem4f : BIOS.obj (.text:ti_sysbios_knl_Semaphore_Instance_init__F)
                  00008594    000000a4                   : BIOS.obj (.text:ti_sysbios_family_arm_lm4_Timer_enableTimers__I)
                  00008638    000000a4                   : BIOS.obj (.text:ti_sysbios_family_arm_m3_Hwi_Module_startup__F)
                  000086dc    000000a0     auto_init.aem4f : auto_init.oem4f (.text)
                  0000877c    0000009c     rtsv7M4_T_le_v4SPD16_eabi.lib : fputc.obj (.text)
                  00008818    0000009c                                   : memcpy_t2.obj (.text)
                  000088b4    0000009a     ti.targets.arm.rtsarm.aem4f : Text.oem4f (.text:xdc_runtime_Text_putSite__F)
                  0000894e    00000002     sysbios.aem4f : BIOS.obj (.text:ti_sysbios_knl_Clock_logTick__E)
                  00008950    00000098     rtsv7M4_T_le_v4SPD16_eabi.lib : fclose.obj (.text)
                  000089e8    00000094     Boot.aem4f : Boot.oem4f (.text:ti_catalog_arm_cortexm4_tiva_ce_Boot_sysCtlClockSet__E)
                  00008a7c    00000094     ti.targets.arm.rtsarm.aem4f : Text.oem4f (.text:xdc_runtime_Text_putMod__F)
                  00008b10    00000090     rtsv7M4_T_le_v4SPD16_eabi.lib : xfdint.obj (.text)
                  00008ba0    0000008c     UARTUtils.obj (.text:UARTUtils_systemInit)
                  00008c2c    0000008c     sysbios.aem4f : BIOS.obj (.text:ti_sysbios_family_arm_m3_Hwi_Instance_init__F)
                  00008cb8    0000008c                   : m3_TaskSupport_asm.obj (.text:ti_sysbios_family_arm_m3_TaskSupport_buildTaskStack)
                  00008d44    00000088     Main.obj (.text:ReadSensorsFxn)
                  00008dcc    00000086     rtsv7M4_T_le_v4SPD16_eabi.lib : fd_cmp_t2.obj (.text:__aeabi_cdcmple)
                  00008e52    00000086                                   : fd_cmp_t2.obj (.text:__aeabi_cdrcmple)
                  00008ed8    00000084     sensors.obj (.text:GetData_Accel)
                  00008f5c    00000084     sensors.obj (.text:GetData_Gyro)
                  00008fe0    00000084     RxFunctions.obj (.text:RCinputIntHandler)
                  00009064    00000084     sensors.obj (.text:Read_Accel)
                  000090e8    0000007c     EK_TM4C123GXL.obj (.text:EK_TM4C123GXL_initUART)
                  00009164    0000007a     rtsv7M4_T_le_v4SPD16_eabi.lib : xfdnorm.obj (.text)
                  000091de    00000078     sensors.obj (.text:Get_Temp)
                  00009256    00000078     rtsv7M4_T_le_v4SPD16_eabi.lib : memset_t2.obj (.text)
                  000092ce    00000002     KIRC_FltCmp_RTOS_pem4f.oem4f (.text:xdc_runtime_Startup_reset__I)
                  000092d0    00000074     Main.obj (.text:BatteryMonitorFxn)
                  00009344    00000070     RxFunctions.obj (.text:ProcessStateMachine)
                  000093b4    00000070     rtsv7M4_T_le_v4SPD16_eabi.lib : printf.obj (.text)
                  00009424    00000070     KIRC_FltCmp_RTOS_pem4f.oem4f (.text:ti_sysbios_family_arm_m3_Hwi_Object__create__S)
                  00009494    00000070     sysbios.aem4f : BIOS.obj (.text:ti_sysbios_family_arm_m3_Hwi_reconfig__E)
                  00009504    00000070                   : BIOS.obj (.text:ti_sysbios_knl_Clock_workFunc__E)
                  00009574    00000070     ti.targets.arm.rtsarm.aem4f : Memory.oem4f (.text:xdc_runtime_Memory_alloc__F)
                  000095e4    0000006c     driverlib.lib : adc.obj (.text:ADCSequenceStepConfigure)
                  00009650    0000006c     EK_TM4C123GXL.obj (.text:EK_TM4C123GXL_initPWM)
                  000096bc    0000006c     sysbios.aem4f : BIOS.obj (.text:ti_sysbios_knl_Task_exit__E)
                  00009728    0000006c     ti.targets.arm.rtsarm.aem4f : Error.oem4f (.text:xdc_runtime_Error_print__F)
                  00009794    00000068     sysbios.aem4f : BIOS.obj (.text:ti_sysbios_BIOS_rtsUnlock__I)
                  000097fc    00000066     uart_tivaware.aem4f : UARTTiva.oem4f (.text:UARTTiva_readPolling)
                  00009862    00000066     ti.targets.arm.rtsarm.aem4f : Core-mem.oem4f (.text:xdc_runtime_Core_deleteObject__I)
                  000098c8    00000064     rtsv7M4_T_le_v4SPD16_eabi.lib : fseek.obj (.text)
                  0000992c    00000064                                   : xdunscal.obj (.text)
                  00009990    00000064     sysbios.aem4f : BIOS.obj (.text:ti_sysbios_knl_Task_startCore__E)
                  000099f4    00000060     sensors.obj (.text:I2C0_RxData)
                  00009a54    00000060     rtsv7M4_T_le_v4SPD16_eabi.lib : sprintf.obj (.text)
                  00009ab4    00000060                                   : trgmsg.obj (.text)
                  00009b14    00000060     sysbios.aem4f : BIOS.obj (.text:ti_sysbios_family_arm_lm4_Timer_isrStub__E)
                  00009b74    0000005e     rtsv7M4_T_le_v4SPD16_eabi.lib : copy_decompress_rle.obj (.text)
                  00009bd2    00000002     ti.targets.arm.rtsarm.aem4f : SysCallback.oem4f (.text:xdc_runtime_SysCallback_defaultExit)
                  00009bd4    0000005c     sysbios.aem4f : BIOS.obj (.text:ti_sysbios_family_arm_lm4_Timer_Module_startup__F)
                  00009c30    0000005b     ti.targets.arm.rtsarm.aem4f : Text.oem4f (.text:xdc_runtime_Text_putLab__F)
                  00009c8b    00000001     --HOLE-- [fill = 0]
                  00009c8c    0000005a     rtsv7M4_T_le_v4SPD16_eabi.lib : ltoa.obj (.text)
                  00009ce6    00000002     ti.targets.arm.rtsarm.aem4f : SysCallback.oem4f (.text:xdc_runtime_SysCallback_defaultFlush)
                  00009ce8    00000058     boot.aem4f : boot.oem4f (.text)
                  00009d40    00000058     sensors.obj (.text:I2C0_TxData)
                  00009d98    00000058     sysbios.aem4f : BIOS.obj (.text:ti_sysbios_family_arm_m3_Hwi_dispatchC__I)
                  00009df0    00000056     driverlib.lib : gpio.obj (.text:GPIOIntTypeSet)
                  00009e46    00000002     --HOLE-- [fill = 0]
                  00009e48    00000054     gpio_tivaware.aem4f : GPIO.oem4f (.text:GPIO_setupCallbacks)
                  00009e9c    00000054     rtsv7M4_T_le_v4SPD16_eabi.lib : xfdunsca.obj (.text)
                  00009ef0    00000054     sysbios.aem4f : BIOS.obj (.text:ti_sysbios_knl_Task_processVitalTaskFlag__I)
                  00009f44    00000050     sensors.obj (.text:BatteryMonitorInit)
                  00009f94    00000050     sysbios.aem4f : BIOS.obj (.text:ti_sysbios_knl_Task_schedule__I)
                  00009fe4    00000050     ti.targets.arm.rtsarm.aem4f : Startup.oem4f (.text:xdc_runtime_Startup_exec__F)
                  0000a034    00000050                                 : System.oem4f (.text:xdc_runtime_System_formatNum__I)
                  0000a084    00000050                                 : Text.oem4f (.text:xdc_runtime_Text_visitRope2__I)
                  0000a0d4    0000004c     rtsv7M4_T_le_v4SPD16_eabi.lib : atoi.obj (.text)
                  0000a120    0000004a                                   : fd_tos_t2.obj (.text)
                  0000a16a    00000002     --HOLE-- [fill = 0]
                  0000a16c    00000048     driverlib.lib : gpio.obj (.text:GPIOPinConfigure)
                  0000a1b4    00000048     EK_TM4C123GXL.obj (.text:I2C0_MasterInit)
                  0000a1fc    00000048     driverlib.lib : i2c.obj (.text:I2CMasterInitExpClk)
                  0000a244    00000048     rtsv7M4_T_le_v4SPD16_eabi.lib : fd_toi_t2.obj (.text)
                  0000a28c    00000048     sysbios.aem4f : BIOS.obj (.text:ti_sysbios_BIOS_errorRaiseHook__I)
                  0000a2d4    00000048                   : BIOS.obj (.text:ti_sysbios_family_arm_m3_Hwi_excReserved__I)
                  0000a31c    00000048                   : BIOS.obj (.text:ti_sysbios_heaps_HeapMem_getStats__E)
                  0000a364    00000048     ti.targets.arm.rtsarm.aem4f : Assert.oem4f (.text:xdc_runtime_Assert_raise__I)
                  0000a3ac    00000048                                 : Core-params.oem4f (.text:xdc_runtime_Core_assignParams__I)
                  0000a3f4    00000044     rtsv7M4_T_le_v4SPD16_eabi.lib : cpy_tbl.obj (.text)
                  0000a438    00000044                                   : exit.obj (.text)
                  0000a47c    00000044                                   : xdtest.obj (.text)
                  0000a4c0    00000044     sysbios.aem4f : BIOS.obj (.text:ti_sysbios_family_arm_lm4_Timer_stop__E)
                  0000a504    00000044                   : BIOS.obj (.text:ti_sysbios_family_arm_m3_Hwi_disableInterrupt__E)
                  0000a548    00000044                   : BIOS.obj (.text:ti_sysbios_family_arm_m3_Hwi_enableInterrupt__E)
                  0000a58c    00000044                   : BIOS.obj (.text:ti_sysbios_knl_Task_allBlockedFunction__I)
                  0000a5d0    00000042     driverlib.lib : uart.obj (.text:UARTConfigSetExpClk)
                  0000a612    00000002     --HOLE-- [fill = 0]
                  0000a614    00000040     EK_TM4C123GXL.obj (.text:EK_TM4C123GXL_initGeneral)
                  0000a654    00000040     gpio_tivaware.aem4f : GPIO.oem4f (.text:GPIO_enableInt)
                  0000a694    00000040     uart_tivaware.aem4f : UARTTiva.oem4f (.text:UARTTiva_writePolling)
                  0000a6d4    00000040     rtsv7M4_T_le_v4SPD16_eabi.lib : signal.obj (.text)
                  0000a714    00000040     sysbios.aem4f : BIOS.obj (.text:ti_sysbios_family_arm_lm4_Timer_startup__E)
                  0000a754    00000040     KIRC_FltCmp_RTOS_pem4f.oem4f (.text:ti_sysbios_knl_Semaphore_Object__create__S)
                  0000a794    00000040     sysbios.aem4f : BIOS.obj (.text:ti_sysbios_knl_Semaphore_pendTimeout__I)
                  0000a7d4    00000040     ti.targets.arm.rtsarm.aem4f : System.oem4f (.text:xdc_runtime_System_atexit__F)
                  0000a814    0000003c     gpio_tivaware.aem4f : GPIO.oem4f (.text:GPIO_toggle)
                  0000a850    0000003c     sysbios.aem4f : BIOS.obj (.text:ti_sysbios_family_arm_m3_Hwi_excSvCall__I)
                  0000a88c    0000003c                   : BIOS.obj (.text:ti_sysbios_heaps_HeapMem_init__I)
                  0000a8c8    0000003c     ti.targets.arm.rtsarm.aem4f : Text.oem4f (.text:xdc_runtime_Text_xprintf__I)
                  0000a904    00000038     uart_tivaware.aem4f : UART.oem4f (.text:UART_init)
                  0000a93c    00000038     rtsv7M4_T_le_v4SPD16_eabi.lib : fs_tod_t2.obj (.text)
                  0000a974    00000038     sysbios.aem4f : BIOS.obj (.text:ti_sysbios_family_arm_m3_Hwi_excNoIsr__I)
                  0000a9ac    00000038                   : BIOS.obj (.text:ti_sysbios_family_arm_m3_Hwi_getStackInfo__E)
                  0000a9e4    00000038                   : BIOS.obj (.text:ti_sysbios_family_arm_m3_TaskSupport_start__E)
                  0000aa1c    00000038     KIRC_FltCmp_RTOS_pem4f.oem4f (.text:ti_sysbios_gates_GateHwi_Object__create__S)
                  0000aa54    00000038     KIRC_FltCmp_RTOS_pem4f.oem4f (.text:ti_sysbios_gates_GateMutex_Object__create__S)
                  0000aa8c    00000038     KIRC_FltCmp_RTOS_pem4f.oem4f (.text:ti_sysbios_heaps_HeapMem_Object__create__S)
                  0000aac4    00000038     KIRC_FltCmp_RTOS_pem4f.oem4f (.text:ti_sysbios_knl_Queue_Object__create__S)
                  0000aafc    00000034     RxFunctions.obj (.text:EnableRxInterrupts)
                  0000ab30    00000034     driverlib.lib : sysctl.obj (.text:SysCtlPeripheralEnable)
                  0000ab64    00000034     uart_tivaware.aem4f : UARTTiva.oem4f (.text:UARTTiva_close)
                  0000ab98    00000034     UARTUtils.obj (.text:UARTUtils_deviceread)
                  0000abcc    00000034     UARTUtils.obj (.text:UARTUtils_devicewrite)
                  0000ac00    00000034     UARTUtils.obj (.text:closeHandle)
                  0000ac34    00000034     rtsv7M4_T_le_v4SPD16_eabi.lib : feraiseexcept.obj (.text)
                  0000ac68    00000034                                   : xfdtest.obj (.text)
                  0000ac9c    00000034     sysbios.aem4f : BIOS.obj (.text:ti_sysbios_family_arm_m3_Hwi_excNmi__I)
                  0000acd0    00000032     uart_tivaware.aem4f : UARTTiva.oem4f (.text:UARTTiva_readCancel)
                  0000ad02    00000032                         : UARTTiva.oem4f (.text:UARTTiva_writeCancel)
                  0000ad34    00000030     rtsv7M4_T_le_v4SPD16_eabi.lib : strncpy.obj (.text)
                  0000ad64    00000030                                   : xferaise.obj (.text)
                  0000ad94    00000030     sysbios.aem4f : BIOS.obj (.text:ti_sysbios_knl_Idle_run__E)
                  0000adc4    00000030                   : BIOS.obj (.text:ti_sysbios_knl_Task_unblockI__E)
                  0000adf4    00000030     ti.targets.arm.rtsarm.aem4f : Core-label.oem4f (.text:xdc_runtime_Core_assignLabel__I)
                  0000ae24    0000002f                                 : Text.oem4f (.text:xdc_runtime_Text_printVisFxn__I)
                  0000ae53    00000001     --HOLE-- [fill = 0]
                  0000ae54    0000002e     driverlib.lib : adc.obj (.text:ADCIntStatus)
                  0000ae82    0000002e     UARTUtils.obj (.text:UARTUtils_deviceopen)
                  0000aeb0    0000002e     KIRC_FltCmp_RTOS_pem4f.oem4f (.text:malloc)
                  0000aede    0000002e     rtsv7M4_T_le_v4SPD16_eabi.lib : i_tofd_t2.obj (.text)
                  0000af0c    0000002e                                   : raise.obj (.text)
                  0000af3a    0000002c     sensors.obj (.text:Accel_Init)
                  0000af66    0000002c     uart_tivaware.aem4f : UART.oem4f (.text:UART_Params_init)
                  0000af92    00000002     --HOLE-- [fill = 0]
                  0000af94    0000002c     KIRC_FltCmp_RTOS_pem4f.oem4f (.text:ti_sysbios_BIOS_exitFunc__I)
                  0000afc0    0000002c     sysbios.aem4f : BIOS.obj (.text:ti_sysbios_hal_Hwi_initStack:ti_sysbios_hal_Hwi_initStack)
                  0000afec    0000002c     KIRC_FltCmp_RTOS_pem4f.oem4f (.text:ti_sysbios_knl_Clock_doTick__I)
                  0000b018    0000002c     sysbios.aem4f : BIOS.obj (.text:ti_sysbios_knl_Task_sleepTimeout__I)
                  0000b044    0000002c     ti.targets.arm.rtsarm.aem4f : System.oem4f (.text:xdc_runtime_System_rtsExit__I)
                  0000b070    0000002c                                 : Text.oem4f (.text:xdc_runtime_Text_cordText__F)
                  0000b09c    0000002a     driverlib.lib : adc.obj (.text:ADCSequenceConfigure)
                  0000b0c6    0000002a                   : gpio.obj (.text:GPIODirModeSet)
                  0000b0f0    0000002a     gpio_tivaware.aem4f : GPIO.oem4f (.text:GPIO_hwiIntFxn)
                  0000b11a    0000002a     ti.targets.arm.rtsarm.aem4f : System.oem4f (.text:xdc_runtime_System_putchar__I)
                  0000b144    00000028     RxFunctions.obj (.text:ClearRxInterrupts)
                  0000b16c    00000028     RxFunctions.obj (.text:DisableRxInterrupts)
                  0000b194    00000028     gpio_tivaware.aem4f : GPIO.oem4f (.text:GPIO_write)
                  0000b1bc    00000028     sysbios.aem4f : m3_Hwi_asm_switch.obj (.text:ti_sysbios_family_arm_m3_Hwi_initStacks__E)
                  0000b1e4    00000028                   : BIOS.obj (.text:ti_sysbios_gates_GateMutex_Instance_init__F)
                  0000b20c    00000028                   : BIOS.obj (.text:ti_sysbios_knl_Task_restore__E)
                  0000b234    00000026     ti.targets.arm.rtsarm.aem4f : System.oem4f (.text:xdc_runtime_System_avprintf__F)
                  0000b25a    00000002     --HOLE-- [fill = 0]
                  0000b25c    00000024     gpio_tivaware.aem4f : GPIO.oem4f (.text:GPIO_disableInt)
                  0000b280    00000024                         : GPIO.oem4f (.text:GPIO_init)
                  0000b2a4    00000024     UARTUtils.obj (.text:UARTUtils_systemAbort)
                  0000b2c8    00000024     sysbios.aem4f : BIOS.obj (.text:ti_sysbios_BIOS_registerRTSLock__I)
                  0000b2ec    00000024                   : BIOS.obj (.text:ti_sysbios_family_arm_m3_Hwi_Instance_finalize__F)
                  0000b310    00000024     KIRC_FltCmp_RTOS_pem4f.oem4f (.text:ti_sysbios_gates_GateMutex_Object__delete__S)
                  0000b334    00000024     sysbios.aem4f : BIOS.obj (.text:ti_sysbios_knl_Clock_Module_startup__F)
                  0000b358    00000024     ti.targets.arm.rtsarm.aem4f : System.oem4f (.text:xdc_runtime_System_vprintf__F)
                  0000b37c    00000022     driverlib.lib : pwm.obj (.text:PWMGenConfigure)
                  0000b39e    00000002     --HOLE-- [fill = 0]
                  0000b3a0    00000020     UARTUtils.obj (.text:UARTUtils_systemPutch)
                  0000b3c0    00000020     KIRC_FltCmp_RTOS_pem4f.oem4f (.text:ti_sysbios_BIOS_startFunc__I)
                  0000b3e0    00000020     sysbios.aem4f : BIOS.obj (.text:ti_sysbios_family_arm_m3_Hwi_doTaskRestore__I)
                  0000b400    00000020     KIRC_FltCmp_RTOS_pem4f.oem4f (.text:ti_sysbios_gates_GateHwi_Object__delete__S)
                  0000b420    00000020     KIRC_FltCmp_RTOS_pem4f.oem4f (.text:ti_sysbios_heaps_HeapMem_Object__delete__S)
                  0000b440    00000020     KIRC_FltCmp_RTOS_pem4f.oem4f (.text:ti_sysbios_knl_Semaphore_Object__destruct__S)
                  0000b460    00000020     sysbios.aem4f : BIOS.obj (.text:ti_sysbios_knl_Task_enter__I)
                  0000b480    00000020     ti.targets.arm.rtsarm.aem4f : Registry.oem4f (.text:xdc_runtime_Registry_findById__F)
                  0000b4a0    0000001e     driverlib.lib : adc.obj (.text:ADCSequenceDataGet)
                  0000b4be    0000001e                   : pwm.obj (.text:PWMPulseWidthSet)
                  0000b4dc    0000001e     sysbios.aem4f : BIOS.obj (.text:ti_sysbios_family_arm_lm4_Timer_write__I)
                  0000b4fa    00000002     --HOLE-- [fill = 0]
                  0000b4fc    0000001c     driverlib.lib : uart.obj (.text:UARTDisable)
                  0000b518    0000001c     rtsv7M4_T_le_v4SPD16_eabi.lib : memccpy.obj (.text)
                  0000b534    0000001c     sysbios.aem4f : BIOS.obj (.text:ti_sysbios_BIOS_rtsLock__I)
                  0000b550    0000001c     KIRC_FltCmp_RTOS_pem4f.oem4f (.text:ti_sysbios_family_arm_m3_Hwi_Object__destruct__S)
                  0000b56c    0000001c     KIRC_FltCmp_RTOS_pem4f.oem4f (.text:ti_sysbios_knl_Queue_Object__destruct__S)
                  0000b588    0000001c     ti.targets.arm.rtsarm.aem4f : Error.oem4f (.text:xdc_runtime_Error_check__F)
                  0000b5a4    0000001c                                 : Memory.oem4f (.text:xdc_runtime_Memory_valloc__F)
                  0000b5c0    0000001a     motors.obj (.text:motorsDisable)
                  0000b5da    0000001a     KIRC_FltCmp_RTOS_pem4f.oem4f (.text:xdc_runtime_System_aprintf__E)
                  0000b5f4    0000001a     KIRC_FltCmp_RTOS_pem4f.oem4f (.text:xdc_runtime_System_printf__E)
                  0000b60e    00000018     driverlib.lib : adc.obj (.text:ADCProcessorTrigger)
                  0000b626    00000018                   : gpio.obj (.text:GPIOPinTypeGPIOOutput)
                  0000b63e    00000018     sensors.obj (.text:Gyro_Init)
                  0000b656    00000018     UARTUtils.obj (.text:UARTUtils_deviceclose)
                  0000b66e    00000002     --HOLE-- [fill = 0]
                  0000b670    00000018     uart_tivaware.aem4f : UART.oem4f (.text:UART_open)
                  0000b688    00000018     KIRC_FltCmp_RTOS_pem4f.oem4f (.text:free)
                  0000b6a0    00000018     rtsv7M4_T_le_v4SPD16_eabi.lib : args_main.obj (.text)
                  0000b6b8    00000018                                   : ll_mul_t2.obj (.text)
                  0000b6d0    00000018                                   : strcmp.obj (.text)
                  0000b6e8    00000018     KIRC_FltCmp_RTOS_pem4f.oem4f (.text:ti_sysbios_family_arm_lm4_Timer_Module__startupDone__F)
                  0000b700    00000018     KIRC_FltCmp_RTOS_pem4f.oem4f (.text:ti_sysbios_family_arm_m3_Hwi_Handle__label__S)
                  0000b718    00000018     KIRC_FltCmp_RTOS_pem4f.oem4f (.text:ti_sysbios_family_arm_m3_Hwi_Module__startupDone__F)
                  0000b730    00000018     sysbios.aem4f : m3_TaskSupport_asm.obj (.text:ti_sysbios_family_arm_m3_TaskSupport_swap__E)
                  0000b748    00000018     KIRC_FltCmp_RTOS_pem4f.oem4f (.text:ti_sysbios_gates_GateHwi_Handle__label__S)
                  0000b760    00000018     KIRC_FltCmp_RTOS_pem4f.oem4f (.text:ti_sysbios_gates_GateMutex_Handle__label__S)
                  0000b778    00000018     sysbios.aem4f : BIOS.obj (.text:ti_sysbios_gates_GateMutex_leave__E)
                  0000b790    00000018     KIRC_FltCmp_RTOS_pem4f.oem4f (.text:ti_sysbios_hal_Timer_Module__startupDone__F)
                  0000b7a8    00000018     KIRC_FltCmp_RTOS_pem4f.oem4f (.text:ti_sysbios_heaps_HeapMem_Handle__label__S)
                  0000b7c0    00000018     KIRC_FltCmp_RTOS_pem4f.oem4f (.text:ti_sysbios_knl_Task_Handle__label__S)
                  0000b7d8    00000018     ti.targets.arm.rtsarm.aem4f : Text.oem4f (.text:xdc_runtime_Text_ropeText__F)
                  0000b7f0    00000016     rtsv7M4_T_le_v4SPD16_eabi.lib : memchr.obj (.text)
                  0000b806    00000016                                   : strchr.obj (.text)
                  0000b81c    00000014     gpio_tivaware.aem4f : GPIO.oem4f (.text:GPIO_clearInt)
                  0000b830    00000014     driverlib.lib : sysctl.obj (.text:SysCtlPWMClockSet)
                  0000b844    00000014                   : uart.obj (.text:UARTEnable)
                  0000b858    00000014     UARTUtils.obj (.text:UARTUtils_systemReady)
                  0000b86c    00000014     rtsv7M4_T_le_v4SPD16_eabi.lib : _lock.obj (.text)
                  0000b880    00000014                                   : strlen.obj (.text)
                  0000b894    00000014     sysbios.aem4f : BIOS.obj (.text:ti_sysbios_family_arm_m3_Hwi_switchFromBootStack__E)
                  0000b8a8    00000014     KIRC_FltCmp_RTOS_pem4f.oem4f (.text:ti_sysbios_heaps_HeapMem_Object__get__S)
                  0000b8bc    00000014     ti.targets.arm.rtsarm.aem4f : System.oem4f (.text:xdc_runtime_System_abort__F)
                  0000b8d0    00000012     driverlib.lib : gpio.obj (.text:GPIOPinTypeADC)
                  0000b8e2    00000012                   : gpio.obj (.text:GPIOPinTypeGPIOInput)
                  0000b8f4    00000012                   : gpio.obj (.text:GPIOPinTypeI2C)
                  0000b906    00000012                   : gpio.obj (.text:GPIOPinTypeI2CSCL)
                  0000b918    00000012                   : gpio.obj (.text:GPIOPinTypePWM)
                  0000b92a    00000012                   : gpio.obj (.text:GPIOPinTypeUART)
                  0000b93c    00000012                   : pwm.obj (.text:PWMOutputState)
                  0000b94e    00000012     UARTUtils.obj (.text:UARTUtils_devicelseek)
                  0000b960    00000012     rtsv7M4_T_le_v4SPD16_eabi.lib : copy_zero_init.obj (.text:decompress:ZI)
                  0000b972    00000012                                   : xdclass.obj (.text)
                  0000b984    00000012     sysbios.aem4f : BIOS.obj (.text:ti_sysbios_hal_Hwi_Module_startup__F)
                  0000b996    00000012                   : BIOS.obj (.text:ti_sysbios_hal_Timer_Module_startup__F)
                  0000b9a8    00000012     KIRC_FltCmp_RTOS_pem4f.oem4f (.text:xdc_runtime_Startup_exec__I)
                  0000b9ba    00000010     driverlib.lib : pwm.obj (.text:PWMGenPeriodSet)
                  0000b9ca    00000010     UARTUtils.obj (.text:UARTUtils_devicerename)
                  0000b9da    00000010     rtsv7M4_T_le_v4SPD16_eabi.lib : strcpy.obj (.text)
                  0000b9ea    00000002     --HOLE-- [fill = 0]
                  0000b9ec    00000010     sysbios.aem4f : BIOS.obj (.text:ti_sysbios_BIOS_getCpuFreq__E)
                  0000b9fc    00000010                   : BIOS.obj (.text:ti_sysbios_BIOS_setThreadType__E)
                  0000ba0c    00000010                   : BIOS.obj (.text:ti_sysbios_BIOS_start__E)
                  0000ba1c    00000010                   : BIOS.obj (.text:ti_sysbios_family_arm_m3_Hwi_excHandler__I)
                  0000ba2c    00000010                   : m3_TaskSupport_asm.obj (.text:ti_sysbios_family_arm_m3_TaskSupport_glue)
                  0000ba3c    00000010                   : BIOS.obj (.text:ti_sysbios_gates_GateMutex_Instance_finalize__F)
                  0000ba4c    00000010                   : BIOS.obj (.text:ti_sysbios_knl_Semaphore_Instance_finalize__F)
                  0000ba5c    00000010     KIRC_FltCmp_RTOS_pem4f.oem4f (.text:ti_sysbios_knl_Task_Object__get__S)
                  0000ba6c    00000010     sysbios.aem4f : BIOS.obj (.text:ti_sysbios_knl_Task_disable__E)
                  0000ba7c    00000010     ti.targets.arm.rtsarm.aem4f : Gate.oem4f (.text:xdc_runtime_Gate_leaveSystem__F)
                  0000ba8c    00000010                                 : Memory.oem4f (.text:xdc_runtime_Memory_free__F)
                  0000ba9c    00000010                                 : SysCallback.oem4f (.text:xdc_runtime_SysCallback_abort__F)
                  0000baac    00000010                                 : SysCallback.oem4f (.text:xdc_runtime_SysCallback_exit__F)
                  0000babc    00000010                                 : SysCallback.oem4f (.text:xdc_runtime_SysCallback_flush__F)
                  0000bacc    00000010                                 : SysCallback.oem4f (.text:xdc_runtime_SysCallback_putch__F)
                  0000badc    00000010                                 : SysCallback.oem4f (.text:xdc_runtime_SysCallback_ready__F)
                  0000baec    00000010                                 : System.oem4f (.text:xdc_runtime_System_vsnprintf__F)
                  0000bafc    0000000e     driverlib.lib : adc.obj (.text:ADCSequenceEnable)
                  0000bb0a    0000000e                   : gpio.obj (.text:GPIOIntDisable)
                  0000bb18    0000000e                   : gpio.obj (.text:GPIOIntStatus)
                  0000bb26    0000000e                   : uart.obj (.text:UARTCharGetNonBlocking)
                  0000bb34    0000000e                   : uart.obj (.text:UARTCharPutNonBlocking)
                  0000bb42    0000000e     UARTUtils.obj (.text:UARTUtils_deviceunlink)
                  0000bb50    0000000e     rtsv7M4_T_le_v4SPD16_eabi.lib : copy_decompress_none.obj (.text:decompress:none)
                  0000bb5e    0000000e     sysbios.aem4f : BIOS.obj (.text:ti_sysbios_knl_Queue_empty__E)
                  0000bb6c    0000000c     KIRC_FltCmp_RTOS_pem4f.oem4f (.text:.bootCodeSection:ti_catalog_arm_cortexm4_tiva_ce_Boot_init__I)
                  0000bb78    0000000c     driverlib.lib : gpio.obj (.text:GPIOIntEnable)
                  0000bb84    0000000c                   : pwm.obj (.text:PWMGenEnable)
                  0000bb90    0000000c     sysbios.aem4f : BIOS.obj (.text:ti_sysbios_family_arm_lm4_Timer_masterDisable__I)
                  0000bb9c    0000000c     KIRC_FltCmp_RTOS_pem4f.oem4f (.text:ti_sysbios_family_arm_m3_Hwi_Params__init__S)
                  0000bba8    0000000c     sysbios.aem4f : BIOS.obj (.text:ti_sysbios_family_arm_m3_Hwi_disableFxn__E)
                  0000bbb4    0000000c                   : BIOS.obj (.text:ti_sysbios_gates_GateHwi_enter__E)
                  0000bbc0    0000000c                   : BIOS.obj (.text:ti_sysbios_knl_Clock_getTicks__E)
                  0000bbcc    0000000c     KIRC_FltCmp_RTOS_pem4f.oem4f (.text:ti_sysbios_knl_Queue_Object__get__S)
                  0000bbd8    0000000c     KIRC_FltCmp_RTOS_pem4f.oem4f (.text:ti_sysbios_knl_Semaphore_Params__init__S)
                  0000bbe4    0000000c     ti.targets.arm.rtsarm.aem4f : Error.oem4f (.text:xdc_runtime_Error_init__F)
                  0000bbf0    0000000c                                 : Gate.oem4f (.text:xdc_runtime_Gate_enterSystem__F)
                  0000bbfc    0000000c                                 : Memory.oem4f (.text:xdc_runtime_Memory_calloc__F)
                  0000bc08    0000000c                                 : Memory.oem4f (.text:xdc_runtime_Memory_getMaxDefaultTypeAlign__F)
                  0000bc14    0000000c                                 : System.oem4f (.text:xdc_runtime_System_exit__F)
                  0000bc20    0000000c                                 : System.oem4f (.text:xdc_runtime_System_lastFxn__I)
                  0000bc2c    0000000a     driverlib.lib : adc.obj (.text:ADCIntClear)
                  0000bc36    0000000a                   : i2c.obj (.text:I2CMasterEnable)
                  0000bc40    0000000a                   : uart.obj (.text:UARTCharGet)
                  0000bc4a    0000000a                   : uart.obj (.text:UARTCharPut)
                  0000bc54    0000000a                   : uart.obj (.text:UARTIntDisable)
                  0000bc5e    0000000a                   : uart.obj (.text:UARTIntStatus)
                  0000bc68    0000000a     uart_tivaware.aem4f : UART.oem4f (.text:UART_close)
                  0000bc72    0000000a                         : UART.oem4f (.text:UART_read)
                  0000bc7c    0000000a                         : UART.oem4f (.text:UART_write)
                  0000bc86    0000000a                         : UART.oem4f (.text:UART_writePolling)
                  0000bc90    0000000a     KIRC_FltCmp_RTOS_pem4f.oem4f (.text:xdc_runtime_IHeap_alloc)
                  0000bc9a    0000000a     KIRC_FltCmp_RTOS_pem4f.oem4f (.text:xdc_runtime_IHeap_free)
                  0000bca4    0000000a     KIRC_FltCmp_RTOS_pem4f.oem4f (.text:xdc_runtime_Text_visitRope__I)
                  0000bcae    00000008     driverlib.lib : i2c.obj (.text:I2CMasterBusy)
                  0000bcb6    00000008                   : i2c.obj (.text:I2CMasterSlaveAddrSet)
                  0000bcbe    00000008                   : uart.obj (.text:UARTIntEnable)
                  0000bcc6    00000008     uart_tivaware.aem4f : UARTTiva.oem4f (.text:UARTTiva_init)
                  0000bcce    00000008                         : UARTTiva.oem4f (.text:readSemCallback)
                  0000bcd6    00000008     sysbios.aem4f : BIOS.obj (.text:ti_sysbios_family_arm_m3_Hwi_startup__E)
                  0000bcde    00000008                   : BIOS.obj (.text:ti_sysbios_knl_Idle_loop__E)
                  0000bce6    00000008     uart_tivaware.aem4f : UARTTiva.oem4f (.text:writeSemCallback)
                  0000bcee    00000006     driverlib.lib : gpio.obj (.text:GPIOIntClear)
                  0000bcf4    00000006                   : gpio.obj (.text:GPIOPinRead)
                  0000bcfa    00000006                   : gpio.obj (.text:GPIOPinWrite)
                  0000bd00    00000006                   : sysctl.obj (.text:SysCtlDelay)
                  0000bd06    00000006                   : uart.obj (.text:UARTFIFOLevelSet)
                  0000bd0c    00000006     ti.targets.arm.rtsarm.aem4f : xdc_noinit.oem4f (.text:__xdc__init)
                  0000bd12    00000006     rtsv7M4_T_le_v4SPD16_eabi.lib : copy_decompress_rle.obj (.text:decompress:rle24)
                  0000bd18    00000006                                   : logf.obj (.text)
                  0000bd1e    00000006     Boot.aem4f : Boot_sysctl.oem4f (.text:ti_catalog_arm_cortexm4_tiva_ce_Boot_sysCtlDelayI__I)
                  0000bd24    00000006     sysbios.aem4f : BIOS.obj (.text:ti_sysbios_family_arm_m3_Hwi_restoreFxn__E)
                  0000bd2a    00000006                   : BIOS.obj (.text:ti_sysbios_gates_GateHwi_leave__E)
                  0000bd30    00000006                   : BIOS.obj (.text:ti_sysbios_heaps_HeapMem_isBlocking__E)
                  0000bd36    00000006                   : BIOS.obj (.text:ti_sysbios_knl_Queue_Instance_init__F)
                  0000bd3c    00000006                   : BIOS.obj (.text:ti_sysbios_knl_Swi_Module_startup__F)
                  0000bd42    00000006     ti.targets.arm.rtsarm.aem4f : System.oem4f (.text:xdc_runtime_System_Module_startup__F)
                  0000bd48    00000004     driverlib.lib : i2c.obj (.text:I2CMasterControl)
                  0000bd4c    00000004                   : i2c.obj (.text:I2CMasterDataGet)
                  0000bd50    00000004                   : i2c.obj (.text:I2CMasterDataPut)
                  0000bd54    00000004                   : uart.obj (.text:UARTIntClear)
                  0000bd58    00000004     KIRC_FltCmp_RTOS_pem4f.oem4f (.text:ti_sysbios_BIOS_RtsGateProxy_enter__E)
                  0000bd5c    00000004     KIRC_FltCmp_RTOS_pem4f.oem4f (.text:ti_sysbios_BIOS_RtsGateProxy_leave__E)
                  0000bd60    00000004     sysbios.aem4f : BIOS.obj (.text:ti_sysbios_family_arm_lm4_Timer_getPeriod__E)
                  0000bd64    00000004                   : BIOS.obj (.text:ti_sysbios_family_arm_lm4_Timer_masterEnable__I)
                  0000bd68    00000004     KIRC_FltCmp_RTOS_pem4f.oem4f (.text:ti_sysbios_family_arm_m3_TaskSupport_Module__startupDone__S)
                  0000bd6c    00000004     sysbios.aem4f : BIOS.obj (.text:ti_sysbios_gates_GateHwi_query__F)
                  0000bd70    00000004                   : BIOS.obj (.text:ti_sysbios_gates_GateMutex_query__F)
                  0000bd74    00000004     KIRC_FltCmp_RTOS_pem4f.oem4f (.text:ti_sysbios_hal_Hwi_HwiProxy_Module__startupDone__S)
                  0000bd78    00000004     KIRC_FltCmp_RTOS_pem4f.oem4f (.text:ti_sysbios_hal_Timer_TimerProxy_Module__startupDone__S)
                  0000bd7c    00000004     KIRC_FltCmp_RTOS_pem4f.oem4f (.text:ti_sysbios_hal_Timer_TimerProxy_getPeriod__E)
                  0000bd80    00000004     KIRC_FltCmp_RTOS_pem4f.oem4f (.text:ti_sysbios_heaps_HeapMem_Module_GateProxy_enter__E)
                  0000bd84    00000004     KIRC_FltCmp_RTOS_pem4f.oem4f (.text:ti_sysbios_heaps_HeapMem_Module_GateProxy_leave__E)
                  0000bd88    00000004     KIRC_FltCmp_RTOS_pem4f.oem4f (.text:ti_sysbios_knl_Task_SupportProxy_Module__startupDone__S)
                  0000bd8c    00000004     sysbios.aem4f : BIOS.obj (.text:ti_sysbios_knl_Task_startup__E)
                  0000bd90    00000004     ti.targets.arm.rtsarm.aem4f : Error.oem4f (.text:xdc_runtime_Error_getSite__F)
                  0000bd94    00000004     KIRC_FltCmp_RTOS_pem4f.oem4f (.text:xdc_runtime_Memory_HeapProxy_alloc__E)
                  0000bd98    00000004     KIRC_FltCmp_RTOS_pem4f.oem4f (.text:xdc_runtime_Memory_HeapProxy_free__E)
                  0000bd9c    00000004     KIRC_FltCmp_RTOS_pem4f.oem4f (.text:xdc_runtime_System_Module_GateProxy_enter__E)
                  0000bda0    00000004     KIRC_FltCmp_RTOS_pem4f.oem4f (.text:xdc_runtime_System_Module_GateProxy_leave__E)
                  0000bda4    00000004     ti.targets.arm.rtsarm.aem4f : System.oem4f (.text:xdc_runtime_System_aprintf_va__F)
                  0000bda8    00000004                                 : System.oem4f (.text:xdc_runtime_System_printf_va__F)
                  0000bdac    00000004     KIRC_FltCmp_RTOS_pem4f.oem4f (.text:xdc_runtime_System_vsnprintf__E)

.const     0    0000bdb0    000020c6     
                  0000bdb0    000015e4     KIRC_FltCmp_RTOS_pem4f.oem4f (.const:xdc_runtime_Text_charTab__A)
                  0000d394    00000102     rtsv7M4_T_le_v4SPD16_eabi.lib : ctype.obj (.const:.string:_ctypes_)
                  0000d496    000000d8     KIRC_FltCmp_RTOS_pem4f.oem4f (.const:ti_sysbios_family_arm_m3_Hwi_priorities__A)
                  0000d56e    00000002     KIRC_FltCmp_RTOS_pem4f.oem4f (.const:ti_catalog_arm_cortexm4_tiva_ce_Boot_Module__id__C)
                  0000d570    00000090     driverlib.lib : gpio.obj (.const:g_pui32GPIOBaseAddrs)
                  0000d600    0000008a     sensors.obj (.const:.string)
                  0000d68a    00000002     KIRC_FltCmp_RTOS_pem4f.oem4f (.const:ti_sysbios_BIOS_Module__id__C)
                  0000d68c    00000004     KIRC_FltCmp_RTOS_pem4f.oem4f (.const:ti_catalog_arm_cortexm4_tiva_ce_Boot_A_mustUseEnhancedClockMode__C)
                  0000d690    00000088     rtsv7M4_T_le_v4SPD16_eabi.lib : xatan.obj (.const)
                  0000d718    00000084     EK_TM4C123GXL.obj (.const:gpioHWAttrs)
                  0000d79c    0000006c     driverlib.lib : sysctl.obj (.const:g_pui32Xtals)
                  0000d808    00000048     KIRC_FltCmp_RTOS_pem4f.oem4f (.const:.string)
                  0000d850    0000003c     Main.obj (.const)
                  0000d88c    00000038     rtsv7M4_T_le_v4SPD16_eabi.lib : xflog.obj (.const)
                  0000d8c4    00000034                                   : xfatan.obj (.const)
                  0000d8f8    00000030     EK_TM4C123GXL.obj (.const:GPIO_config)
                  0000d928    00000030     EK_TM4C123GXL.obj (.const:UART_config)
                  0000d958    00000030     KIRC_FltCmp_RTOS_pem4f.oem4f (.const:ti_sysbios_family_arm_m3_Hwi_Object__PARAMS__C)
                  0000d988    0000002c     EK_TM4C123GXL.obj (.const:EK_TM4C123GXL_gpioPortACallbacks)
                  0000d9b4    0000002c     EK_TM4C123GXL.obj (.const:EK_TM4C123GXL_gpioPortFCallbacks)
                  0000d9e0    00000028     EK_TM4C123GXL.obj (.const)
                  0000da08    00000028     rtsv7M4_T_le_v4SPD16_eabi.lib : xfdint.obj (.const)
                  0000da30    00000028     KIRC_FltCmp_RTOS_pem4f.oem4f (.const:ti_sysbios_heaps_HeapMem_Module__FXNS__C)
                  0000da58    00000024     uart_tivaware.aem4f : UARTTiva.oem4f (.const:UARTTiva_fxnTable)
                  0000da7c    00000024     KIRC_FltCmp_RTOS_pem4f.oem4f (.const:ti_sysbios_gates_GateHwi_Module__FXNS__C)
                  0000daa0    00000024     KIRC_FltCmp_RTOS_pem4f.oem4f (.const:ti_sysbios_gates_GateMutex_Module__FXNS__C)
                  0000dac4    00000024     KIRC_FltCmp_RTOS_pem4f.oem4f (.const:ti_sysbios_heaps_HeapMem_Object__PARAMS__C)
                  0000dae8    00000024     KIRC_FltCmp_RTOS_pem4f.oem4f (.const:ti_sysbios_knl_Semaphore_Object__PARAMS__C)
                  0000db0c    00000020     KIRC_FltCmp_RTOS_pem4f.oem4f (.const:ti_sysbios_family_arm_m3_Hwi_Object__DESC__C)
                  0000db2c    00000020     KIRC_FltCmp_RTOS_pem4f.oem4f (.const:ti_sysbios_gates_GateHwi_Object__DESC__C)
                  0000db4c    00000020     KIRC_FltCmp_RTOS_pem4f.oem4f (.const:ti_sysbios_gates_GateMutex_Object__DESC__C)
                  0000db6c    00000020     KIRC_FltCmp_RTOS_pem4f.oem4f (.const:ti_sysbios_heaps_HeapMem_Object__DESC__C)
                  0000db8c    00000020     KIRC_FltCmp_RTOS_pem4f.oem4f (.const:ti_sysbios_knl_Queue_Object__DESC__C)
                  0000dbac    00000020     KIRC_FltCmp_RTOS_pem4f.oem4f (.const:ti_sysbios_knl_Semaphore_Object__DESC__C)
                  0000dbcc    00000020     KIRC_FltCmp_RTOS_pem4f.oem4f (.const:xdc_runtime_Startup_sfxnTab__A)
                  0000dbec    0000001c     rtsv7M4_T_le_v4SPD16_eabi.lib : xfexp.obj (.const)
                  0000dc08    00000018     KIRC_FltCmp_RTOS_pem4f.oem4f (.const:ti_sysbios_gates_GateHwi_Object__PARAMS__C)
                  0000dc20    00000018     KIRC_FltCmp_RTOS_pem4f.oem4f (.const:ti_sysbios_gates_GateMutex_Object__PARAMS__C)
                  0000dc38    00000018     KIRC_FltCmp_RTOS_pem4f.oem4f (.const:ti_sysbios_knl_Queue_Object__PARAMS__C)
                  0000dc50    00000014     KIRC_FltCmp_RTOS_pem4f.oem4f (.const:xdc_runtime_Startup_firstFxns__A)
                  0000dc64    00000011     ti.targets.arm.rtsarm.aem4f : System.oem4f (.const)
                  0000dc75    00000001     KIRC_FltCmp_RTOS_pem4f.oem4f (.const:xdc_runtime_Error_policy__C)
                  0000dc76    00000010     KIRC_FltCmp_RTOS_pem4f.oem4f (.const:xdc_runtime_Startup_sfxnRts__A)
                  0000dc86    00000010     KIRC_FltCmp_RTOS_pem4f.oem4f (.const:xdc_runtime_Text_nodeTab__A)
                  0000dc96    00000002     KIRC_FltCmp_RTOS_pem4f.oem4f (.const:ti_sysbios_family_arm_m3_Hwi_Module__id__C)
                  0000dc98    00000008     KIRC_FltCmp_RTOS_pem4f.oem4f (.const:ti_sysbios_family_arm_m3_Hwi_excHookFuncs__A)
                  0000dca0    00000008     KIRC_FltCmp_RTOS_pem4f.oem4f (.const:ti_sysbios_knl_Idle_coreList__C)
                  0000dca8    00000008     KIRC_FltCmp_RTOS_pem4f.oem4f (.const:ti_sysbios_knl_Idle_funcList__C)
                  0000dcb0    00000008     KIRC_FltCmp_RTOS_pem4f.oem4f (.const:xdc_runtime_Startup_firstFxns__C)
                  0000dcb8    00000008     KIRC_FltCmp_RTOS_pem4f.oem4f (.const:xdc_runtime_Startup_lastFxns__C)
                  0000dcc0    00000004     KIRC_FltCmp_RTOS_pem4f.oem4f (.const:ti_catalog_arm_cortexm4_tiva_ce_Boot_Module__diagsEnabled__C)
                  0000dcc4    00000004     KIRC_FltCmp_RTOS_pem4f.oem4f (.const:ti_catalog_arm_cortexm4_tiva_ce_Boot_Module__diagsIncluded__C)
                  0000dcc8    00000004     KIRC_FltCmp_RTOS_pem4f.oem4f (.const:ti_catalog_arm_cortexm4_tiva_ce_Boot_Module__diagsMask__C)
                  0000dccc    00000004     KIRC_FltCmp_RTOS_pem4f.oem4f (.const:ti_sysbios_BIOS_Module__diagsEnabled__C)
                  0000dcd0    00000004     KIRC_FltCmp_RTOS_pem4f.oem4f (.const:ti_sysbios_BIOS_Module__diagsIncluded__C)
                  0000dcd4    00000004     KIRC_FltCmp_RTOS_pem4f.oem4f (.const:ti_sysbios_BIOS_Module__diagsMask__C)
                  0000dcd8    00000004     KIRC_FltCmp_RTOS_pem4f.oem4f (.const:ti_sysbios_BIOS_installedErrorHook__C)
                  0000dcdc    00000004     KIRC_FltCmp_RTOS_pem4f.oem4f (.const:ti_sysbios_family_arm_lm4_Timer_enableFunc__C)
                  0000dce0    00000004     KIRC_FltCmp_RTOS_pem4f.oem4f (.const:ti_sysbios_family_arm_lm4_Timer_numTimerDevices__C)
                  0000dce4    00000004     KIRC_FltCmp_RTOS_pem4f.oem4f (.const:ti_sysbios_family_arm_lm4_Timer_startupNeeded__C)
                  0000dce8    00000004     KIRC_FltCmp_RTOS_pem4f.oem4f (.const:ti_sysbios_family_arm_m3_Hwi_E_NMI__C)
                  0000dcec    00000004     KIRC_FltCmp_RTOS_pem4f.oem4f (.const:ti_sysbios_family_arm_m3_Hwi_E_alreadyDefined__C)
                  0000dcf0    00000004     KIRC_FltCmp_RTOS_pem4f.oem4f (.const:ti_sysbios_family_arm_m3_Hwi_E_busFault__C)
                  0000dcf4    00000004     KIRC_FltCmp_RTOS_pem4f.oem4f (.const:ti_sysbios_family_arm_m3_Hwi_E_debugMon__C)
                  0000dcf8    00000004     KIRC_FltCmp_RTOS_pem4f.oem4f (.const:ti_sysbios_family_arm_m3_Hwi_E_hardFault__C)
                  0000dcfc    00000004     KIRC_FltCmp_RTOS_pem4f.oem4f (.const:ti_sysbios_family_arm_m3_Hwi_E_memFault__C)
                  0000dd00    00000004     KIRC_FltCmp_RTOS_pem4f.oem4f (.const:ti_sysbios_family_arm_m3_Hwi_E_noIsr__C)
                  0000dd04    00000004     KIRC_FltCmp_RTOS_pem4f.oem4f (.const:ti_sysbios_family_arm_m3_Hwi_E_reserved__C)
                  0000dd08    00000004     KIRC_FltCmp_RTOS_pem4f.oem4f (.const:ti_sysbios_family_arm_m3_Hwi_E_svCall__C)
                  0000dd0c    00000004     KIRC_FltCmp_RTOS_pem4f.oem4f (.const:ti_sysbios_family_arm_m3_Hwi_E_usageFault__C)
                  0000dd10    00000004     KIRC_FltCmp_RTOS_pem4f.oem4f (.const:ti_sysbios_family_arm_m3_Hwi_NUM_INTERRUPTS__C)
                  0000dd14    00000004     KIRC_FltCmp_RTOS_pem4f.oem4f (.const:ti_sysbios_family_arm_m3_Hwi_ccr__C)
                  0000dd18    00000004     KIRC_FltCmp_RTOS_pem4f.oem4f (.const:ti_sysbios_family_arm_m3_Hwi_dispatchTable__C)
                  0000dd1c    00000004     KIRC_FltCmp_RTOS_pem4f.oem4f (.const:ti_sysbios_family_arm_m3_Hwi_excHandlerFunc__C)
                  0000dd20    00000004     KIRC_FltCmp_RTOS_pem4f.oem4f (.const:ti_sysbios_family_arm_m3_Hwi_excHookFuncs__C)
                  0000dd24    00000004     KIRC_FltCmp_RTOS_pem4f.oem4f (.const:ti_sysbios_family_arm_m3_Hwi_priGroup__C)
                  0000dd28    00000004     KIRC_FltCmp_RTOS_pem4f.oem4f (.const:ti_sysbios_family_arm_m3_Hwi_priorities__C)
                  0000dd2c    00000004     KIRC_FltCmp_RTOS_pem4f.oem4f (.const:ti_sysbios_gates_GateMutex_A_badContext__C)
                  0000dd30    00000004     KIRC_FltCmp_RTOS_pem4f.oem4f (.const:ti_sysbios_gates_GateMutex_Instance_State_sem__O)
                  0000dd34    00000004     KIRC_FltCmp_RTOS_pem4f.oem4f (.const:ti_sysbios_gates_GateMutex_Module__diagsEnabled__C)
                  0000dd38    00000004     KIRC_FltCmp_RTOS_pem4f.oem4f (.const:ti_sysbios_gates_GateMutex_Module__diagsIncluded__C)
                  0000dd3c    00000004     KIRC_FltCmp_RTOS_pem4f.oem4f (.const:ti_sysbios_gates_GateMutex_Module__diagsMask__C)
                  0000dd40    00000004     KIRC_FltCmp_RTOS_pem4f.oem4f (.const:ti_sysbios_heaps_HeapMem_A_align__C)
                  0000dd44    00000004     KIRC_FltCmp_RTOS_pem4f.oem4f (.const:ti_sysbios_heaps_HeapMem_A_heapSize__C)
                  0000dd48    00000004     KIRC_FltCmp_RTOS_pem4f.oem4f (.const:ti_sysbios_heaps_HeapMem_A_invalidFree__C)
                  0000dd4c    00000004     KIRC_FltCmp_RTOS_pem4f.oem4f (.const:ti_sysbios_heaps_HeapMem_A_zeroBlock__C)
                  0000dd50    00000004     KIRC_FltCmp_RTOS_pem4f.oem4f (.const:ti_sysbios_heaps_HeapMem_E_memory__C)
                  0000dd54    00000004     KIRC_FltCmp_RTOS_pem4f.oem4f (.const:ti_sysbios_heaps_HeapMem_Module__diagsEnabled__C)
                  0000dd58    00000004     KIRC_FltCmp_RTOS_pem4f.oem4f (.const:ti_sysbios_heaps_HeapMem_Module__diagsIncluded__C)
                  0000dd5c    00000004     KIRC_FltCmp_RTOS_pem4f.oem4f (.const:ti_sysbios_heaps_HeapMem_Module__diagsMask__C)
                  0000dd60    00000004     KIRC_FltCmp_RTOS_pem4f.oem4f (.const:ti_sysbios_heaps_HeapMem_Module__gateObj__C)
                  0000dd64    00000004     KIRC_FltCmp_RTOS_pem4f.oem4f (.const:ti_sysbios_heaps_HeapMem_Object__count__C)
                  0000dd68    00000004     KIRC_FltCmp_RTOS_pem4f.oem4f (.const:ti_sysbios_heaps_HeapMem_reqAlign__C)
                  0000dd6c    00000004     KIRC_FltCmp_RTOS_pem4f.oem4f (.const:ti_sysbios_knl_Clock_Module_State_clockQ__O)
                  0000dd70    00000004     KIRC_FltCmp_RTOS_pem4f.oem4f (.const:ti_sysbios_knl_Semaphore_A_badContext__C)
                  0000dd74    00000004     KIRC_FltCmp_RTOS_pem4f.oem4f (.const:ti_sysbios_knl_Semaphore_A_noEvents__C)
                  0000dd78    00000004     KIRC_FltCmp_RTOS_pem4f.oem4f (.const:ti_sysbios_knl_Semaphore_A_overflow__C)
                  0000dd7c    00000004     KIRC_FltCmp_RTOS_pem4f.oem4f (.const:ti_sysbios_knl_Semaphore_A_pendTaskDisabled__C)
                  0000dd80    00000004     KIRC_FltCmp_RTOS_pem4f.oem4f (.const:ti_sysbios_knl_Semaphore_Instance_State_pendQ__O)
                  0000dd84    00000004     KIRC_FltCmp_RTOS_pem4f.oem4f (.const:ti_sysbios_knl_Semaphore_Module__diagsEnabled__C)
                  0000dd88    00000004     KIRC_FltCmp_RTOS_pem4f.oem4f (.const:ti_sysbios_knl_Semaphore_Module__diagsIncluded__C)
                  0000dd8c    00000004     KIRC_FltCmp_RTOS_pem4f.oem4f (.const:ti_sysbios_knl_Semaphore_Module__diagsMask__C)
                  0000dd90    00000004     KIRC_FltCmp_RTOS_pem4f.oem4f (.const:ti_sysbios_knl_Task_A_badTimeout__C)
                  0000dd94    00000004     KIRC_FltCmp_RTOS_pem4f.oem4f (.const:ti_sysbios_knl_Task_A_sleepTaskDisabled__C)
                  0000dd98    00000004     KIRC_FltCmp_RTOS_pem4f.oem4f (.const:ti_sysbios_knl_Task_Module_State_inactiveQ__O)
                  0000dd9c    00000004     KIRC_FltCmp_RTOS_pem4f.oem4f (.const:ti_sysbios_knl_Task_Module__diagsEnabled__C)
                  0000dda0    00000004     KIRC_FltCmp_RTOS_pem4f.oem4f (.const:ti_sysbios_knl_Task_Module__diagsIncluded__C)
                  0000dda4    00000004     KIRC_FltCmp_RTOS_pem4f.oem4f (.const:ti_sysbios_knl_Task_Module__diagsMask__C)
                  0000dda8    00000004     KIRC_FltCmp_RTOS_pem4f.oem4f (.const:ti_sysbios_knl_Task_Object__count__C)
                  0000ddac    00000004     KIRC_FltCmp_RTOS_pem4f.oem4f (.const:ti_sysbios_knl_Task_allBlockedFunc__C)
                  0000ddb0    00000004     KIRC_FltCmp_RTOS_pem4f.oem4f (.const:ti_sysbios_knl_Task_numConstructedTasks__C)
                  0000ddb4    00000004     KIRC_FltCmp_RTOS_pem4f.oem4f (.const:xdc_runtime_Assert_E_assertFailed__C)
                  0000ddb8    00000004     KIRC_FltCmp_RTOS_pem4f.oem4f (.const:xdc_runtime_Core_A_initializedParams__C)
                  0000ddbc    00000004     KIRC_FltCmp_RTOS_pem4f.oem4f (.const:xdc_runtime_Core_Module__diagsEnabled__C)
                  0000ddc0    00000004     KIRC_FltCmp_RTOS_pem4f.oem4f (.const:xdc_runtime_Core_Module__diagsIncluded__C)
                  0000ddc4    00000004     KIRC_FltCmp_RTOS_pem4f.oem4f (.const:xdc_runtime_Core_Module__diagsMask__C)
                  0000ddc8    00000004     KIRC_FltCmp_RTOS_pem4f.oem4f (.const:xdc_runtime_Error_E_memory__C)
                  0000ddcc    00000004     KIRC_FltCmp_RTOS_pem4f.oem4f (.const:xdc_runtime_Error_Module__diagsEnabled__C)
                  0000ddd0    00000004     KIRC_FltCmp_RTOS_pem4f.oem4f (.const:xdc_runtime_Error_Module__diagsIncluded__C)
                  0000ddd4    00000004     KIRC_FltCmp_RTOS_pem4f.oem4f (.const:xdc_runtime_Error_Module__diagsMask__C)
                  0000ddd8    00000004     KIRC_FltCmp_RTOS_pem4f.oem4f (.const:xdc_runtime_Error_Module__loggerFxn8__C)
                  0000dddc    00000004     KIRC_FltCmp_RTOS_pem4f.oem4f (.const:xdc_runtime_Error_Module__loggerObj__C)
                  0000dde0    00000004     KIRC_FltCmp_RTOS_pem4f.oem4f (.const:xdc_runtime_Error_raiseHook__C)
                  0000dde4    00000004     KIRC_FltCmp_RTOS_pem4f.oem4f (.const:xdc_runtime_IGateProvider_Interface__BASE__C)
                  0000dde8    00000004     KIRC_FltCmp_RTOS_pem4f.oem4f (.const:xdc_runtime_IHeap_Interface__BASE__C)
                  0000ddec    00000004     KIRC_FltCmp_RTOS_pem4f.oem4f (.const:xdc_runtime_IModule_Interface__BASE__C)
                  0000ddf0    00000004     KIRC_FltCmp_RTOS_pem4f.oem4f (.const:xdc_runtime_Log_L_error__C)
                  0000ddf4    00000004     KIRC_FltCmp_RTOS_pem4f.oem4f (.const:xdc_runtime_Main_Module__diagsEnabled__C)
                  0000ddf8    00000004     KIRC_FltCmp_RTOS_pem4f.oem4f (.const:xdc_runtime_Main_Module__diagsIncluded__C)
                  0000ddfc    00000004     KIRC_FltCmp_RTOS_pem4f.oem4f (.const:xdc_runtime_Main_Module__diagsMask__C)
                  0000de00    00000004     KIRC_FltCmp_RTOS_pem4f.oem4f (.const:xdc_runtime_Main_Module__loggerFxn2__C)
                  0000de04    00000004     KIRC_FltCmp_RTOS_pem4f.oem4f (.const:xdc_runtime_Main_Module__loggerObj__C)
                  0000de08    00000004     KIRC_FltCmp_RTOS_pem4f.oem4f (.const:xdc_runtime_Memory_defaultHeapInstance__C)
                  0000de0c    00000004     KIRC_FltCmp_RTOS_pem4f.oem4f (.const:xdc_runtime_Startup_execImpl__C)
                  0000de10    00000004     KIRC_FltCmp_RTOS_pem4f.oem4f (.const:xdc_runtime_Startup_lastFxns__A)
                  0000de14    00000004     KIRC_FltCmp_RTOS_pem4f.oem4f (.const:xdc_runtime_Startup_maxPasses__C)
                  0000de18    00000004     KIRC_FltCmp_RTOS_pem4f.oem4f (.const:xdc_runtime_Startup_sfxnRts__C)
                  0000de1c    00000004     KIRC_FltCmp_RTOS_pem4f.oem4f (.const:xdc_runtime_Startup_sfxnTab__C)
                  0000de20    00000004     KIRC_FltCmp_RTOS_pem4f.oem4f (.const:xdc_runtime_SysCallback_abortFxn__C)
                  0000de24    00000004     KIRC_FltCmp_RTOS_pem4f.oem4f (.const:xdc_runtime_SysCallback_exitFxn__C)
                  0000de28    00000004     KIRC_FltCmp_RTOS_pem4f.oem4f (.const:xdc_runtime_SysCallback_flushFxn__C)
                  0000de2c    00000004     KIRC_FltCmp_RTOS_pem4f.oem4f (.const:xdc_runtime_SysCallback_putchFxn__C)
                  0000de30    00000004     KIRC_FltCmp_RTOS_pem4f.oem4f (.const:xdc_runtime_SysCallback_readyFxn__C)
                  0000de34    00000004     KIRC_FltCmp_RTOS_pem4f.oem4f (.const:xdc_runtime_System_Module__gateObj__C)
                  0000de38    00000004     KIRC_FltCmp_RTOS_pem4f.oem4f (.const:xdc_runtime_System_extendFxn__C)
                  0000de3c    00000004     KIRC_FltCmp_RTOS_pem4f.oem4f (.const:xdc_runtime_System_maxAtexitHandlers__C)
                  0000de40    00000004     KIRC_FltCmp_RTOS_pem4f.oem4f (.const:xdc_runtime_Text_charTab__C)
                  0000de44    00000004     KIRC_FltCmp_RTOS_pem4f.oem4f (.const:xdc_runtime_Text_nameEmpty__C)
                  0000de48    00000004     KIRC_FltCmp_RTOS_pem4f.oem4f (.const:xdc_runtime_Text_nameStatic__C)
                  0000de4c    00000004     KIRC_FltCmp_RTOS_pem4f.oem4f (.const:xdc_runtime_Text_nameUnknown__C)
                  0000de50    00000004     KIRC_FltCmp_RTOS_pem4f.oem4f (.const:xdc_runtime_Text_nodeTab__C)
                  0000de54    00000004     KIRC_FltCmp_RTOS_pem4f.oem4f (.const:xdc_runtime_Text_visitRopeFxn__C)
                  0000de58    00000002     KIRC_FltCmp_RTOS_pem4f.oem4f (.const:ti_sysbios_gates_GateMutex_Module__id__C)
                  0000de5a    00000002     KIRC_FltCmp_RTOS_pem4f.oem4f (.const:ti_sysbios_heaps_HeapMem_Module__id__C)
                  0000de5c    00000002     KIRC_FltCmp_RTOS_pem4f.oem4f (.const:ti_sysbios_knl_Semaphore_Module__id__C)
                  0000de5e    00000002     KIRC_FltCmp_RTOS_pem4f.oem4f (.const:ti_sysbios_knl_Task_Module__id__C)
                  0000de60    00000002     KIRC_FltCmp_RTOS_pem4f.oem4f (.const:ti_sysbios_knl_Task_initStackFlag__C)
                  0000de62    00000002     KIRC_FltCmp_RTOS_pem4f.oem4f (.const:xdc_runtime_Core_Module__id__C)
                  0000de64    00000002     KIRC_FltCmp_RTOS_pem4f.oem4f (.const:xdc_runtime_Error_Module__loggerDefined__C)
                  0000de66    00000002     KIRC_FltCmp_RTOS_pem4f.oem4f (.const:xdc_runtime_Error_maxDepth__C)
                  0000de68    00000002     KIRC_FltCmp_RTOS_pem4f.oem4f (.const:xdc_runtime_Main_Module__id__C)
                  0000de6a    00000002     KIRC_FltCmp_RTOS_pem4f.oem4f (.const:xdc_runtime_Main_Module__loggerDefined__C)
                  0000de6c    00000002     KIRC_FltCmp_RTOS_pem4f.oem4f (.const:xdc_runtime_Memory_Module__id__C)
                  0000de6e    00000002     KIRC_FltCmp_RTOS_pem4f.oem4f (.const:xdc_runtime_Text_charCnt__C)
                  0000de70    00000002     KIRC_FltCmp_RTOS_pem4f.oem4f (.const:xdc_runtime_Text_isLoaded__C)
                  0000de72    00000002     KIRC_FltCmp_RTOS_pem4f.oem4f (.const:xdc_runtime_Text_registryModsLastId__C)
                  0000de74    00000002     KIRC_FltCmp_RTOS_pem4f.oem4f (.const:xdc_runtime_Text_unnamedModsLastId__C)

.cinit     0    0000de78    00000448     
                  0000de78    00000411     (.cinit..data.load) [load image, compression = rle]
                  0000e289    00000003     --HOLE-- [fill = 0]
                  0000e28c    0000000c     (__TI_handler_table)
                  0000e298    00000008     (.cinit..bss.load) [load image, compression = zero_init]
                  0000e2a0    00000008     (.cinit..vecs.load) [load image, compression = zero_init]
                  0000e2a8    00000018     (__TI_cinit_table)

.vecs      0    20000000    00000360     UNINITIALIZED
                  20000000    00000360     KIRC_FltCmp_RTOS_pem4f.oem4f (.vecs)

.bss       0    20000360    00003fa0     UNINITIALIZED
                  20000360    00003600     KIRC_FltCmp_RTOS_pem4f.oem4f (.bss:taskStackSection)
                  20003960    00000600     KIRC_FltCmp_RTOS_pem4f.oem4f (.bss:ti_sysbios_heaps_HeapMem_Instance_State_0_buf__A)
                  20003f60    00000198     EK_TM4C123GXL.obj (.bss:uartTivaObjects)
                  200040f8    00000120     rtsv7M4_T_le_v4SPD16_eabi.lib : trgmsg.obj (.bss:__CIOBUF_)
                  20004218    000000a0                                   : defs.obj (.bss:__TI_tmpnams)
                  200042b8    0000001c     (.common:callbackHwi)
                  200042d4    0000001c     (.common:callbackHwi2)
                  200042f0    00000008     (.common:parmbuf)
                  200042f8    00000004     (.common:ui32Load)
                  200042fc    00000004     (.common:ui32PWMClock)

.data      0    20004300    00000d96     UNINITIALIZED
                  20004300    00000360     KIRC_FltCmp_RTOS_pem4f.oem4f (.data:ti_sysbios_family_arm_m3_Hwi_Module_State_0_dispatchTable__A)
                  20004660    00000214     KIRC_FltCmp_RTOS_pem4f.oem4f (.data:ti_sysbios_knl_Task_Object__table__V)
                  20004874    0000014c     KIRC_FltCmp_RTOS_pem4f.oem4f (.data)
                  200049c0    000000f0     rtsv7M4_T_le_v4SPD16_eabi.lib : defs.obj (.data:_ftable)
                  20004ab0    000000d0                                   : lowlev.obj (.data)
                  20004b80    000000b0                                   : signal.obj (.data:sigtable)
                  20004c30    00000080                                   : xvalues.obj (.data)
                  20004cb0    0000006c     Main.obj (.data:TelemData)
                  20004d1c    00000004     Main.obj (.data)
                  20004d20    00000068     rtsv7M4_T_le_v4SPD16_eabi.lib : xfvalues.obj (.data)
                  20004d88    0000005c     KIRC_FltCmp_RTOS_pem4f.oem4f (.data:ti_sysbios_family_arm_m3_Hwi_Module__state__V)
                  20004de4    00000044     KIRC_FltCmp_RTOS_pem4f.oem4f (.data:ti_sysbios_knl_Task_Module__state__V)
                  20004e28    0000003c     sensors.obj (.data:Gyro_Memory)
                  20004e64    0000003c     Main.obj (.data:RxData)
                  20004ea0    00000038     KIRC_FltCmp_RTOS_pem4f.oem4f (.data:ti_sysbios_family_arm_lm4_Timer_Object__table__V)
                  20004ed8    00000038     KIRC_FltCmp_RTOS_pem4f.oem4f (.data:ti_sysbios_gates_GateMutex_Object__table__V)
                  20004f10    00000034     Main.obj (.data:controlData)
                  20004f44    00000030     UARTUtils.obj (.data:ports)
                  20004f74    00000030     KIRC_FltCmp_RTOS_pem4f.oem4f (.data:ti_sysbios_family_arm_lm4_Timer_Module_State_0_device__A)
                  20004fa4    00000030     KIRC_FltCmp_RTOS_pem4f.oem4f (.data:ti_sysbios_knl_Task_Module_State_0_readyQ__A)
                  20004fd4    00000028     KIRC_FltCmp_RTOS_pem4f.oem4f (.data:ti_sysbios_knl_Clock_Module__state__V)
                  20004ffc    00000024     Main.obj (.data:IMUdata)
                  20005020    00000018     sensors.obj (.data)
                  20005038    00000010     quaternion.obj (.data)
                  20005048    00000010     rtsv7M4_T_le_v4SPD16_eabi.lib : defs.obj (.data)
                  20005058    00000008     UARTUtils.obj (.data)
                  20005060    00000008     gpio_tivaware.aem4f : GPIO.oem4f (.data)
                  20005068    00000008     rtsv7M4_T_le_v4SPD16_eabi.lib : _lock.obj (.data)
                  20005070    00000008                                   : exit.obj (.data)
                  20005078    00000008                                   : feraiseexcept.obj (.data)
                  20005080    00000004                                   : dtor_list.obj (.data)
                  20005084    00000004                                   : errno.obj (.data)
                  20005088    00000004                                   : fopen.obj (.data)
                  2000508c    00000004                                   : stkdepth_vars.obj (.data)
                  20005090    00000004     uart_tivaware.aem4f : UART.oem4f (.data)
                  20005094    00000002     RxFunctions.obj (.data)

.stack     0    20005098    00000600     UNINITIALIZED
                  20005098    00000600     --HOLE--


LINKER GENERATED COPY TABLES

__TI_cinit_table @ 0000e2a8 records: 3, size/record: 8, table size: 24
	.data: load addr=0000de78, load size=00000411 bytes, run addr=20004300, run size=00000d96 bytes, compression=rle
	.bss: load addr=0000e298, load size=00000008 bytes, run addr=20000360, run size=00003fa0 bytes, compression=zero_init
	.vecs: load addr=0000e2a0, load size=00000008 bytes, run addr=20000000, run size=00000360 bytes, compression=zero_init


LINKER GENERATED HANDLER TABLE

__TI_handler_table @ 0000e28c records: 3, size/record: 4, table size: 12
	index: 0, handler: __TI_zero_init
	index: 1, handler: __TI_decompress_rle24
	index: 2, handler: __TI_decompress_none


GLOBAL SYMBOLS: SORTED ALPHABETICALLY BY Name 

address    name
--------   ----
0000bc2d   ADCIntClear
0000ae55   ADCIntStatus
0000b60f   ADCProcessorTrigger
0000b09d   ADCSequenceConfigure
0000b4a1   ADCSequenceDataGet
0000bafd   ADCSequenceEnable
000095e5   ADCSequenceStepConfigure
0000af3b   Accel_Init
00007b7d   AltimeterFxn
00006be5   Altm_Init
000092d1   BatteryMonitorFxn
00009f45   BatteryMonitorInit
0000a439   C$$EXIT
00009adf   C$$IO$$
00007585   Calib_Accel
00005cc5   Calib_Gyro
0000b145   ClearRxInterrupts
00001cbd   ControlFxn
0000b16d   DisableRxInterrupts
0000d988   EK_TM4C123GXL_gpioPortACallbacks
0000d9b4   EK_TM4C123GXL_gpioPortFCallbacks
000073b5   EK_TM4C123GXL_initGPIO
0000a615   EK_TM4C123GXL_initGeneral
00009651   EK_TM4C123GXL_initPWM
000090e9   EK_TM4C123GXL_initUART
0000aafd   EnableRxInterrupts
00004d91   Filter_GyroData
0000b0c7   GPIODirModeSet
0000bcef   GPIOIntClear
0000bb0b   GPIOIntDisable
0000bb79   GPIOIntEnable
0000bb19   GPIOIntStatus
00009df1   GPIOIntTypeSet
00006551   GPIOPadConfigSet
0000a16d   GPIOPinConfigure
0000bcf5   GPIOPinRead
0000b8d1   GPIOPinTypeADC
0000b8e3   GPIOPinTypeGPIOInput
0000b627   GPIOPinTypeGPIOOutput
0000b8f5   GPIOPinTypeI2C
0000b907   GPIOPinTypeI2CSCL
0000b919   GPIOPinTypePWM
0000b92b   GPIOPinTypeUART
0000bcfb   GPIOPinWrite
0000b81d   GPIO_clearInt
0000d8f8   GPIO_config
0000b25d   GPIO_disableInt
0000a655   GPIO_enableInt
0000b0f1   GPIO_hwiIntFxn
0000b281   GPIO_init
00009e49   GPIO_setupCallbacks
0000a815   GPIO_toggle
0000b195   GPIO_write
00007821   GPSFxn
00004379   GPS_Init
00008ed9   GetData_Accel
00008f5d   GetData_Gyro
00007c4d   Get_Altitude
00005215   Get_Pressure
000091df   Get_Temp
0000b63f   Gyro_Init
20004e28   Gyro_Memory
20005020   Gyro_Offset
00003411   HOSTclock
000033d9   HOSTclose
0000339b   HOSTgetenv
0000333f   HOSTlseek
000032ed   HOSTopen
000032a1   HOSTread
00003243   HOSTrename
00003209   HOSTtime
000031d1   HOSTunlink
00003185   HOSTwrite
0000a1b5   I2C0_MasterInit
000099f5   I2C0_RxData
00009d41   I2C0_TxData
0000bcaf   I2CMasterBusy
0000bd49   I2CMasterControl
0000bd4d   I2CMasterDataGet
0000bd51   I2CMasterDataPut
0000bc37   I2CMasterEnable
0000a1fd   I2CMasterInitExpClk
0000bcb7   I2CMasterSlaveAddrSet
20004ffc   IMUdata
2000502c   Magn_Offset
0000b37d   PWMGenConfigure
0000bb85   PWMGenEnable
0000b9bb   PWMGenPeriodSet
0000b93d   PWMOutputState
0000b4bf   PWMPulseWidthSet
00003f91   ProcessRxData
00009345   ProcessStateMachine
00008fe1   RCinputIntHandler
20005094   RXChannelLock
000058f5   ReadInputFxn
00008d45   ReadSensorsFxn
00009065   Read_Accel
000054e9   Read_Gyro
20004e64   RxData
UNDEFED    SHT$$INIT_ARRAY$$Base
UNDEFED    SHT$$INIT_ARRAY$$Limit
20005038   State
00008021   StateEst_Calib
00007d15   SysCtlClockGet
0000bd01   SysCtlDelay
0000b831   SysCtlPWMClockSet
0000ab31   SysCtlPeripheralEnable
20004828   TSK_idle
20004cb0   TelemData
0000bc41   UARTCharGet
0000bb27   UARTCharGetNonBlocking
0000bc4b   UARTCharPut
0000bb35   UARTCharPutNonBlocking
0000a5d1   UARTConfigSetExpClk
0000b4fd   UARTDisable
0000b845   UARTEnable
0000bd07   UARTFIFOLevelSet
0000bd55   UARTIntClear
0000bc55   UARTIntDisable
0000bcbf   UARTIntEnable
0000bc5f   UARTIntStatus
0000da58   UARTTiva_fxnTable
0000b657   UARTUtils_deviceclose
0000b94f   UARTUtils_devicelseek
0000ae83   UARTUtils_deviceopen
0000ab99   UARTUtils_deviceread
0000b9cb   UARTUtils_devicerename
0000bb43   UARTUtils_deviceunlink
0000abcd   UARTUtils_devicewrite
0000b2a5   UARTUtils_systemAbort
00008ba1   UARTUtils_systemInit
0000b3a1   UARTUtils_systemPutch
0000b859   UARTUtils_systemReady
0000af67   UART_Params_init
0000bc69   UART_close
0000d928   UART_config
0000a905   UART_init
0000b671   UART_open
0000bc73   UART_read
0000bc7d   UART_write
0000bc87   UART_writePolling
00001221   Update_State
00004c05   _Atan
0000b973   _Dclass
20004c30   _Denorm
00007ddd   _Dnorm
000068c1   _Dscale
0000a47d   _Dtest
0000992d   _Dunscale
20004c40   _Eps
20005084   _Errno
00008445   _FAtan
20004d20   _FDenorm
00008b11   _FDint
00009165   _FDnorm
00007f61   _FDscale
0000ac69   _FDtest
00009e9d   _FDunscale
20004d30   _FEps
00004f19   _FExp
20004d40   _FInf
0000509d   _FLog
20004d50   _FNan
20004d70   _FRteps
20004d60   _FSnan
20004d80   _FXbig
20004d84   _FZero
20005078   _Fenv
0000ad65   _Feraise
20004c50   _Hugeval
20004c60   _Inf
20004c70   _Nan
20004c90   _Rteps
20004c80   _Snan
2000507c   _Tls_setup__Fenv
20004ca0   _Xbig
20004ca8   _Zero
00000000   __ASM__
200040f8   __CIOBUF_
00000083   __ISA__
00000096   __PLAT__
20005698   __STACK_END
00000600   __STACK_SIZE
20005198   __STACK_TOP
000000b7   __TARG__
0000e2a8   __TI_CINIT_Base
0000e2c0   __TI_CINIT_Limit
0000e28c   __TI_Handler_Table_Base
0000e298   __TI_Handler_Table_Limit
00000001   __TI_args_main
000086dd   __TI_auto_init
00004611   __TI_cleanup
20005070   __TI_cleanup_ptr
00008951   __TI_closefile
0000bb51   __TI_decompress_none
0000bd13   __TI_decompress_rle24
00007ea1   __TI_doflush
20005074   __TI_dtors_ptr
20005048   __TI_ft_end
00000f17   __TI_printfi
0000834f   __TI_rd_ok
00009ae3   __TI_readmsg
00000000   __TI_static_base__
20004218   __TI_tmpnams
00009ab5   __TI_writemsg
000082ed   __TI_wrt_ok
0000b961   __TI_zero_init
000000dd   __TRDR__
0000713d   __aeabi_atexit
00008dcd   __aeabi_cdcmpeq
00008dcd   __aeabi_cdcmple
00008e53   __aeabi_cdrcmple
0000a121   __aeabi_d2f
0000a245   __aeabi_d2iz
00004713   __aeabi_dadd
000061b1   __aeabi_ddiv
00006ef1   __aeabi_dmul
00004709   __aeabi_dsub
0000a93d   __aeabi_f2d
0000aedf   __aeabi_i2d
0000b6b9   __aeabi_lmul
00009257   __aeabi_memclr
00009257   __aeabi_memclr4
00009257   __aeabi_memclr8
00008819   __aeabi_memcpy
00008819   __aeabi_memcpy4
00008819   __aeabi_memcpy8
00009259   __aeabi_memset
00009259   __aeabi_memset4
00009259   __aeabi_memset8
20005054   __aeabi_stderr
2000504c   __aeabi_stdin
20005050   __aeabi_stdout
00004185   __aeabi_uldivmod
ffffffff   __binit__
ffffffff   __c_args__
0000712b   __cxa_atexit
000070e5   __cxa_finalize
00007125   __cxa_ia64_exit
20005098   __stack
0000bd0d   __xdc__init
200049bc   __xdc__init__addr
0000b6a1   _args_main
00009ce9   _c_int00
0000d394   _ctypes_
200049c0   _ftable
20005068   _lock
0000b87b   _nop
0000b873   _register_lock
0000b86d   _register_unlock
2000506c   _unlock
0000a43d   abort
000030d7   add_device
000067a5   asin
000079d1   atan2f
0000712f   atexit
0000a0d5   atoi
ffffffff   binit
200042b8   callbackHwi
200042d4   callbackHwi2
00003085   close
20004f10   controlData
0000a3f5   copy_in
20005095   currentRXChannel
0000a445   exit
000089b7   fclose
0000ac35   feraiseexcept
00007eed   fflush
00004667   fopen
0000877d   fputc
000062e9   fputs
0000b689   free
0000463d   freopen
000098c9   fseek
0000d718   gpioHWAttrs
0000d9e0   i2cTivaHWAttrs
0000bd19   logf
00003061   lseek
00009c8d   ltoa
000071d9   main
2000508c   main_func_sp
0000aeb1   malloc
0000b519   memccpy
0000b7f1   memchr
00008819   memcpy
0000925f   memset
0000b5c1   motorsDisable
00005e01   motors_init
000078f9   motors_out
00002fb3   open
00002741   powf
000093bd   printf
00008801   putc
00008805   putchar
000063f5   puts
0000af0d   raise
00002f8f   read
00002f05   remove
00002f67   remove_device
00002f29   rename
00007745   setvbuf
0000a6d5   signal
00009a55   sprintf
00005a3d   sqrt
0000b807   strchr
0000b6d1   strcmp
0000b9db   strcpy
0000b881   strlen
0000ad35   strncpy
0000d68c   ti_catalog_arm_cortexm4_tiva_ce_Boot_A_mustUseEnhancedClockMode__C
0000dcc0   ti_catalog_arm_cortexm4_tiva_ce_Boot_Module__diagsEnabled__C
0000dcc4   ti_catalog_arm_cortexm4_tiva_ce_Boot_Module__diagsIncluded__C
0000dcc8   ti_catalog_arm_cortexm4_tiva_ce_Boot_Module__diagsMask__C
0000d56e   ti_catalog_arm_cortexm4_tiva_ce_Boot_Module__id__C
0000bb6d   ti_catalog_arm_cortexm4_tiva_ce_Boot_init__I
000069d1   ti_catalog_arm_cortexm4_tiva_ce_Boot_sysCtlClockSetI__I
000089e9   ti_catalog_arm_cortexm4_tiva_ce_Boot_sysCtlClockSet__E
0000bd1f   ti_catalog_arm_cortexm4_tiva_ce_Boot_sysCtlDelayI__I
[...]
0000b6e9   ti_sysbios_family_arm_lm4_Timer_Module__startupDone__S
0000b701   ti_sysbios_family_arm_m3_Hwi_Handle__label__S
0000b719   ti_sysbios_family_arm_m3_Hwi_Module__startupDone__F
0000b719   ti_sysbios_family_arm_m3_Hwi_Module__startupDone__S
0000b731   ti_sysbios_family_arm_m3_TaskSupport_swap__E
0000b731   ti_sysbios_knl_Task_SupportProxy_swap__E
0000b73d   ti_sysbios_knl_Task_swapReturn
0000b749   ti_sysbios_gates_GateHwi_Handle__label__S
0000b761   ti_sysbios_gates_GateMutex_Handle__label__S
0000b779   ti_sysbios_gates_GateMutex_leave__E
0000b791   ti_sysbios_hal_Timer_Module__startupDone__F
0000b791   ti_sysbios_hal_Timer_Module__startupDone__S
0000b7a9   ti_sysbios_heaps_HeapMem_Handle__label__S
0000b7c1   ti_sysbios_knl_Task_Handle__label__S
0000b7d9   xdc_runtime_Text_ropeText__E
0000b7d9   xdc_runtime_Text_ropeText__F
0000b7f1   memchr
0000b807   strchr
0000b81d   GPIO_clearInt
0000b831   SysCtlPWMClockSet
0000b845   UARTEnable
0000b859   UARTUtils_systemReady
0000b86d   _register_unlock
0000b873   _register_lock
0000b87b   _nop
0000b881   strlen
0000b895   ti_sysbios_family_arm_m3_Hwi_switchFromBootStack__E
0000b895   ti_sysbios_hal_Hwi_HwiProxy_switchFromBootStack__E
0000b895   ti_sysbios_hal_Hwi_switchFromBootStack__E
0000b8a9   ti_sysbios_heaps_HeapMem_Object__get__S
0000b8bd   xdc_runtime_System_abort__E
0000b8bd   xdc_runtime_System_abort__F
0000b8d1   GPIOPinTypeADC
0000b8e3   GPIOPinTypeGPIOInput
0000b8f5   GPIOPinTypeI2C
0000b907   GPIOPinTypeI2CSCL
0000b919   GPIOPinTypePWM
0000b92b   GPIOPinTypeUART
0000b93d   PWMOutputState
0000b94f   UARTUtils_devicelseek
0000b961   __TI_zero_init
0000b973   _Dclass
0000b985   ti_sysbios_hal_Hwi_Module_startup__E
0000b985   ti_sysbios_hal_Hwi_Module_startup__F
0000b997   ti_sysbios_hal_Timer_Module_startup__E
0000b997   ti_sysbios_hal_Timer_Module_startup__F
0000b9a9   xdc_runtime_Startup_exec__I
0000b9bb   PWMGenPeriodSet
0000b9cb   UARTUtils_devicerename
0000b9db   strcpy
0000b9ed   ti_sysbios_BIOS_getCpuFreq__E
0000b9fd   ti_sysbios_BIOS_setThreadType__E
0000ba0d   ti_sysbios_BIOS_start__E
0000ba1d   ti_sysbios_family_arm_m3_Hwi_excHandler__I
0000ba2d   ti_sysbios_family_arm_m3_TaskSupport_glue
0000ba3d   ti_sysbios_gates_GateMutex_Instance_finalize__F
0000ba4d   ti_sysbios_knl_Semaphore_Instance_finalize__F
0000ba5d   ti_sysbios_knl_Task_Object__get__S
0000ba6d   ti_sysbios_knl_Task_disable__E
0000ba7d   xdc_runtime_Gate_leaveSystem__E
0000ba7d   xdc_runtime_Gate_leaveSystem__F
0000ba8d   xdc_runtime_Memory_free__E
0000ba8d   xdc_runtime_Memory_free__F
0000ba9d   xdc_runtime_SysCallback_abort__E
0000ba9d   xdc_runtime_SysCallback_abort__F
0000ba9d   xdc_runtime_System_SupportProxy_abort__E
0000baad   xdc_runtime_SysCallback_exit__E
0000baad   xdc_runtime_SysCallback_exit__F
0000baad   xdc_runtime_System_SupportProxy_exit__E
0000babd   xdc_runtime_SysCallback_flush__E
0000babd   xdc_runtime_SysCallback_flush__F
0000babd   xdc_runtime_System_SupportProxy_flush__E
0000babd   xdc_runtime_System_flush__E
0000babd   xdc_runtime_System_flush__F
0000bacd   xdc_runtime_SysCallback_putch__E
0000bacd   xdc_runtime_SysCallback_putch__F
0000bacd   xdc_runtime_System_SupportProxy_putch__E
0000badd   xdc_runtime_SysCallback_ready__E
0000badd   xdc_runtime_SysCallback_ready__F
0000badd   xdc_runtime_System_SupportProxy_ready__E
0000baed   xdc_runtime_System_vsnprintf__F
0000bafd   ADCSequenceEnable
0000bb0b   GPIOIntDisable
0000bb19   GPIOIntStatus
0000bb27   UARTCharGetNonBlocking
0000bb35   UARTCharPutNonBlocking
0000bb43   UARTUtils_deviceunlink
0000bb51   __TI_decompress_none
0000bb5f   ti_sysbios_knl_Queue_empty__E
0000bb6d   ti_catalog_arm_cortexm4_tiva_ce_Boot_init__I
0000bb79   GPIOIntEnable
0000bb85   PWMGenEnable
0000bb91   ti_sysbios_family_arm_lm4_Timer_masterDisable__I
0000bb9d   ti_sysbios_family_arm_m3_Hwi_Params__init__S
0000bba9   ti_sysbios_family_arm_m3_Hwi_disableFxn__E
0000bba9   ti_sysbios_hal_Hwi_HwiProxy_disable__E
0000bba9   ti_sysbios_hal_Hwi_disable__E
0000bbb5   ti_sysbios_gates_GateHwi_enter__E
0000bbc1   ti_sysbios_knl_Clock_getTicks__E
0000bbcd   ti_sysbios_knl_Queue_Object__get__S
0000bbd9   ti_sysbios_knl_Semaphore_Params__init__S
0000bbe5   xdc_runtime_Error_init__E
0000bbe5   xdc_runtime_Error_init__F
0000bbf1   xdc_runtime_Gate_enterSystem__E
0000bbf1   xdc_runtime_Gate_enterSystem__F
0000bbfd   xdc_runtime_Memory_calloc__E
0000bbfd   xdc_runtime_Memory_calloc__F
0000bc09   xdc_runtime_Memory_getMaxDefaultTypeAlign__E
0000bc09   xdc_runtime_Memory_getMaxDefaultTypeAlign__F
0000bc15   xdc_runtime_System_exit__E
0000bc15   xdc_runtime_System_exit__F
0000bc21   xdc_runtime_System_lastFxn__I
0000bc2d   ADCIntClear
0000bc37   I2CMasterEnable
0000bc41   UARTCharGet
0000bc4b   UARTCharPut
0000bc55   UARTIntDisable
0000bc5f   UARTIntStatus
0000bc69   UART_close
0000bc73   UART_read
0000bc7d   UART_write
0000bc87   UART_writePolling
0000bca5   xdc_runtime_Text_visitRope__I
0000bcaf   I2CMasterBusy
0000bcb7   I2CMasterSlaveAddrSet
0000bcbf   UARTIntEnable
0000bcd7   ti_sysbios_family_arm_m3_Hwi_startup__E
0000bcd7   ti_sysbios_hal_Hwi_HwiProxy_startup__E
0000bcd7   ti_sysbios_hal_Hwi_startup__E
0000bcdf   ti_sysbios_knl_Idle_loop__E
0000bcef   GPIOIntClear
0000bcf5   GPIOPinRead
0000bcfb   GPIOPinWrite
0000bd01   SysCtlDelay
0000bd07   UARTFIFOLevelSet
0000bd0d   __xdc__init
0000bd13   __TI_decompress_rle24
0000bd19   logf
0000bd1f   ti_catalog_arm_cortexm4_tiva_ce_Boot_sysCtlDelayI__I
0000bd25   ti_sysbios_family_arm_m3_Hwi_restoreFxn__E
0000bd25   ti_sysbios_hal_Hwi_HwiProxy_restore__E
0000bd25   ti_sysbios_hal_Hwi_restore__E
0000bd2b   ti_sysbios_gates_GateHwi_leave__E
0000bd31   ti_sysbios_heaps_HeapMem_isBlocking__E
0000bd37   ti_sysbios_knl_Queue_Instance_init__F
0000bd3d   ti_sysbios_knl_Swi_Module_startup__E
0000bd3d   ti_sysbios_knl_Swi_Module_startup__F
0000bd43   xdc_runtime_System_Module_startup__E
0000bd43   xdc_runtime_System_Module_startup__F
0000bd49   I2CMasterControl
0000bd4d   I2CMasterDataGet
0000bd51   I2CMasterDataPut
0000bd55   UARTIntClear
0000bd59   ti_sysbios_BIOS_RtsGateProxy_enter__E
0000bd5d   ti_sysbios_BIOS_RtsGateProxy_leave__E
0000bd61   ti_sysbios_family_arm_lm4_Timer_getPeriod__E
0000bd65   ti_sysbios_family_arm_lm4_Timer_masterEnable__I
0000bd69   ti_sysbios_family_arm_m3_TaskSupport_Module__startupDone__S
0000bd6d   ti_sysbios_gates_GateHwi_query__E
0000bd6d   ti_sysbios_gates_GateHwi_query__F
0000bd6d   xdc_runtime_Main_Module_GateProxy_query__E
0000bd6d   xdc_runtime_System_Module_GateProxy_query__E
0000bd71   ti_sysbios_BIOS_RtsGateProxy_query__E
0000bd71   ti_sysbios_gates_GateMutex_query__E
0000bd71   ti_sysbios_gates_GateMutex_query__F
0000bd71   ti_sysbios_heaps_HeapMem_Module_GateProxy_query__E
0000bd75   ti_sysbios_hal_Hwi_HwiProxy_Module__startupDone__S
0000bd79   ti_sysbios_hal_Timer_TimerProxy_Module__startupDone__S
0000bd7d   ti_sysbios_hal_Timer_TimerProxy_getPeriod__E
0000bd81   ti_sysbios_heaps_HeapMem_Module_GateProxy_enter__E
0000bd85   ti_sysbios_heaps_HeapMem_Module_GateProxy_leave__E
0000bd89   ti_sysbios_knl_Task_SupportProxy_Module__startupDone__S
0000bd8d   ti_sysbios_knl_Task_startup__E
0000bd91   xdc_runtime_Error_getSite__E
0000bd91   xdc_runtime_Error_getSite__F
0000bd95   xdc_runtime_Memory_HeapProxy_alloc__E
0000bd99   xdc_runtime_Memory_HeapProxy_free__E
0000bd9d   xdc_runtime_System_Module_GateProxy_enter__E
0000bda1   xdc_runtime_System_Module_GateProxy_leave__E
0000bda5   xdc_runtime_System_aprintf_va__F
0000bda9   xdc_runtime_System_printf_va__F
0000bdad   xdc_runtime_System_vsnprintf__E
0000bdb0   xdc_runtime_Text_charTab__A
0000d394   _ctypes_
0000d496   ti_sysbios_family_arm_m3_Hwi_priorities__A
0000d56e   ti_catalog_arm_cortexm4_tiva_ce_Boot_Module__id__C
0000d68a   ti_sysbios_BIOS_Module__id__C
0000d68c   ti_catalog_arm_cortexm4_tiva_ce_Boot_A_mustUseEnhancedClockMode__C
0000d718   gpioHWAttrs
0000d8f8   GPIO_config
0000d928   UART_config
0000d958   ti_sysbios_family_arm_m3_Hwi_Object__PARAMS__C
0000d988   EK_TM4C123GXL_gpioPortACallbacks
0000d9b4   EK_TM4C123GXL_gpioPortFCallbacks
0000d9e0   i2cTivaHWAttrs
0000d9f0   uartTivaHWAttrs
0000da30   ti_sysbios_heaps_HeapMem_Module__FXNS__C
0000da58   UARTTiva_fxnTable
0000da7c   ti_sysbios_gates_GateHwi_Module__FXNS__C
0000daa0   ti_sysbios_gates_GateMutex_Module__FXNS__C
0000dac4   ti_sysbios_heaps_HeapMem_Object__PARAMS__C
0000dae8   ti_sysbios_knl_Semaphore_Object__PARAMS__C
0000db0c   ti_sysbios_family_arm_m3_Hwi_Object__DESC__C
0000db2c   ti_sysbios_gates_GateHwi_Object__DESC__C
0000db4c   ti_sysbios_gates_GateMutex_Object__DESC__C
0000db6c   ti_sysbios_heaps_HeapMem_Object__DESC__C
0000db8c   ti_sysbios_knl_Queue_Object__DESC__C
0000dbac   ti_sysbios_knl_Semaphore_Object__DESC__C
0000dbcc   xdc_runtime_Startup_sfxnTab__A
0000dc08   ti_sysbios_gates_GateHwi_Object__PARAMS__C
0000dc20   ti_sysbios_gates_GateMutex_Object__PARAMS__C
0000dc38   ti_sysbios_knl_Queue_Object__PARAMS__C
0000dc50   xdc_runtime_Startup_firstFxns__A
0000dc75   xdc_runtime_Error_policy__C
0000dc76   xdc_runtime_Startup_sfxnRts__A
0000dc86   xdc_runtime_Text_nodeTab__A
0000dc96   ti_sysbios_family_arm_m3_Hwi_Module__id__C
0000dc98   ti_sysbios_family_arm_m3_Hwi_excHookFuncs__A
0000dca0   ti_sysbios_knl_Idle_coreList__C
0000dca8   ti_sysbios_knl_Idle_funcList__C
0000dcb0   xdc_runtime_Startup_firstFxns__C
0000dcb8   xdc_runtime_Startup_lastFxns__C
0000dcc0   ti_catalog_arm_cortexm4_tiva_ce_Boot_Module__diagsEnabled__C
0000dcc4   ti_catalog_arm_cortexm4_tiva_ce_Boot_Module__diagsIncluded__C
0000dcc8   ti_catalog_arm_cortexm4_tiva_ce_Boot_Module__diagsMask__C
0000dccc   ti_sysbios_BIOS_Module__diagsEnabled__C
0000dcd0   ti_sysbios_BIOS_Module__diagsIncluded__C
0000dcd4   ti_sysbios_BIOS_Module__diagsMask__C
0000dcd8   ti_sysbios_BIOS_installedErrorHook__C
0000dcdc   ti_sysbios_family_arm_lm4_Timer_enableFunc__C
0000dce0   ti_sysbios_family_arm_lm4_Timer_numTimerDevices__C
0000dce4   ti_sysbios_family_arm_lm4_Timer_startupNeeded__C
0000dce8   ti_sysbios_family_arm_m3_Hwi_E_NMI__C
0000dcec   ti_sysbios_family_arm_m3_Hwi_E_alreadyDefined__C
0000dcf0   ti_sysbios_family_arm_m3_Hwi_E_busFault__C
0000dcf4   ti_sysbios_family_arm_m3_Hwi_E_debugMon__C
0000dcf8   ti_sysbios_family_arm_m3_Hwi_E_hardFault__C
0000dcfc   ti_sysbios_family_arm_m3_Hwi_E_memFault__C
0000dd00   ti_sysbios_family_arm_m3_Hwi_E_noIsr__C
0000dd04   ti_sysbios_family_arm_m3_Hwi_E_reserved__C
0000dd08   ti_sysbios_family_arm_m3_Hwi_E_svCall__C
0000dd0c   ti_sysbios_family_arm_m3_Hwi_E_usageFault__C
0000dd10   ti_sysbios_family_arm_m3_Hwi_NUM_INTERRUPTS__C
0000dd14   ti_sysbios_family_arm_m3_Hwi_ccr__C
0000dd18   ti_sysbios_family_arm_m3_Hwi_dispatchTable__C
0000dd1c   ti_sysbios_family_arm_m3_Hwi_excHandlerFunc__C
0000dd20   ti_sysbios_family_arm_m3_Hwi_excHookFuncs__C
0000dd24   ti_sysbios_family_arm_m3_Hwi_priGroup__C
0000dd28   ti_sysbios_family_arm_m3_Hwi_priorities__C
0000dd2c   ti_sysbios_gates_GateMutex_A_badContext__C
0000dd30   ti_sysbios_gates_GateMutex_Instance_State_sem__O
0000dd34   ti_sysbios_gates_GateMutex_Module__diagsEnabled__C
0000dd38   ti_sysbios_gates_GateMutex_Module__diagsIncluded__C
0000dd3c   ti_sysbios_gates_GateMutex_Module__diagsMask__C
0000dd40   ti_sysbios_heaps_HeapMem_A_align__C
0000dd44   ti_sysbios_heaps_HeapMem_A_heapSize__C
0000dd48   ti_sysbios_heaps_HeapMem_A_invalidFree__C
0000dd4c   ti_sysbios_heaps_HeapMem_A_zeroBlock__C
0000dd50   ti_sysbios_heaps_HeapMem_E_memory__C
0000dd54   ti_sysbios_heaps_HeapMem_Module__diagsEnabled__C
0000dd58   ti_sysbios_heaps_HeapMem_Module__diagsIncluded__C
0000dd5c   ti_sysbios_heaps_HeapMem_Module__diagsMask__C
0000dd60   ti_sysbios_heaps_HeapMem_Module__gateObj__C
0000dd64   ti_sysbios_heaps_HeapMem_Object__count__C
0000dd68   ti_sysbios_heaps_HeapMem_reqAlign__C
0000dd6c   ti_sysbios_knl_Clock_Module_State_clockQ__O
0000dd70   ti_sysbios_knl_Semaphore_A_badContext__C
0000dd74   ti_sysbios_knl_Semaphore_A_noEvents__C
0000dd78   ti_sysbios_knl_Semaphore_A_overflow__C
0000dd7c   ti_sysbios_knl_Semaphore_A_pendTaskDisabled__C
0000dd80   ti_sysbios_knl_Semaphore_Instance_State_pendQ__O
0000dd84   ti_sysbios_knl_Semaphore_Module__diagsEnabled__C
0000dd88   ti_sysbios_knl_Semaphore_Module__diagsIncluded__C
0000dd8c   ti_sysbios_knl_Semaphore_Module__diagsMask__C
0000dd90   ti_sysbios_knl_Task_A_badTimeout__C
0000dd94   ti_sysbios_knl_Task_A_sleepTaskDisabled__C
0000dd98   ti_sysbios_knl_Task_Module_State_inactiveQ__O
0000dd9c   ti_sysbios_knl_Task_Module__diagsEnabled__C
0000dda0   ti_sysbios_knl_Task_Module__diagsIncluded__C
0000dda4   ti_sysbios_knl_Task_Module__diagsMask__C
0000dda8   ti_sysbios_knl_Task_Object__count__C
0000ddac   ti_sysbios_knl_Task_allBlockedFunc__C
0000ddb0   ti_sysbios_knl_Task_numConstructedTasks__C
0000ddb4   xdc_runtime_Assert_E_assertFailed__C
0000ddb8   xdc_runtime_Core_A_initializedParams__C
0000ddbc   xdc_runtime_Core_Module__diagsEnabled__C
0000ddc0   xdc_runtime_Core_Module__diagsIncluded__C
0000ddc4   xdc_runtime_Core_Module__diagsMask__C
0000ddc8   xdc_runtime_Error_E_memory__C
0000ddcc   xdc_runtime_Error_Module__diagsEnabled__C
0000ddd0   xdc_runtime_Error_Module__diagsIncluded__C
0000ddd4   xdc_runtime_Error_Module__diagsMask__C
0000ddd8   xdc_runtime_Error_Module__loggerFxn8__C
0000dddc   xdc_runtime_Error_Module__loggerObj__C
0000dde0   xdc_runtime_Error_raiseHook__C
0000dde4   xdc_runtime_IGateProvider_Interface__BASE__C
0000dde8   xdc_runtime_IHeap_Interface__BASE__C
0000ddec   xdc_runtime_IModule_Interface__BASE__C
0000ddf0   xdc_runtime_Log_L_error__C
0000ddf4   xdc_runtime_Main_Module__diagsEnabled__C
0000ddf8   xdc_runtime_Main_Module__diagsIncluded__C
0000ddfc   xdc_runtime_Main_Module__diagsMask__C
0000de00   xdc_runtime_Main_Module__loggerFxn2__C
0000de04   xdc_runtime_Main_Module__loggerObj__C
0000de08   xdc_runtime_Memory_defaultHeapInstance__C
0000de0c   xdc_runtime_Startup_execImpl__C
0000de10   xdc_runtime_Startup_lastFxns__A
0000de14   xdc_runtime_Startup_maxPasses__C
0000de18   xdc_runtime_Startup_sfxnRts__C
0000de1c   xdc_runtime_Startup_sfxnTab__C
0000de20   xdc_runtime_SysCallback_abortFxn__C
0000de24   xdc_runtime_SysCallback_exitFxn__C
0000de28   xdc_runtime_SysCallback_flushFxn__C
0000de2c   xdc_runtime_SysCallback_putchFxn__C
0000de30   xdc_runtime_SysCallback_readyFxn__C
0000de34   xdc_runtime_System_Module__gateObj__C
0000de38   xdc_runtime_System_extendFxn__C
0000de3c   xdc_runtime_System_maxAtexitHandlers__C
0000de40   xdc_runtime_Text_charTab__C
0000de44   xdc_runtime_Text_nameEmpty__C
0000de48   xdc_runtime_Text_nameStatic__C
0000de4c   xdc_runtime_Text_nameUnknown__C
0000de50   xdc_runtime_Text_nodeTab__C
0000de54   xdc_runtime_Text_visitRopeFxn__C
0000de58   ti_sysbios_gates_GateMutex_Module__id__C
0000de5a   ti_sysbios_heaps_HeapMem_Module__id__C
0000de5c   ti_sysbios_knl_Semaphore_Module__id__C
0000de5e   ti_sysbios_knl_Task_Module__id__C
0000de60   ti_sysbios_knl_Task_initStackFlag__C
0000de62   xdc_runtime_Core_Module__id__C
0000de64   xdc_runtime_Error_Module__loggerDefined__C
0000de66   xdc_runtime_Error_maxDepth__C
0000de68   xdc_runtime_Main_Module__id__C
0000de6a   xdc_runtime_Main_Module__loggerDefined__C
0000de6c   xdc_runtime_Memory_Module__id__C
0000de6e   xdc_runtime_Text_charCnt__C
0000de70   xdc_runtime_Text_isLoaded__C
0000de72   xdc_runtime_Text_registryModsLastId__C
0000de74   xdc_runtime_Text_unnamedModsLastId__C
0000e28c   __TI_Handler_Table_Base
0000e298   __TI_Handler_Table_Limit
0000e2a8   __TI_CINIT_Base
0000e2c0   __TI_CINIT_Limit
20000000   ti_sysbios_family_arm_m3_Hwi_ramVectors
20000360   ti_sysbios_knl_Task_Instance_State_0_stack__A
20000b60   ti_sysbios_knl_Task_Instance_State_1_stack__A
20001160   ti_sysbios_knl_Task_Instance_State_2_stack__A
20001960   ti_sysbios_knl_Task_Instance_State_3_stack__A
20002160   ti_sysbios_knl_Task_Instance_State_4_stack__A
20002960   ti_sysbios_knl_Task_Instance_State_5_stack__A
20003160   ti_sysbios_knl_Task_Instance_State_6_stack__A
20003960   ti_sysbios_heaps_HeapMem_Instance_State_0_buf__A
20003f60   uartTivaObjects
200040f8   __CIOBUF_
20004218   __TI_tmpnams
200042b8   callbackHwi
200042d4   callbackHwi2
200042f8   ui32Load
200042fc   ui32PWMClock
20004300   ti_sysbios_family_arm_m3_Hwi_Module_State_0_dispatchTable__A
20004660   ti_sysbios_knl_Task_Object__table__V
20004828   TSK_idle
20004874   ti_sysbios_BIOS_Module__state__V
20004894   ti_sysbios_family_arm_lm4_Timer_Module__root__V
2000489c   ti_sysbios_family_arm_lm4_Timer_Module_State_0_handles__A
200048b4   ti_sysbios_family_arm_lm4_Timer_Module__state__V
200048c0   ti_sysbios_family_arm_m3_Hwi_Module__root__V
200048c8   ti_sysbios_family_arm_m3_Hwi_Object__table__V
200048e0   ti_sysbios_family_arm_m3_Hwi_Module_State_0_excActive__A
200048e4   ti_sysbios_family_arm_m3_Hwi_Module_State_0_excContext__A
200048e8   ti_sysbios_family_arm_m3_Hwi_Module_State_0_excStack__A
200048ec   ti_sysbios_gates_GateHwi_Module__root__V
200048f4   ti_sysbios_gates_GateHwi_Object__table__V
200048f8   ti_sysbios_gates_GateMutex_Module__root__V
20004900   ti_sysbios_hal_Hwi_Module__root__V
20004908   ti_sysbios_hal_Timer_Module__root__V
20004910   ti_sysbios_hal_Timer_Object__table__V
20004918   ti_sysbios_heaps_HeapMem_Module__root__V
20004920   ti_sysbios_heaps_HeapMem_Object__table__V
20004938   ti_sysbios_knl_Clock_Module__root__V
20004940   ti_sysbios_knl_Queue_Module__root__V
20004948   ti_sysbios_knl_Semaphore_Module__root__V
20004950   ti_sysbios_knl_Swi_Module__root__V
20004958   ti_sysbios_knl_Swi_Module_State_0_readyQ__A
20004960   ti_sysbios_knl_Swi_Module__state__V
2000497c   ti_sysbios_knl_Task_Module__root__V
20004984   ti_sysbios_knl_Task_Module_State_0_idleTask__A
20004988   xdc_runtime_Error_Module__state__V
2000498c   xdc_runtime_Memory_Module__state__V
20004990   xdc_runtime_Registry_Module__state__V
20004998   xdc_runtime_Startup_Module__state__V
200049a0   xdc_runtime_System_Module_State_0_atexitHandlers__A
200049a8   xdc_runtime_System_Module__state__V
200049b4   xdc_runtime_Text_Module__state__V
200049bc   __xdc__init__addr
200049c0   _ftable
20004c30   _Denorm
20004c40   _Eps
20004c50   _Hugeval
20004c60   _Inf
20004c70   _Nan
20004c80   _Snan
20004c90   _Rteps
20004ca0   _Xbig
20004ca8   _Zero
20004cb0   TelemData
20004d20   _FDenorm
20004d30   _FEps
20004d40   _FInf
20004d50   _FNan
20004d60   _FSnan
20004d70   _FRteps
20004d80   _FXbig
20004d84   _FZero
20004d88   ti_sysbios_family_arm_m3_Hwi_Module__state__V
20004de4   ti_sysbios_knl_Task_Module__state__V
20004e28   Gyro_Memory
20004e64   RxData
20004ea0   ti_sysbios_family_arm_lm4_Timer_Object__table__V
20004ed8   ti_sysbios_gates_GateMutex_Object__table__V
20004f10   controlData
20004f74   ti_sysbios_family_arm_lm4_Timer_Module_State_0_device__A
20004fa4   ti_sysbios_knl_Task_Module_State_0_readyQ__A
20004fd4   ti_sysbios_knl_Clock_Module__state__V
20004ffc   IMUdata
20005020   Gyro_Offset
2000502c   Magn_Offset
20005038   State
20005048   __TI_ft_end
2000504c   __aeabi_stdin
20005050   __aeabi_stdout
20005054   __aeabi_stderr
20005068   _lock
2000506c   _unlock
20005070   __TI_cleanup_ptr
20005074   __TI_dtors_ptr
20005078   _Fenv
2000507c   _Tls_setup__Fenv
20005084   _Errno
2000508c   main_func_sp
20005094   RXChannelLock
20005095   currentRXChannel
20005098   __stack
20005198   __STACK_TOP
20005698   __STACK_END
e000e000   ti_sysbios_family_arm_m3_Hwi_nvic
ffffffff   __binit__
ffffffff   __c_args__
ffffffff   binit
UNDEFED    SHT$$INIT_ARRAY$$Base
UNDEFED    SHT$$INIT_ARRAY$$Limit

[788 symbols]
