******************************************************************************
                  TI ARM Linker PC v5.1.3                      
******************************************************************************
>> Linked Wed Jan 01 13:52:32 2014

OUTPUT FILE NAME:   <uartconsole_TivaTM4C123GH6PM.out>
ENTRY POINT SYMBOL: "_c_int00"  address: 0000baf5


MEMORY CONFIGURATION

         name            origin    length      used     unused   attr    fill
----------------------  --------  ---------  --------  --------  ----  --------
  FLASH                 00000000   00040000  00011eea  0002e116  R  X
  SRAM                  20000000   00008000  00003f81  0000407f  RW X


SEGMENT ALLOCATION MAP

run origin  load origin   length   init length attrs members
----------  ----------- ---------- ----------- ----- -------
00000000    00000000    00011ef0   00011ef0    r-x
  00000000    00000000    00000360   00000360    r-- .resetVecs
  00000360    00000360    0000e9c0   0000e9c0    r-x .text
  0000ed20    0000ed20    00002d1a   00002d1a    r-- .const
  00011a40    00011a40    000004b0   000004b0    r-- .cinit
20000000    20000000    00003f84   00000000    rw-
  20000000    20000000    00000360   00000000    rw- .vecs
  20000360    20000360    00002c8d   00000000    rw- .bss
  20002ff0    20002ff0    00000c94   00000000    rw- .data
  20003c84    20003c84    00000300   00000000    rw- .stack


SECTION ALLOCATION MAP

 output                                  attributes/
section   page    origin      length       input sections
--------  ----  ----------  ----------   ----------------
.bootVecs 
*          0    00000000    00000008     DSECT
                  00000000    00000008     boot.aem4f : boot.oem4f (.bootVecs)

.resetVecs 
*          0    00000000    00000360     
                  00000000    00000360     uartconsole_pem4f.oem4f (.resetVecs)

xdc.meta   0    00000000    000000fa     COPY SECTION
                  00000000    000000fa     uartconsole_pem4f.oem4f (xdc.meta)

.text      0    00000360    0000e9c0     
                  00000360    00000ec0     rtsv7M4_T_le_v4SPD16_eabi.lib : _printfi.obj (.text)
                  00001220    00000804     quaternion.obj (.text:Update_State)
                  00001a24    0000047c     uart_tivaware.aem4f : UARTTiva.oem4f (.text:UARTTiva_hwiIntFxn)
                  00001ea0    0000042c     sysbios.aem4f : BIOS.obj (.text:ti_sysbios_family_arm_m3_Hwi_excDumpRegs__I)
                  000022cc    00000368     uart_tivaware.aem4f : UARTTiva.oem4f (.text:UARTTiva_write)
                  00002634    00000344     ti.targets.arm.rtsarm.aem4f : System.oem4f (.text:xdc_runtime_System_doPrint__I)
                  00002978    00000334     uart_tivaware.aem4f : UARTTiva.oem4f (.text:UARTTiva_open)
                  00002cac    00000310     rtsv7M4_T_le_v4SPD16_eabi.lib : lowlev.obj (.text)
                  00002fbc    000002d8     sysbios.aem4f : BIOS.obj (.text:ti_sysbios_knl_Semaphore_pend__E)
                  00003294    000002d4     rtsv7M4_T_le_v4SPD16_eabi.lib : trgdrv.obj (.text)
                  00003568    00000248     sysbios.aem4f : BIOS.obj (.text:ti_sysbios_heaps_HeapMem_free__E)
                  000037b0    00000234                   : BIOS.obj (.text:ti_sysbios_heaps_HeapMem_alloc__E)
                  000039e4    00000230                   : BIOS.obj (.text:ti_sysbios_family_arm_lm4_Timer_start__E)
                  00003c14    00000200                   : BIOS.obj (.text:ti_sysbios_family_arm_m3_Hwi_excHandlerMax__I)
                  00003e14    000001f4     uart_tivaware.aem4f : UARTTiva.oem4f (.text:UARTTiva_read)
                  00004008    000001f4     rtsv7M4_T_le_v4SPD16_eabi.lib : ull_div_t2.obj (.text)
                  000041fc    000001d4     sysbios.aem4f : BIOS.obj (.text:ti_sysbios_knl_Task_sleep__E)
                  000043d0    000001c4     ti.uia.sysbios.aem4f : LoggerIdle.oem4f (.text:ti_uia_sysbios_LoggerIdle_write1__E)
                  00004594    000001c0     rtsv7M4_T_le_v4SPD16_eabi.lib : fopen.obj (.text)
                  00004754    000001b8     uartconsole.obj (.text:consoleFxn)
                  0000490c    000001b6     rtsv7M4_T_le_v4SPD16_eabi.lib : fd_add_t2.obj (.text)
                  00004ac2    00000002     usblib.lib : usbdma.obj (.text:iDMAUSBArbSizeSet)
                  00004ac4    000001b0     ti.uia.sysbios.aem4f : LoggerIdle.oem4f (.text:ti_uia_sysbios_LoggerIdle_write0__E)
                  00004c74    0000018c                          : LoggerIdle.oem4f (.text:writeStart)
                  00004e00    00000170     usblib.lib : usbdma.obj (.text:USBLibDMAInit)
                  00004f70    00000168     uart_tivaware.aem4f : UARTTiva.oem4f (.text:UARTTiva_readPolling)
                  000050d8    00000168     sysbios.aem4f : BIOS.obj (.text:ti_sysbios_family_arm_m3_Hwi_excBusFault__I)
                  00005240    00000160     uart_tivaware.aem4f : UARTTiva.oem4f (.text:readData)
                  000053a0    0000015c                         : UARTTiva.oem4f (.text:UARTTiva_writePolling)
                  000054fc    0000015c     usblib.lib : usbdenum.obj (.text:USBDEP0StateTxConfig)
                  00005658    00000154     sysbios.aem4f : BIOS.obj (.text:ti_sysbios_family_arm_m3_Hwi_excUsageFault__I)
                  000057ac    00000150     usblib.lib : usbdenum.obj (.text:USBDeviceIntHandlerInternal)
                  000058fc    00000148                : usbdenum.obj (.text:USBDCDInit)
                  00005a44    00000148     rtsv7M4_T_le_v4SPD16_eabi.lib : sqrt.obj (.text)
                  00005b8c    00000144     sysbios.aem4f : BIOS.obj (.text:ti_sysbios_knl_Semaphore_post__E)
                  00005cd0    00000140     usblib.lib : usbdconfig.obj (.text:USBDeviceConfig)
                  00005e10    00000140     sysbios.aem4f : BIOS.obj (.text:ti_sysbios_family_arm_m3_Hwi_excMemFault__I)
                  00005f50    0000013c     sensors.obj (.text:Filter_Data)
                  0000608c    0000013c     sensors.obj (.text:Read_Gyro)
                  000061c8    0000013c     ti.targets.arm.rtsarm.aem4f : Error.oem4f (.text:xdc_runtime_Error_raiseX__F)
                  00006304    00000138     sysbios.aem4f : BIOS.obj (.text:ti_sysbios_heaps_HeapMem_Instance_init__F)
                  0000643c    00000136     rtsv7M4_T_le_v4SPD16_eabi.lib : fd_div_t2.obj (.text)
                  00006572    00000002     usblib.lib : usbdma.obj (.text:iDMAUSBUnitSizeSet)
                  00006574    00000134     rtsv7M4_T_le_v4SPD16_eabi.lib : fputs.obj (.text)
                  000066a8    00000134     sysbios.aem4f : m3_Hwi_asm.obj (.text:ti_sysbios_family_arm_m3_Hwi_dispatch__I)
                  000067dc    00000130     driverlib.lib : gpio.obj (.text:GPIOPadConfigSet)
                  0000690c    0000012c     sysbios.aem4f : BIOS.obj (.text:ti_sysbios_family_arm_lm4_TimestampProvider_get64__E)
                  00006a38    0000012c                   : BIOS.obj (.text:ti_sysbios_knl_Clock_workFunc__E)
                  00006b64    00000124     sensors.obj (.text:Calib_Gyro)
                  00006c88    00000120     sysbios.aem4f : BIOS.obj (.text:ti_sysbios_family_arm_m3_Hwi_dispatchC__I)
                  00006da8    00000120                   : BIOS.obj (.text:ti_sysbios_utils_Load_logLoads__I)
                  00006ec8    0000011c     i2c_tivaware.aem4f : I2CTiva.oem4f (.text:I2CTiva_open)
                  00006fe4    00000118     uartconsole_pem4f.oem4f (.text:xdc_runtime_System_printfExtend__I)
                  000070fc    00000110     rtsv7M4_T_le_v4SPD16_eabi.lib : xdscale.obj (.text)
                  0000720c    00000110     sysbios.aem4f : BIOS.obj (.text:ti_sysbios_utils_Load_updateThreadContexts__E)
                  0000731c    0000010c     Boot.aem4f : Boot_sysctl.oem4f (.text:ti_catalog_arm_cortexm4_tiva_ce_Boot_sysCtlClockSetI__I)
                  00007428    0000010c     sysbios.aem4f : BIOS.obj (.text:ti_sysbios_knl_Task_exit__E)
                  00007534    00000108     UARTUtils.obj (.text:openHandle)
                  0000763c    00000104     ti.targets.arm.rtsarm.aem4f : Core-mem.oem4f (.text:xdc_runtime_Core_createObject__I)
                  00007740    000000fc     rtsv7M4_T_le_v4SPD16_eabi.lib : fd_mul_t2.obj (.text)
                  0000783c    000000fc     sysbios.aem4f : BIOS.obj (.text:ti_sysbios_knl_Task_schedule__I)
                  00007938    000000f8                   : BIOS.obj (.text:ti_sysbios_knl_Task_startCore__E)
                  00007a30    000000f8     ti.targets.arm.rtsarm.aem4f : Startup.oem4f (.text:xdc_runtime_Startup_startMods__I)
                  00007b28    000000f4     gpio_tivaware.aem4f : GPIO.oem4f (.text:GPIO_toggle)
                  00007c1c    000000f4     uartconsole.obj (.text:main)
                  00007d10    000000f4     rtsv7M4_T_le_v4SPD16_eabi.lib : dtor_list.obj (.text)
                  00007e04    000000f4     sysbios.aem4f : BIOS.obj (.text:ti_sysbios_knl_Task_postInit__I)
                  00007ef8    000000ea     usblib.lib : usbdma.obj (.text:iDMAUSBTransfer)
                  00007fe2    00000002     sysbios.aem4f : BIOS.obj (.text:ti_sysbios_BIOS_nullFunc__I)
                  00007fe4    000000e8     gpio_tivaware.aem4f : GPIO.oem4f (.text:GPIO_write)
                  000080cc    000000e8     sysbios.aem4f : BIOS.obj (.text:ti_sysbios_family_arm_m3_Hwi_initNVIC__E)
                  000081b4    000000e4     sensors.obj (.text:Calib_Accel)
                  00008298    000000e4     usblib.lib : usbdenum.obj (.text:USBDGetDescriptor)
                  0000837c    000000dc     rtsv7M4_T_le_v4SPD16_eabi.lib : setvbuf.obj (.text)
                  00008458    000000d8     usblib.lib : usbdenum.obj (.text:USBDeviceEnumHandler)
                  00008530    000000d4                : usbdcdc.obj (.text:HandleRequests)
                  00008604    000000d4     i2c_tivaware.aem4f : I2CTiva.oem4f (.text:I2CTiva_hwiFxn)
                  000086d8    000000c8     driverlib.lib : sysctl.obj (.text:SysCtlClockGet)
                  000087a0    000000c4     rtsv7M4_T_le_v4SPD16_eabi.lib : xdnorm.obj (.text)
                  00008864    000000c0     uart_tivaware.aem4f : UARTTiva.oem4f (.text:UARTTiva_writeCancel)
                  00008924    000000c0     rtsv7M4_T_le_v4SPD16_eabi.lib : fflush.obj (.text)
                  000089e4    000000c0     usblib.lib : usbdma.obj (.text:uDMAUSBChannelAllocate)
                  00008aa4    000000bc     uart_tivaware.aem4f : UARTTiva.oem4f (.text:UARTTiva_readCancel)
                  00008b60    000000bc     sysbios.aem4f : BIOS.obj (.text:ti_sysbios_knl_Task_unblockI__E)
                  00008c1c    000000ba     usblib.lib : usbdma.obj (.text:uDMAUSBTransfer)
                  00008cd6    00000002     sysbios.aem4f : BIOS.obj (.text:ti_sysbios_family_arm_m3_Hwi_doSwiRestore__I)
                  00008cd8    000000b8                   : BIOS.obj (.text:ti_sysbios_family_arm_lm4_TimestampProvider_get32__E)
                  00008d90    000000b4                   : BIOS.obj (.text:ti_sysbios_family_arm_m3_Hwi_excHardFault__I)
                  00008e44    000000b4                   : BIOS.obj (.text:ti_sysbios_gates_GateMutex_enter__E)
                  00008ef8    000000b2     usblib.lib : usbbuffer.obj (.text:HandleRxAvailable)
                  00008faa    00000002     sysbios.aem4f : BIOS.obj (.text:ti_sysbios_gates_GateHwi_Instance_init__F)
                  00008fac    000000b0                   : BIOS.obj (.text:ti_sysbios_family_arm_m3_Hwi_excDebugMon__I)
                  0000905c    000000b0                   : BIOS.obj (.text:ti_sysbios_utils_Load_idleFxn__E)
                  0000910c    000000b0                   : BIOS.obj (.text:ti_sysbios_utils_Load_updateLoads__E)
                  000091bc    000000ac     rtsv7M4_T_le_v4SPD16_eabi.lib : _io_perm.obj (.text)
                  00009268    000000ac     sysbios.aem4f : BIOS.obj (.text:ti_sysbios_family_arm_lm4_Timer_enableTiva__I)
                  00009314    000000a8     usblib.lib : usbdcdc.obj (.text:HandleDevice)
                  000093bc    000000a8     sysbios.aem4f : BIOS.obj (.text:ti_sysbios_knl_Semaphore_Instance_init__F)
                  00009464    000000a8                   : BIOS.obj (.text:ti_sysbios_knl_Task_blockI__E)
                  0000950c    000000a4                   : BIOS.obj (.text:ti_sysbios_family_arm_lm4_Timer_enableTimers__I)
                  000095b0    000000a4                   : BIOS.obj (.text:ti_sysbios_family_arm_m3_Hwi_Module_startup__F)
                  00009654    000000a0     uart_tivaware.aem4f : UARTTiva.oem4f (.text:UARTTiva_close)
                  000096f4    000000a0     USBCDCD_LoggerIdle.obj (.text:USBCDCD_init)
                  00009794    000000a0     usblib.lib : usbdcdc.obj (.text:USBDCDCCompositeInit)
                  00009834    000000a0     auto_init.aem4f : auto_init.oem4f (.text)
                  000098d4    0000009c     USBCDCD_LoggerIdle.obj (.text:cbSerialHandler)
                  00009970    0000009c     rtsv7M4_T_le_v4SPD16_eabi.lib : fputc.obj (.text)
                  00009a0c    0000009c                                   : memcpy_t2.obj (.text)
                  00009aa8    0000009a     usblib.lib : usbbuffer.obj (.text:ScheduleNextTransmission)
                  00009b42    00000002     ti.uia.sysbios.aem4f : LoggerIdle.oem4f (.text:ti_uia_sysbios_LoggerIdle_Instance_init__F)
                  00009b44    0000009a     ti.targets.arm.rtsarm.aem4f : Text.oem4f (.text:xdc_runtime_Text_putSite__F)
                  00009bde    00000002     usblib.lib : usbdma.obj (.text:uDMAUSBChannelIntDisable)
                  00009be0    00000098                : usbdenum.obj (.text:USBDSetInterface)
                  00009c78    00000098     rtsv7M4_T_le_v4SPD16_eabi.lib : fclose.obj (.text)
                  00009d10    00000096     usblib.lib : usbdcdc.obj (.text:CDCTickHandler)
                  00009da6    00000002                : usbdma.obj (.text:uDMAUSBChannelIntEnable)
                  00009da8    00000094     Boot.aem4f : Boot.oem4f (.text:ti_catalog_arm_cortexm4_tiva_ce_Boot_sysCtlClockSet__E)
                  00009e3c    00000094     ti.targets.arm.rtsarm.aem4f : Text.oem4f (.text:xdc_runtime_Text_putMod__F)
                  00009ed0    00000092     usblib.lib : usbdcdc.obj (.text:SendSerialState)
                  00009f62    00000002     uartconsole_pem4f.oem4f (.text:xdc_runtime_Startup_reset__I)
                  00009f64    00000090     sysbios.aem4f : BIOS.obj (.text:ti_sysbios_family_arm_m3_Hwi_Instance_init__F)
                  00009ff4    0000008c     UARTUtils.obj (.text:UARTUtils_systemInit)
                  0000a080    0000008c     usblib.lib : usbdenum.obj (.text:USBDSetConfiguration)
                  0000a10c    0000008c                : usbdconfig.obj (.text:USBDeviceConfigAlternate)
                  0000a198    0000008c     sysbios.aem4f : m3_TaskSupport_asm.obj (.text:ti_sysbios_family_arm_m3_TaskSupport_buildTaskStack)
                  0000a224    0000008a     i2c_tivaware.aem4f : I2CTiva.oem4f (.text:I2CTiva_transfer)
                  0000a2ae    00000002     ti.targets.arm.rtsarm.aem4f : SysCallback.oem4f (.text:xdc_runtime_SysCallback_defaultExit)
                  0000a2b0    00000088     EK_TM4C123GXL.obj (.text:EK_TM4C123GXL_initGPIO)
                  0000a338    00000086     rtsv7M4_T_le_v4SPD16_eabi.lib : fd_cmp_t2.obj (.text:__aeabi_cdcmple)
                  0000a3be    00000086                                   : fd_cmp_t2.obj (.text:__aeabi_cdrcmple)
                  0000a444    00000084     sensors.obj (.text:GetData_Accel)
                  0000a4c8    00000084     sensors.obj (.text:GetData_Gyro)
                  0000a54c    00000084     sensors.obj (.text:GetData_Magn)
                  0000a5d0    00000084     sensors.obj (.text:Read_Magn)
                  0000a654    00000084     usblib.lib : usbdma.obj (.text:iDMAUSBChannelAllocate)
                  0000a6d8    00000084     sysbios.aem4f : BIOS.obj (.text:ti_sysbios_knl_Task_Module_startup__F)
                  0000a75c    00000080     sensors.obj (.text:Read_Accel)
                  0000a7dc    00000080     driverlib.lib : udma.obj (.text:uDMAChannelTransferSet)
                  0000a85c    0000007c     EK_TM4C123GXL.obj (.text:EK_TM4C123GXL_initI2C)
                  0000a8d8    0000007c     usblib.lib : usbdenum.obj (.text:USBDClearFeature)
                  0000a954    0000007c     ti.uia.sysbios.aem4f : LoggerIdle.oem4f (.text:ti_uia_sysbios_LoggerIdle_write8__E)
                  0000a9d0    0000007a     driverlib.lib : usb.obj (.text:USBDevEndpointConfigSet)
                  0000aa4a    00000078     rtsv7M4_T_le_v4SPD16_eabi.lib : memset_t2.obj (.text)
                  0000aac2    00000002     ti.targets.arm.rtsarm.aem4f : SysCallback.oem4f (.text:xdc_runtime_SysCallback_defaultFlush)
                  0000aac4    00000078     sysbios.aem4f : BIOS.obj (.text:ti_sysbios_utils_Load_updateCurrentThreadTime__E)
                  0000ab3c    00000074     usblib.lib : usbdenum.obj (.text:USBDGetStatus)
                  0000abb0    00000074     sysbios.aem4f : BIOS.obj (.text:ti_sysbios_family_arm_lm4_Timer_isrStub__E)
                  0000ac24    00000072     usblib.lib : usbdcdc.obj (.text:ProcessDataFromHost)
                  0000ac96    00000072                : usbdma.obj (.text:uDMAUSBArbSizeSet)
                  0000ad08    00000070                : usbdenum.obj (.text:USBDEP0StateTx)
                  0000ad78    00000070     rtsv7M4_T_le_v4SPD16_eabi.lib : printf.obj (.text)
                  0000ade8    00000070     uartconsole_pem4f.oem4f (.text:ti_sysbios_family_arm_m3_Hwi_Object__create__S)
                  0000ae58    00000070     sysbios.aem4f : BIOS.obj (.text:ti_sysbios_family_arm_m3_Hwi_reconfig__E)
                  0000aec8    00000070     uartconsole_pem4f.oem4f (.text:ti_sysbios_hal_Hwi_Object__create__S)
                  0000af38    00000070     sysbios.aem4f : BIOS.obj (.text:ti_sysbios_utils_Load_taskDeleteHook__E)
                  0000afa8    00000070     usblib.lib : usbdma.obj (.text:uDMAUSBUnitSizeSet)
                  0000b018    00000070     ti.targets.arm.rtsarm.aem4f : Memory.oem4f (.text:xdc_runtime_Memory_alloc__F)
                  0000b088    0000006c     sysbios.aem4f : BIOS.obj (.text:ti_sysbios_utils_Load_taskCreateHook__E)
                  0000b0f4    0000006c     ti.targets.arm.rtsarm.aem4f : Error.oem4f (.text:xdc_runtime_Error_print__F)
                  0000b160    00000068     driverlib.lib : interrupt.obj (.text:IntDisable)
                  0000b1c8    00000068                   : interrupt.obj (.text:IntEnable)
                  0000b230    00000068     usblib.lib : usbdenum.obj (.text:USBDSetFeature)
                  0000b298    00000068     sysbios.aem4f : BIOS.obj (.text:ti_sysbios_BIOS_rtsUnlock__I)
                  0000b300    00000066     ti.targets.arm.rtsarm.aem4f : Core-mem.oem4f (.text:xdc_runtime_Core_deleteObject__I)
                  0000b366    00000002     --HOLE-- [fill = 0]
                  0000b368    00000064     driverlib.lib : interrupt.obj (.text:IntIsEnabled)
                  0000b3cc    00000064     rtsv7M4_T_le_v4SPD16_eabi.lib : fseek.obj (.text)
                  0000b430    00000064                                   : xdunscal.obj (.text)
                  0000b494    00000064     sysbios.aem4f : BIOS.obj (.text:ti_sysbios_knl_Clock_logTick__E)
                  0000b4f8    00000064                   : BIOS.obj (.text:ti_sysbios_utils_Load_logCPULoad__I)
                  0000b55c    00000064     ti.uia.sysbios.aem4f : LoggerIdle.oem4f (.text:ti_uia_sysbios_LoggerIdle_write4__E)
                  0000b5c0    00000064     usblib.lib : usbdma.obj (.text:uDMAUSBChannelEnable)
                  0000b624    00000062     i2c_tivaware.aem4f : I2CTiva.oem4f (.text:I2CTiva_primeTransfer)
                  0000b686    00000002     --HOLE-- [fill = 0]
                  0000b688    00000060     drivers.obj (.text:I2C0_RxData)
                  0000b6e8    00000060     usblib.lib : usbbuffer.obj (.text:USBBufferEventCallback)
                  0000b748    00000060                : usbdenum.obj (.text:USBDReadAndDispatchRequest)
                  0000b7a8    00000060     rtsv7M4_T_le_v4SPD16_eabi.lib : trgmsg.obj (.text)
                  0000b808    00000060     sysbios.aem4f : BIOS.obj (.text:ti_sysbios_utils_Load_addTask__E)
                  0000b868    0000005e     usblib.lib : usbdcdc.obj (.text:ProcessDataToHost)
                  0000b8c6    0000005e     driverlib.lib : usb.obj (.text:USBDevEndpointStatusClear)
                  0000b924    0000005e     rtsv7M4_T_le_v4SPD16_eabi.lib : copy_decompress_rle.obj (.text)
                  0000b982    00000002     --HOLE-- [fill = 0]
                  0000b984    0000005c     usblib.lib : usbdcdc.obj (.text:USBDCDCInit)
                  0000b9e0    0000005c     sysbios.aem4f : BIOS.obj (.text:ti_sysbios_family_arm_lm4_Timer_Module_startup__F)
                  0000ba3c    0000005c     ti.uia.sysbios.aem4f : LoggerIdle.oem4f (.text:ti_uia_sysbios_LoggerIdle_idleWrite__I)
                  0000ba98    0000005a     rtsv7M4_T_le_v4SPD16_eabi.lib : ltoa.obj (.text)
                  0000baf2    00000002     --HOLE-- [fill = 0]
                  0000baf4    00000058     boot.aem4f : boot.oem4f (.text)
                  0000bb4c    00000058     drivers.obj (.text:I2C0_TxData)
                  0000bba4    00000058     usblib.lib : usbdcdc.obj (.text:USBDCDCPacketWrite)
                  0000bbfc    00000058     ti.uia.sysbios.aem4f : LoggerIdle.oem4f (.text:ti_uia_sysbios_LoggerIdle_write2__E)
                  0000bc54    00000056     usblib.lib : usbdma.obj (.text:uDMAUSBChannelRelease)
                  0000bcaa    00000002     --HOLE-- [fill = 0]
                  0000bcac    00000054     drivers.obj (.text:I2C0_MasterInit)
                  0000bd00    00000052     usblib.lib : usbulpi.obj (.text:ULPIConfigSet)
                  0000bd52    00000002     --HOLE-- [fill = 0]
                  0000bd54    00000050     driverlib.lib : sysctl.obj (.text:SysCtlPeripheralReset)
                  0000bda4    00000050     usblib.lib : usbdcdesc.obj (.text:USBDCDConfigDescGet)
                  0000bdf4    00000050                : usbdenum.obj (.text:USBDeviceResumeTickHandler)
                  0000be44    00000050     sysbios.aem4f : BIOS.obj (.text:ti_sysbios_utils_Load_taskSwitchHook__E)
                  0000be94    00000050     ti.targets.arm.rtsarm.aem4f : Startup.oem4f (.text:xdc_runtime_Startup_exec__F)
                  0000bee4    00000050                                 : System.oem4f (.text:xdc_runtime_System_formatNum__I)
                  0000bf34    00000050                                 : Text.oem4f (.text:xdc_runtime_Text_visitRope2__I)
                  0000bf84    0000004e     driverlib.lib : usb.obj (.text:USBDevEndpointStallClear)
                  0000bfd2    0000004c     usblib.lib : usbdcdesc.obj (.text:ConfigAlternateInterfaceGet)
                  0000c01e    0000004c                : usbdconfig.obj (.text:GetEPDescriptorType)
                  0000c06a    0000004c                : usbdcdc.obj (.text:HandleEndpoints)
                  0000c0b6    00000002     --HOLE-- [fill = 0]
                  0000c0b8    0000004c     uart_tivaware.aem4f : UART.oem4f (.text:UART_Params_init)
                  0000c104    0000004c     driverlib.lib : usb.obj (.text:USBEndpointDMAConfigSet)
                  0000c150    0000004c     rtsv7M4_T_le_v4SPD16_eabi.lib : atoi.obj (.text)
                  0000c19c    0000004c                                   : rand.obj (.text)
                  0000c1e8    0000004a     usblib.lib : usbdma.obj (.text:iDMAUSBChannelEnable)
                  0000c232    0000004a     rtsv7M4_T_le_v4SPD16_eabi.lib : fd_tos_t2.obj (.text)
                  0000c27c    0000004a     usblib.lib : usbdma.obj (.text:uDMAUSBChannelDisable)
                  0000c2c6    00000002     --HOLE-- [fill = 0]
                  0000c2c8    00000048     EK_TM4C123GXL.obj (.text:EK_TM4C123GXL_initUSB)
                  0000c310    00000048     driverlib.lib : gpio.obj (.text:GPIOPinConfigure)
                  0000c358    00000048     usblib.lib : usbdcdc.obj (.text:HandleEP0Data)
                  0000c3a0    00000048     driverlib.lib : i2c.obj (.text:I2CMasterInitExpClk)
                  0000c3e8    00000048     uart_tivaware.aem4f : UART.oem4f (.text:UART_open)
                  0000c430    00000048     usblib.lib : usbdenum.obj (.text:USBDStringIndexFromRequest)
                  0000c478    00000048                : usbdenum.obj (.text:USBDeviceEnumResetHandler)
                  0000c4c0    00000048     rtsv7M4_T_le_v4SPD16_eabi.lib : fd_toi_t2.obj (.text)
                  0000c508    00000048     sysbios.aem4f : BIOS.obj (.text:ti_sysbios_BIOS_errorRaiseHook__I)
                  0000c550    00000048                   : BIOS.obj (.text:ti_sysbios_family_arm_m3_Hwi_excReserved__I)
                  0000c598    00000048                   : BIOS.obj (.text:ti_sysbios_heaps_HeapMem_getStats__E)
                  0000c5e0    00000048     driverlib.lib : udma.obj (.text:uDMAChannelAttributeDisable)
                  0000c628    00000048     ti.targets.arm.rtsarm.aem4f : Assert.oem4f (.text:xdc_runtime_Assert_raise__I)
                  0000c670    00000048                                 : Core-params.oem4f (.text:xdc_runtime_Core_assignParams__I)
                  0000c6b8    00000044     USBCDCD_LoggerIdle.obj (.text:USBCDCD_LoggerIdle_sendData)
                  0000c6fc    00000044     usblib.lib : usbdenum.obj (.text:USBDCDDeviceInfoInit)
                  0000c740    00000044                : usbdenum.obj (.text:USBDGetInterface)
                  0000c784    00000044     driverlib.lib : usb.obj (.text:USBEndpointDataGet)
                  0000c7c8    00000044     rtsv7M4_T_le_v4SPD16_eabi.lib : cpy_tbl.obj (.text)
                  0000c80c    00000044                                   : exit.obj (.text)
                  0000c850    00000044                                   : fd_tou_t2.obj (.text)
                  0000c894    00000044                                   : xdtest.obj (.text)
                  0000c8d8    00000044     sysbios.aem4f : BIOS.obj (.text:ti_sysbios_family_arm_lm4_Timer_stop__E)
                  0000c91c    00000044                   : BIOS.obj (.text:ti_sysbios_family_arm_m3_Hwi_disableInterrupt__E)
                  0000c960    00000044                   : BIOS.obj (.text:ti_sysbios_family_arm_m3_Hwi_enableInterrupt__E)
                  0000c9a4    00000044                   : BIOS.obj (.text:ti_sysbios_knl_Task_allBlockedFunction__I)
                  0000c9e8    00000042     driverlib.lib : uart.obj (.text:UARTConfigSetExpClk)
                  0000ca2a    00000042     sysbios.aem4f : BIOS.obj (.text:ti_sysbios_knl_Semaphore_pendTimeout__I)
                  0000ca6c    00000040     sensors.obj (.text:Clear_Array)
                  0000caac    00000040     EK_TM4C123GXL.obj (.text:EK_TM4C123GXL_initGeneral)
                  0000caec    00000040     rtsv7M4_T_le_v4SPD16_eabi.lib : signal.obj (.text)
                  0000cb2c    00000040     sysbios.aem4f : BIOS.obj (.text:ti_sysbios_family_arm_lm4_Timer_startup__E)
                  0000cb6c    00000040     uartconsole_pem4f.oem4f (.text:ti_sysbios_knl_Semaphore_Object__create__S)
                  0000cbac    00000040     ti.targets.arm.rtsarm.aem4f : System.oem4f (.text:xdc_runtime_System_atexit__F)
                  0000cbec    0000003c     uart_tivaware.aem4f : UART.oem4f (.text:UART_close)
                  0000cc28    0000003c     usblib.lib : usbdma.obj (.text:iDMAUSBChannelRelease)
                  0000cc64    0000003c     sysbios.aem4f : BIOS.obj (.text:ti_sysbios_family_arm_m3_Hwi_excSvCall__I)
                  0000cca0    0000003c                   : BIOS.obj (.text:ti_sysbios_heaps_HeapMem_init__I)
                  0000ccdc    0000003c     ti.targets.arm.rtsarm.aem4f : Text.oem4f (.text:xdc_runtime_Text_xprintf__I)
                  0000cd18    0000003a     usblib.lib : usbdcdesc.obj (.text:USBDCDConfigGetInterfaceEndpoint)
                  0000cd52    0000003a     driverlib.lib : usb.obj (.text:USBFIFOConfigSet)
                  0000cd8c    00000038     i2c_tivaware.aem4f : I2CTiva.oem4f (.text:I2CTiva_completeTransfer)
                  0000cdc4    00000038                        : I2C.oem4f (.text:I2C_init)
                  0000cdfc    00000038     usblib.lib : usbdcdc.obj (.text:SendBreak)
                  0000ce34    00000038     uart_tivaware.aem4f : UART.oem4f (.text:UART_init)
                  0000ce6c    00000038     driverlib.lib : usb.obj (.text:USBIntStatusControl)
                  0000cea4    00000038     usblib.lib : usbringbuf.obj (.text:USBRingBufAdvanceWrite)
                  0000cedc    00000038     rtsv7M4_T_le_v4SPD16_eabi.lib : fs_tod_t2.obj (.text)
                  0000cf14    00000038     sysbios.aem4f : BIOS.obj (.text:ti_sysbios_family_arm_m3_Hwi_excNoIsr__I)
                  0000cf4c    00000038                   : BIOS.obj (.text:ti_sysbios_family_arm_m3_Hwi_getStackInfo__E)
                  0000cf84    00000038                   : BIOS.obj (.text:ti_sysbios_family_arm_m3_TaskSupport_start__E)
                  0000cfbc    00000038     uartconsole_pem4f.oem4f (.text:ti_sysbios_gates_GateHwi_Object__create__S)
                  0000cff4    00000038     uartconsole_pem4f.oem4f (.text:ti_sysbios_gates_GateMutex_Object__create__S)
                  0000d02c    00000038     uartconsole_pem4f.oem4f (.text:ti_sysbios_heaps_HeapMem_Object__create__S)
                  0000d064    00000038     uartconsole_pem4f.oem4f (.text:ti_sysbios_knl_Queue_Object__create__S)
                  0000d09c    00000038     uartconsole_pem4f.oem4f (.text:ti_uia_sysbios_LoggerIdle_Object__create__S)
                  0000d0d4    00000034     usblib.lib : usbtick.obj (.text:InternalUSBStartOfFrameTick)
                  0000d108    00000034     driverlib.lib : sysctl.obj (.text:SysCtlPeripheralEnable)
                  0000d13c    00000034     UARTUtils.obj (.text:UARTUtils_deviceread)
                  0000d170    00000034     UARTUtils.obj (.text:UARTUtils_devicewrite)
                  0000d1a4    00000034     uart_tivaware.aem4f : UART.oem4f (.text:UART_read)
                  0000d1d8    00000034                         : UART.oem4f (.text:UART_write)
                  0000d20c    00000034                         : UART.oem4f (.text:UART_writePolling)
                  0000d240    00000034     UARTUtils.obj (.text:closeHandle)
                  0000d274    00000034     usblib.lib : usbdma.obj (.text:iDMAUSBChannelStatus)
                  0000d2a8    00000034     rtsv7M4_T_le_v4SPD16_eabi.lib : feraiseexcept.obj (.text)
                  0000d2dc    00000034     sysbios.aem4f : BIOS.obj (.text:ti_sysbios_family_arm_m3_Hwi_excNmi__I)
                  0000d310    00000034                   : BIOS.obj (.text:ti_sysbios_hal_Hwi_Instance_init__F)
                  0000d344    00000032     usblib.lib : usbdcdc.obj (.text:HandleConfigChange)
                  0000d376    00000032                : usbdcdesc.obj (.text:NextConfigDescGet)
                  0000d3a8    00000032                : usbdcdc.obj (.text:ProcessNotificationToHost)
                  0000d3da    00000032     driverlib.lib : usb.obj (.text:USBDevEndpointStall)
                  0000d40c    00000032     usblib.lib : usbdma.obj (.text:iDMAUSBChannelDisable)
                  0000d43e    00000030                : usbdma.obj (.text:DMAUSBIntHandler)
                  0000d46e    00000030     i2c_tivaware.aem4f : I2CTiva.oem4f (.text:I2CTiva_close)
                  0000d49e    00000002     --HOLE-- [fill = 0]
                  0000d4a0    00000030     usblib.lib : usbtick.obj (.text:InternalUSBTickInit)
                  0000d4d0    00000030                : usbdenum.obj (.text:USBDGetConfiguration)
                  0000d500    00000030     driverlib.lib : usb.obj (.text:USBEndpointDataPut)
                  0000d530    00000030     usblib.lib : usbringbuf.obj (.text:UpdateIndexAtomic)
                  0000d560    00000030     rtsv7M4_T_le_v4SPD16_eabi.lib : strncpy.obj (.text)
                  0000d590    00000030                                   : xferaise.obj (.text)
                  0000d5c0    00000030     sysbios.aem4f : BIOS.obj (.text:ti_sysbios_knl_Idle_run__E)
                  0000d5f0    00000030     ti.targets.arm.rtsarm.aem4f : Core-label.oem4f (.text:xdc_runtime_Core_assignLabel__I)
                  0000d620    0000002f                                 : Text.oem4f (.text:xdc_runtime_Text_printVisFxn__I)
                  0000d64f    00000001     --HOLE-- [fill = 0]
                  0000d650    0000002e     UARTUtils.obj (.text:UARTUtils_deviceopen)
                  0000d67e    0000002e     driverlib.lib : usb.obj (.text:USBEndpointDataSend)
                  0000d6ac    0000002e     uartconsole_pem4f.oem4f (.text:malloc)
                  0000d6da    0000002e     rtsv7M4_T_le_v4SPD16_eabi.lib : i_tofd_t2.obj (.text)
                  0000d708    0000002e                                   : raise.obj (.text)
                  0000d736    0000002e     USBCDCD_LoggerIdle.obj (.text:ti_sysbios_hal_Hwi_create)
                  0000d764    0000002e     sysbios.aem4f : BIOS.obj (.text:ti_sysbios_knl_Task_sleepTimeout__I)
                  0000d792    0000002c     sensors.obj (.text:Accel_Init)
                  0000d7be    00000002     --HOLE-- [fill = 0]
                  0000d7c0    0000002c     EK_TM4C123GXL.obj (.text:EK_TM4C123GXL_initUART)
                  0000d7ec    0000002c     sensors.obj (.text:Magn_Init)
                  0000d818    0000002c     usblib.lib : usbbuffer.obj (.text:USBBufferWrite)
                  0000d844    0000002c                : usbdesc.obj (.text:USBDescGet)
                  0000d870    0000002c     uartconsole_pem4f.oem4f (.text:ti_sysbios_BIOS_exitFunc__I)
                  0000d89c    0000002c     sysbios.aem4f : BIOS.obj (.text:ti_sysbios_hal_Hwi_initStack:ti_sysbios_hal_Hwi_initStack)
                  0000d8c8    0000002c     uartconsole_pem4f.oem4f (.text:ti_sysbios_knl_Clock_doTick__I)
                  0000d8f4    0000002c     usblib.lib : usbdma.obj (.text:uDMAUSBIntStatus)
                  0000d920    0000002c     ti.targets.arm.rtsarm.aem4f : System.oem4f (.text:xdc_runtime_System_rtsExit__I)
                  0000d94c    0000002c                                 : Text.oem4f (.text:xdc_runtime_Text_cordText__F)
                  0000d978    0000002a     driverlib.lib : gpio.obj (.text:GPIODirModeSet)
                  0000d9a2    0000002a     usblib.lib : usbdcdesc.obj (.text:USBDCDConfigDescGetNum)
                  0000d9cc    0000002a     ti.targets.arm.rtsarm.aem4f : System.oem4f (.text:xdc_runtime_System_putchar__I)
                  0000d9f6    00000028     usblib.lib : usbbuffer.obj (.text:HandleRequestBuffer)
                  0000da1e    00000002     --HOLE-- [fill = 0]
                  0000da20    00000028                : usbtick.obj (.text:InternalUSBRegisterTickHandler)
                  0000da48    00000028                : usbdenum.obj (.text:USBDSetAddress)
                  0000da70    00000028                : usbdesc.obj (.text:USBDescGetNum)
                  0000da98    00000028     driverlib.lib : usb.obj (.text:USBIntEnableControl)
                  0000dac0    00000028     sysbios.aem4f : m3_Hwi_asm_switch.obj (.text:ti_sysbios_family_arm_m3_Hwi_initStacks__E)
                  0000dae8    00000028                   : BIOS.obj (.text:ti_sysbios_gates_GateMutex_Instance_init__F)
                  0000db10    00000028                   : BIOS.obj (.text:ti_sysbios_knl_Task_restore__E)
                  0000db38    00000028     ti.uia.runtime.aem4f : LogSync.oem4f (.text:ti_uia_runtime_LogSync_Module_startup__F)
                  0000db60    00000028     driverlib.lib : udma.obj (.text:uDMAChannelModeGet)
                  0000db88    00000026     ti.targets.arm.rtsarm.aem4f : System.oem4f (.text:xdc_runtime_System_avprintf__F)
                  0000dbae    00000002     --HOLE-- [fill = 0]
                  0000dbb0    00000024     gpio_tivaware.aem4f : GPIO.oem4f (.text:GPIO_init)
                  0000dbd4    00000024     usblib.lib : usbdcdc.obj (.text:SendLineStateChange)
                  0000dbf8    00000024     UARTUtils.obj (.text:UARTUtils_systemAbort)
                  0000dc1c    00000024     driverlib.lib : usb.obj (.text:USBDevEndpointDataAck)
                  0000dc40    00000024                   : usb.obj (.text:USBEndpointDMADisable)
                  0000dc64    00000024                   : usb.obj (.text:USBEndpointDMAEnable)
                  0000dc88    00000024     sysbios.aem4f : BIOS.obj (.text:ti_sysbios_BIOS_registerRTSLock__I)
                  0000dcac    00000024                   : BIOS.obj (.text:ti_sysbios_family_arm_m3_Hwi_Instance_finalize__F)
                  0000dcd0    00000024     uartconsole_pem4f.oem4f (.text:ti_sysbios_gates_GateMutex_Object__delete__S)
                  0000dcf4    00000024     sysbios.aem4f : BIOS.obj (.text:ti_sysbios_knl_Clock_Module_startup__F)
                  0000dd18    00000024     driverlib.lib : udma.obj (.text:uDMAChannelControlSet)
                  0000dd3c    00000024     ti.targets.arm.rtsarm.aem4f : System.oem4f (.text:xdc_runtime_System_vprintf__F)
                  0000dd60    00000022     usblib.lib : usbdcdc.obj (.text:HandleDisconnect)
                  0000dd82    00000022                : usbdcdc.obj (.text:SendLineCodingChange)
                  0000dda4    00000022                : usbdma.obj (.text:uDMAUSBChannelStatus)
                  0000ddc6    00000020                : usbdconfig.obj (.text:GetEndpointFIFOSize)
                  0000dde6    00000020                : usbbuffer.obj (.text:HandleDataRemaining)
                  0000de06    00000002     --HOLE-- [fill = 0]
                  0000de08    00000020     UARTUtils.obj (.text:UARTUtils_systemPutch)
                  0000de28    00000020     usblib.lib : usbringbuf.obj (.text:USBRingBufAdvanceRead)
                  0000de48    00000020                : usbmode.obj (.text:USBStackModeSet)
                  0000de68    00000020     uartconsole_pem4f.oem4f (.text:ti_sysbios_BIOS_startFunc__I)
                  0000de88    00000020     uartconsole_pem4f.oem4f (.text:ti_sysbios_family_arm_m3_Hwi_Object__delete__S)
                  0000dea8    00000020     sysbios.aem4f : BIOS.obj (.text:ti_sysbios_family_arm_m3_Hwi_doTaskRestore__I)
                  0000dec8    00000020     uartconsole_pem4f.oem4f (.text:ti_sysbios_gates_GateHwi_Object__delete__S)
                  0000dee8    00000020     uartconsole_pem4f.oem4f (.text:ti_sysbios_heaps_HeapMem_Object__delete__S)
                  0000df08    00000020     uartconsole_pem4f.oem4f (.text:ti_sysbios_knl_Semaphore_Object__destruct__S)
                  0000df28    00000020     sysbios.aem4f : BIOS.obj (.text:ti_sysbios_knl_Task_enter__I)
                  0000df48    00000020     uartconsole_pem4f.oem4f (.text:ti_uia_sysbios_LoggerIdle_Object__delete__S)
                  0000df68    00000020     ti.targets.arm.rtsarm.aem4f : Registry.oem4f (.text:xdc_runtime_Registry_findById__F)
                  0000df88    0000001e     usblib.lib : usbdcdc.obj (.text:CheckAndSendBreak)
                  0000dfa6    0000001e     driverlib.lib : usb.obj (.text:USBULPIRegRead)
                  0000dfc4    0000001e                   : usb.obj (.text:USBULPIRegWrite)
                  0000dfe2    00000002     --HOLE-- [fill = 0]
                  0000dfe4    0000001c                   : uart.obj (.text:UARTDisable)
                  0000e000    0000001c     usblib.lib : usbdcdesc.obj (.text:USBDCDConfigGetInterface)
                  0000e01c    0000001c                : usbdenum.obj (.text:USBDCDStallEP0)
                  0000e038    0000001c     driverlib.lib : usb.obj (.text:USBEndpointDataAvail)
                  0000e054    0000001c     usblib.lib : usbringbuf.obj (.text:USBRingBufContigFree)
                  0000e070    0000001c     rtsv7M4_T_le_v4SPD16_eabi.lib : memccpy.obj (.text)
                  0000e08c    0000001c     sysbios.aem4f : BIOS.obj (.text:ti_sysbios_BIOS_rtsLock__I)
                  0000e0a8    0000001c     uartconsole_pem4f.oem4f (.text:ti_sysbios_family_arm_m3_Hwi_Object__destruct__S)
                  0000e0c4    0000001c     uartconsole_pem4f.oem4f (.text:ti_sysbios_knl_Queue_Object__destruct__S)
                  0000e0e0    0000001c     ti.uia.sysbios.aem4f : LoggerIdle.oem4f (.text:ti_uia_sysbios_LoggerIdle_disable__F)
                  0000e0fc    0000001c                          : LoggerIdle.oem4f (.text:ti_uia_sysbios_LoggerIdle_enable__F)
                  0000e118    0000001c     ti.targets.arm.rtsarm.aem4f : Error.oem4f (.text:xdc_runtime_Error_check__F)
                  0000e134    0000001c                                 : Memory.oem4f (.text:xdc_runtime_Memory_valloc__F)
                  0000e150    0000001a     usblib.lib : usbdcdc.obj (.text:DeviceConsumedAllData)
                  0000e16a    0000001a     driverlib.lib : usb.obj (.text:USBEndpointDMAChannel)
                  0000e184    0000001a     usblib.lib : usbringbuf.obj (.text:USBRingBufWrite)
                  0000e19e    0000001a     uartconsole_pem4f.oem4f (.text:xdc_runtime_System_aprintf__E)
                  0000e1b8    0000001a     uartconsole_pem4f.oem4f (.text:xdc_runtime_System_printf__E)
                  0000e1d2    00000018     driverlib.lib : gpio.obj (.text:GPIOPinTypeGPIOOutput)
                  0000e1ea    00000018     sensors.obj (.text:Gyro_Init)
                  0000e202    00000002     --HOLE-- [fill = 0]
                  0000e204    00000018     i2c_tivaware.aem4f : I2C.oem4f (.text:I2C_open)
                  0000e21c    00000018     usblib.lib : usbdcdc.obj (.text:SetDeferredOpFlag)
                  0000e234    00000018     UARTUtils.obj (.text:UARTUtils_deviceclose)
                  0000e24c    00000018     usblib.lib : usbdhandler.obj (.text:USB0DeviceIntHandler)
                  0000e264    00000018                : usbdcdesc.obj (.text:USBDCDConfigDescGetSize)
                  0000e27c    00000018                : usbdenum.obj (.text:USBDSetDescriptor)
                  0000e294    00000018                : usbdenum.obj (.text:USBDSyncFrame)
                  0000e2ac    00000018     uartconsole_pem4f.oem4f (.text:free)
                  0000e2c4    00000018     rtsv7M4_T_le_v4SPD16_eabi.lib : args_main.obj (.text)
                  0000e2dc    00000018                                   : ll_mul_t2.obj (.text)
                  0000e2f4    00000018                                   : strcmp.obj (.text)
                  0000e30c    00000018     uartconsole_pem4f.oem4f (.text:ti_sysbios_family_arm_lm4_Timer_Module__startupDone__F)
                  0000e324    00000018     uartconsole_pem4f.oem4f (.text:ti_sysbios_family_arm_m3_Hwi_Handle__label__S)
                  0000e33c    00000018     uartconsole_pem4f.oem4f (.text:ti_sysbios_family_arm_m3_Hwi_Module__startupDone__F)
                  0000e354    00000018     sysbios.aem4f : m3_TaskSupport_asm.obj (.text:ti_sysbios_family_arm_m3_TaskSupport_swap__E)
                  0000e36c    00000018     uartconsole_pem4f.oem4f (.text:ti_sysbios_gates_GateHwi_Handle__label__S)
                  0000e384    00000018     uartconsole_pem4f.oem4f (.text:ti_sysbios_gates_GateMutex_Handle__label__S)
                  0000e39c    00000018     sysbios.aem4f : BIOS.obj (.text:ti_sysbios_gates_GateMutex_leave__E)
                  0000e3b4    00000018     uartconsole_pem4f.oem4f (.text:ti_sysbios_hal_Timer_Module__startupDone__F)
                  0000e3cc    00000018     uartconsole_pem4f.oem4f (.text:ti_sysbios_heaps_HeapMem_Handle__label__S)
                  0000e3e4    00000018     uartconsole_pem4f.oem4f (.text:ti_sysbios_knl_Task_Handle__label__S)
                  0000e3fc    00000018     uartconsole_pem4f.oem4f (.text:ti_uia_sysbios_LoggerIdle_Handle__label__S)
                  0000e414    00000018     driverlib.lib : udma.obj (.text:uDMAChannelDisable)
                  0000e42c    00000018                   : udma.obj (.text:uDMAChannelEnable)
                  0000e444    00000018     ti.targets.arm.rtsarm.aem4f : Text.oem4f (.text:xdc_runtime_Text_ropeText__F)
                  0000e45c    00000016     usblib.lib : usbdcdc.obj (.text:CheckAndSendLineCodingChange)
                  0000e472    00000016                : usbdcdc.obj (.text:CheckAndSendLineStateChange)
                  0000e488    00000016     driverlib.lib : i2c.obj (.text:I2CMasterErr)
                  0000e49e    00000016     usblib.lib : usbbuffer.obj (.text:USBBufferInit)
                  0000e4b4    00000016                : usbringbuf.obj (.text:USBRingBufFlush)
                  0000e4ca    00000016                : usbringbuf.obj (.text:USBRingBufUsed)
                  0000e4e0    00000016     rtsv7M4_T_le_v4SPD16_eabi.lib : memchr.obj (.text)
                  0000e4f6    00000016                                   : strchr.obj (.text)
                  0000e50c    00000014     driverlib.lib : sysctl.obj (.text:SysCtlUSBPLLEnable)
                  0000e520    00000014                   : uart.obj (.text:UARTEnable)
                  0000e534    00000014     UARTUtils.obj (.text:UARTUtils_systemReady)
                  0000e548    00000014     usblib.lib : usbdenum.obj (.text:USBDCDRequestDataEP0)
                  0000e55c    00000014                : usbdenum.obj (.text:USBDCDSendDataEP0)
                  0000e570    00000014     driverlib.lib : usb.obj (.text:USBDMAChannelConfigSet)
                  0000e584    00000014                   : usb.obj (.text:USBHostResume)
                  0000e598    00000014                   : usb.obj (.text:USBIntEnableEndpoint)
                  0000e5ac    00000014                   : usb.obj (.text:_USBIndexWrite)
                  0000e5c0    00000014     rtsv7M4_T_le_v4SPD16_eabi.lib : _lock.obj (.text)
                  0000e5d4    00000014                                   : strlen.obj (.text)
                  0000e5e8    00000014     sysbios.aem4f : BIOS.obj (.text:ti_sysbios_family_arm_m3_Hwi_switchFromBootStack__E)
                  0000e5fc    00000014     uartconsole_pem4f.oem4f (.text:ti_sysbios_heaps_HeapMem_Object__get__S)
                  0000e610    00000014     ti.targets.arm.rtsarm.aem4f : System.oem4f (.text:xdc_runtime_System_abort__F)
                  0000e624    00000012     driverlib.lib : gpio.obj (.text:GPIOPinTypeGPIOInput)
                  0000e636    00000012                   : gpio.obj (.text:GPIOPinTypeI2C)
                  0000e648    00000012                   : gpio.obj (.text:GPIOPinTypeI2CSCL)
                  0000e65a    00000012                   : gpio.obj (.text:GPIOPinTypeUART)
                  0000e66c    00000012                   : gpio.obj (.text:GPIOPinTypeUSBAnalog)
                  0000e67e    00000012     usblib.lib : usbdcdc.obj (.text:HandleResume)
                  0000e690    00000012                : usbdcdc.obj (.text:HandleSuspend)
                  0000e6a2    00000012                : usbbuffer.obj (.text:HandleTxComplete)
                  0000e6b4    00000012     UARTUtils.obj (.text:UARTUtils_devicelseek)
                  0000e6c6    00000012     driverlib.lib : usb.obj (.text:USBDMAChannelDisable)
                  0000e6d8    00000012                   : usb.obj (.text:USBDMAChannelEnable)
                  0000e6ea    00000012                   : usb.obj (.text:USBDMAChannelIntDisable)
                  0000e6fc    00000012                   : usb.obj (.text:USBDMAChannelIntEnable)
                  0000e70e    00000012     usblib.lib : usbringbuf.obj (.text:USBRingBufFree)
                  0000e720    00000012     USBCDCD_LoggerIdle.obj (.text:cbRxHandler)
                  0000e732    00000012     USBCDCD_LoggerIdle.obj (.text:cbTxHandler)
                  0000e744    00000012     rtsv7M4_T_le_v4SPD16_eabi.lib : copy_zero_init.obj (.text:decompress:ZI)
                  0000e756    00000012                                   : xdclass.obj (.text)
                  0000e768    00000012     sysbios.aem4f : BIOS.obj (.text:ti_sysbios_hal_Hwi_Module_startup__F)
                  0000e77a    00000012                   : BIOS.obj (.text:ti_sysbios_hal_Timer_Module_startup__F)
                  0000e78c    00000012     uartconsole_pem4f.oem4f (.text:xdc_runtime_Startup_exec__I)
                  0000e79e    00000010     driverlib.lib : interrupt.obj (.text:IntMasterDisable)
                  0000e7ae    00000010                   : interrupt.obj (.text:IntMasterEnable)
                  0000e7be    00000010     UARTUtils.obj (.text:UARTUtils_devicerename)
                  0000e7ce    00000010     driverlib.lib : usb.obj (.text:USBEndpointStatus)
                  0000e7de    00000010     usblib.lib : usbringbuf.obj (.text:USBRingBufContigUsed)
                  0000e7ee    00000010                : usbringbuf.obj (.text:USBRingBufWriteOne)
                  0000e7fe    00000010     rtsv7M4_T_le_v4SPD16_eabi.lib : strcpy.obj (.text)
                  0000e80e    00000002     --HOLE-- [fill = 0]
                  0000e810    00000010     sysbios.aem4f : BIOS.obj (.text:ti_sysbios_BIOS_getCpuFreq__E)
                  0000e820    00000010                   : BIOS.obj (.text:ti_sysbios_BIOS_setThreadType__E)
                  0000e830    00000010                   : BIOS.obj (.text:ti_sysbios_BIOS_start__E)
                  0000e840    00000010                   : BIOS.obj (.text:ti_sysbios_family_arm_lm4_TimestampProvider_rolloverFunc__E)
                  0000e850    00000010                   : BIOS.obj (.text:ti_sysbios_family_arm_m3_Hwi_excHandler__I)
                  0000e860    00000010                   : m3_TaskSupport_asm.obj (.text:ti_sysbios_family_arm_m3_TaskSupport_glue)
                  0000e870    00000010                   : BIOS.obj (.text:ti_sysbios_gates_GateMutex_Instance_finalize__F)
                  0000e880    00000010     uartconsole_pem4f.oem4f (.text:ti_sysbios_hal_Hwi_HwiProxy_Object__create__S)
                  0000e890    00000010     sysbios.aem4f : BIOS.obj (.text:ti_sysbios_knl_Semaphore_Instance_finalize__F)
                  0000e8a0    00000010     uartconsole_pem4f.oem4f (.text:ti_sysbios_knl_Task_Object__get__S)
                  0000e8b0    00000010     sysbios.aem4f : BIOS.obj (.text:ti_sysbios_knl_Task_disable__E)
                  0000e8c0    00000010     ti.targets.arm.rtsarm.aem4f : Gate.oem4f (.text:xdc_runtime_Gate_leaveSystem__F)
                  0000e8d0    00000010                                 : Memory.oem4f (.text:xdc_runtime_Memory_free__F)
                  0000e8e0    00000010                                 : SysCallback.oem4f (.text:xdc_runtime_SysCallback_abort__F)
                  0000e8f0    00000010                                 : SysCallback.oem4f (.text:xdc_runtime_SysCallback_exit__F)
                  0000e900    00000010                                 : SysCallback.oem4f (.text:xdc_runtime_SysCallback_flush__F)
                  0000e910    00000010                                 : SysCallback.oem4f (.text:xdc_runtime_SysCallback_putch__F)
                  0000e920    00000010                                 : SysCallback.oem4f (.text:xdc_runtime_SysCallback_ready__F)
                  0000e930    00000010                                 : System.oem4f (.text:xdc_runtime_System_vsnprintf__F)
                  0000e940    0000000e     usblib.lib : usbdma.obj (.text:DMAUSBIntStatusClear)
                  0000e94e    0000000e     driverlib.lib : uart.obj (.text:UARTCharGetNonBlocking)
                  0000e95c    0000000e                   : uart.obj (.text:UARTCharPutNonBlocking)
                  0000e96a    0000000e     UARTUtils.obj (.text:UARTUtils_deviceunlink)
                  0000e978    0000000e     usblib.lib : usbdcdc.obj (.text:USBDCDCTxPacketAvailable)
                  0000e986    0000000e     driverlib.lib : usb.obj (.text:USBDMAChannelStatus)
                  0000e994    0000000e                   : usb.obj (.text:USBDevLPMDisable)
                  0000e9a2    0000000e                   : usb.obj (.text:USBDevLPMEnable)
                  0000e9b0    0000000e                   : usb.obj (.text:USBULPIDisable)
                  0000e9be    0000000e                   : usb.obj (.text:USBULPIEnable)
                  0000e9cc    0000000e     rtsv7M4_T_le_v4SPD16_eabi.lib : copy_decompress_none.obj (.text:decompress:none)
                  0000e9da    0000000e     sysbios.aem4f : BIOS.obj (.text:ti_sysbios_knl_Queue_empty__E)
                  0000e9e8    0000000c     uartconsole_pem4f.oem4f (.text:.bootCodeSection:ti_catalog_arm_cortexm4_tiva_ce_Boot_init__I)
                  0000e9f4    0000000c     driverlib.lib : cpu.obj (.text:CPUcpsid)
                  0000ea00    0000000c                   : cpu.obj (.text:CPUcpsie)
                  0000ea0c    0000000c                   : usb.obj (.text:USBEndpointPacketCountSet)
                  0000ea18    0000000c                   : usb.obj (.text:USBLPMIntEnable)
                  0000ea24    0000000c     usblib.lib : usbringbuf.obj (.text:USBRingBufInit)
                  0000ea30    0000000c     sysbios.aem4f : BIOS.obj (.text:ti_sysbios_family_arm_lm4_Timer_masterDisable__I)
                  0000ea3c    0000000c                   : BIOS.obj (.text:ti_sysbios_family_arm_lm4_TimestampProvider_startTimer__E)
                  0000ea48    0000000c     uartconsole_pem4f.oem4f (.text:ti_sysbios_family_arm_m3_Hwi_Params__init__S)
                  0000ea54    0000000c     sysbios.aem4f : BIOS.obj (.text:ti_sysbios_family_arm_m3_Hwi_disableFxn__E)
                  0000ea60    0000000c                   : BIOS.obj (.text:ti_sysbios_gates_GateHwi_enter__E)
                  0000ea6c    0000000c     uartconsole_pem4f.oem4f (.text:ti_sysbios_knl_Queue_Object__get__S)
                  0000ea78    0000000c     uartconsole_pem4f.oem4f (.text:ti_sysbios_knl_Semaphore_Params__init__S)
                  0000ea84    0000000c     sysbios.aem4f : BIOS.obj (.text:ti_sysbios_utils_Load_taskRegHook__E)
                  0000ea90    0000000c     ti.targets.arm.rtsarm.aem4f : Error.oem4f (.text:xdc_runtime_Error_init__F)
                  0000ea9c    0000000c                                 : Gate.oem4f (.text:xdc_runtime_Gate_enterSystem__F)
                  0000eaa8    0000000c                                 : Memory.oem4f (.text:xdc_runtime_Memory_calloc__F)
                  0000eab4    0000000c                                 : Memory.oem4f (.text:xdc_runtime_Memory_getMaxDefaultTypeAlign__F)
                  0000eac0    0000000c                                 : System.oem4f (.text:xdc_runtime_System_exit__F)
                  0000eacc    0000000c                                 : System.oem4f (.text:xdc_runtime_System_lastFxn__I)
                  0000ead8    0000000a     driverlib.lib : i2c.obj (.text:I2CMasterDisable)
                  0000eae2    0000000a                   : i2c.obj (.text:I2CMasterEnable)
                  0000eaec    0000000a     i2c_tivaware.aem4f : I2CTiva.oem4f (.text:I2CTiva_init)
                  0000eaf6    0000000a                        : I2C.oem4f (.text:I2C_Params_init)
                  0000eb00    0000000a     driverlib.lib : uart.obj (.text:UARTCharGet)
                  0000eb0a    0000000a                   : uart.obj (.text:UARTCharPut)
                  0000eb14    0000000a                   : uart.obj (.text:UARTIntDisable)
                  0000eb1e    0000000a                   : uart.obj (.text:UARTIntStatus)
                  0000eb28    0000000a     USBCDCD_LoggerIdle.obj (.text:USBCDCD_LoggerIdle_hwiHandler)
                  0000eb32    0000000a     driverlib.lib : usb.obj (.text:USBClockEnable)
                  0000eb3c    0000000a                   : usb.obj (.text:USBControllerVersion)
                  0000eb46    0000000a                   : usb.obj (.text:USBDMAChannelAddressSet)
                  0000eb50    0000000a                   : usb.obj (.text:USBDMAChannelCountSet)
                  0000eb5a    0000000a                   : usb.obj (.text:USBDevConnect)
                  0000eb64    0000000a                   : usb.obj (.text:USBDevDisconnect)
                  0000eb6e    0000000a                   : usb.obj (.text:USBIntStatusEndpoint)
                  0000eb78    0000000a     sysbios.aem4f : BIOS.obj (.text:ti_sysbios_hal_Hwi_Instance_finalize__F)
                  0000eb82    0000000a     uartconsole_pem4f.oem4f (.text:xdc_runtime_IHeap_alloc)
                  0000eb8c    0000000a     uartconsole_pem4f.oem4f (.text:xdc_runtime_IHeap_free)
                  0000eb96    0000000a     uartconsole_pem4f.oem4f (.text:xdc_runtime_Text_visitRope__I)
                  0000eba0    00000008     driverlib.lib : i2c.obj (.text:I2CMasterBusy)
                  0000eba8    00000008                   : i2c.obj (.text:I2CMasterIntClear)
                  0000ebb0    00000008                   : i2c.obj (.text:I2CMasterSlaveAddrSet)
                  0000ebb8    00000008     i2c_tivaware.aem4f : I2CTiva.oem4f (.text:I2CTiva_blockingCallback)
                  0000ebc0    00000008     driverlib.lib : uart.obj (.text:UARTIntEnable)
                  0000ebc8    00000008     uart_tivaware.aem4f : UARTTiva.oem4f (.text:UARTTiva_init)
                  0000ebd0    00000008     driverlib.lib : usb.obj (.text:USBDevMode)
                  0000ebd8    00000008                   : usb.obj (.text:USBFIFOAddrGet)
                  0000ebe0    00000008                   : usb.obj (.text:USBOTGMode)
                  0000ebe8    00000008     usblib.lib : usbdma.obj (.text:iDMAUSBChannelIntDisable)
                  0000ebf0    00000008                : usbdma.obj (.text:iDMAUSBChannelIntEnable)
                  0000ebf8    00000008     uart_tivaware.aem4f : UARTTiva.oem4f (.text:readSemCallback)
                  0000ec00    00000008     sysbios.aem4f : BIOS.obj (.text:ti_sysbios_family_arm_m3_Hwi_startup__E)
                  0000ec08    00000008                   : BIOS.obj (.text:ti_sysbios_knl_Idle_loop__E)
                  0000ec10    00000008     uart_tivaware.aem4f : UARTTiva.oem4f (.text:writeSemCallback)
                  0000ec18    00000006     driverlib.lib : gpio.obj (.text:GPIOPinRead)
                  0000ec1e    00000006                   : gpio.obj (.text:GPIOPinWrite)
                  0000ec24    00000006                   : i2c.obj (.text:I2CMasterIntDisable)
                  0000ec2a    00000006                   : i2c.obj (.text:I2CMasterIntEnable)
                  0000ec30    00000006                   : sysctl.obj (.text:SysCtlDelay)
                  0000ec36    00000006                   : uart.obj (.text:UARTFIFOLevelSet)
                  0000ec3c    00000006     usblib.lib : usbbuffer.obj (.text:USBBufferFlush)
                  0000ec42    00000006                : usbbuffer.obj (.text:USBBufferSpaceAvailable)
                  0000ec48    00000006     driverlib.lib : usb.obj (.text:USBDMAChannelIntStatus)
                  0000ec4e    00000006                   : usb.obj (.text:USBDevLPMConfig)
                  0000ec54    00000006                   : usb.obj (.text:USBLPMIntStatus)
                  0000ec5a    00000006     ti.targets.arm.rtsarm.aem4f : xdc_noinit.oem4f (.text:__xdc__init)
                  0000ec60    00000006     rtsv7M4_T_le_v4SPD16_eabi.lib : copy_decompress_rle.obj (.text:decompress:rle24)
                  0000ec66    00000006     usblib.lib : usbdma.obj (.text:iDMAUSBIntStatus)
                  0000ec6c    00000006     Boot.aem4f : Boot_sysctl.oem4f (.text:ti_catalog_arm_cortexm4_tiva_ce_Boot_sysCtlDelayI__I)
                  0000ec72    00000006     sysbios.aem4f : BIOS.obj (.text:ti_sysbios_family_arm_lm4_TimestampProvider_Module_startup__F)
                  0000ec78    00000006                   : BIOS.obj (.text:ti_sysbios_family_arm_m3_Hwi_restoreFxn__E)
                  0000ec7e    00000006                   : BIOS.obj (.text:ti_sysbios_gates_GateHwi_leave__E)
                  0000ec84    00000006                   : BIOS.obj (.text:ti_sysbios_heaps_HeapMem_isBlocking__E)
                  0000ec8a    00000006                   : BIOS.obj (.text:ti_sysbios_knl_Queue_Instance_init__F)
                  0000ec90    00000006                   : BIOS.obj (.text:ti_sysbios_knl_Swi_Module_startup__F)
                  0000ec96    00000006     ti.targets.arm.rtsarm.aem4f : System.oem4f (.text:xdc_runtime_System_Module_startup__F)
                  0000ec9c    00000004     usblib.lib : usbdma.obj (.text:DMAUSBStatus)
                  0000eca0    00000004     driverlib.lib : i2c.obj (.text:I2CMasterControl)
                  0000eca4    00000004                   : i2c.obj (.text:I2CMasterDataGet)
                  0000eca8    00000004                   : i2c.obj (.text:I2CMasterDataPut)
                  0000ecac    00000004                   : uart.obj (.text:UARTIntClear)
                  0000ecb0    00000004                   : usb.obj (.text:USBDevAddrSet)
                  0000ecb4    00000004     uartconsole_pem4f.oem4f (.text:ti_sysbios_BIOS_RtsGateProxy_enter__E)
                  0000ecb8    00000004     uartconsole_pem4f.oem4f (.text:ti_sysbios_BIOS_RtsGateProxy_leave__E)
                  0000ecbc    00000004     sysbios.aem4f : BIOS.obj (.text:ti_sysbios_family_arm_lm4_Timer_getPeriod__E)
                  0000ecc0    00000004                   : BIOS.obj (.text:ti_sysbios_family_arm_lm4_Timer_masterEnable__I)
                  0000ecc4    00000004     uartconsole_pem4f.oem4f (.text:ti_sysbios_family_arm_m3_TaskSupport_Module__startupDone__S)
                  0000ecc8    00000004     sysbios.aem4f : BIOS.obj (.text:ti_sysbios_gates_GateHwi_query__F)
                  0000eccc    00000004                   : BIOS.obj (.text:ti_sysbios_gates_GateMutex_query__F)
                  0000ecd0    00000004     uartconsole_pem4f.oem4f (.text:ti_sysbios_hal_Hwi_HwiProxy_Module__startupDone__S)
                  0000ecd4    00000004     uartconsole_pem4f.oem4f (.text:ti_sysbios_hal_Hwi_HwiProxy_Object__delete__S)
                  0000ecd8    00000004     uartconsole_pem4f.oem4f (.text:ti_sysbios_hal_Timer_TimerProxy_Module__startupDone__S)
                  0000ecdc    00000004     uartconsole_pem4f.oem4f (.text:ti_sysbios_hal_Timer_TimerProxy_getPeriod__E)
                  0000ece0    00000004     uartconsole_pem4f.oem4f (.text:ti_sysbios_heaps_HeapMem_Module_GateProxy_enter__E)
                  0000ece4    00000004     uartconsole_pem4f.oem4f (.text:ti_sysbios_heaps_HeapMem_Module_GateProxy_leave__E)
                  0000ece8    00000004     uartconsole_pem4f.oem4f (.text:ti_sysbios_knl_Task_SupportProxy_Module__startupDone__S)
                  0000ecec    00000004     sysbios.aem4f : BIOS.obj (.text:ti_sysbios_knl_Task_startup__E)
                  0000ecf0    00000004     uartconsole_pem4f.oem4f (.text:ti_uia_runtime_LogSync_CpuTimestampProxy_Module__startupDone__S)
                  0000ecf4    00000004     uartconsole_pem4f.oem4f (.text:ti_uia_runtime_LogSync_GlobalTimestampProxy_Module__startupDone__S)
                  0000ecf8    00000004     ti.targets.arm.rtsarm.aem4f : Error.oem4f (.text:xdc_runtime_Error_getSite__F)
                  0000ecfc    00000004     uartconsole_pem4f.oem4f (.text:xdc_runtime_Memory_HeapProxy_alloc__E)
                  0000ed00    00000004     uartconsole_pem4f.oem4f (.text:xdc_runtime_Memory_HeapProxy_free__E)
                  0000ed04    00000004     uartconsole_pem4f.oem4f (.text:xdc_runtime_System_Module_GateProxy_enter__E)
                  0000ed08    00000004     uartconsole_pem4f.oem4f (.text:xdc_runtime_System_Module_GateProxy_leave__E)
                  0000ed0c    00000004     ti.targets.arm.rtsarm.aem4f : System.oem4f (.text:xdc_runtime_System_aprintf_va__F)
                  0000ed10    00000004                                 : System.oem4f (.text:xdc_runtime_System_printf_va__F)
                  0000ed14    00000004     uartconsole_pem4f.oem4f (.text:xdc_runtime_System_vsnprintf__E)
                  0000ed18    00000004     uartconsole_pem4f.oem4f (.text:xdc_runtime_TimestampNull_Module__startupDone__S)
                  0000ed1c    00000004     uartconsole_pem4f.oem4f (.text:xdc_runtime_Timestamp_Module__startupDone__S)

.const     0    0000ed20    00002d1a     
                  0000ed20    000020c4     uartconsole_pem4f.oem4f (.const:xdc_runtime_Text_charTab__A)
                  00010de4    00000102     rtsv7M4_T_le_v4SPD16_eabi.lib : ctype.obj (.const:.string:_ctypes_)
                  00010ee6    000000d8     uartconsole_pem4f.oem4f (.const:ti_sysbios_family_arm_m3_Hwi_priorities__A)
                  00010fbe    00000002     uartconsole_pem4f.oem4f (.const:ti_catalog_arm_cortexm4_tiva_ce_Boot_Module__id__C)
                  00010fc0    00000090     driverlib.lib : gpio.obj (.const:g_pui32GPIOBaseAddrs)
                  00011050    00000070                   : interrupt.obj (.const)
                  000110c0    0000006c                   : sysctl.obj (.const:g_pui32Xtals)
                  0001112c    00000048     uartconsole_pem4f.oem4f (.const:.string)
                  00011174    00000048     EK_TM4C123GXL.obj (.const)
                  000111bc    0000003c     EK_TM4C123GXL.obj (.const:gpioHWAttrs)
                  000111f8    00000038     usblib.lib : usbdcdc.obj (.const)
                  00011230    00000036     USBCDCD_LoggerIdle.obj (.const:.string:configString)
                  00011266    00000002     uartconsole_pem4f.oem4f (.const:ti_sysbios_BIOS_Module__id__C)
                  00011268    00000034     usblib.lib : usbdenum.obj (.const:g_psUSBDStdRequests)
                  0001129c    00000034     uartconsole_pem4f.oem4f (.const:ti_uia_sysbios_LoggerIdle_Module__FXNS__C)
                  000112d0    00000030     usblib.lib : usbdcdc.obj (.const:g_sCDCHandlers)
                  00011300    00000030     uartconsole_pem4f.oem4f (.const:ti_sysbios_family_arm_m3_Hwi_Object__PARAMS__C)
                  00011330    0000002c     USBCDCD_LoggerIdle.obj (.const:.string:controlInterfaceString)
                  0001135c    0000002c     uartconsole_pem4f.oem4f (.const:ti_sysbios_hal_Hwi_Object__PARAMS__C)
                  00011388    00000028     uartconsole_pem4f.oem4f (.const:ti_sysbios_heaps_HeapMem_Module__FXNS__C)
                  000113b0    00000028     uartconsole_pem4f.oem4f (.const:xdc_runtime_Startup_sfxnTab__A)
                  000113d8    00000024     USBCDCD_LoggerIdle.obj (.const:.string:manufacturerString)
                  000113fc    00000024     EK_TM4C123GXL.obj (.const:I2C_config)
                  00011420    00000024     uart_tivaware.aem4f : UARTTiva.oem4f (.const:UARTTiva_fxnTable)
                  00011444    00000024     uartconsole_pem4f.oem4f (.const:ti_sysbios_gates_GateHwi_Module__FXNS__C)
                  00011468    00000024     uartconsole_pem4f.oem4f (.const:ti_sysbios_gates_GateMutex_Module__FXNS__C)
                  0001148c    00000024     uartconsole_pem4f.oem4f (.const:ti_sysbios_heaps_HeapMem_Object__PARAMS__C)
                  000114b0    00000024     uartconsole_pem4f.oem4f (.const:ti_sysbios_knl_Semaphore_Object__PARAMS__C)
                  000114d4    00000024     USBCDCD_LoggerIdle.obj (.const:txBuffer)
                  000114f8    00000023     usblib.lib : usbdcdc.obj (.const:.string:g_pui8CDCSerCommInterface)
                  0001151b    00000022     USBCDCD_LoggerIdle.obj (.const:.string:productString)
                  0001153d    00000001     uartconsole_pem4f.oem4f (.const:xdc_runtime_Error_policy__C)
                  0001153e    00000002     uartconsole_pem4f.oem4f (.const:ti_sysbios_family_arm_lm4_TimestampProvider_useClockTimer__C)
                  00011540    00000020     uartconsole_pem4f.oem4f (.const:ti_sysbios_family_arm_m3_Hwi_Object__DESC__C)
                  00011560    00000020     uartconsole_pem4f.oem4f (.const:ti_sysbios_gates_GateHwi_Object__DESC__C)
                  00011580    00000020     uartconsole_pem4f.oem4f (.const:ti_sysbios_gates_GateMutex_Object__DESC__C)
                  000115a0    00000020     uartconsole_pem4f.oem4f (.const:ti_sysbios_hal_Hwi_Object__DESC__C)
                  000115c0    00000020     uartconsole_pem4f.oem4f (.const:ti_sysbios_heaps_HeapMem_Object__DESC__C)
                  000115e0    00000020     uartconsole_pem4f.oem4f (.const:ti_sysbios_knl_Queue_Object__DESC__C)
                  00011600    00000020     uartconsole_pem4f.oem4f (.const:ti_sysbios_knl_Semaphore_Object__DESC__C)
                  00011620    00000020     uartconsole_pem4f.oem4f (.const:ti_uia_sysbios_LoggerIdle_Object__DESC__C)
                  00011640    00000018     USBCDCD_LoggerIdle.obj (.const)
                  00011658    00000018     uartconsole_pem4f.oem4f (.const:ti_sysbios_gates_GateHwi_Object__PARAMS__C)
                  00011670    00000018     uartconsole_pem4f.oem4f (.const:ti_sysbios_gates_GateMutex_Object__PARAMS__C)
                  00011688    00000018     uartconsole_pem4f.oem4f (.const:ti_sysbios_knl_Queue_Object__PARAMS__C)
                  000116a0    00000018     uartconsole_pem4f.oem4f (.const:ti_sysbios_knl_Task_hooks__A)
                  000116b8    00000018     uartconsole_pem4f.oem4f (.const:ti_uia_sysbios_LoggerIdle_Object__PARAMS__C)
                  000116d0    00000017     usblib.lib : usbdcdc.obj (.const:.string)
                  000116e7    00000016     USBCDCD_LoggerIdle.obj (.const:.string)
                  000116fd    00000001     --HOLE-- [fill = 0]
                  000116fe    00000002     uartconsole_pem4f.oem4f (.const:ti_sysbios_family_arm_m3_Hwi_Module__id__C)
                  00011700    00000014     uartconsole_pem4f.oem4f (.const:xdc_runtime_Startup_firstFxns__A)
                  00011714    00000014     uartconsole_pem4f.oem4f (.const:xdc_runtime_Startup_sfxnRts__A)
                  00011728    00000011     ti.targets.arm.rtsarm.aem4f : System.oem4f (.const)
                  00011739    00000001     --HOLE-- [fill = 0]
                  0001173a    00000002     uartconsole_pem4f.oem4f (.const:ti_sysbios_family_arm_m3_Hwi_Module__loggerDefined__C)
                  0001173c    00000010     i2c_tivaware.aem4f : I2CTiva.oem4f (.const)
                  0001174c    00000010     uartconsole_pem4f.oem4f (.const:xdc_runtime_Text_nodeTab__A)
                  0001175c    00000008     uartconsole_pem4f.oem4f (.const:ti_sysbios_family_arm_m3_Hwi_excHookFuncs__A)
                  00011764    00000008     uartconsole_pem4f.oem4f (.const:ti_sysbios_knl_Idle_coreList__A)
                  0001176c    00000008     uartconsole_pem4f.oem4f (.const:ti_sysbios_knl_Idle_coreList__C)
                  00011774    00000008     uartconsole_pem4f.oem4f (.const:ti_sysbios_knl_Idle_funcList__A)
                  0001177c    00000008     uartconsole_pem4f.oem4f (.const:ti_sysbios_knl_Idle_funcList__C)
                  00011784    00000008     uartconsole_pem4f.oem4f (.const:ti_sysbios_knl_Task_hooks__C)
                  0001178c    00000008     uartconsole_pem4f.oem4f (.const:xdc_runtime_Startup_firstFxns__C)
                  00011794    00000008     uartconsole_pem4f.oem4f (.const:xdc_runtime_Startup_lastFxns__A)
                  0001179c    00000008     uartconsole_pem4f.oem4f (.const:xdc_runtime_Startup_lastFxns__C)
                  000117a4    00000004     uartconsole_pem4f.oem4f (.const:ti_catalog_arm_cortexm4_tiva_ce_Boot_A_mustUseEnhancedClockMode__C)
                  000117a8    00000004     uartconsole_pem4f.oem4f (.const:ti_catalog_arm_cortexm4_tiva_ce_Boot_Module__diagsEnabled__C)
                  000117ac    00000004     uartconsole_pem4f.oem4f (.const:ti_catalog_arm_cortexm4_tiva_ce_Boot_Module__diagsIncluded__C)
                  000117b0    00000004     uartconsole_pem4f.oem4f (.const:ti_catalog_arm_cortexm4_tiva_ce_Boot_Module__diagsMask__C)
                  000117b4    00000004     uartconsole_pem4f.oem4f (.const:ti_sysbios_BIOS_Module__diagsEnabled__C)
                  000117b8    00000004     uartconsole_pem4f.oem4f (.const:ti_sysbios_BIOS_Module__diagsIncluded__C)
                  000117bc    00000004     uartconsole_pem4f.oem4f (.const:ti_sysbios_BIOS_Module__diagsMask__C)
                  000117c0    00000004     uartconsole_pem4f.oem4f (.const:ti_sysbios_BIOS_installedErrorHook__C)
                  000117c4    00000004     uartconsole_pem4f.oem4f (.const:ti_sysbios_family_arm_lm4_Timer_enableFunc__C)
                  000117c8    00000004     uartconsole_pem4f.oem4f (.const:ti_sysbios_family_arm_lm4_Timer_numTimerDevices__C)
                  000117cc    00000004     uartconsole_pem4f.oem4f (.const:ti_sysbios_family_arm_lm4_Timer_startupNeeded__C)
                  000117d0    00000004     uartconsole_pem4f.oem4f (.const:ti_sysbios_family_arm_m3_Hwi_E_NMI__C)
                  000117d4    00000004     uartconsole_pem4f.oem4f (.const:ti_sysbios_family_arm_m3_Hwi_E_alreadyDefined__C)
                  000117d8    00000004     uartconsole_pem4f.oem4f (.const:ti_sysbios_family_arm_m3_Hwi_E_busFault__C)
                  000117dc    00000004     uartconsole_pem4f.oem4f (.const:ti_sysbios_family_arm_m3_Hwi_E_debugMon__C)
                  000117e0    00000004     uartconsole_pem4f.oem4f (.const:ti_sysbios_family_arm_m3_Hwi_E_hardFault__C)
                  000117e4    00000004     uartconsole_pem4f.oem4f (.const:ti_sysbios_family_arm_m3_Hwi_E_memFault__C)
                  000117e8    00000004     uartconsole_pem4f.oem4f (.const:ti_sysbios_family_arm_m3_Hwi_E_noIsr__C)
                  000117ec    00000004     uartconsole_pem4f.oem4f (.const:ti_sysbios_family_arm_m3_Hwi_E_reserved__C)
                  000117f0    00000004     uartconsole_pem4f.oem4f (.const:ti_sysbios_family_arm_m3_Hwi_E_svCall__C)
                  000117f4    00000004     uartconsole_pem4f.oem4f (.const:ti_sysbios_family_arm_m3_Hwi_E_usageFault__C)
                  000117f8    00000004     uartconsole_pem4f.oem4f (.const:ti_sysbios_family_arm_m3_Hwi_LD_end__C)
                  000117fc    00000004     uartconsole_pem4f.oem4f (.const:ti_sysbios_family_arm_m3_Hwi_LM_begin__C)
                  00011800    00000004     uartconsole_pem4f.oem4f (.const:ti_sysbios_family_arm_m3_Hwi_Module__diagsEnabled__C)
                  00011804    00000004     uartconsole_pem4f.oem4f (.const:ti_sysbios_family_arm_m3_Hwi_Module__diagsIncluded__C)
                  00011808    00000004     uartconsole_pem4f.oem4f (.const:ti_sysbios_family_arm_m3_Hwi_Module__diagsMask__C)
                  0001180c    00000004     uartconsole_pem4f.oem4f (.const:ti_sysbios_family_arm_m3_Hwi_Module__loggerFxn1__C)
                  00011810    00000004     uartconsole_pem4f.oem4f (.const:ti_sysbios_family_arm_m3_Hwi_Module__loggerFxn8__C)
                  00011814    00000004     uartconsole_pem4f.oem4f (.const:ti_sysbios_family_arm_m3_Hwi_Module__loggerObj__C)
                  00011818    00000004     uartconsole_pem4f.oem4f (.const:ti_sysbios_family_arm_m3_Hwi_NUM_INTERRUPTS__C)
                  0001181c    00000004     uartconsole_pem4f.oem4f (.const:ti_sysbios_family_arm_m3_Hwi_ccr__C)
                  00011820    00000004     uartconsole_pem4f.oem4f (.const:ti_sysbios_family_arm_m3_Hwi_dispatchTable__C)
                  00011824    00000004     uartconsole_pem4f.oem4f (.const:ti_sysbios_family_arm_m3_Hwi_excHandlerFunc__C)
                  00011828    00000004     uartconsole_pem4f.oem4f (.const:ti_sysbios_family_arm_m3_Hwi_excHookFuncs__C)
                  0001182c    00000004     uartconsole_pem4f.oem4f (.const:ti_sysbios_family_arm_m3_Hwi_priGroup__C)
                  00011830    00000004     uartconsole_pem4f.oem4f (.const:ti_sysbios_family_arm_m3_Hwi_priorities__C)
                  00011834    00000004     uartconsole_pem4f.oem4f (.const:ti_sysbios_gates_GateMutex_A_badContext__C)
                  00011838    00000004     uartconsole_pem4f.oem4f (.const:ti_sysbios_gates_GateMutex_Instance_State_sem__O)
                  0001183c    00000004     uartconsole_pem4f.oem4f (.const:ti_sysbios_gates_GateMutex_Module__diagsEnabled__C)
                  00011840    00000004     uartconsole_pem4f.oem4f (.const:ti_sysbios_gates_GateMutex_Module__diagsIncluded__C)
                  00011844    00000004     uartconsole_pem4f.oem4f (.const:ti_sysbios_gates_GateMutex_Module__diagsMask__C)
                  00011848    00000004     uartconsole_pem4f.oem4f (.const:ti_sysbios_heaps_HeapMem_A_align__C)
                  0001184c    00000004     uartconsole_pem4f.oem4f (.const:ti_sysbios_heaps_HeapMem_A_heapSize__C)
                  00011850    00000004     uartconsole_pem4f.oem4f (.const:ti_sysbios_heaps_HeapMem_A_invalidFree__C)
                  00011854    00000004     uartconsole_pem4f.oem4f (.const:ti_sysbios_heaps_HeapMem_A_zeroBlock__C)
                  00011858    00000004     uartconsole_pem4f.oem4f (.const:ti_sysbios_heaps_HeapMem_E_memory__C)
                  0001185c    00000004     uartconsole_pem4f.oem4f (.const:ti_sysbios_heaps_HeapMem_Module__diagsEnabled__C)
                  00011860    00000004     uartconsole_pem4f.oem4f (.const:ti_sysbios_heaps_HeapMem_Module__diagsIncluded__C)
                  00011864    00000004     uartconsole_pem4f.oem4f (.const:ti_sysbios_heaps_HeapMem_Module__diagsMask__C)
                  00011868    00000004     uartconsole_pem4f.oem4f (.const:ti_sysbios_heaps_HeapMem_Module__gateObj__C)
                  0001186c    00000004     uartconsole_pem4f.oem4f (.const:ti_sysbios_heaps_HeapMem_Object__count__C)
                  00011870    00000004     uartconsole_pem4f.oem4f (.const:ti_sysbios_heaps_HeapMem_reqAlign__C)
                  00011874    00000004     uartconsole_pem4f.oem4f (.const:ti_sysbios_knl_Clock_LM_begin__C)
                  00011878    00000004     uartconsole_pem4f.oem4f (.const:ti_sysbios_knl_Clock_LM_tick__C)
                  0001187c    00000004     uartconsole_pem4f.oem4f (.const:ti_sysbios_knl_Clock_LW_delayed__C)
                  00011880    00000004     uartconsole_pem4f.oem4f (.const:ti_sysbios_knl_Clock_Module_State_clockQ__O)
                  00011884    00000004     uartconsole_pem4f.oem4f (.const:ti_sysbios_knl_Clock_Module__diagsEnabled__C)
                  00011888    00000004     uartconsole_pem4f.oem4f (.const:ti_sysbios_knl_Clock_Module__diagsIncluded__C)
                  0001188c    00000004     uartconsole_pem4f.oem4f (.const:ti_sysbios_knl_Clock_Module__diagsMask__C)
[...]
0000ec79   ti_sysbios_hal_Hwi_HwiProxy_restore__E
0000ec79   ti_sysbios_hal_Hwi_restore__E
0000ec7f   ti_sysbios_gates_GateHwi_leave__E
0000ec85   ti_sysbios_heaps_HeapMem_isBlocking__E
0000ec8b   ti_sysbios_knl_Queue_Instance_init__F
0000ec91   ti_sysbios_knl_Swi_Module_startup__E
0000ec91   ti_sysbios_knl_Swi_Module_startup__F
0000ec97   xdc_runtime_System_Module_startup__E
0000ec97   xdc_runtime_System_Module_startup__F
0000eca1   I2CMasterControl
0000eca5   I2CMasterDataGet
0000eca9   I2CMasterDataPut
0000ecad   UARTIntClear
0000ecb1   USBDevAddrSet
0000ecb5   ti_sysbios_BIOS_RtsGateProxy_enter__E
0000ecb9   ti_sysbios_BIOS_RtsGateProxy_leave__E
0000ecbd   ti_sysbios_family_arm_lm4_Timer_getPeriod__E
0000ecc1   ti_sysbios_family_arm_lm4_Timer_masterEnable__I
0000ecc5   ti_sysbios_family_arm_m3_TaskSupport_Module__startupDone__S
0000ecc9   ti_sysbios_gates_GateHwi_query__E
0000ecc9   ti_sysbios_gates_GateHwi_query__F
0000ecc9   xdc_runtime_Main_Module_GateProxy_query__E
0000ecc9   xdc_runtime_System_Module_GateProxy_query__E
0000eccd   ti_sysbios_BIOS_RtsGateProxy_query__E
0000eccd   ti_sysbios_gates_GateMutex_query__E
0000eccd   ti_sysbios_gates_GateMutex_query__F
0000eccd   ti_sysbios_heaps_HeapMem_Module_GateProxy_query__E
0000ecd1   ti_sysbios_hal_Hwi_HwiProxy_Module__startupDone__S
0000ecd5   ti_sysbios_hal_Hwi_HwiProxy_Object__delete__S
0000ecd9   ti_sysbios_hal_Timer_TimerProxy_Module__startupDone__S
0000ecdd   ti_sysbios_hal_Timer_TimerProxy_getPeriod__E
0000ece1   ti_sysbios_heaps_HeapMem_Module_GateProxy_enter__E
0000ece5   ti_sysbios_heaps_HeapMem_Module_GateProxy_leave__E
0000ece9   ti_sysbios_knl_Task_SupportProxy_Module__startupDone__S
0000eced   ti_sysbios_knl_Task_startup__E
0000ecf1   ti_uia_runtime_LogSync_CpuTimestampProxy_Module__startupDone__S
0000ecf5   ti_uia_runtime_LogSync_GlobalTimestampProxy_Module__startupDone__S
0000ecf9   xdc_runtime_Error_getSite__E
0000ecf9   xdc_runtime_Error_getSite__F
0000ecfd   xdc_runtime_Memory_HeapProxy_alloc__E
0000ed01   xdc_runtime_Memory_HeapProxy_free__E
0000ed05   xdc_runtime_System_Module_GateProxy_enter__E
0000ed09   xdc_runtime_System_Module_GateProxy_leave__E
0000ed0d   xdc_runtime_System_aprintf_va__F
0000ed11   xdc_runtime_System_printf_va__F
0000ed15   xdc_runtime_System_vsnprintf__E
0000ed19   xdc_runtime_TimestampNull_Module__startupDone__S
0000ed1d   xdc_runtime_Timestamp_Module__startupDone__S
0000ed20   xdc_runtime_Text_charTab__A
00010de4   _ctypes_
00010ee6   ti_sysbios_family_arm_m3_Hwi_priorities__A
00010fbe   ti_catalog_arm_cortexm4_tiva_ce_Boot_Module__id__C
00011174   GPIO_config
0001118c   i2cTivaHWAttrs
0001119c   uartTivaHWAttrs
000111a4   UART_config
000111bc   gpioHWAttrs
000111f8   g_sCDCSerConfigSection
00011200   g_sIADSerConfigSection
00011208   g_sCDCSerCommInterfaceSection
00011210   g_sCDCSerDataInterfaceSection
00011218   g_sCDCSerConfigHeader
00011220   g_sCDCCompSerConfigHeader
00011228   g_ppCDCSerConfigDescriptors
0001122c   g_pCDCCompSerConfigDescriptors
00011230   configString
00011266   ti_sysbios_BIOS_Module__id__C
0001129c   ti_uia_sysbios_LoggerIdle_Module__FXNS__C
000112d0   g_sCDCHandlers
00011300   ti_sysbios_family_arm_m3_Hwi_Object__PARAMS__C
00011330   controlInterfaceString
0001135c   ti_sysbios_hal_Hwi_Object__PARAMS__C
00011388   ti_sysbios_heaps_HeapMem_Module__FXNS__C
000113b0   xdc_runtime_Startup_sfxnTab__A
000113d8   manufacturerString
000113fc   I2C_config
00011420   UARTTiva_fxnTable
00011444   ti_sysbios_gates_GateHwi_Module__FXNS__C
00011468   ti_sysbios_gates_GateMutex_Module__FXNS__C
0001148c   ti_sysbios_heaps_HeapMem_Object__PARAMS__C
000114b0   ti_sysbios_knl_Semaphore_Object__PARAMS__C
000114d4   txBuffer
000114f8   g_pui8CDCSerCommInterface
0001151b   productString
0001153d   xdc_runtime_Error_policy__C
0001153e   ti_sysbios_family_arm_lm4_TimestampProvider_useClockTimer__C
00011540   ti_sysbios_family_arm_m3_Hwi_Object__DESC__C
00011560   ti_sysbios_gates_GateHwi_Object__DESC__C
00011580   ti_sysbios_gates_GateMutex_Object__DESC__C
000115a0   ti_sysbios_hal_Hwi_Object__DESC__C
000115c0   ti_sysbios_heaps_HeapMem_Object__DESC__C
000115e0   ti_sysbios_knl_Queue_Object__DESC__C
00011600   ti_sysbios_knl_Semaphore_Object__DESC__C
00011620   ti_uia_sysbios_LoggerIdle_Object__DESC__C
00011640   stringDescriptors
00011658   ti_sysbios_gates_GateHwi_Object__PARAMS__C
00011670   ti_sysbios_gates_GateMutex_Object__PARAMS__C
00011688   ti_sysbios_knl_Queue_Object__PARAMS__C
000116a0   ti_sysbios_knl_Task_hooks__A
000116b8   ti_uia_sysbios_LoggerIdle_Object__PARAMS__C
000116d0   g_pui8CDCSerDataInterface
000116e7   langDescriptor
000116eb   serialNumberString
000116fe   ti_sysbios_family_arm_m3_Hwi_Module__id__C
00011700   xdc_runtime_Startup_firstFxns__A
00011714   xdc_runtime_Startup_sfxnRts__A
0001173a   ti_sysbios_family_arm_m3_Hwi_Module__loggerDefined__C
0001173c   I2CTiva_fxnTable
0001174c   xdc_runtime_Text_nodeTab__A
0001175c   ti_sysbios_family_arm_m3_Hwi_excHookFuncs__A
00011764   ti_sysbios_knl_Idle_coreList__A
0001176c   ti_sysbios_knl_Idle_coreList__C
00011774   ti_sysbios_knl_Idle_funcList__A
0001177c   ti_sysbios_knl_Idle_funcList__C
00011784   ti_sysbios_knl_Task_hooks__C
0001178c   xdc_runtime_Startup_firstFxns__C
00011794   xdc_runtime_Startup_lastFxns__A
0001179c   xdc_runtime_Startup_lastFxns__C
000117a4   ti_catalog_arm_cortexm4_tiva_ce_Boot_A_mustUseEnhancedClockMode__C
000117a8   ti_catalog_arm_cortexm4_tiva_ce_Boot_Module__diagsEnabled__C
000117ac   ti_catalog_arm_cortexm4_tiva_ce_Boot_Module__diagsIncluded__C
000117b0   ti_catalog_arm_cortexm4_tiva_ce_Boot_Module__diagsMask__C
000117b4   ti_sysbios_BIOS_Module__diagsEnabled__C
000117b8   ti_sysbios_BIOS_Module__diagsIncluded__C
000117bc   ti_sysbios_BIOS_Module__diagsMask__C
000117c0   ti_sysbios_BIOS_installedErrorHook__C
000117c4   ti_sysbios_family_arm_lm4_Timer_enableFunc__C
000117c8   ti_sysbios_family_arm_lm4_Timer_numTimerDevices__C
000117cc   ti_sysbios_family_arm_lm4_Timer_startupNeeded__C
000117d0   ti_sysbios_family_arm_m3_Hwi_E_NMI__C
000117d4   ti_sysbios_family_arm_m3_Hwi_E_alreadyDefined__C
000117d8   ti_sysbios_family_arm_m3_Hwi_E_busFault__C
000117dc   ti_sysbios_family_arm_m3_Hwi_E_debugMon__C
000117e0   ti_sysbios_family_arm_m3_Hwi_E_hardFault__C
000117e4   ti_sysbios_family_arm_m3_Hwi_E_memFault__C
000117e8   ti_sysbios_family_arm_m3_Hwi_E_noIsr__C
000117ec   ti_sysbios_family_arm_m3_Hwi_E_reserved__C
000117f0   ti_sysbios_family_arm_m3_Hwi_E_svCall__C
000117f4   ti_sysbios_family_arm_m3_Hwi_E_usageFault__C
000117f8   ti_sysbios_family_arm_m3_Hwi_LD_end__C
000117fc   ti_sysbios_family_arm_m3_Hwi_LM_begin__C
00011800   ti_sysbios_family_arm_m3_Hwi_Module__diagsEnabled__C
00011804   ti_sysbios_family_arm_m3_Hwi_Module__diagsIncluded__C
00011808   ti_sysbios_family_arm_m3_Hwi_Module__diagsMask__C
0001180c   ti_sysbios_family_arm_m3_Hwi_Module__loggerFxn1__C
00011810   ti_sysbios_family_arm_m3_Hwi_Module__loggerFxn8__C
00011814   ti_sysbios_family_arm_m3_Hwi_Module__loggerObj__C
00011818   ti_sysbios_family_arm_m3_Hwi_NUM_INTERRUPTS__C
0001181c   ti_sysbios_family_arm_m3_Hwi_ccr__C
00011820   ti_sysbios_family_arm_m3_Hwi_dispatchTable__C
00011824   ti_sysbios_family_arm_m3_Hwi_excHandlerFunc__C
00011828   ti_sysbios_family_arm_m3_Hwi_excHookFuncs__C
0001182c   ti_sysbios_family_arm_m3_Hwi_priGroup__C
00011830   ti_sysbios_family_arm_m3_Hwi_priorities__C
00011834   ti_sysbios_gates_GateMutex_A_badContext__C
00011838   ti_sysbios_gates_GateMutex_Instance_State_sem__O
0001183c   ti_sysbios_gates_GateMutex_Module__diagsEnabled__C
00011840   ti_sysbios_gates_GateMutex_Module__diagsIncluded__C
00011844   ti_sysbios_gates_GateMutex_Module__diagsMask__C
00011848   ti_sysbios_heaps_HeapMem_A_align__C
0001184c   ti_sysbios_heaps_HeapMem_A_heapSize__C
00011850   ti_sysbios_heaps_HeapMem_A_invalidFree__C
00011854   ti_sysbios_heaps_HeapMem_A_zeroBlock__C
00011858   ti_sysbios_heaps_HeapMem_E_memory__C
0001185c   ti_sysbios_heaps_HeapMem_Module__diagsEnabled__C
00011860   ti_sysbios_heaps_HeapMem_Module__diagsIncluded__C
00011864   ti_sysbios_heaps_HeapMem_Module__diagsMask__C
00011868   ti_sysbios_heaps_HeapMem_Module__gateObj__C
0001186c   ti_sysbios_heaps_HeapMem_Object__count__C
00011870   ti_sysbios_heaps_HeapMem_reqAlign__C
00011874   ti_sysbios_knl_Clock_LM_begin__C
00011878   ti_sysbios_knl_Clock_LM_tick__C
0001187c   ti_sysbios_knl_Clock_LW_delayed__C
00011880   ti_sysbios_knl_Clock_Module_State_clockQ__O
00011884   ti_sysbios_knl_Clock_Module__diagsEnabled__C
00011888   ti_sysbios_knl_Clock_Module__diagsIncluded__C
0001188c   ti_sysbios_knl_Clock_Module__diagsMask__C
00011890   ti_sysbios_knl_Clock_Module__loggerFxn1__C
00011894   ti_sysbios_knl_Clock_Module__loggerFxn2__C
00011898   ti_sysbios_knl_Clock_Module__loggerObj__C
0001189c   ti_sysbios_knl_Semaphore_A_badContext__C
000118a0   ti_sysbios_knl_Semaphore_A_noEvents__C
000118a4   ti_sysbios_knl_Semaphore_A_overflow__C
000118a8   ti_sysbios_knl_Semaphore_A_pendTaskDisabled__C
000118ac   ti_sysbios_knl_Semaphore_Instance_State_pendQ__O
000118b0   ti_sysbios_knl_Semaphore_LM_pend__C
000118b4   ti_sysbios_knl_Semaphore_LM_post__C
000118b8   ti_sysbios_knl_Semaphore_Module__diagsEnabled__C
000118bc   ti_sysbios_knl_Semaphore_Module__diagsIncluded__C
000118c0   ti_sysbios_knl_Semaphore_Module__diagsMask__C
000118c4   ti_sysbios_knl_Semaphore_Module__loggerFxn2__C
000118c8   ti_sysbios_knl_Semaphore_Module__loggerFxn4__C
000118cc   ti_sysbios_knl_Semaphore_Module__loggerObj__C
000118d0   ti_sysbios_knl_Task_A_badTimeout__C
000118d4   ti_sysbios_knl_Task_A_sleepTaskDisabled__C
000118d8   ti_sysbios_knl_Task_LD_block__C
000118dc   ti_sysbios_knl_Task_LD_exit__C
000118e0   ti_sysbios_knl_Task_LD_ready__C
000118e4   ti_sysbios_knl_Task_LM_sleep__C
000118e8   ti_sysbios_knl_Task_LM_switch__C
000118ec   ti_sysbios_knl_Task_Module_State_inactiveQ__O
000118f0   ti_sysbios_knl_Task_Module__diagsEnabled__C
000118f4   ti_sysbios_knl_Task_Module__diagsIncluded__C
000118f8   ti_sysbios_knl_Task_Module__diagsMask__C
000118fc   ti_sysbios_knl_Task_Module__loggerFxn2__C
00011900   ti_sysbios_knl_Task_Module__loggerFxn4__C
00011904   ti_sysbios_knl_Task_Module__loggerObj__C
00011908   ti_sysbios_knl_Task_Object__count__C
0001190c   ti_sysbios_knl_Task_Object__heap__C
00011910   ti_sysbios_knl_Task_allBlockedFunc__C
00011914   ti_sysbios_knl_Task_numConstructedTasks__C
00011918   ti_sysbios_utils_Load_LS_cpuLoad__C
0001191c   ti_sysbios_utils_Load_LS_hwiLoad__C
00011920   ti_sysbios_utils_Load_LS_taskLoad__C
00011924   ti_sysbios_utils_Load_Module_State_taskList__O
00011928   ti_sysbios_utils_Load_Module__diagsEnabled__C
0001192c   ti_sysbios_utils_Load_Module__diagsIncluded__C
00011930   ti_sysbios_utils_Load_Module__diagsMask__C
00011934   ti_sysbios_utils_Load_Module__loggerFxn1__C
00011938   ti_sysbios_utils_Load_Module__loggerFxn2__C
0001193c   ti_sysbios_utils_Load_Module__loggerFxn4__C
00011940   ti_sysbios_utils_Load_Module__loggerObj__C
00011944   ti_sysbios_utils_Load_postUpdate__C
00011948   ti_sysbios_utils_Load_windowInMs__C
0001194c   ti_uia_sysbios_LoggerIdle_Module__diagsEnabled__C
00011950   ti_uia_sysbios_LoggerIdle_Module__diagsIncluded__C
00011954   ti_uia_sysbios_LoggerIdle_Module__diagsMask__C
00011958   xdc_runtime_Assert_E_assertFailed__C
0001195c   xdc_runtime_Core_A_initializedParams__C
00011960   xdc_runtime_Core_Module__diagsEnabled__C
00011964   xdc_runtime_Core_Module__diagsIncluded__C
00011968   xdc_runtime_Core_Module__diagsMask__C
0001196c   xdc_runtime_Error_E_memory__C
00011970   xdc_runtime_Error_Module__diagsEnabled__C
00011974   xdc_runtime_Error_Module__diagsIncluded__C
00011978   xdc_runtime_Error_Module__diagsMask__C
0001197c   xdc_runtime_Error_Module__loggerFxn8__C
00011980   xdc_runtime_Error_Module__loggerObj__C
00011984   xdc_runtime_Error_raiseHook__C
00011988   xdc_runtime_IGateProvider_Interface__BASE__C
0001198c   xdc_runtime_IHeap_Interface__BASE__C
00011990   xdc_runtime_ILogger_Interface__BASE__C
00011994   xdc_runtime_IModule_Interface__BASE__C
00011998   xdc_runtime_Log_L_error__C
0001199c   xdc_runtime_Log_L_warning__C
000119a0   xdc_runtime_Main_Module__diagsEnabled__C
000119a4   xdc_runtime_Main_Module__diagsIncluded__C
000119a8   xdc_runtime_Main_Module__diagsMask__C
000119ac   xdc_runtime_Main_Module__loggerFxn2__C
000119b0   xdc_runtime_Main_Module__loggerFxn4__C
000119b4   xdc_runtime_Main_Module__loggerObj__C
000119b8   xdc_runtime_Memory_defaultHeapInstance__C
000119bc   xdc_runtime_Startup_execImpl__C
000119c0   xdc_runtime_Startup_maxPasses__C
000119c4   xdc_runtime_Startup_sfxnRts__C
000119c8   xdc_runtime_Startup_sfxnTab__C
000119cc   xdc_runtime_SysCallback_abortFxn__C
000119d0   xdc_runtime_SysCallback_exitFxn__C
000119d4   xdc_runtime_SysCallback_flushFxn__C
000119d8   xdc_runtime_SysCallback_putchFxn__C
000119dc   xdc_runtime_SysCallback_readyFxn__C
000119e0   xdc_runtime_System_Module__gateObj__C
000119e4   xdc_runtime_System_extendFxn__C
000119e8   xdc_runtime_System_maxAtexitHandlers__C
000119ec   xdc_runtime_Text_charTab__C
000119f0   xdc_runtime_Text_nameEmpty__C
000119f4   xdc_runtime_Text_nameStatic__C
000119f8   xdc_runtime_Text_nameUnknown__C
000119fc   xdc_runtime_Text_nodeTab__C
00011a00   xdc_runtime_Text_visitRopeFxn__C
00011a04   ti_sysbios_gates_GateMutex_Module__id__C
00011a06   ti_sysbios_heaps_HeapMem_Module__id__C
00011a08   ti_sysbios_knl_Clock_Module__id__C
00011a0a   ti_sysbios_knl_Clock_Module__loggerDefined__C
00011a0c   ti_sysbios_knl_Semaphore_Module__id__C
00011a0e   ti_sysbios_knl_Semaphore_Module__loggerDefined__C
00011a10   ti_sysbios_knl_Task_Module__id__C
00011a12   ti_sysbios_knl_Task_Module__loggerDefined__C
00011a14   ti_sysbios_knl_Task_initStackFlag__C
00011a16   ti_sysbios_utils_Load_Module__id__C
00011a18   ti_sysbios_utils_Load_Module__loggerDefined__C
00011a1a   ti_sysbios_utils_Load_autoAddTasks__C
00011a1c   ti_sysbios_utils_Load_hwiEnabled__C
00011a1e   ti_sysbios_utils_Load_updateInIdle__C
00011a20   ti_uia_sysbios_LoggerIdle_Module__id__C
00011a22   ti_uia_sysbios_LoggerIdle_isTimestampEnabled__C
00011a24   ti_uia_sysbios_LoggerIdle_writeWhenFull__C
00011a26   xdc_runtime_Core_Module__id__C
00011a28   xdc_runtime_Error_Module__loggerDefined__C
00011a2a   xdc_runtime_Error_maxDepth__C
00011a2c   xdc_runtime_Main_Module__id__C
00011a2e   xdc_runtime_Main_Module__loggerDefined__C
00011a30   xdc_runtime_Memory_Module__id__C
00011a32   xdc_runtime_Text_charCnt__C
00011a34   xdc_runtime_Text_isLoaded__C
00011a36   xdc_runtime_Text_registryModsLastId__C
00011a38   xdc_runtime_Text_unnamedModsLastId__C
00011ebc   __TI_Handler_Table_Base
00011ec8   __TI_Handler_Table_Limit
00011ed8   __TI_CINIT_Base
00011ef0   __TI_CINIT_Limit
20000000   ti_sysbios_family_arm_m3_Hwi_ramVectors
20000360   ti_uia_sysbios_LoggerIdle_Module_State_0_idleBuffer__A
20001360   ti_sysbios_knl_Task_Instance_State_0_stack__A
20001960   ti_sysbios_knl_Task_Instance_State_1_stack__A
20002160   ti_sysbios_heaps_HeapMem_Instance_State_0_buf__A
20002960   __CIOBUF_
20002b90   i2cTivaObjects
20002d90   __TI_tmpnams
20002e30   uartTivaObjects
20002eb8   g_psDCDInst
20002f48   ti_uia_sysbios_LoggerIdle_Module_State_0_tempBuffer__A
20002f88   g_pfnTickHandlers
20002fa0   g_pvTickInstance
20002fdc   g_ppsDevInfo
20002fe4   ti_sysbios_knl_Task_Instance_State_0_hookEnv__A
20002fe8   ti_sysbios_knl_Task_Instance_State_1_hookEnv__A
20002ff0   ti_sysbios_family_arm_m3_Hwi_Module_State_0_dispatchTable__A
20003350   xdc_runtime_Diags_dictElems
20003360   ti_sysbios_BIOS_Module__state__V
20003380   ti_sysbios_family_arm_lm4_Timer_Module__root__V
20003388   ti_sysbios_family_arm_lm4_Timer_Module_State_0_handles__A
200033a0   ti_sysbios_family_arm_lm4_Timer_Module__state__V
200033ac   ti_sysbios_family_arm_lm4_TimestampProvider_Module__state__V
200033b4   ti_sysbios_family_arm_m3_Hwi_Module__root__V
200033bc   ti_sysbios_family_arm_m3_Hwi_Module_State_0_excActive__A
200033c0   ti_sysbios_family_arm_m3_Hwi_Module_State_0_excContext__A
200033c4   ti_sysbios_family_arm_m3_Hwi_Module_State_0_excStack__A
200033c8   ti_sysbios_gates_GateHwi_Module__root__V
200033d0   ti_sysbios_gates_GateHwi_Object__table__V
200033d4   ti_sysbios_gates_GateMutex_Module__root__V
200033dc   ti_sysbios_hal_Hwi_Module__root__V
200033e4   ti_sysbios_hal_Timer_Module__root__V
200033ec   ti_sysbios_hal_Timer_Object__table__V
200033f4   ti_sysbios_heaps_HeapMem_Module__root__V
200033fc   ti_sysbios_heaps_HeapMem_Object__table__V
20003414   ti_sysbios_knl_Clock_Module__root__V
2000341c   ti_sysbios_knl_Event_Module__root__V
20003428   ti_sysbios_knl_Queue_Module__root__V
20003430   ti_sysbios_knl_Semaphore_Module__root__V
2000343c   ti_sysbios_knl_Swi_Module__root__V
20003444   ti_sysbios_knl_Swi_Module_State_0_readyQ__A
2000344c   ti_sysbios_knl_Swi_Module__state__V
20003468   ti_sysbios_knl_Task_Module__root__V
20003474   ti_sysbios_knl_Task_Module_State_0_readyQ__A
20003494   ti_sysbios_knl_Task_Module_State_0_idleTask__A
20003498   ti_sysbios_utils_Load_Module__root__V
2000349c   ti_sysbios_utils_Load_Module_State_0_taskStartTime__A
200034a0   ti_sysbios_utils_Load_Module_State_0_runningTask__A
200034a4   ti_uia_runtime_LogSync_Module__root__V
200034ac   ti_uia_runtime_LogSync_Module__state__V
200034b8   ti_uia_runtime_QueueDescriptor_Module__state__V
200034c4   ti_uia_sysbios_LoggerIdle_Module__root__V
200034cc   ti_uia_sysbios_LoggerIdle_Object__table__V
200034d0   xdc_runtime_Error_Module__state__V
200034d2   xdc_runtime_Main_Module__root__V
200034d4   xdc_runtime_Memory_Module__state__V
200034d8   xdc_runtime_Registry_Module__state__V
200034e0   xdc_runtime_Startup_Module__state__V
200034e8   xdc_runtime_System_Module_State_0_atexitHandlers__A
200034f0   xdc_runtime_System_Module__state__V
200034fc   xdc_runtime_Text_Module__state__V
20003504   __xdc__init__addr
20003508   _ftable
20003778   ti_sysbios_knl_Task_Object__table__V
200037c4   TSK_idle
20003810   ti_sysbios_utils_Load_Module__state__V
200038a8   _Denorm
200038b8   _Eps
200038c8   _Hugeval
200038d8   _Inf
200038e8   _Nan
200038f8   _Snan
20003908   _Rteps
20003918   _Xbig
20003920   _Zero
20003928   ti_sysbios_family_arm_lm4_Timer_Object__table__V
200039f8   ti_sysbios_family_arm_m3_Hwi_Module__state__V
20003a54   ti_sysbios_knl_Task_Module__state__V
20003a98   g_pui8CDCSerDeviceDescriptor
20003aaa   g_pui8CDCSerDescriptor
20003ab3   g_pui8IADSerDescriptor
20003abc   g_psCDCSerSections
20003ac8   g_psCDCCompSerSections
20003ad8   ti_sysbios_gates_GateMutex_Object__table__V
20003b10   ti_sysbios_utils_Load_Module_State_0_taskEnv__A
20003b48   ti_sysbios_family_arm_lm4_Timer_Module_State_0_device__A
20003b78   ti_sysbios_family_arm_m3_Hwi_Object__table__V
20003ba8   ti_sysbios_knl_Clock_Module__state__V
20003bd0   ti_uia_sysbios_LoggerIdle_Module__state__V
20003c10   __TI_ft_end
20003c14   __aeabi_stdin
20003c18   __aeabi_stdout
20003c1c   __aeabi_stderr
20003c20   g_bUSBTimerInitialized
20003c24   g_ui32CurrentUSBTick
20003c28   g_ui32USBSOFCount
20003c2c   g_iUSBMode
20003c30   g_ui32WaitTicks
20003c40   _lock
20003c44   _unlock
20003c48   __TI_cleanup_ptr
20003c4c   __TI_dtors_ptr
20003c50   _Fenv
20003c54   _Tls_setup__Fenv
20003c70   _Errno
20003c7c   main_func_sp
20003c84   __stack
20003d84   __STACK_TOP
20003f84   __STACK_END
e000e000   ti_sysbios_family_arm_m3_Hwi_nvic
ffffffff   __binit__
ffffffff   __c_args__
ffffffff   binit
UNDEFED    SHT$$INIT_ARRAY$$Base
UNDEFED    SHT$$INIT_ARRAY$$Limit

[1010 symbols]
