******************************************************************************
                  TI ARM Linker PC v5.1.3                      
******************************************************************************
>> Linked Sat Mar 08 18:31:05 2014

OUTPUT FILE NAME:   <KIRC_FltCmp_v0.1.out>
ENTRY POINT SYMBOL: "_c_int00"  address: 00009501


MEMORY CONFIGURATION

         name            origin    length      used     unused   attr    fill
----------------------  --------  ---------  --------  --------  ----  --------
  FLASH                 00000000   00040000  0000e914  000316ec  R  X
  SRAM                  20000000   00008000  00003dad  00004253  RW X


SEGMENT ALLOCATION MAP

run origin  load origin   length   init length attrs members
----------  ----------- ---------- ----------- ----- -------
00000000    00000000    0000e918   0000e918    r-x
  00000000    00000000    00000360   00000360    r-- .resetVecs
  00000360    00000360    0000bfb0   0000bfb0    r-x .text
  0000c310    0000c310    00002224   00002224    r-- .const
  0000e538    0000e538    000003e0   000003e0    r-- .cinit
20000000    20000000    00003db0   00000000    rw-
  20000000    20000000    00000360   00000000    rw- .vecs
  20000360    20000360    00002d0d   00000000    rw- .bss
  20003070    20003070    00000a40   00000000    rw- .data
  20003ab0    20003ab0    00000300   00000000    rw- .stack


SECTION ALLOCATION MAP

 output                                  attributes/
section   page    origin      length       input sections
--------  ----  ----------  ----------   ----------------
.bootVecs 
*          0    00000000    00000008     DSECT
                  00000000    00000008     boot.aem4f : boot.oem4f (.bootVecs)

.resetVecs 
*          0    00000000    00000360     
                  00000000    00000360     uartconsole_pem4f.oem4f (.resetVecs)

xdc.meta   0    00000000    000000fc     COPY SECTION
                  00000000    000000fc     uartconsole_pem4f.oem4f (xdc.meta)

.text      0    00000360    0000bfb0     
                  00000360    00000ec0     rtsv7M4_T_le_v4SPD16_eabi.lib : _printfi.obj (.text)
                  00001220    0000047c     uart_tivaware.aem4f : UARTTiva.oem4f (.text:UARTTiva_hwiIntFxn)
                  0000169c    0000042c     sysbios.aem4f : BIOS.obj (.text:ti_sysbios_family_arm_m3_Hwi_excDumpRegs__I)
                  00001ac8    00000368     uart_tivaware.aem4f : UARTTiva.oem4f (.text:UARTTiva_write)
                  00001e30    00000344     ti.targets.arm.rtsarm.aem4f : System.oem4f (.text:xdc_runtime_System_doPrint__I)
                  00002174    00000334     uart_tivaware.aem4f : UARTTiva.oem4f (.text:UARTTiva_open)
                  000024a8    00000310     rtsv7M4_T_le_v4SPD16_eabi.lib : lowlev.obj (.text)
                  000027b8    000002d8     sysbios.aem4f : BIOS.obj (.text:ti_sysbios_knl_Semaphore_pend__E)
                  00002a90    000002d4     rtsv7M4_T_le_v4SPD16_eabi.lib : trgdrv.obj (.text)
                  00002d64    00000248     sysbios.aem4f : BIOS.obj (.text:ti_sysbios_heaps_HeapMem_free__E)
                  00002fac    00000234                   : BIOS.obj (.text:ti_sysbios_heaps_HeapMem_alloc__E)
                  000031e0    00000230                   : BIOS.obj (.text:ti_sysbios_family_arm_lm4_Timer_start__E)
                  00003410    00000200                   : BIOS.obj (.text:ti_sysbios_family_arm_m3_Hwi_excHandlerMax__I)
                  00003610    000001f4     uart_tivaware.aem4f : UARTTiva.oem4f (.text:UARTTiva_read)
                  00003804    000001f4     rtsv7M4_T_le_v4SPD16_eabi.lib : ull_div_t2.obj (.text)
                  000039f8    000001c0                                   : fopen.obj (.text)
                  00003bb8    000001b6                                   : fd_add_t2.obj (.text)
                  00003d6e    00000002     usblib.lib : usbdma.obj (.text:iDMAUSBArbSizeSet)
                  00003d70    0000018c     sysbios.aem4f : BIOS.obj (.text:ti_sysbios_knl_Task_Module_startup__F)
                  00003efc    00000170     usblib.lib : usbdma.obj (.text:USBLibDMAInit)
                  0000406c    00000168     uart_tivaware.aem4f : UARTTiva.oem4f (.text:UARTTiva_readPolling)
                  000041d4    00000168     sysbios.aem4f : BIOS.obj (.text:ti_sysbios_family_arm_m3_Hwi_excBusFault__I)
                  0000433c    00000160     uart_tivaware.aem4f : UARTTiva.oem4f (.text:readData)
                  0000449c    0000015c                         : UARTTiva.oem4f (.text:UARTTiva_writePolling)
                  000045f8    0000015c     usblib.lib : usbdenum.obj (.text:USBDEP0StateTxConfig)
                  00004754    00000154     sysbios.aem4f : BIOS.obj (.text:ti_sysbios_family_arm_m3_Hwi_excUsageFault__I)
                  000048a8    00000150     usblib.lib : usbdenum.obj (.text:USBDeviceIntHandlerInternal)
                  000049f8    00000148                : usbdenum.obj (.text:USBDCDInit)
                  00004b40    00000144     sysbios.aem4f : BIOS.obj (.text:ti_sysbios_knl_Semaphore_post__E)
                  00004c84    00000140     usblib.lib : usbdconfig.obj (.text:USBDeviceConfig)
                  00004dc4    00000140     sysbios.aem4f : BIOS.obj (.text:ti_sysbios_family_arm_m3_Hwi_excMemFault__I)
                  00004f04    0000013c     ti.targets.arm.rtsarm.aem4f : Error.oem4f (.text:xdc_runtime_Error_raiseX__F)
                  00005040    00000138     sysbios.aem4f : BIOS.obj (.text:ti_sysbios_heaps_HeapMem_Instance_init__F)
                  00005178    00000136     rtsv7M4_T_le_v4SPD16_eabi.lib : fd_div_t2.obj (.text)
                  000052ae    00000002     usblib.lib : usbdma.obj (.text:iDMAUSBUnitSizeSet)
                  000052b0    00000134     rtsv7M4_T_le_v4SPD16_eabi.lib : fputs.obj (.text)
                  000053e4    00000134     sysbios.aem4f : m3_Hwi_asm.obj (.text:ti_sysbios_family_arm_m3_Hwi_dispatch__I)
                  00005518    00000130     driverlib.lib : gpio.obj (.text:GPIOPadConfigSet)
                  00005648    0000012c     sysbios.aem4f : BIOS.obj (.text:ti_sysbios_knl_Clock_workFunc__E)
                  00005774    00000120                   : BIOS.obj (.text:ti_sysbios_family_arm_m3_Hwi_dispatchC__I)
                  00005894    0000011c     i2c_tivaware.aem4f : I2CTiva.oem4f (.text:I2CTiva_open)
                  000059b0    00000118     uartconsole_pem4f.oem4f (.text:xdc_runtime_System_printfExtend__I)
                  00005ac8    0000010c     Boot.aem4f : Boot_sysctl.oem4f (.text:ti_catalog_arm_cortexm4_tiva_ce_Boot_sysCtlClockSetI__I)
                  00005bd4    00000108     UARTUtils.obj (.text:openHandle)
                  00005cdc    00000104     ti.targets.arm.rtsarm.aem4f : Core-mem.oem4f (.text:xdc_runtime_Core_createObject__I)
                  00005de0    000000fc     rtsv7M4_T_le_v4SPD16_eabi.lib : fd_mul_t2.obj (.text)
                  00005edc    000000f8     Main.obj (.text:main)
                  00005fd4    000000f8     ti.targets.arm.rtsarm.aem4f : Startup.oem4f (.text:xdc_runtime_Startup_startMods__I)
                  000060cc    000000f4     rtsv7M4_T_le_v4SPD16_eabi.lib : dtor_list.obj (.text)
                  000061c0    000000ea     usblib.lib : usbdma.obj (.text:iDMAUSBTransfer)
                  000062aa    00000002     sysbios.aem4f : BIOS.obj (.text:ti_sysbios_BIOS_nullFunc__I)
                  000062ac    000000e8     gpio_tivaware.aem4f : GPIO.oem4f (.text:GPIO_write)
                  00006394    000000e8     sysbios.aem4f : BIOS.obj (.text:ti_sysbios_family_arm_m3_Hwi_initNVIC__E)
                  0000647c    000000e4     usblib.lib : usbdenum.obj (.text:USBDGetDescriptor)
                  00006560    000000dc     rtsv7M4_T_le_v4SPD16_eabi.lib : setvbuf.obj (.text)
                  0000663c    000000d8     usblib.lib : usbdenum.obj (.text:USBDeviceEnumHandler)
                  00006714    000000d4                : usbdcdc.obj (.text:HandleRequests)
                  000067e8    000000d4     i2c_tivaware.aem4f : I2CTiva.oem4f (.text:I2CTiva_hwiFxn)
                  000068bc    000000c4     sysbios.aem4f : BIOS.obj (.text:ti_sysbios_knl_Task_startCore__E)
                  00006980    000000c0     uart_tivaware.aem4f : UARTTiva.oem4f (.text:UARTTiva_writeCancel)
                  00006a40    000000c0     rtsv7M4_T_le_v4SPD16_eabi.lib : fflush.obj (.text)
                  00006b00    000000c0     sysbios.aem4f : BIOS.obj (.text:ti_sysbios_knl_Task_schedule__I)
                  00006bc0    000000c0     usblib.lib : usbdma.obj (.text:uDMAUSBChannelAllocate)
                  00006c80    000000bc     uart_tivaware.aem4f : UARTTiva.oem4f (.text:UARTTiva_readCancel)
                  00006d3c    000000ba     usblib.lib : usbdma.obj (.text:uDMAUSBTransfer)
                  00006df6    00000002     sysbios.aem4f : BIOS.obj (.text:ti_sysbios_family_arm_m3_Hwi_doSwiRestore__I)
                  00006df8    000000b4                   : BIOS.obj (.text:ti_sysbios_family_arm_m3_Hwi_excHardFault__I)
                  00006eac    000000b4                   : BIOS.obj (.text:ti_sysbios_gates_GateMutex_enter__E)
                  00006f60    000000b2     usblib.lib : usbbuffer.obj (.text:HandleRxAvailable)
                  00007012    00000002     sysbios.aem4f : BIOS.obj (.text:ti_sysbios_gates_GateHwi_Instance_init__F)
                  00007014    000000b0                   : BIOS.obj (.text:ti_sysbios_family_arm_m3_Hwi_excDebugMon__I)
                  000070c4    000000ac     rtsv7M4_T_le_v4SPD16_eabi.lib : _io_perm.obj (.text)
                  00007170    000000ac     sysbios.aem4f : BIOS.obj (.text:ti_sysbios_family_arm_lm4_Timer_enableTiva__I)
                  0000721c    000000a8     sensors.obj (.text:GPS_Init)
                  000072c4    000000a8     usblib.lib : usbdcdc.obj (.text:HandleDevice)
                  0000736c    000000a8     sysbios.aem4f : BIOS.obj (.text:ti_sysbios_knl_Semaphore_Instance_init__F)
                  00007414    000000a8                   : BIOS.obj (.text:ti_sysbios_knl_Task_blockI__E)
                  000074bc    000000a4                   : BIOS.obj (.text:ti_sysbios_family_arm_lm4_Timer_enableTimers__I)
                  00007560    000000a4                   : BIOS.obj (.text:ti_sysbios_family_arm_m3_Hwi_Module_startup__F)
                  00007604    000000a0     uart_tivaware.aem4f : UARTTiva.oem4f (.text:UARTTiva_close)
                  000076a4    000000a0     USBCDCD_LoggerIdle.obj (.text:USBCDCD_init)
                  00007744    000000a0     usblib.lib : usbdcdc.obj (.text:USBDCDCCompositeInit)
                  000077e4    000000a0     auto_init.aem4f : auto_init.oem4f (.text)
                  00007884    0000009c     USBCDCD_LoggerIdle.obj (.text:cbSerialHandler)
                  00007920    0000009c     rtsv7M4_T_le_v4SPD16_eabi.lib : fputc.obj (.text)
                  000079bc    0000009c                                   : memcpy_t2.obj (.text)
                  00007a58    0000009a     usblib.lib : usbbuffer.obj (.text:ScheduleNextTransmission)
                  00007af2    00000002                : usbdma.obj (.text:uDMAUSBChannelIntDisable)
                  00007af4    0000009a     ti.targets.arm.rtsarm.aem4f : Text.oem4f (.text:xdc_runtime_Text_putSite__F)
                  00007b8e    00000002     usblib.lib : usbdma.obj (.text:uDMAUSBChannelIntEnable)
                  00007b90    00000098                : usbdenum.obj (.text:USBDSetInterface)
                  00007c28    00000098     rtsv7M4_T_le_v4SPD16_eabi.lib : fclose.obj (.text)
                  00007cc0    00000098     sysbios.aem4f : BIOS.obj (.text:ti_sysbios_knl_Task_exit__E)
                  00007d58    00000096     usblib.lib : usbdcdc.obj (.text:CDCTickHandler)
                  00007dee    00000002     uartconsole_pem4f.oem4f (.text:xdc_runtime_Startup_reset__I)
                  00007df0    00000094     Boot.aem4f : Boot.oem4f (.text:ti_catalog_arm_cortexm4_tiva_ce_Boot_sysCtlClockSet__E)
                  00007e84    00000094     sysbios.aem4f : BIOS.obj (.text:ti_sysbios_knl_Task_unblockI__E)
                  00007f18    00000094     ti.targets.arm.rtsarm.aem4f : Text.oem4f (.text:xdc_runtime_Text_putMod__F)
                  00007fac    00000092     usblib.lib : usbdcdc.obj (.text:SendSerialState)
                  0000803e    00000002     ti.targets.arm.rtsarm.aem4f : SysCallback.oem4f (.text:xdc_runtime_SysCallback_defaultExit)
                  00008040    00000090     sysbios.aem4f : BIOS.obj (.text:ti_sysbios_family_arm_m3_Hwi_Instance_init__F)
                  000080d0    0000008c     UARTUtils.obj (.text:UARTUtils_systemInit)
                  0000815c    0000008c     usblib.lib : usbdenum.obj (.text:USBDSetConfiguration)
                  000081e8    0000008c                : usbdconfig.obj (.text:USBDeviceConfigAlternate)
                  00008274    0000008c     sysbios.aem4f : m3_TaskSupport_asm.obj (.text:ti_sysbios_family_arm_m3_TaskSupport_buildTaskStack)
                  00008300    0000008a     i2c_tivaware.aem4f : I2CTiva.oem4f (.text:I2CTiva_transfer)
                  0000838a    00000002     ti.targets.arm.rtsarm.aem4f : SysCallback.oem4f (.text:xdc_runtime_SysCallback_defaultFlush)
                  0000838c    00000088     EK_TM4C123GXL.obj (.text:EK_TM4C123GXL_initGPIO)
                  00008414    00000086     rtsv7M4_T_le_v4SPD16_eabi.lib : fd_cmp_t2.obj (.text:__aeabi_cdcmple)
                  0000849a    00000086                                   : fd_cmp_t2.obj (.text:__aeabi_cdrcmple)
                  00008520    00000084     usblib.lib : usbdma.obj (.text:iDMAUSBChannelAllocate)
                  000085a4    00000080     driverlib.lib : udma.obj (.text:uDMAChannelTransferSet)
                  00008624    0000007c     EK_TM4C123GXL.obj (.text:EK_TM4C123GXL_initI2C)
                  000086a0    0000007c     usblib.lib : usbdenum.obj (.text:USBDClearFeature)
                  0000871c    0000007a     driverlib.lib : usb.obj (.text:USBDevEndpointConfigSet)
                  00008796    00000078     rtsv7M4_T_le_v4SPD16_eabi.lib : memset_t2.obj (.text)
                  0000880e    00000002     --HOLE-- [fill = 0]
                  00008810    00000074     usblib.lib : usbdenum.obj (.text:USBDGetStatus)
                  00008884    00000074     sysbios.aem4f : BIOS.obj (.text:ti_sysbios_family_arm_lm4_Timer_isrStub__E)
                  000088f8    00000072     usblib.lib : usbdcdc.obj (.text:ProcessDataFromHost)
                  0000896a    00000072                : usbdma.obj (.text:uDMAUSBArbSizeSet)
                  000089dc    00000070                : usbdenum.obj (.text:USBDEP0StateTx)
                  00008a4c    00000070     rtsv7M4_T_le_v4SPD16_eabi.lib : printf.obj (.text)
                  00008abc    00000070     uartconsole_pem4f.oem4f (.text:ti_sysbios_family_arm_m3_Hwi_Object__create__S)
                  00008b2c    00000070     sysbios.aem4f : BIOS.obj (.text:ti_sysbios_family_arm_m3_Hwi_reconfig__E)
                  00008b9c    00000070     uartconsole_pem4f.oem4f (.text:ti_sysbios_hal_Hwi_Object__create__S)
                  00008c0c    00000070     usblib.lib : usbdma.obj (.text:uDMAUSBUnitSizeSet)
                  00008c7c    00000070     ti.targets.arm.rtsarm.aem4f : Memory.oem4f (.text:xdc_runtime_Memory_alloc__F)
                  00008cec    0000006c                                 : Error.oem4f (.text:xdc_runtime_Error_print__F)
                  00008d58    00000068     driverlib.lib : interrupt.obj (.text:IntDisable)
                  00008dc0    00000068                   : interrupt.obj (.text:IntEnable)
                  00008e28    00000068     usblib.lib : usbdenum.obj (.text:USBDSetFeature)
                  00008e90    00000068     sysbios.aem4f : BIOS.obj (.text:ti_sysbios_BIOS_rtsUnlock__I)
                  00008ef8    00000066     ti.targets.arm.rtsarm.aem4f : Core-mem.oem4f (.text:xdc_runtime_Core_deleteObject__I)
                  00008f5e    00000002     --HOLE-- [fill = 0]
                  00008f60    00000064     driverlib.lib : interrupt.obj (.text:IntIsEnabled)
                  00008fc4    00000064     rtsv7M4_T_le_v4SPD16_eabi.lib : fseek.obj (.text)
                  00009028    00000064     sysbios.aem4f : BIOS.obj (.text:ti_sysbios_knl_Clock_logTick__E)
                  0000908c    00000064     usblib.lib : usbdma.obj (.text:uDMAUSBChannelEnable)
                  000090f0    00000062     i2c_tivaware.aem4f : I2CTiva.oem4f (.text:I2CTiva_primeTransfer)
                  00009152    00000060     usblib.lib : usbbuffer.obj (.text:USBBufferEventCallback)
                  000091b2    00000002     --HOLE-- [fill = 0]
                  000091b4    00000060                : usbdenum.obj (.text:USBDReadAndDispatchRequest)
                  00009214    00000060     rtsv7M4_T_le_v4SPD16_eabi.lib : trgmsg.obj (.text)
                  00009274    0000005e     usblib.lib : usbdcdc.obj (.text:ProcessDataToHost)
                  000092d2    0000005e     driverlib.lib : usb.obj (.text:USBDevEndpointStatusClear)
                  00009330    0000005e     rtsv7M4_T_le_v4SPD16_eabi.lib : copy_decompress_rle.obj (.text)
                  0000938e    00000002     --HOLE-- [fill = 0]
                  00009390    0000005c     usblib.lib : usbdcdc.obj (.text:USBDCDCInit)
                  000093ec    0000005c     sysbios.aem4f : BIOS.obj (.text:ti_sysbios_family_arm_lm4_Timer_Module_startup__F)
                  00009448    0000005c     ti.uia.sysbios.aem4f : LoggerIdle.oem4f (.text:ti_uia_sysbios_LoggerIdle_idleWrite__I)
                  000094a4    0000005a     rtsv7M4_T_le_v4SPD16_eabi.lib : ltoa.obj (.text)
                  000094fe    00000002     --HOLE-- [fill = 0]
                  00009500    00000058     boot.aem4f : boot.oem4f (.text)
                  00009558    00000058     usblib.lib : usbdcdc.obj (.text:USBDCDCPacketWrite)
                  000095b0    00000056                : usbdma.obj (.text:uDMAUSBChannelRelease)
                  00009606    00000002     --HOLE-- [fill = 0]
                  00009608    00000054     EK_TM4C123GXL.obj (.text:EK_TM4C123GXL_initUART)
                  0000965c    00000054     sysbios.aem4f : BIOS.obj (.text:ti_sysbios_knl_Task_processVitalTaskFlag__I)
                  000096b0    00000052     usblib.lib : usbulpi.obj (.text:ULPIConfigSet)
                  00009702    00000002     --HOLE-- [fill = 0]
                  00009704    00000050     driverlib.lib : sysctl.obj (.text:SysCtlPeripheralReset)
                  00009754    00000050     usblib.lib : usbdcdesc.obj (.text:USBDCDConfigDescGet)
                  000097a4    00000050                : usbdenum.obj (.text:USBDeviceResumeTickHandler)
                  000097f4    00000050     ti.targets.arm.rtsarm.aem4f : Startup.oem4f (.text:xdc_runtime_Startup_exec__F)
                  00009844    00000050                                 : System.oem4f (.text:xdc_runtime_System_formatNum__I)
                  00009894    00000050                                 : Text.oem4f (.text:xdc_runtime_Text_visitRope2__I)
                  000098e4    0000004e     driverlib.lib : usb.obj (.text:USBDevEndpointStallClear)
                  00009932    0000004c     usblib.lib : usbdcdesc.obj (.text:ConfigAlternateInterfaceGet)
                  0000997e    0000004c                : usbdconfig.obj (.text:GetEPDescriptorType)
                  000099ca    0000004c                : usbdcdc.obj (.text:HandleEndpoints)
                  00009a16    00000002     --HOLE-- [fill = 0]
                  00009a18    0000004c     uart_tivaware.aem4f : UART.oem4f (.text:UART_Params_init)
                  00009a64    0000004c     driverlib.lib : usb.obj (.text:USBEndpointDMAConfigSet)
                  00009ab0    0000004c     rtsv7M4_T_le_v4SPD16_eabi.lib : atoi.obj (.text)
                  00009afc    0000004a     usblib.lib : usbdma.obj (.text:iDMAUSBChannelEnable)
                  00009b46    0000004a                : usbdma.obj (.text:uDMAUSBChannelDisable)
                  00009b90    00000048     EK_TM4C123GXL.obj (.text:EK_TM4C123GXL_initUSB)
                  00009bd8    00000048     driverlib.lib : gpio.obj (.text:GPIOPinConfigure)
                  00009c20    00000048     usblib.lib : usbdcdc.obj (.text:HandleEP0Data)
                  00009c68    00000048     driverlib.lib : i2c.obj (.text:I2CMasterInitExpClk)
                  00009cb0    00000048     uart_tivaware.aem4f : UART.oem4f (.text:UART_open)
                  00009cf8    00000048     usblib.lib : usbdenum.obj (.text:USBDStringIndexFromRequest)
                  00009d40    00000048                : usbdenum.obj (.text:USBDeviceEnumResetHandler)
                  00009d88    00000048     rtsv7M4_T_le_v4SPD16_eabi.lib : fd_toi_t2.obj (.text)
                  00009dd0    00000048     sysbios.aem4f : BIOS.obj (.text:ti_sysbios_BIOS_errorRaiseHook__I)
                  00009e18    00000048                   : BIOS.obj (.text:ti_sysbios_family_arm_m3_Hwi_excReserved__I)
                  00009e60    00000048                   : BIOS.obj (.text:ti_sysbios_heaps_HeapMem_getStats__E)
                  00009ea8    00000048     driverlib.lib : udma.obj (.text:uDMAChannelAttributeDisable)
                  00009ef0    00000048     ti.targets.arm.rtsarm.aem4f : Assert.oem4f (.text:xdc_runtime_Assert_raise__I)
                  00009f38    00000048                                 : Core-params.oem4f (.text:xdc_runtime_Core_assignParams__I)
                  00009f80    00000044     USBCDCD_LoggerIdle.obj (.text:USBCDCD_LoggerIdle_sendData)
                  00009fc4    00000044     usblib.lib : usbdenum.obj (.text:USBDCDDeviceInfoInit)
                  0000a008    00000044                : usbdenum.obj (.text:USBDGetInterface)
                  0000a04c    00000044     driverlib.lib : usb.obj (.text:USBEndpointDataGet)
                  0000a090    00000044     rtsv7M4_T_le_v4SPD16_eabi.lib : cpy_tbl.obj (.text)
                  0000a0d4    00000044                                   : exit.obj (.text)
                  0000a118    00000044                                   : fd_tou_t2.obj (.text)
                  0000a15c    00000044                                   : xdtest.obj (.text)
                  0000a1a0    00000044     sysbios.aem4f : BIOS.obj (.text:ti_sysbios_family_arm_lm4_Timer_stop__E)
                  0000a1e4    00000044                   : BIOS.obj (.text:ti_sysbios_family_arm_m3_Hwi_disableInterrupt__E)
                  0000a228    00000044                   : BIOS.obj (.text:ti_sysbios_family_arm_m3_Hwi_enableInterrupt__E)
                  0000a26c    00000044                   : BIOS.obj (.text:ti_sysbios_knl_Task_allBlockedFunction__I)
                  0000a2b0    00000042     driverlib.lib : uart.obj (.text:UARTConfigSetExpClk)
                  0000a2f2    00000042     sysbios.aem4f : BIOS.obj (.text:ti_sysbios_knl_Semaphore_pendTimeout__I)
                  0000a334    00000040     EK_TM4C123GXL.obj (.text:EK_TM4C123GXL_initGeneral)
                  0000a374    00000040     sysbios.aem4f : BIOS.obj (.text:ti_sysbios_family_arm_lm4_Timer_startup__E)
                  0000a3b4    00000040     uartconsole_pem4f.oem4f (.text:ti_sysbios_knl_Semaphore_Object__create__S)
                  0000a3f4    00000040     ti.targets.arm.rtsarm.aem4f : System.oem4f (.text:xdc_runtime_System_atexit__F)
                  0000a434    0000003c     uart_tivaware.aem4f : UART.oem4f (.text:UART_close)
                  0000a470    0000003c     usblib.lib : usbdma.obj (.text:iDMAUSBChannelRelease)
                  0000a4ac    0000003c     sysbios.aem4f : BIOS.obj (.text:ti_sysbios_family_arm_m3_Hwi_excSvCall__I)
                  0000a4e8    0000003c                   : BIOS.obj (.text:ti_sysbios_heaps_HeapMem_init__I)
                  0000a524    0000003c     ti.targets.arm.rtsarm.aem4f : Text.oem4f (.text:xdc_runtime_Text_xprintf__I)
                  0000a560    0000003a     usblib.lib : usbdcdesc.obj (.text:USBDCDConfigGetInterfaceEndpoint)
                  0000a59a    0000003a     driverlib.lib : usb.obj (.text:USBFIFOConfigSet)
                  0000a5d4    00000038     i2c_tivaware.aem4f : I2CTiva.oem4f (.text:I2CTiva_completeTransfer)
                  0000a60c    00000038                        : I2C.oem4f (.text:I2C_init)
                  0000a644    00000038     usblib.lib : usbdcdc.obj (.text:SendBreak)
                  0000a67c    00000038     uart_tivaware.aem4f : UART.oem4f (.text:UART_init)
                  0000a6b4    00000038     driverlib.lib : usb.obj (.text:USBIntStatusControl)
                  0000a6ec    00000038     usblib.lib : usbringbuf.obj (.text:USBRingBufAdvanceWrite)
                  0000a724    00000038     rtsv7M4_T_le_v4SPD16_eabi.lib : fs_tod_t2.obj (.text)
                  0000a75c    00000038     sysbios.aem4f : BIOS.obj (.text:ti_sysbios_family_arm_m3_Hwi_excNoIsr__I)
                  0000a794    00000038                   : BIOS.obj (.text:ti_sysbios_family_arm_m3_Hwi_getStackInfo__E)
                  0000a7cc    00000038                   : BIOS.obj (.text:ti_sysbios_family_arm_m3_TaskSupport_start__E)
                  0000a804    00000038     uartconsole_pem4f.oem4f (.text:ti_sysbios_gates_GateHwi_Object__create__S)
                  0000a83c    00000038     uartconsole_pem4f.oem4f (.text:ti_sysbios_gates_GateMutex_Object__create__S)
                  0000a874    00000038     uartconsole_pem4f.oem4f (.text:ti_sysbios_heaps_HeapMem_Object__create__S)
                  0000a8ac    00000038     uartconsole_pem4f.oem4f (.text:ti_sysbios_knl_Queue_Object__create__S)
                  0000a8e4    00000034     usblib.lib : usbtick.obj (.text:InternalUSBStartOfFrameTick)
                  0000a918    00000034     driverlib.lib : sysctl.obj (.text:SysCtlPeripheralEnable)
                  0000a94c    00000034     uart_tivaware.aem4f : UART.oem4f (.text:UART_read)
                  0000a980    00000034                         : UART.oem4f (.text:UART_write)
                  0000a9b4    00000034                         : UART.oem4f (.text:UART_writePolling)
                  0000a9e8    00000034     UARTUtils.obj (.text:closeHandle)
                  0000aa1c    00000034     Main.obj (.text:consoleFxn)
                  0000aa50    00000034     usblib.lib : usbdma.obj (.text:iDMAUSBChannelStatus)
                  0000aa84    00000034     sysbios.aem4f : BIOS.obj (.text:ti_sysbios_family_arm_m3_Hwi_excNmi__I)
                  0000aab8    00000034                   : BIOS.obj (.text:ti_sysbios_hal_Hwi_Instance_init__F)
                  0000aaec    00000032     usblib.lib : usbdcdc.obj (.text:HandleConfigChange)
                  0000ab1e    00000032                : usbdcdesc.obj (.text:NextConfigDescGet)
                  0000ab50    00000032                : usbdcdc.obj (.text:ProcessNotificationToHost)
                  0000ab82    00000032     driverlib.lib : usb.obj (.text:USBDevEndpointStall)
                  0000abb4    00000032     usblib.lib : usbdma.obj (.text:iDMAUSBChannelDisable)
                  0000abe6    00000030                : usbdma.obj (.text:DMAUSBIntHandler)
                  0000ac16    00000030     i2c_tivaware.aem4f : I2CTiva.oem4f (.text:I2CTiva_close)
                  0000ac46    00000002     --HOLE-- [fill = 0]
                  0000ac48    00000030     usblib.lib : usbtick.obj (.text:InternalUSBTickInit)
                  0000ac78    00000030                : usbdenum.obj (.text:USBDGetConfiguration)
                  0000aca8    00000030     driverlib.lib : usb.obj (.text:USBEndpointDataPut)
                  0000acd8    00000030     usblib.lib : usbringbuf.obj (.text:UpdateIndexAtomic)
                  0000ad08    00000030     rtsv7M4_T_le_v4SPD16_eabi.lib : strncpy.obj (.text)
                  0000ad38    00000030     sysbios.aem4f : BIOS.obj (.text:ti_sysbios_knl_Idle_run__E)
                  0000ad68    00000030     ti.targets.arm.rtsarm.aem4f : Core-label.oem4f (.text:xdc_runtime_Core_assignLabel__I)
                  0000ad98    0000002f                                 : Text.oem4f (.text:xdc_runtime_Text_printVisFxn__I)
                  0000adc7    00000001     --HOLE-- [fill = 0]
                  0000adc8    0000002e     UARTUtils.obj (.text:UARTUtils_deviceopen)
                  0000adf6    0000002e     driverlib.lib : usb.obj (.text:USBEndpointDataSend)
                  0000ae24    0000002e     uartconsole_pem4f.oem4f (.text:malloc)
                  0000ae52    0000002e     rtsv7M4_T_le_v4SPD16_eabi.lib : i_tofd_t2.obj (.text)
                  0000ae80    0000002e     USBCDCD_LoggerIdle.obj (.text:ti_sysbios_hal_Hwi_create)
                  0000aeae    0000002c     usblib.lib : usbbuffer.obj (.text:USBBufferWrite)
                  0000aeda    0000002c                : usbdesc.obj (.text:USBDescGet)
                  0000af06    00000002     --HOLE-- [fill = 0]
                  0000af08    0000002c     uartconsole_pem4f.oem4f (.text:ti_sysbios_BIOS_exitFunc__I)
                  0000af34    0000002c     sysbios.aem4f : BIOS.obj (.text:ti_sysbios_hal_Hwi_initStack:ti_sysbios_hal_Hwi_initStack)
                  0000af60    0000002c     uartconsole_pem4f.oem4f (.text:ti_sysbios_knl_Clock_doTick__I)
                  0000af8c    0000002c     usblib.lib : usbdma.obj (.text:uDMAUSBIntStatus)
                  0000afb8    0000002c     ti.targets.arm.rtsarm.aem4f : System.oem4f (.text:xdc_runtime_System_rtsExit__I)
                  0000afe4    0000002c                                 : Text.oem4f (.text:xdc_runtime_Text_cordText__F)
                  0000b010    0000002a     driverlib.lib : gpio.obj (.text:GPIODirModeSet)
                  0000b03a    0000002a     usblib.lib : usbdcdesc.obj (.text:USBDCDConfigDescGetNum)
                  0000b064    0000002a     ti.targets.arm.rtsarm.aem4f : System.oem4f (.text:xdc_runtime_System_putchar__I)
                  0000b08e    00000028     usblib.lib : usbbuffer.obj (.text:HandleRequestBuffer)
                  0000b0b6    00000002     --HOLE-- [fill = 0]
                  0000b0b8    00000028                : usbtick.obj (.text:InternalUSBRegisterTickHandler)
                  0000b0e0    00000028     UARTUtils.obj (.text:UARTUtils_deviceread)
                  0000b108    00000028     UARTUtils.obj (.text:UARTUtils_devicewrite)
                  0000b130    00000028     usblib.lib : usbdenum.obj (.text:USBDSetAddress)
                  0000b158    00000028                : usbdesc.obj (.text:USBDescGetNum)
                  0000b180    00000028     driverlib.lib : usb.obj (.text:USBIntEnableControl)
                  0000b1a8    00000028     sysbios.aem4f : m3_Hwi_asm_switch.obj (.text:ti_sysbios_family_arm_m3_Hwi_initStacks__E)
                  0000b1d0    00000028                   : BIOS.obj (.text:ti_sysbios_gates_GateMutex_Instance_init__F)
                  0000b1f8    00000028                   : BIOS.obj (.text:ti_sysbios_knl_Task_restore__E)
                  0000b220    00000028     driverlib.lib : udma.obj (.text:uDMAChannelModeGet)
                  0000b248    00000026     ti.targets.arm.rtsarm.aem4f : System.oem4f (.text:xdc_runtime_System_avprintf__F)
                  0000b26e    00000002     --HOLE-- [fill = 0]
                  0000b270    00000024     gpio_tivaware.aem4f : GPIO.oem4f (.text:GPIO_init)
                  0000b294    00000024     usblib.lib : usbdcdc.obj (.text:SendLineStateChange)
                  0000b2b8    00000024     UARTUtils.obj (.text:UARTUtils_systemAbort)
                  0000b2dc    00000024     driverlib.lib : usb.obj (.text:USBDevEndpointDataAck)
                  0000b300    00000024                   : usb.obj (.text:USBEndpointDMADisable)
                  0000b324    00000024                   : usb.obj (.text:USBEndpointDMAEnable)
                  0000b348    00000024     sysbios.aem4f : BIOS.obj (.text:ti_sysbios_BIOS_registerRTSLock__I)
                  0000b36c    00000024                   : BIOS.obj (.text:ti_sysbios_family_arm_m3_Hwi_Instance_finalize__F)
                  0000b390    00000024     uartconsole_pem4f.oem4f (.text:ti_sysbios_gates_GateMutex_Object__delete__S)
                  0000b3b4    00000024     sysbios.aem4f : BIOS.obj (.text:ti_sysbios_knl_Clock_Module_startup__F)
                  0000b3d8    00000024     driverlib.lib : udma.obj (.text:uDMAChannelControlSet)
                  0000b3fc    00000024     ti.targets.arm.rtsarm.aem4f : System.oem4f (.text:xdc_runtime_System_vprintf__F)
                  0000b420    00000022     usblib.lib : usbdcdc.obj (.text:HandleDisconnect)
                  0000b442    00000022                : usbdcdc.obj (.text:SendLineCodingChange)
                  0000b464    00000022                : usbdma.obj (.text:uDMAUSBChannelStatus)
                  0000b486    00000020                : usbdconfig.obj (.text:GetEndpointFIFOSize)
                  0000b4a6    00000020                : usbbuffer.obj (.text:HandleDataRemaining)
                  0000b4c6    00000002     --HOLE-- [fill = 0]
                  0000b4c8    00000020     UARTUtils.obj (.text:UARTUtils_systemPutch)
                  0000b4e8    00000020     usblib.lib : usbringbuf.obj (.text:USBRingBufAdvanceRead)
                  0000b508    00000020                : usbmode.obj (.text:USBStackModeSet)
                  0000b528    00000020     uartconsole_pem4f.oem4f (.text:ti_sysbios_BIOS_startFunc__I)
                  0000b548    00000020     uartconsole_pem4f.oem4f (.text:ti_sysbios_family_arm_m3_Hwi_Object__delete__S)
                  0000b568    00000020     sysbios.aem4f : BIOS.obj (.text:ti_sysbios_family_arm_m3_Hwi_doTaskRestore__I)
                  0000b588    00000020     uartconsole_pem4f.oem4f (.text:ti_sysbios_gates_GateHwi_Object__delete__S)
                  0000b5a8    00000020     uartconsole_pem4f.oem4f (.text:ti_sysbios_heaps_HeapMem_Object__delete__S)
                  0000b5c8    00000020     uartconsole_pem4f.oem4f (.text:ti_sysbios_knl_Semaphore_Object__destruct__S)
                  0000b5e8    00000020     sysbios.aem4f : BIOS.obj (.text:ti_sysbios_knl_Task_enter__I)
                  0000b608    00000020     ti.targets.arm.rtsarm.aem4f : Registry.oem4f (.text:xdc_runtime_Registry_findById__F)
                  0000b628    0000001e     usblib.lib : usbdcdc.obj (.text:CheckAndSendBreak)
                  0000b646    0000001e     driverlib.lib : usb.obj (.text:USBULPIRegRead)
                  0000b664    0000001e                   : usb.obj (.text:USBULPIRegWrite)
                  0000b682    00000002     --HOLE-- [fill = 0]
                  0000b684    0000001c                   : uart.obj (.text:UARTDisable)
                  0000b6a0    0000001c     usblib.lib : usbdcdesc.obj (.text:USBDCDConfigGetInterface)
                  0000b6bc    0000001c                : usbdenum.obj (.text:USBDCDStallEP0)
                  0000b6d8    0000001c     driverlib.lib : usb.obj (.text:USBEndpointDataAvail)
                  0000b6f4    0000001c     usblib.lib : usbringbuf.obj (.text:USBRingBufContigFree)
                  0000b710    0000001c     rtsv7M4_T_le_v4SPD16_eabi.lib : memccpy.obj (.text)
                  0000b72c    0000001c     sysbios.aem4f : BIOS.obj (.text:ti_sysbios_BIOS_rtsLock__I)
                  0000b748    0000001c     uartconsole_pem4f.oem4f (.text:ti_sysbios_family_arm_m3_Hwi_Object__destruct__S)
                  0000b764    0000001c     uartconsole_pem4f.oem4f (.text:ti_sysbios_knl_Queue_Object__destruct__S)
                  0000b780    0000001c     ti.targets.arm.rtsarm.aem4f : Error.oem4f (.text:xdc_runtime_Error_check__F)
                  0000b79c    0000001c                                 : Memory.oem4f (.text:xdc_runtime_Memory_valloc__F)
                  0000b7b8    0000001a     usblib.lib : usbdcdc.obj (.text:DeviceConsumedAllData)
                  0000b7d2    0000001a     driverlib.lib : usb.obj (.text:USBEndpointDMAChannel)
                  0000b7ec    0000001a     usblib.lib : usbringbuf.obj (.text:USBRingBufWrite)
                  0000b806    0000001a     uartconsole_pem4f.oem4f (.text:xdc_runtime_System_aprintf__E)
                  0000b820    0000001a     uartconsole_pem4f.oem4f (.text:xdc_runtime_System_printf__E)
                  0000b83a    00000018     driverlib.lib : gpio.obj (.text:GPIOPinTypeGPIOOutput)
                  0000b852    00000018     usblib.lib : usbdcdc.obj (.text:SetDeferredOpFlag)
                  0000b86a    00000018     UARTUtils.obj (.text:UARTUtils_deviceclose)
                  0000b882    00000002     --HOLE-- [fill = 0]
                  0000b884    00000018     usblib.lib : usbdhandler.obj (.text:USB0DeviceIntHandler)
                  0000b89c    00000018                : usbdcdesc.obj (.text:USBDCDConfigDescGetSize)
                  0000b8b4    00000018                : usbdenum.obj (.text:USBDSetDescriptor)
                  0000b8cc    00000018                : usbdenum.obj (.text:USBDSyncFrame)
                  0000b8e4    00000018     uartconsole_pem4f.oem4f (.text:free)
                  0000b8fc    00000018     rtsv7M4_T_le_v4SPD16_eabi.lib : args_main.obj (.text)
                  0000b914    00000018                                   : ll_mul_t2.obj (.text)
                  0000b92c    00000018                                   : strcmp.obj (.text)
                  0000b944    00000018     uartconsole_pem4f.oem4f (.text:ti_sysbios_family_arm_lm4_Timer_Module__startupDone__F)
                  0000b95c    00000018     uartconsole_pem4f.oem4f (.text:ti_sysbios_family_arm_m3_Hwi_Handle__label__S)
                  0000b974    00000018     uartconsole_pem4f.oem4f (.text:ti_sysbios_family_arm_m3_Hwi_Module__startupDone__F)
                  0000b98c    00000018     sysbios.aem4f : m3_TaskSupport_asm.obj (.text:ti_sysbios_family_arm_m3_TaskSupport_swap__E)
                  0000b9a4    00000018     uartconsole_pem4f.oem4f (.text:ti_sysbios_gates_GateHwi_Handle__label__S)
                  0000b9bc    00000018     uartconsole_pem4f.oem4f (.text:ti_sysbios_gates_GateMutex_Handle__label__S)
                  0000b9d4    00000018     sysbios.aem4f : BIOS.obj (.text:ti_sysbios_gates_GateMutex_leave__E)
                  0000b9ec    00000018     uartconsole_pem4f.oem4f (.text:ti_sysbios_hal_Timer_Module__startupDone__F)
                  0000ba04    00000018     uartconsole_pem4f.oem4f (.text:ti_sysbios_heaps_HeapMem_Handle__label__S)
                  0000ba1c    00000018     uartconsole_pem4f.oem4f (.text:ti_sysbios_knl_Task_Handle__label__S)
                  0000ba34    00000018     driverlib.lib : udma.obj (.text:uDMAChannelDisable)
                  0000ba4c    00000018                   : udma.obj (.text:uDMAChannelEnable)
                  0000ba64    00000018     ti.targets.arm.rtsarm.aem4f : Text.oem4f (.text:xdc_runtime_Text_ropeText__F)
                  0000ba7c    00000016     usblib.lib : usbdcdc.obj (.text:CheckAndSendLineCodingChange)
                  0000ba92    00000016                : usbdcdc.obj (.text:CheckAndSendLineStateChange)
                  0000baa8    00000016     driverlib.lib : i2c.obj (.text:I2CMasterErr)
                  0000babe    00000016     usblib.lib : usbbuffer.obj (.text:USBBufferInit)
                  0000bad4    00000016                : usbringbuf.obj (.text:USBRingBufFlush)
                  0000baea    00000016                : usbringbuf.obj (.text:USBRingBufUsed)
                  0000bb00    00000016     rtsv7M4_T_le_v4SPD16_eabi.lib : memchr.obj (.text)
                  0000bb16    00000016                                   : strchr.obj (.text)
                  0000bb2c    00000014     driverlib.lib : sysctl.obj (.text:SysCtlUSBPLLEnable)
                  0000bb40    00000014                   : uart.obj (.text:UARTEnable)
                  0000bb54    00000014     UARTUtils.obj (.text:UARTUtils_systemReady)
                  0000bb68    00000014     usblib.lib : usbdenum.obj (.text:USBDCDRequestDataEP0)
                  0000bb7c    00000014                : usbdenum.obj (.text:USBDCDSendDataEP0)
                  0000bb90    00000014     driverlib.lib : usb.obj (.text:USBDMAChannelConfigSet)
                  0000bba4    00000014                   : usb.obj (.text:USBHostResume)
                  0000bbb8    00000014                   : usb.obj (.text:USBIntEnableEndpoint)
                  0000bbcc    00000014                   : usb.obj (.text:_USBIndexWrite)
                  0000bbe0    00000014     rtsv7M4_T_le_v4SPD16_eabi.lib : _lock.obj (.text)
                  0000bbf4    00000014                                   : strlen.obj (.text)
                  0000bc08    00000014     sysbios.aem4f : BIOS.obj (.text:ti_sysbios_family_arm_m3_Hwi_switchFromBootStack__E)
                  0000bc1c    00000014     uartconsole_pem4f.oem4f (.text:ti_sysbios_heaps_HeapMem_Object__get__S)
                  0000bc30    00000014     ti.targets.arm.rtsarm.aem4f : System.oem4f (.text:xdc_runtime_System_abort__F)
                  0000bc44    00000012     driverlib.lib : gpio.obj (.text:GPIOPinTypeGPIOInput)
                  0000bc56    00000012                   : gpio.obj (.text:GPIOPinTypeI2C)
                  0000bc68    00000012                   : gpio.obj (.text:GPIOPinTypeI2CSCL)
                  0000bc7a    00000012                   : gpio.obj (.text:GPIOPinTypeUART)
                  0000bc8c    00000012                   : gpio.obj (.text:GPIOPinTypeUSBAnalog)
                  0000bc9e    00000012     usblib.lib : usbdcdc.obj (.text:HandleResume)
                  0000bcb0    00000012                : usbdcdc.obj (.text:HandleSuspend)
                  0000bcc2    00000012                : usbbuffer.obj (.text:HandleTxComplete)
                  0000bcd4    00000012     UARTUtils.obj (.text:UARTUtils_devicelseek)
                  0000bce6    00000012     driverlib.lib : usb.obj (.text:USBDMAChannelDisable)
                  0000bcf8    00000012                   : usb.obj (.text:USBDMAChannelEnable)
                  0000bd0a    00000012                   : usb.obj (.text:USBDMAChannelIntDisable)
                  0000bd1c    00000012                   : usb.obj (.text:USBDMAChannelIntEnable)
                  0000bd2e    00000012     usblib.lib : usbringbuf.obj (.text:USBRingBufFree)
                  0000bd40    00000012     USBCDCD_LoggerIdle.obj (.text:cbRxHandler)
                  0000bd52    00000012     USBCDCD_LoggerIdle.obj (.text:cbTxHandler)
                  0000bd64    00000012     rtsv7M4_T_le_v4SPD16_eabi.lib : copy_zero_init.obj (.text:decompress:ZI)
                  0000bd76    00000012                                   : xdclass.obj (.text)
                  0000bd88    00000012     sysbios.aem4f : BIOS.obj (.text:ti_sysbios_hal_Hwi_Module_startup__F)
                  0000bd9a    00000012                   : BIOS.obj (.text:ti_sysbios_hal_Timer_Module_startup__F)
                  0000bdac    00000012     uartconsole_pem4f.oem4f (.text:xdc_runtime_Startup_exec__I)
                  0000bdbe    00000010     driverlib.lib : interrupt.obj (.text:IntMasterDisable)
                  0000bdce    00000010                   : interrupt.obj (.text:IntMasterEnable)
                  0000bdde    00000010     UARTUtils.obj (.text:UARTUtils_devicerename)
                  0000bdee    00000010     driverlib.lib : usb.obj (.text:USBEndpointStatus)
                  0000bdfe    00000010     usblib.lib : usbringbuf.obj (.text:USBRingBufContigUsed)
                  0000be0e    00000010                : usbringbuf.obj (.text:USBRingBufWriteOne)
                  0000be1e    00000010     rtsv7M4_T_le_v4SPD16_eabi.lib : strcpy.obj (.text)
                  0000be2e    00000002     --HOLE-- [fill = 0]
                  0000be30    00000010     sysbios.aem4f : BIOS.obj (.text:ti_sysbios_BIOS_getCpuFreq__E)
                  0000be40    00000010                   : BIOS.obj (.text:ti_sysbios_BIOS_setThreadType__E)
                  0000be50    00000010                   : BIOS.obj (.text:ti_sysbios_BIOS_start__E)
                  0000be60    00000010                   : BIOS.obj (.text:ti_sysbios_family_arm_lm4_TimestampProvider_rolloverFunc__E)
                  0000be70    00000010                   : BIOS.obj (.text:ti_sysbios_family_arm_m3_Hwi_excHandler__I)
                  0000be80    00000010                   : m3_TaskSupport_asm.obj (.text:ti_sysbios_family_arm_m3_TaskSupport_glue)
                  0000be90    00000010                   : BIOS.obj (.text:ti_sysbios_gates_GateMutex_Instance_finalize__F)
                  0000bea0    00000010     uartconsole_pem4f.oem4f (.text:ti_sysbios_hal_Hwi_HwiProxy_Object__create__S)
                  0000beb0    00000010     sysbios.aem4f : BIOS.obj (.text:ti_sysbios_knl_Semaphore_Instance_finalize__F)
                  0000bec0    00000010     uartconsole_pem4f.oem4f (.text:ti_sysbios_knl_Task_Object__get__S)
                  0000bed0    00000010     sysbios.aem4f : BIOS.obj (.text:ti_sysbios_knl_Task_disable__E)
                  0000bee0    00000010     ti.targets.arm.rtsarm.aem4f : Gate.oem4f (.text:xdc_runtime_Gate_leaveSystem__F)
                  0000bef0    00000010                                 : Memory.oem4f (.text:xdc_runtime_Memory_free__F)
                  0000bf00    00000010                                 : SysCallback.oem4f (.text:xdc_runtime_SysCallback_abort__F)
                  0000bf10    00000010                                 : SysCallback.oem4f (.text:xdc_runtime_SysCallback_exit__F)
                  0000bf20    00000010                                 : SysCallback.oem4f (.text:xdc_runtime_SysCallback_flush__F)
                  0000bf30    00000010                                 : SysCallback.oem4f (.text:xdc_runtime_SysCallback_putch__F)
                  0000bf40    00000010                                 : SysCallback.oem4f (.text:xdc_runtime_SysCallback_ready__F)
                  0000bf50    00000010                                 : System.oem4f (.text:xdc_runtime_System_vsnprintf__F)
                  0000bf60    0000000e     usblib.lib : usbdma.obj (.text:DMAUSBIntStatusClear)
                  0000bf6e    0000000e     driverlib.lib : uart.obj (.text:UARTCharGetNonBlocking)
                  0000bf7c    0000000e                   : uart.obj (.text:UARTCharPutNonBlocking)
                  0000bf8a    0000000e     UARTUtils.obj (.text:UARTUtils_deviceunlink)
                  0000bf98    0000000e     usblib.lib : usbdcdc.obj (.text:USBDCDCTxPacketAvailable)
                  0000bfa6    0000000e     driverlib.lib : usb.obj (.text:USBDMAChannelStatus)
                  0000bfb4    0000000e                   : usb.obj (.text:USBDevLPMDisable)
                  0000bfc2    0000000e                   : usb.obj (.text:USBDevLPMEnable)
                  0000bfd0    0000000e                   : usb.obj (.text:USBULPIDisable)
                  0000bfde    0000000e                   : usb.obj (.text:USBULPIEnable)
                  0000bfec    0000000e     rtsv7M4_T_le_v4SPD16_eabi.lib : copy_decompress_none.obj (.text:decompress:none)
                  0000bffa    0000000e     sysbios.aem4f : BIOS.obj (.text:ti_sysbios_knl_Queue_empty__E)
                  0000c008    0000000c     uartconsole_pem4f.oem4f (.text:.bootCodeSection:ti_catalog_arm_cortexm4_tiva_ce_Boot_init__I)
                  0000c014    0000000c     driverlib.lib : cpu.obj (.text:CPUcpsid)
                  0000c020    0000000c                   : cpu.obj (.text:CPUcpsie)
                  0000c02c    0000000c                   : usb.obj (.text:USBEndpointPacketCountSet)
                  0000c038    0000000c                   : usb.obj (.text:USBLPMIntEnable)
                  0000c044    0000000c     usblib.lib : usbringbuf.obj (.text:USBRingBufInit)
                  0000c050    0000000c     sysbios.aem4f : BIOS.obj (.text:ti_sysbios_family_arm_lm4_Timer_masterDisable__I)
                  0000c05c    0000000c                   : BIOS.obj (.text:ti_sysbios_family_arm_lm4_TimestampProvider_startTimer__E)
                  0000c068    0000000c     uartconsole_pem4f.oem4f (.text:ti_sysbios_family_arm_m3_Hwi_Params__init__S)
                  0000c074    0000000c     sysbios.aem4f : BIOS.obj (.text:ti_sysbios_family_arm_m3_Hwi_disableFxn__E)
                  0000c080    0000000c                   : BIOS.obj (.text:ti_sysbios_gates_GateHwi_enter__E)
                  0000c08c    0000000c     uartconsole_pem4f.oem4f (.text:ti_sysbios_knl_Queue_Object__get__S)
                  0000c098    0000000c     uartconsole_pem4f.oem4f (.text:ti_sysbios_knl_Semaphore_Params__init__S)
                  0000c0a4    0000000c     ti.targets.arm.rtsarm.aem4f : Error.oem4f (.text:xdc_runtime_Error_init__F)
                  0000c0b0    0000000c                                 : Gate.oem4f (.text:xdc_runtime_Gate_enterSystem__F)
                  0000c0bc    0000000c                                 : Memory.oem4f (.text:xdc_runtime_Memory_calloc__F)
                  0000c0c8    0000000c                                 : Memory.oem4f (.text:xdc_runtime_Memory_getMaxDefaultTypeAlign__F)
                  0000c0d4    0000000c                                 : System.oem4f (.text:xdc_runtime_System_exit__F)
                  0000c0e0    0000000c                                 : System.oem4f (.text:xdc_runtime_System_lastFxn__I)
                  0000c0ec    0000000a     driverlib.lib : i2c.obj (.text:I2CMasterDisable)
                  0000c0f6    0000000a                   : i2c.obj (.text:I2CMasterEnable)
                  0000c100    0000000a     i2c_tivaware.aem4f : I2CTiva.oem4f (.text:I2CTiva_init)
                  0000c10a    0000000a                        : I2C.oem4f (.text:I2C_Params_init)
                  0000c114    0000000a     driverlib.lib : uart.obj (.text:UARTCharGet)
                  0000c11e    0000000a                   : uart.obj (.text:UARTCharPut)
                  0000c128    0000000a                   : uart.obj (.text:UARTIntDisable)
                  0000c132    0000000a                   : uart.obj (.text:UARTIntStatus)
                  0000c13c    0000000a     USBCDCD_LoggerIdle.obj (.text:USBCDCD_LoggerIdle_hwiHandler)
                  0000c146    0000000a     driverlib.lib : usb.obj (.text:USBClockEnable)
                  0000c150    0000000a                   : usb.obj (.text:USBControllerVersion)
                  0000c15a    0000000a                   : usb.obj (.text:USBDMAChannelAddressSet)
                  0000c164    0000000a                   : usb.obj (.text:USBDMAChannelCountSet)
                  0000c16e    0000000a                   : usb.obj (.text:USBDevConnect)
                  0000c178    0000000a                   : usb.obj (.text:USBDevDisconnect)
                  0000c182    0000000a                   : usb.obj (.text:USBIntStatusEndpoint)
                  0000c18c    0000000a     sysbios.aem4f : BIOS.obj (.text:ti_sysbios_hal_Hwi_Instance_finalize__F)
                  0000c196    0000000a     uartconsole_pem4f.oem4f (.text:xdc_runtime_IHeap_alloc)
                  0000c1a0    0000000a     uartconsole_pem4f.oem4f (.text:xdc_runtime_IHeap_free)
                  0000c1aa    0000000a     uartconsole_pem4f.oem4f (.text:xdc_runtime_Text_visitRope__I)
                  0000c1b4    00000008     driverlib.lib : i2c.obj (.text:I2CMasterIntClear)
                  0000c1bc    00000008                   : i2c.obj (.text:I2CMasterSlaveAddrSet)
                  0000c1c4    00000008     i2c_tivaware.aem4f : I2CTiva.oem4f (.text:I2CTiva_blockingCallback)
                  0000c1cc    00000008     driverlib.lib : uart.obj (.text:UARTIntEnable)
                  0000c1d4    00000008     uart_tivaware.aem4f : UARTTiva.oem4f (.text:UARTTiva_init)
                  0000c1dc    00000008     driverlib.lib : usb.obj (.text:USBDevMode)
                  0000c1e4    00000008                   : usb.obj (.text:USBFIFOAddrGet)
                  0000c1ec    00000008                   : usb.obj (.text:USBOTGMode)
                  0000c1f4    00000008     usblib.lib : usbdma.obj (.text:iDMAUSBChannelIntDisable)
                  0000c1fc    00000008                : usbdma.obj (.text:iDMAUSBChannelIntEnable)
                  0000c204    00000008     uart_tivaware.aem4f : UARTTiva.oem4f (.text:readSemCallback)
                  0000c20c    00000008     sysbios.aem4f : BIOS.obj (.text:ti_sysbios_family_arm_m3_Hwi_startup__E)
                  0000c214    00000008                   : BIOS.obj (.text:ti_sysbios_knl_Idle_loop__E)
                  0000c21c    00000008     uart_tivaware.aem4f : UARTTiva.oem4f (.text:writeSemCallback)
                  0000c224    00000006     driverlib.lib : gpio.obj (.text:GPIOPinWrite)
                  0000c22a    00000006                   : i2c.obj (.text:I2CMasterIntDisable)
                  0000c230    00000006                   : i2c.obj (.text:I2CMasterIntEnable)
                  0000c236    00000006                   : uart.obj (.text:UARTFIFOLevelSet)
                  0000c23c    00000006     usblib.lib : usbbuffer.obj (.text:USBBufferFlush)
                  0000c242    00000006                : usbbuffer.obj (.text:USBBufferSpaceAvailable)
                  0000c248    00000006     driverlib.lib : usb.obj (.text:USBDMAChannelIntStatus)
                  0000c24e    00000006                   : usb.obj (.text:USBDevLPMConfig)
                  0000c254    00000006                   : usb.obj (.text:USBLPMIntStatus)
                  0000c25a    00000006     ti.targets.arm.rtsarm.aem4f : xdc_noinit.oem4f (.text:__xdc__init)
                  0000c260    00000006     rtsv7M4_T_le_v4SPD16_eabi.lib : copy_decompress_rle.obj (.text:decompress:rle24)
                  0000c266    00000006     usblib.lib : usbdma.obj (.text:iDMAUSBIntStatus)
                  0000c26c    00000006     Boot.aem4f : Boot_sysctl.oem4f (.text:ti_catalog_arm_cortexm4_tiva_ce_Boot_sysCtlDelayI__I)
                  0000c272    00000006     sysbios.aem4f : BIOS.obj (.text:ti_sysbios_family_arm_lm4_TimestampProvider_Module_startup__F)
                  0000c278    00000006                   : BIOS.obj (.text:ti_sysbios_family_arm_m3_Hwi_restoreFxn__E)
                  0000c27e    00000006                   : BIOS.obj (.text:ti_sysbios_gates_GateHwi_leave__E)
                  0000c284    00000006                   : BIOS.obj (.text:ti_sysbios_heaps_HeapMem_isBlocking__E)
                  0000c28a    00000006                   : BIOS.obj (.text:ti_sysbios_knl_Queue_Instance_init__F)
                  0000c290    00000006                   : BIOS.obj (.text:ti_sysbios_knl_Swi_Module_startup__F)
                  0000c296    00000006     ti.targets.arm.rtsarm.aem4f : System.oem4f (.text:xdc_runtime_System_Module_startup__F)
                  0000c29c    00000004     usblib.lib : usbdma.obj (.text:DMAUSBStatus)
                  0000c2a0    00000004     driverlib.lib : i2c.obj (.text:I2CMasterControl)
                  0000c2a4    00000004                   : i2c.obj (.text:I2CMasterDataGet)
                  0000c2a8    00000004                   : i2c.obj (.text:I2CMasterDataPut)
                  0000c2ac    00000004                   : uart.obj (.text:UARTIntClear)
                  0000c2b0    00000004                   : usb.obj (.text:USBDevAddrSet)
                  0000c2b4    00000004     uartconsole_pem4f.oem4f (.text:ti_sysbios_BIOS_RtsGateProxy_enter__E)
                  0000c2b8    00000004     uartconsole_pem4f.oem4f (.text:ti_sysbios_BIOS_RtsGateProxy_leave__E)
                  0000c2bc    00000004     sysbios.aem4f : BIOS.obj (.text:ti_sysbios_family_arm_lm4_Timer_getPeriod__E)
                  0000c2c0    00000004                   : BIOS.obj (.text:ti_sysbios_family_arm_lm4_Timer_masterEnable__I)
                  0000c2c4    00000004     uartconsole_pem4f.oem4f (.text:ti_sysbios_family_arm_m3_TaskSupport_Module__startupDone__S)
                  0000c2c8    00000004     sysbios.aem4f : BIOS.obj (.text:ti_sysbios_gates_GateHwi_query__F)
                  0000c2cc    00000004                   : BIOS.obj (.text:ti_sysbios_gates_GateMutex_query__F)
                  0000c2d0    00000004     uartconsole_pem4f.oem4f (.text:ti_sysbios_hal_Hwi_HwiProxy_Module__startupDone__S)
                  0000c2d4    00000004     uartconsole_pem4f.oem4f (.text:ti_sysbios_hal_Hwi_HwiProxy_Object__delete__S)
                  0000c2d8    00000004     uartconsole_pem4f.oem4f (.text:ti_sysbios_hal_Timer_TimerProxy_Module__startupDone__S)
                  0000c2dc    00000004     uartconsole_pem4f.oem4f (.text:ti_sysbios_hal_Timer_TimerProxy_getPeriod__E)
                  0000c2e0    00000004     uartconsole_pem4f.oem4f (.text:ti_sysbios_heaps_HeapMem_Module_GateProxy_enter__E)
                  0000c2e4    00000004     uartconsole_pem4f.oem4f (.text:ti_sysbios_heaps_HeapMem_Module_GateProxy_leave__E)
                  0000c2e8    00000004     uartconsole_pem4f.oem4f (.text:ti_sysbios_knl_Task_SupportProxy_Module__startupDone__S)
                  0000c2ec    00000004     sysbios.aem4f : BIOS.obj (.text:ti_sysbios_knl_Task_startup__E)
                  0000c2f0    00000004     ti.targets.arm.rtsarm.aem4f : Error.oem4f (.text:xdc_runtime_Error_getSite__F)
                  0000c2f4    00000004     uartconsole_pem4f.oem4f (.text:xdc_runtime_Memory_HeapProxy_alloc__E)
                  0000c2f8    00000004     uartconsole_pem4f.oem4f (.text:xdc_runtime_Memory_HeapProxy_free__E)
                  0000c2fc    00000004     uartconsole_pem4f.oem4f (.text:xdc_runtime_System_Module_GateProxy_enter__E)
                  0000c300    00000004     uartconsole_pem4f.oem4f (.text:xdc_runtime_System_Module_GateProxy_leave__E)
                  0000c304    00000004     ti.targets.arm.rtsarm.aem4f : System.oem4f (.text:xdc_runtime_System_aprintf_va__F)
                  0000c308    00000004                                 : System.oem4f (.text:xdc_runtime_System_printf_va__F)
                  0000c30c    00000004     uartconsole_pem4f.oem4f (.text:xdc_runtime_System_vsnprintf__E)

.const     0    0000c310    00002224     
                  0000c310    0000170a     uartconsole_pem4f.oem4f (.const:xdc_runtime_Text_charTab__A)
                  0000da1a    00000102     rtsv7M4_T_le_v4SPD16_eabi.lib : ctype.obj (.const:.string:_ctypes_)
                  0000db1c    000000d8     uartconsole_pem4f.oem4f (.const:ti_sysbios_family_arm_m3_Hwi_priorities__A)
                  0000dbf4    00000090     driverlib.lib : gpio.obj (.const:g_pui32GPIOBaseAddrs)
                  0000dc84    00000070                   : interrupt.obj (.const)
                  0000dcf4    00000048     uartconsole_pem4f.oem4f (.const:.string)
                  0000dd3c    0000003c     EK_TM4C123GXL.obj (.const:gpioHWAttrs)
                  0000dd78    00000038     EK_TM4C123GXL.obj (.const)
                  0000ddb0    00000038     usblib.lib : usbdcdc.obj (.const)
                  0000dde8    00000036     USBCDCD_LoggerIdle.obj (.const:.string:configString)
                  0000de1e    00000002     uartconsole_pem4f.oem4f (.const:ti_catalog_arm_cortexm4_tiva_ce_Boot_Module__id__C)
                  0000de20    00000034     usblib.lib : usbdenum.obj (.const:g_psUSBDStdRequests)
                  0000de54    00000030                : usbdcdc.obj (.const:g_sCDCHandlers)
                  0000de84    00000030     uartconsole_pem4f.oem4f (.const:ti_sysbios_family_arm_m3_Hwi_Object__PARAMS__C)
                  0000deb4    0000002c     USBCDCD_LoggerIdle.obj (.const:.string:controlInterfaceString)
                  0000dee0    0000002c     uartconsole_pem4f.oem4f (.const:ti_sysbios_hal_Hwi_Object__PARAMS__C)
                  0000df0c    00000028     uartconsole_pem4f.oem4f (.const:ti_sysbios_heaps_HeapMem_Module__FXNS__C)
                  0000df34    00000024     USBCDCD_LoggerIdle.obj (.const:.string:manufacturerString)
                  0000df58    00000024     EK_TM4C123GXL.obj (.const:I2C_config)
                  0000df7c    00000024     uart_tivaware.aem4f : UARTTiva.oem4f (.const:UARTTiva_fxnTable)
                  0000dfa0    00000024     EK_TM4C123GXL.obj (.const:UART_config)
                  0000dfc4    00000024     uartconsole_pem4f.oem4f (.const:ti_sysbios_gates_GateHwi_Module__FXNS__C)
                  0000dfe8    00000024     uartconsole_pem4f.oem4f (.const:ti_sysbios_gates_GateMutex_Module__FXNS__C)
                  0000e00c    00000024     uartconsole_pem4f.oem4f (.const:ti_sysbios_heaps_HeapMem_Object__PARAMS__C)
                  0000e030    00000024     uartconsole_pem4f.oem4f (.const:ti_sysbios_knl_Semaphore_Object__PARAMS__C)
                  0000e054    00000024     USBCDCD_LoggerIdle.obj (.const:txBuffer)
                  0000e078    00000024     uartconsole_pem4f.oem4f (.const:xdc_runtime_Startup_sfxnTab__A)
                  0000e09c    00000023     usblib.lib : usbdcdc.obj (.const:.string:g_pui8CDCSerCommInterface)
                  0000e0bf    00000022     USBCDCD_LoggerIdle.obj (.const:.string:productString)
                  0000e0e1    00000001     uartconsole_pem4f.oem4f (.const:xdc_runtime_Error_policy__C)
                  0000e0e2    00000002     uartconsole_pem4f.oem4f (.const:ti_sysbios_BIOS_Module__id__C)
                  0000e0e4    00000020     uartconsole_pem4f.oem4f (.const:ti_sysbios_family_arm_m3_Hwi_Object__DESC__C)
                  0000e104    00000020     uartconsole_pem4f.oem4f (.const:ti_sysbios_gates_GateHwi_Object__DESC__C)
                  0000e124    00000020     uartconsole_pem4f.oem4f (.const:ti_sysbios_gates_GateMutex_Object__DESC__C)
                  0000e144    00000020     uartconsole_pem4f.oem4f (.const:ti_sysbios_hal_Hwi_Object__DESC__C)
                  0000e164    00000020     uartconsole_pem4f.oem4f (.const:ti_sysbios_heaps_HeapMem_Object__DESC__C)
                  0000e184    00000020     uartconsole_pem4f.oem4f (.const:ti_sysbios_knl_Queue_Object__DESC__C)
                  0000e1a4    00000020     uartconsole_pem4f.oem4f (.const:ti_sysbios_knl_Semaphore_Object__DESC__C)
                  0000e1c4    0000001c     sensors.obj (.const:.string)
                  0000e1e0    00000018     USBCDCD_LoggerIdle.obj (.const)
                  0000e1f8    00000018     uartconsole_pem4f.oem4f (.const:ti_sysbios_gates_GateHwi_Object__PARAMS__C)
                  0000e210    00000018     uartconsole_pem4f.oem4f (.const:ti_sysbios_gates_GateMutex_Object__PARAMS__C)
                  0000e228    00000018     uartconsole_pem4f.oem4f (.const:ti_sysbios_knl_Queue_Object__PARAMS__C)
                  0000e240    00000017     usblib.lib : usbdcdc.obj (.const:.string)
                  0000e257    00000016     USBCDCD_LoggerIdle.obj (.const:.string)
                  0000e26d    00000001     --HOLE-- [fill = 0]
                  0000e26e    00000002     uartconsole_pem4f.oem4f (.const:ti_sysbios_family_arm_m3_Hwi_Module__id__C)
                  0000e270    00000014     uartconsole_pem4f.oem4f (.const:xdc_runtime_Startup_firstFxns__A)
                  0000e284    00000012     uartconsole_pem4f.oem4f (.const:xdc_runtime_Startup_sfxnRts__A)
                  0000e296    00000002     uartconsole_pem4f.oem4f (.const:ti_sysbios_family_arm_m3_Hwi_Module__loggerDefined__C)
                  0000e298    00000011     ti.targets.arm.rtsarm.aem4f : System.oem4f (.const)
                  0000e2a9    00000001     --HOLE-- [fill = 0]
                  0000e2aa    00000002     uartconsole_pem4f.oem4f (.const:ti_sysbios_gates_GateMutex_Module__id__C)
                  0000e2ac    00000010     i2c_tivaware.aem4f : I2CTiva.oem4f (.const)
                  0000e2bc    00000010     uartconsole_pem4f.oem4f (.const:xdc_runtime_Text_nodeTab__A)
                  0000e2cc    00000008     uartconsole_pem4f.oem4f (.const:ti_sysbios_family_arm_m3_Hwi_excHookFuncs__A)
                  0000e2d4    00000008     uartconsole_pem4f.oem4f (.const:ti_sysbios_knl_Idle_coreList__C)
                  0000e2dc    00000008     uartconsole_pem4f.oem4f (.const:ti_sysbios_knl_Idle_funcList__C)
                  0000e2e4    00000008     uartconsole_pem4f.oem4f (.const:xdc_runtime_Startup_firstFxns__C)
                  0000e2ec    00000008     uartconsole_pem4f.oem4f (.const:xdc_runtime_Startup_lastFxns__A)
                  0000e2f4    00000008     uartconsole_pem4f.oem4f (.const:xdc_runtime_Startup_lastFxns__C)
                  0000e2fc    00000004     uartconsole_pem4f.oem4f (.const:ti_catalog_arm_cortexm4_tiva_ce_Boot_A_mustUseEnhancedClockMode__C)
                  0000e300    00000004     uartconsole_pem4f.oem4f (.const:ti_catalog_arm_cortexm4_tiva_ce_Boot_Module__diagsEnabled__C)
                  0000e304    00000004     uartconsole_pem4f.oem4f (.const:ti_catalog_arm_cortexm4_tiva_ce_Boot_Module__diagsIncluded__C)
                  0000e308    00000004     uartconsole_pem4f.oem4f (.const:ti_catalog_arm_cortexm4_tiva_ce_Boot_Module__diagsMask__C)
                  0000e30c    00000004     uartconsole_pem4f.oem4f (.const:ti_sysbios_BIOS_Module__diagsEnabled__C)
                  0000e310    00000004     uartconsole_pem4f.oem4f (.const:ti_sysbios_BIOS_Module__diagsIncluded__C)
                  0000e314    00000004     uartconsole_pem4f.oem4f (.const:ti_sysbios_BIOS_Module__diagsMask__C)
                  0000e318    00000004     uartconsole_pem4f.oem4f (.const:ti_sysbios_BIOS_installedErrorHook__C)
                  0000e31c    00000004     uartconsole_pem4f.oem4f (.const:ti_sysbios_family_arm_lm4_Timer_enableFunc__C)
                  0000e320    00000004     uartconsole_pem4f.oem4f (.const:ti_sysbios_family_arm_lm4_Timer_numTimerDevices__C)
                  0000e324    00000004     uartconsole_pem4f.oem4f (.const:ti_sysbios_family_arm_lm4_Timer_startupNeeded__C)
                  0000e328    00000004     uartconsole_pem4f.oem4f (.const:ti_sysbios_family_arm_m3_Hwi_E_NMI__C)
                  0000e32c    00000004     uartconsole_pem4f.oem4f (.const:ti_sysbios_family_arm_m3_Hwi_E_alreadyDefined__C)
                  0000e330    00000004     uartconsole_pem4f.oem4f (.const:ti_sysbios_family_arm_m3_Hwi_E_busFault__C)
                  0000e334    00000004     uartconsole_pem4f.oem4f (.const:ti_sysbios_family_arm_m3_Hwi_E_debugMon__C)
                  0000e338    00000004     uartconsole_pem4f.oem4f (.const:ti_sysbios_family_arm_m3_Hwi_E_hardFault__C)
                  0000e33c    00000004     uartconsole_pem4f.oem4f (.const:ti_sysbios_family_arm_m3_Hwi_E_memFault__C)
                  0000e340    00000004     uartconsole_pem4f.oem4f (.const:ti_sysbios_family_arm_m3_Hwi_E_noIsr__C)
                  0000e344    00000004     uartconsole_pem4f.oem4f (.const:ti_sysbios_family_arm_m3_Hwi_E_reserved__C)
                  0000e348    00000004     uartconsole_pem4f.oem4f (.const:ti_sysbios_family_arm_m3_Hwi_E_svCall__C)
                  0000e34c    00000004     uartconsole_pem4f.oem4f (.const:ti_sysbios_family_arm_m3_Hwi_E_usageFault__C)
                  0000e350    00000004     uartconsole_pem4f.oem4f (.const:ti_sysbios_family_arm_m3_Hwi_LD_end__C)
                  0000e354    00000004     uartconsole_pem4f.oem4f (.const:ti_sysbios_family_arm_m3_Hwi_LM_begin__C)
                  0000e358    00000004     uartconsole_pem4f.oem4f (.const:ti_sysbios_family_arm_m3_Hwi_Module__diagsEnabled__C)
                  0000e35c    00000004     uartconsole_pem4f.oem4f (.const:ti_sysbios_family_arm_m3_Hwi_Module__diagsIncluded__C)
                  0000e360    00000004     uartconsole_pem4f.oem4f (.const:ti_sysbios_family_arm_m3_Hwi_Module__diagsMask__C)
                  0000e364    00000004     uartconsole_pem4f.oem4f (.const:ti_sysbios_family_arm_m3_Hwi_Module__loggerFxn1__C)
                  0000e368    00000004     uartconsole_pem4f.oem4f (.const:ti_sysbios_family_arm_m3_Hwi_Module__loggerFxn8__C)
                  0000e36c    00000004     uartconsole_pem4f.oem4f (.const:ti_sysbios_family_arm_m3_Hwi_Module__loggerObj__C)
                  0000e370    00000004     uartconsole_pem4f.oem4f (.const:ti_sysbios_family_arm_m3_Hwi_NUM_INTERRUPTS__C)
                  0000e374    00000004     uartconsole_pem4f.oem4f (.const:ti_sysbios_family_arm_m3_Hwi_ccr__C)
                  0000e378    00000004     uartconsole_pem4f.oem4f (.const:ti_sysbios_family_arm_m3_Hwi_dispatchTable__C)
                  0000e37c    00000004     uartconsole_pem4f.oem4f (.const:ti_sysbios_family_arm_m3_Hwi_excHandlerFunc__C)
                  0000e380    00000004     uartconsole_pem4f.oem4f (.const:ti_sysbios_family_arm_m3_Hwi_excHookFuncs__C)
                  0000e384    00000004     uartconsole_pem4f.oem4f (.const:ti_sysbios_family_arm_m3_Hwi_priGroup__C)
                  0000e388    00000004     uartconsole_pem4f.oem4f (.const:ti_sysbios_family_arm_m3_Hwi_priorities__C)
                  0000e38c    00000004     uartconsole_pem4f.oem4f (.const:ti_sysbios_gates_GateMutex_A_badContext__C)
                  0000e390    00000004     uartconsole_pem4f.oem4f (.const:ti_sysbios_gates_GateMutex_Instance_State_sem__O)
                  0000e394    00000004     uartconsole_pem4f.oem4f (.const:ti_sysbios_gates_GateMutex_Module__diagsEnabled__C)
                  0000e398    00000004     uartconsole_pem4f.oem4f (.const:ti_sysbios_gates_GateMutex_Module__diagsIncluded__C)
                  0000e39c    00000004     uartconsole_pem4f.oem4f (.const:ti_sysbios_gates_GateMutex_Module__diagsMask__C)
                  0000e3a0    00000004     uartconsole_pem4f.oem4f (.const:ti_sysbios_heaps_HeapMem_A_align__C)
                  0000e3a4    00000004     uartconsole_pem4f.oem4f (.const:ti_sysbios_heaps_HeapMem_A_heapSize__C)
                  0000e3a8    00000004     uartconsole_pem4f.oem4f (.const:ti_sysbios_heaps_HeapMem_A_invalidFree__C)
                  0000e3ac    00000004     uartconsole_pem4f.oem4f (.const:ti_sysbios_heaps_HeapMem_A_zeroBlock__C)
                  0000e3b0    00000004     uartconsole_pem4f.oem4f (.const:ti_sysbios_heaps_HeapMem_E_memory__C)
                  0000e3b4    00000004     uartconsole_pem4f.oem4f (.const:ti_sysbios_heaps_HeapMem_Module__diagsEnabled__C)
                  0000e3b8    00000004     uartconsole_pem4f.oem4f (.const:ti_sysbios_heaps_HeapMem_Module__diagsIncluded__C)
                  0000e3bc    00000004     uartconsole_pem4f.oem4f (.const:ti_sysbios_heaps_HeapMem_Module__diagsMask__C)
                  0000e3c0    00000004     uartconsole_pem4f.oem4f (.const:ti_sysbios_heaps_HeapMem_Module__gateObj__C)
                  0000e3c4    00000004     uartconsole_pem4f.oem4f (.const:ti_sysbios_heaps_HeapMem_Object__count__C)
                  0000e3c8    00000004     uartconsole_pem4f.oem4f (.const:ti_sysbios_heaps_HeapMem_reqAlign__C)
                  0000e3cc    00000004     uartconsole_pem4f.oem4f (.const:ti_sysbios_knl_Clock_LM_begin__C)
                  0000e3d0    00000004     uartconsole_pem4f.oem4f (.const:ti_sysbios_knl_Clock_LM_tick__C)
                  0000e3d4    00000004     uartconsole_pem4f.oem4f (.const:ti_sysbios_knl_Clock_LW_delayed__C)
                  0000e3d8    00000004     uartconsole_pem4f.oem4f (.const:ti_sysbios_knl_Clock_Module_State_clockQ__O)
                  0000e3dc    00000004     uartconsole_pem4f.oem4f (.const:ti_sysbios_knl_Clock_Module__diagsEnabled__C)
                  0000e3e0    00000004     uartconsole_pem4f.oem4f (.const:ti_sysbios_knl_Clock_Module__diagsIncluded__C)
                  0000e3e4    00000004     uartconsole_pem4f.oem4f (.const:ti_sysbios_knl_Clock_Module__diagsMask__C)
                  0000e3e8    00000004     uartconsole_pem4f.oem4f (.const:ti_sysbios_knl_Clock_Module__loggerFxn1__C)
                  0000e3ec    00000004     uartconsole_pem4f.oem4f (.const:ti_sysbios_knl_Clock_Module__loggerFxn2__C)
                  0000e3f0    00000004     uartconsole_pem4f.oem4f (.const:ti_sysbios_knl_Clock_Module__loggerObj__C)
                  0000e3f4    00000004     uartconsole_pem4f.oem4f (.const:ti_sysbios_knl_Idle_coreList__A)
                  0000e3f8    00000004     uartconsole_pem4f.oem4f (.const:ti_sysbios_knl_Idle_funcList__A)
                  0000e3fc    00000004     uartconsole_pem4f.oem4f (.const:ti_sysbios_knl_Semaphore_A_badContext__C)
                  0000e400    00000004     uartconsole_pem4f.oem4f (.const:ti_sysbios_knl_Semaphore_A_noEvents__C)
                  0000e404    00000004     uartconsole_pem4f.oem4f (.const:ti_sysbios_knl_Semaphore_A_overflow__C)
                  0000e408    00000004     uartconsole_pem4f.oem4f (.const:ti_sysbios_knl_Semaphore_A_pendTaskDisabled__C)
                  0000e40c    00000004     uartconsole_pem4f.oem4f (.const:ti_sysbios_knl_Semaphore_Instance_State_pendQ__O)
                  0000e410    00000004     uartconsole_pem4f.oem4f (.const:ti_sysbios_knl_Semaphore_LM_pend__C)
                  0000e414    00000004     uartconsole_pem4f.oem4f (.const:ti_sysbios_knl_Semaphore_LM_post__C)
                  0000e418    00000004     uartconsole_pem4f.oem4f (.const:ti_sysbios_knl_Semaphore_Module__diagsEnabled__C)
                  0000e41c    00000004     uartconsole_pem4f.oem4f (.const:ti_sysbios_knl_Semaphore_Module__diagsIncluded__C)
                  0000e420    00000004     uartconsole_pem4f.oem4f (.const:ti_sysbios_knl_Semaphore_Module__diagsMask__C)
                  0000e424    00000004     uartconsole_pem4f.oem4f (.const:ti_sysbios_knl_Semaphore_Module__loggerFxn2__C)
                  0000e428    00000004     uartconsole_pem4f.oem4f (.const:ti_sysbios_knl_Semaphore_Module__loggerFxn4__C)
                  0000e42c    00000004     uartconsole_pem4f.oem4f (.const:ti_sysbios_knl_Semaphore_Module__loggerObj__C)
                  0000e430    00000004     uartconsole_pem4f.oem4f (.const:ti_sysbios_knl_Task_LD_block__C)
                  0000e434    00000004     uartconsole_pem4f.oem4f (.const:ti_sysbios_knl_Task_LD_exit__C)
                  0000e438    00000004     uartconsole_pem4f.oem4f (.const:ti_sysbios_knl_Task_LD_ready__C)
                  0000e43c    00000004     uartconsole_pem4f.oem4f (.const:ti_sysbios_knl_Task_LM_switch__C)
                  0000e440    00000004     uartconsole_pem4f.oem4f (.const:ti_sysbios_knl_Task_Module_State_inactiveQ__O)
                  0000e444    00000004     uartconsole_pem4f.oem4f (.const:ti_sysbios_knl_Task_Module__diagsEnabled__C)
                  0000e448    00000004     uartconsole_pem4f.oem4f (.const:ti_sysbios_knl_Task_Module__diagsIncluded__C)
                  0000e44c    00000004     uartconsole_pem4f.oem4f (.const:ti_sysbios_knl_Task_Module__diagsMask__C)
                  0000e450    00000004     uartconsole_pem4f.oem4f (.const:ti_sysbios_knl_Task_Module__loggerFxn2__C)
                  0000e454    00000004     uartconsole_pem4f.oem4f (.const:ti_sysbios_knl_Task_Module__loggerFxn4__C)
                  0000e458    00000004     uartconsole_pem4f.oem4f (.const:ti_sysbios_knl_Task_Module__loggerObj__C)
                  0000e45c    00000004     uartconsole_pem4f.oem4f (.const:ti_sysbios_knl_Task_Object__count__C)
                  0000e460    00000004     uartconsole_pem4f.oem4f (.const:ti_sysbios_knl_Task_allBlockedFunc__C)
                  0000e464    00000004     uartconsole_pem4f.oem4f (.const:ti_sysbios_knl_Task_numConstructedTasks__C)
                  0000e468    00000004     uartconsole_pem4f.oem4f (.const:xdc_runtime_Assert_E_assertFailed__C)
                  0000e46c    00000004     uartconsole_pem4f.oem4f (.const:xdc_runtime_Core_A_initializedParams__C)
                  0000e470    00000004     uartconsole_pem4f.oem4f (.const:xdc_runtime_Core_Module__diagsEnabled__C)
                  0000e474    00000004     uartconsole_pem4f.oem4f (.const:xdc_runtime_Core_Module__diagsIncluded__C)
                  0000e478    00000004     uartconsole_pem4f.oem4f (.const:xdc_runtime_Core_Module__diagsMask__C)
                  0000e47c    00000004     uartconsole_pem4f.oem4f (.const:xdc_runtime_Error_E_memory__C)
                  0000e480    00000004     uartconsole_pem4f.oem4f (.const:xdc_runtime_Error_Module__diagsEnabled__C)
                  0000e484    00000004     uartconsole_pem4f.oem4f (.const:xdc_runtime_Error_Module__diagsIncluded__C)
                  0000e488    00000004     uartconsole_pem4f.oem4f (.const:xdc_runtime_Error_Module__diagsMask__C)
                  0000e48c    00000004     uartconsole_pem4f.oem4f (.const:xdc_runtime_Error_Module__loggerFxn8__C)
                  0000e490    00000004     uartconsole_pem4f.oem4f (.const:xdc_runtime_Error_Module__loggerObj__C)
                  0000e494    00000004     uartconsole_pem4f.oem4f (.const:xdc_runtime_Error_raiseHook__C)
                  0000e498    00000004     uartconsole_pem4f.oem4f (.const:xdc_runtime_IGateProvider_Interface__BASE__C)
                  0000e49c    00000004     uartconsole_pem4f.oem4f (.const:xdc_runtime_IHeap_Interface__BASE__C)
                  0000e4a0    00000004     uartconsole_pem4f.oem4f (.const:xdc_runtime_IModule_Interface__BASE__C)
                  0000e4a4    00000004     uartconsole_pem4f.oem4f (.const:xdc_runtime_Log_L_error__C)
                  0000e4a8    00000004     uartconsole_pem4f.oem4f (.const:xdc_runtime_Log_L_warning__C)
                  0000e4ac    00000004     uartconsole_pem4f.oem4f (.const:xdc_runtime_Main_Module__diagsEnabled__C)
                  0000e4b0    00000004     uartconsole_pem4f.oem4f (.const:xdc_runtime_Main_Module__diagsIncluded__C)
                  0000e4b4    00000004     uartconsole_pem4f.oem4f (.const:xdc_runtime_Main_Module__diagsMask__C)
                  0000e4b8    00000004     uartconsole_pem4f.oem4f (.const:xdc_runtime_Main_Module__loggerFxn2__C)
                  0000e4bc    00000004     uartconsole_pem4f.oem4f (.const:xdc_runtime_Main_Module__loggerFxn4__C)
                  0000e4c0    00000004     uartconsole_pem4f.oem4f (.const:xdc_runtime_Main_Module__loggerObj__C)
                  0000e4c4    00000004     uartconsole_pem4f.oem4f (.const:xdc_runtime_Memory_defaultHeapInstance__C)
                  0000e4c8    00000004     uartconsole_pem4f.oem4f (.const:xdc_runtime_Startup_execImpl__C)
                  0000e4cc    00000004     uartconsole_pem4f.oem4f (.const:xdc_runtime_Startup_maxPasses__C)
                  0000e4d0    00000004     uartconsole_pem4f.oem4f (.const:xdc_runtime_Startup_sfxnRts__C)
                  0000e4d4    00000004     uartconsole_pem4f.oem4f (.const:xdc_runtime_Startup_sfxnTab__C)
                  0000e4d8    00000004     uartconsole_pem4f.oem4f (.const:xdc_runtime_SysCallback_abortFxn__C)
                  0000e4dc    00000004     uartconsole_pem4f.oem4f (.const:xdc_runtime_SysCallback_exitFxn__C)
                  0000e4e0    00000004     uartconsole_pem4f.oem4f (.const:xdc_runtime_SysCallback_flushFxn__C)
[...]
0000bf41   xdc_runtime_SysCallback_ready__E
0000bf41   xdc_runtime_SysCallback_ready__F
0000bf41   xdc_runtime_System_SupportProxy_ready__E
0000bf51   xdc_runtime_System_vsnprintf__F
0000bf6f   UARTCharGetNonBlocking
0000bf7d   UARTCharPutNonBlocking
0000bf8b   UARTUtils_deviceunlink
0000bf99   USBDCDCTxPacketAvailable
0000bfa7   USBDMAChannelStatus
0000bfb5   USBDevLPMDisable
0000bfc3   USBDevLPMEnable
0000bfd1   USBULPIDisable
0000bfdf   USBULPIEnable
0000bfed   __TI_decompress_none
0000bffb   ti_sysbios_knl_Queue_empty__E
0000c009   ti_catalog_arm_cortexm4_tiva_ce_Boot_init__I
0000c015   CPUcpsid
0000c021   CPUcpsie
0000c02d   USBEndpointPacketCountSet
0000c039   USBLPMIntEnable
0000c045   USBRingBufInit
0000c051   ti_sysbios_family_arm_lm4_Timer_masterDisable__I
0000c05d   ti_sysbios_family_arm_lm4_TimestampProvider_startTimer__E
0000c069   ti_sysbios_family_arm_m3_Hwi_Params__init__S
0000c075   ti_sysbios_family_arm_m3_Hwi_disableFxn__E
0000c075   ti_sysbios_hal_Hwi_HwiProxy_disable__E
0000c075   ti_sysbios_hal_Hwi_disable__E
0000c081   ti_sysbios_gates_GateHwi_enter__E
0000c08d   ti_sysbios_knl_Queue_Object__get__S
0000c099   ti_sysbios_knl_Semaphore_Params__init__S
0000c0a5   xdc_runtime_Error_init__E
0000c0a5   xdc_runtime_Error_init__F
0000c0b1   xdc_runtime_Gate_enterSystem__E
0000c0b1   xdc_runtime_Gate_enterSystem__F
0000c0bd   xdc_runtime_Memory_calloc__E
0000c0bd   xdc_runtime_Memory_calloc__F
0000c0c9   xdc_runtime_Memory_getMaxDefaultTypeAlign__E
0000c0c9   xdc_runtime_Memory_getMaxDefaultTypeAlign__F
0000c0d5   xdc_runtime_System_exit__E
0000c0d5   xdc_runtime_System_exit__F
0000c0e1   xdc_runtime_System_lastFxn__I
0000c0ed   I2CMasterDisable
0000c0f7   I2CMasterEnable
0000c10b   I2C_Params_init
0000c115   UARTCharGet
0000c11f   UARTCharPut
0000c129   UARTIntDisable
0000c133   UARTIntStatus
0000c147   USBClockEnable
0000c151   USBControllerVersion
0000c15b   USBDMAChannelAddressSet
0000c165   USBDMAChannelCountSet
0000c16f   USBDevConnect
0000c179   USBDevDisconnect
0000c183   USBIntStatusEndpoint
0000c18d   ti_sysbios_hal_Hwi_Instance_finalize__F
0000c1ab   xdc_runtime_Text_visitRope__I
0000c1b5   I2CMasterIntClear
0000c1bd   I2CMasterSlaveAddrSet
0000c1cd   UARTIntEnable
0000c1dd   USBDevMode
0000c1e5   USBFIFOAddrGet
0000c1ed   USBOTGMode
0000c20d   ti_sysbios_family_arm_m3_Hwi_startup__E
0000c20d   ti_sysbios_hal_Hwi_HwiProxy_startup__E
0000c20d   ti_sysbios_hal_Hwi_startup__E
0000c215   ti_sysbios_knl_Idle_loop__E
0000c225   GPIOPinWrite
0000c22b   I2CMasterIntDisable
0000c231   I2CMasterIntEnable
0000c237   UARTFIFOLevelSet
0000c23d   USBBufferFlush
0000c243   USBBufferSpaceAvailable
0000c249   USBDMAChannelIntStatus
0000c24f   USBDevLPMConfig
0000c255   USBLPMIntStatus
0000c25b   __xdc__init
0000c261   __TI_decompress_rle24
0000c26d   ti_catalog_arm_cortexm4_tiva_ce_Boot_sysCtlDelayI__I
0000c273   ti_sysbios_family_arm_lm4_TimestampProvider_Module_startup__E
0000c273   ti_sysbios_family_arm_lm4_TimestampProvider_Module_startup__F
0000c279   ti_sysbios_family_arm_m3_Hwi_restoreFxn__E
0000c279   ti_sysbios_hal_Hwi_HwiProxy_restore__E
0000c279   ti_sysbios_hal_Hwi_restore__E
0000c27f   ti_sysbios_gates_GateHwi_leave__E
0000c285   ti_sysbios_heaps_HeapMem_isBlocking__E
0000c28b   ti_sysbios_knl_Queue_Instance_init__F
0000c291   ti_sysbios_knl_Swi_Module_startup__E
0000c291   ti_sysbios_knl_Swi_Module_startup__F
0000c297   xdc_runtime_System_Module_startup__E
0000c297   xdc_runtime_System_Module_startup__F
0000c2a1   I2CMasterControl
0000c2a5   I2CMasterDataGet
0000c2a9   I2CMasterDataPut
0000c2ad   UARTIntClear
0000c2b1   USBDevAddrSet
0000c2b5   ti_sysbios_BIOS_RtsGateProxy_enter__E
0000c2b9   ti_sysbios_BIOS_RtsGateProxy_leave__E
0000c2bd   ti_sysbios_family_arm_lm4_Timer_getPeriod__E
0000c2c1   ti_sysbios_family_arm_lm4_Timer_masterEnable__I
0000c2c5   ti_sysbios_family_arm_m3_TaskSupport_Module__startupDone__S
0000c2c9   ti_sysbios_gates_GateHwi_query__E
0000c2c9   ti_sysbios_gates_GateHwi_query__F
0000c2c9   xdc_runtime_Main_Module_GateProxy_query__E
0000c2c9   xdc_runtime_System_Module_GateProxy_query__E
0000c2cd   ti_sysbios_BIOS_RtsGateProxy_query__E
0000c2cd   ti_sysbios_gates_GateMutex_query__E
0000c2cd   ti_sysbios_gates_GateMutex_query__F
0000c2cd   ti_sysbios_heaps_HeapMem_Module_GateProxy_query__E
0000c2d1   ti_sysbios_hal_Hwi_HwiProxy_Module__startupDone__S
0000c2d5   ti_sysbios_hal_Hwi_HwiProxy_Object__delete__S
0000c2d9   ti_sysbios_hal_Timer_TimerProxy_Module__startupDone__S
0000c2dd   ti_sysbios_hal_Timer_TimerProxy_getPeriod__E
0000c2e1   ti_sysbios_heaps_HeapMem_Module_GateProxy_enter__E
0000c2e5   ti_sysbios_heaps_HeapMem_Module_GateProxy_leave__E
0000c2e9   ti_sysbios_knl_Task_SupportProxy_Module__startupDone__S
0000c2ed   ti_sysbios_knl_Task_startup__E
0000c2f1   xdc_runtime_Error_getSite__E
0000c2f1   xdc_runtime_Error_getSite__F
0000c2f5   xdc_runtime_Memory_HeapProxy_alloc__E
0000c2f9   xdc_runtime_Memory_HeapProxy_free__E
0000c2fd   xdc_runtime_System_Module_GateProxy_enter__E
0000c301   xdc_runtime_System_Module_GateProxy_leave__E
0000c305   xdc_runtime_System_aprintf_va__F
0000c309   xdc_runtime_System_printf_va__F
0000c30d   xdc_runtime_System_vsnprintf__E
0000c310   xdc_runtime_Text_charTab__A
0000da1a   _ctypes_
0000db1c   ti_sysbios_family_arm_m3_Hwi_priorities__A
0000dd3c   gpioHWAttrs
0000dd78   GPIO_config
0000dd90   i2cTivaHWAttrs
0000dda0   uartTivaHWAttrs
0000ddb0   g_sCDCSerConfigSection
0000ddb8   g_sIADSerConfigSection
0000ddc0   g_sCDCSerCommInterfaceSection
0000ddc8   g_sCDCSerDataInterfaceSection
0000ddd0   g_sCDCSerConfigHeader
0000ddd8   g_sCDCCompSerConfigHeader
0000dde0   g_ppCDCSerConfigDescriptors
0000dde4   g_pCDCCompSerConfigDescriptors
0000dde8   configString
0000de1e   ti_catalog_arm_cortexm4_tiva_ce_Boot_Module__id__C
0000de54   g_sCDCHandlers
0000de84   ti_sysbios_family_arm_m3_Hwi_Object__PARAMS__C
0000deb4   controlInterfaceString
0000dee0   ti_sysbios_hal_Hwi_Object__PARAMS__C
0000df0c   ti_sysbios_heaps_HeapMem_Module__FXNS__C
0000df34   manufacturerString
0000df58   I2C_config
0000df7c   UARTTiva_fxnTable
0000dfa0   UART_config
0000dfc4   ti_sysbios_gates_GateHwi_Module__FXNS__C
0000dfe8   ti_sysbios_gates_GateMutex_Module__FXNS__C
0000e00c   ti_sysbios_heaps_HeapMem_Object__PARAMS__C
0000e030   ti_sysbios_knl_Semaphore_Object__PARAMS__C
0000e054   txBuffer
0000e078   xdc_runtime_Startup_sfxnTab__A
0000e09c   g_pui8CDCSerCommInterface
0000e0bf   productString
0000e0e1   xdc_runtime_Error_policy__C
0000e0e2   ti_sysbios_BIOS_Module__id__C
0000e0e4   ti_sysbios_family_arm_m3_Hwi_Object__DESC__C
0000e104   ti_sysbios_gates_GateHwi_Object__DESC__C
0000e124   ti_sysbios_gates_GateMutex_Object__DESC__C
0000e144   ti_sysbios_hal_Hwi_Object__DESC__C
0000e164   ti_sysbios_heaps_HeapMem_Object__DESC__C
0000e184   ti_sysbios_knl_Queue_Object__DESC__C
0000e1a4   ti_sysbios_knl_Semaphore_Object__DESC__C
0000e1e0   stringDescriptors
0000e1f8   ti_sysbios_gates_GateHwi_Object__PARAMS__C
0000e210   ti_sysbios_gates_GateMutex_Object__PARAMS__C
0000e228   ti_sysbios_knl_Queue_Object__PARAMS__C
0000e240   g_pui8CDCSerDataInterface
0000e257   langDescriptor
0000e25b   serialNumberString
0000e26e   ti_sysbios_family_arm_m3_Hwi_Module__id__C
0000e270   xdc_runtime_Startup_firstFxns__A
0000e284   xdc_runtime_Startup_sfxnRts__A
0000e296   ti_sysbios_family_arm_m3_Hwi_Module__loggerDefined__C
0000e2aa   ti_sysbios_gates_GateMutex_Module__id__C
0000e2ac   I2CTiva_fxnTable
0000e2bc   xdc_runtime_Text_nodeTab__A
0000e2cc   ti_sysbios_family_arm_m3_Hwi_excHookFuncs__A
0000e2d4   ti_sysbios_knl_Idle_coreList__C
0000e2dc   ti_sysbios_knl_Idle_funcList__C
0000e2e4   xdc_runtime_Startup_firstFxns__C
0000e2ec   xdc_runtime_Startup_lastFxns__A
0000e2f4   xdc_runtime_Startup_lastFxns__C
0000e2fc   ti_catalog_arm_cortexm4_tiva_ce_Boot_A_mustUseEnhancedClockMode__C
0000e300   ti_catalog_arm_cortexm4_tiva_ce_Boot_Module__diagsEnabled__C
0000e304   ti_catalog_arm_cortexm4_tiva_ce_Boot_Module__diagsIncluded__C
0000e308   ti_catalog_arm_cortexm4_tiva_ce_Boot_Module__diagsMask__C
0000e30c   ti_sysbios_BIOS_Module__diagsEnabled__C
0000e310   ti_sysbios_BIOS_Module__diagsIncluded__C
0000e314   ti_sysbios_BIOS_Module__diagsMask__C
0000e318   ti_sysbios_BIOS_installedErrorHook__C
0000e31c   ti_sysbios_family_arm_lm4_Timer_enableFunc__C
0000e320   ti_sysbios_family_arm_lm4_Timer_numTimerDevices__C
0000e324   ti_sysbios_family_arm_lm4_Timer_startupNeeded__C
0000e328   ti_sysbios_family_arm_m3_Hwi_E_NMI__C
0000e32c   ti_sysbios_family_arm_m3_Hwi_E_alreadyDefined__C
0000e330   ti_sysbios_family_arm_m3_Hwi_E_busFault__C
0000e334   ti_sysbios_family_arm_m3_Hwi_E_debugMon__C
0000e338   ti_sysbios_family_arm_m3_Hwi_E_hardFault__C
0000e33c   ti_sysbios_family_arm_m3_Hwi_E_memFault__C
0000e340   ti_sysbios_family_arm_m3_Hwi_E_noIsr__C
0000e344   ti_sysbios_family_arm_m3_Hwi_E_reserved__C
0000e348   ti_sysbios_family_arm_m3_Hwi_E_svCall__C
0000e34c   ti_sysbios_family_arm_m3_Hwi_E_usageFault__C
0000e350   ti_sysbios_family_arm_m3_Hwi_LD_end__C
0000e354   ti_sysbios_family_arm_m3_Hwi_LM_begin__C
0000e358   ti_sysbios_family_arm_m3_Hwi_Module__diagsEnabled__C
0000e35c   ti_sysbios_family_arm_m3_Hwi_Module__diagsIncluded__C
0000e360   ti_sysbios_family_arm_m3_Hwi_Module__diagsMask__C
0000e364   ti_sysbios_family_arm_m3_Hwi_Module__loggerFxn1__C
0000e368   ti_sysbios_family_arm_m3_Hwi_Module__loggerFxn8__C
0000e36c   ti_sysbios_family_arm_m3_Hwi_Module__loggerObj__C
0000e370   ti_sysbios_family_arm_m3_Hwi_NUM_INTERRUPTS__C
0000e374   ti_sysbios_family_arm_m3_Hwi_ccr__C
0000e378   ti_sysbios_family_arm_m3_Hwi_dispatchTable__C
0000e37c   ti_sysbios_family_arm_m3_Hwi_excHandlerFunc__C
0000e380   ti_sysbios_family_arm_m3_Hwi_excHookFuncs__C
0000e384   ti_sysbios_family_arm_m3_Hwi_priGroup__C
0000e388   ti_sysbios_family_arm_m3_Hwi_priorities__C
0000e38c   ti_sysbios_gates_GateMutex_A_badContext__C
0000e390   ti_sysbios_gates_GateMutex_Instance_State_sem__O
0000e394   ti_sysbios_gates_GateMutex_Module__diagsEnabled__C
0000e398   ti_sysbios_gates_GateMutex_Module__diagsIncluded__C
0000e39c   ti_sysbios_gates_GateMutex_Module__diagsMask__C
0000e3a0   ti_sysbios_heaps_HeapMem_A_align__C
0000e3a4   ti_sysbios_heaps_HeapMem_A_heapSize__C
0000e3a8   ti_sysbios_heaps_HeapMem_A_invalidFree__C
0000e3ac   ti_sysbios_heaps_HeapMem_A_zeroBlock__C
0000e3b0   ti_sysbios_heaps_HeapMem_E_memory__C
0000e3b4   ti_sysbios_heaps_HeapMem_Module__diagsEnabled__C
0000e3b8   ti_sysbios_heaps_HeapMem_Module__diagsIncluded__C
0000e3bc   ti_sysbios_heaps_HeapMem_Module__diagsMask__C
0000e3c0   ti_sysbios_heaps_HeapMem_Module__gateObj__C
0000e3c4   ti_sysbios_heaps_HeapMem_Object__count__C
0000e3c8   ti_sysbios_heaps_HeapMem_reqAlign__C
0000e3cc   ti_sysbios_knl_Clock_LM_begin__C
0000e3d0   ti_sysbios_knl_Clock_LM_tick__C
0000e3d4   ti_sysbios_knl_Clock_LW_delayed__C
0000e3d8   ti_sysbios_knl_Clock_Module_State_clockQ__O
0000e3dc   ti_sysbios_knl_Clock_Module__diagsEnabled__C
0000e3e0   ti_sysbios_knl_Clock_Module__diagsIncluded__C
0000e3e4   ti_sysbios_knl_Clock_Module__diagsMask__C
0000e3e8   ti_sysbios_knl_Clock_Module__loggerFxn1__C
0000e3ec   ti_sysbios_knl_Clock_Module__loggerFxn2__C
0000e3f0   ti_sysbios_knl_Clock_Module__loggerObj__C
0000e3f4   ti_sysbios_knl_Idle_coreList__A
0000e3f8   ti_sysbios_knl_Idle_funcList__A
0000e3fc   ti_sysbios_knl_Semaphore_A_badContext__C
0000e400   ti_sysbios_knl_Semaphore_A_noEvents__C
0000e404   ti_sysbios_knl_Semaphore_A_overflow__C
0000e408   ti_sysbios_knl_Semaphore_A_pendTaskDisabled__C
0000e40c   ti_sysbios_knl_Semaphore_Instance_State_pendQ__O
0000e410   ti_sysbios_knl_Semaphore_LM_pend__C
0000e414   ti_sysbios_knl_Semaphore_LM_post__C
0000e418   ti_sysbios_knl_Semaphore_Module__diagsEnabled__C
0000e41c   ti_sysbios_knl_Semaphore_Module__diagsIncluded__C
0000e420   ti_sysbios_knl_Semaphore_Module__diagsMask__C
0000e424   ti_sysbios_knl_Semaphore_Module__loggerFxn2__C
0000e428   ti_sysbios_knl_Semaphore_Module__loggerFxn4__C
0000e42c   ti_sysbios_knl_Semaphore_Module__loggerObj__C
0000e430   ti_sysbios_knl_Task_LD_block__C
0000e434   ti_sysbios_knl_Task_LD_exit__C
0000e438   ti_sysbios_knl_Task_LD_ready__C
0000e43c   ti_sysbios_knl_Task_LM_switch__C
0000e440   ti_sysbios_knl_Task_Module_State_inactiveQ__O
0000e444   ti_sysbios_knl_Task_Module__diagsEnabled__C
0000e448   ti_sysbios_knl_Task_Module__diagsIncluded__C
0000e44c   ti_sysbios_knl_Task_Module__diagsMask__C
0000e450   ti_sysbios_knl_Task_Module__loggerFxn2__C
0000e454   ti_sysbios_knl_Task_Module__loggerFxn4__C
0000e458   ti_sysbios_knl_Task_Module__loggerObj__C
0000e45c   ti_sysbios_knl_Task_Object__count__C
0000e460   ti_sysbios_knl_Task_allBlockedFunc__C
0000e464   ti_sysbios_knl_Task_numConstructedTasks__C
0000e468   xdc_runtime_Assert_E_assertFailed__C
0000e46c   xdc_runtime_Core_A_initializedParams__C
0000e470   xdc_runtime_Core_Module__diagsEnabled__C
0000e474   xdc_runtime_Core_Module__diagsIncluded__C
0000e478   xdc_runtime_Core_Module__diagsMask__C
0000e47c   xdc_runtime_Error_E_memory__C
0000e480   xdc_runtime_Error_Module__diagsEnabled__C
0000e484   xdc_runtime_Error_Module__diagsIncluded__C
0000e488   xdc_runtime_Error_Module__diagsMask__C
0000e48c   xdc_runtime_Error_Module__loggerFxn8__C
0000e490   xdc_runtime_Error_Module__loggerObj__C
0000e494   xdc_runtime_Error_raiseHook__C
0000e498   xdc_runtime_IGateProvider_Interface__BASE__C
0000e49c   xdc_runtime_IHeap_Interface__BASE__C
0000e4a0   xdc_runtime_IModule_Interface__BASE__C
0000e4a4   xdc_runtime_Log_L_error__C
0000e4a8   xdc_runtime_Log_L_warning__C
0000e4ac   xdc_runtime_Main_Module__diagsEnabled__C
0000e4b0   xdc_runtime_Main_Module__diagsIncluded__C
0000e4b4   xdc_runtime_Main_Module__diagsMask__C
0000e4b8   xdc_runtime_Main_Module__loggerFxn2__C
0000e4bc   xdc_runtime_Main_Module__loggerFxn4__C
0000e4c0   xdc_runtime_Main_Module__loggerObj__C
0000e4c4   xdc_runtime_Memory_defaultHeapInstance__C
0000e4c8   xdc_runtime_Startup_execImpl__C
0000e4cc   xdc_runtime_Startup_maxPasses__C
0000e4d0   xdc_runtime_Startup_sfxnRts__C
0000e4d4   xdc_runtime_Startup_sfxnTab__C
0000e4d8   xdc_runtime_SysCallback_abortFxn__C
0000e4dc   xdc_runtime_SysCallback_exitFxn__C
0000e4e0   xdc_runtime_SysCallback_flushFxn__C
0000e4e4   xdc_runtime_SysCallback_putchFxn__C
0000e4e8   xdc_runtime_SysCallback_readyFxn__C
0000e4ec   xdc_runtime_System_Module__gateObj__C
0000e4f0   xdc_runtime_System_extendFxn__C
0000e4f4   xdc_runtime_System_maxAtexitHandlers__C
0000e4f8   xdc_runtime_Text_charTab__C
0000e4fc   xdc_runtime_Text_nameEmpty__C
0000e500   xdc_runtime_Text_nameStatic__C
0000e504   xdc_runtime_Text_nameUnknown__C
0000e508   xdc_runtime_Text_nodeTab__C
0000e50c   xdc_runtime_Text_visitRopeFxn__C
0000e510   ti_sysbios_heaps_HeapMem_Module__id__C
0000e512   ti_sysbios_knl_Clock_Module__id__C
0000e514   ti_sysbios_knl_Clock_Module__loggerDefined__C
0000e516   ti_sysbios_knl_Semaphore_Module__id__C
0000e518   ti_sysbios_knl_Semaphore_Module__loggerDefined__C
0000e51a   ti_sysbios_knl_Task_Module__id__C
0000e51c   ti_sysbios_knl_Task_Module__loggerDefined__C
0000e51e   ti_sysbios_knl_Task_initStackFlag__C
0000e520   xdc_runtime_Core_Module__id__C
0000e522   xdc_runtime_Error_Module__loggerDefined__C
0000e524   xdc_runtime_Error_maxDepth__C
0000e526   xdc_runtime_Main_Module__id__C
0000e528   xdc_runtime_Main_Module__loggerDefined__C
0000e52a   xdc_runtime_Memory_Module__id__C
0000e52c   xdc_runtime_Text_charCnt__C
0000e52e   xdc_runtime_Text_isLoaded__C
0000e530   xdc_runtime_Text_registryModsLastId__C
0000e532   xdc_runtime_Text_unnamedModsLastId__C
0000e8e4   __TI_Handler_Table_Base
0000e8f0   __TI_Handler_Table_Limit
0000e900   __TI_CINIT_Base
0000e918   __TI_CINIT_Limit
20000000   ti_sysbios_family_arm_m3_Hwi_ramVectors
20000360   ti_uia_sysbios_LoggerIdle_Module_State_0_idleBuffer__A
20001360   ti_sysbios_knl_Task_Instance_State_0_stack__A
20001960   ti_sysbios_knl_Task_Instance_State_1_stack__A
20002160   ti_sysbios_heaps_HeapMem_Instance_State_0_buf__A
20002960   __CIOBUF_
20002b90   uartTivaObjects
20002ca0   i2cTivaObjects
20002ea0   __TI_tmpnams
20002f40   g_psDCDInst
20002fd0   ti_uia_sysbios_LoggerIdle_Module_State_0_tempBuffer__A
20003010   g_pfnTickHandlers
20003028   g_pvTickInstance
20003064   g_ppsDevInfo
20003070   ti_sysbios_family_arm_m3_Hwi_Module_State_0_dispatchTable__A
200033d0   ti_sysbios_BIOS_Module__state__V
200033f0   ti_sysbios_family_arm_lm4_Timer_Module__root__V
200033f8   ti_sysbios_family_arm_lm4_Timer_Module_State_0_handles__A
20003410   ti_sysbios_family_arm_lm4_Timer_Module__state__V
2000341c   ti_sysbios_family_arm_lm4_TimestampProvider_Module__state__V
20003424   ti_sysbios_family_arm_m3_Hwi_Module__root__V
2000342c   ti_sysbios_family_arm_m3_Hwi_Module_State_0_excActive__A
20003430   ti_sysbios_family_arm_m3_Hwi_Module_State_0_excContext__A
20003434   ti_sysbios_family_arm_m3_Hwi_Module_State_0_excStack__A
20003438   ti_sysbios_gates_GateHwi_Module__root__V
20003440   ti_sysbios_gates_GateHwi_Object__table__V
20003444   ti_sysbios_gates_GateMutex_Module__root__V
2000344c   ti_sysbios_hal_Hwi_Module__root__V
20003454   ti_sysbios_hal_Timer_Module__root__V
2000345c   ti_sysbios_hal_Timer_Object__table__V
20003464   ti_sysbios_heaps_HeapMem_Module__root__V
2000346c   ti_sysbios_heaps_HeapMem_Object__table__V
20003484   ti_sysbios_knl_Clock_Module__root__V
2000348c   ti_sysbios_knl_Queue_Module__root__V
20003494   ti_sysbios_knl_Semaphore_Module__root__V
2000349c   ti_sysbios_knl_Swi_Module__root__V
200034a4   ti_sysbios_knl_Swi_Module_State_0_readyQ__A
200034ac   ti_sysbios_knl_Swi_Module__state__V
200034c8   ti_sysbios_knl_Task_Module__root__V
200034d0   ti_sysbios_knl_Task_Module_State_0_readyQ__A
200034f0   ti_sysbios_knl_Task_Module_State_0_idleTask__A
200034f4   ti_uia_sysbios_LoggerIdle_Module__root__V
200034fc   xdc_runtime_Error_Module__state__V
20003500   xdc_runtime_Memory_Module__state__V
20003504   xdc_runtime_Registry_Module__state__V
2000350c   xdc_runtime_Startup_Module__state__V
20003514   xdc_runtime_System_Module_State_0_atexitHandlers__A
2000351c   xdc_runtime_System_Module__state__V
20003528   xdc_runtime_Text_Module__state__V
20003530   __xdc__init__addr
20003534   _ftable
200036f4   ti_sysbios_knl_Task_Object__table__V
20003740   TSK_idle
2000378c   ti_sysbios_family_arm_lm4_Timer_Object__table__V
2000385c   ti_sysbios_family_arm_m3_Hwi_Module__state__V
200038b8   ti_sysbios_knl_Task_Module__state__V
200038fc   g_pui8CDCSerDeviceDescriptor
2000390e   g_pui8CDCSerDescriptor
20003917   g_pui8IADSerDescriptor
20003920   g_psCDCSerSections
2000392c   g_psCDCCompSerSections
2000393c   ti_sysbios_gates_GateMutex_Object__table__V
20003974   ti_sysbios_family_arm_lm4_Timer_Module_State_0_device__A
200039a4   ti_sysbios_family_arm_m3_Hwi_Object__table__V
200039fc   ti_sysbios_knl_Clock_Module__state__V
20003a24   ti_uia_sysbios_LoggerIdle_Module__state__V
20003a4c   __TI_ft_end
20003a50   __aeabi_stdin
20003a54   __aeabi_stdout
20003a58   __aeabi_stderr
20003a5c   g_bUSBTimerInitialized
20003a60   g_ui32CurrentUSBTick
20003a64   g_ui32USBSOFCount
20003a68   g_iUSBMode
20003a6c   g_ui32WaitTicks
20003a7c   _lock
20003a80   _unlock
20003a84   __TI_cleanup_ptr
20003a88   __TI_dtors_ptr
20003aa8   main_func_sp
20003ab0   __stack
20003bb0   __STACK_TOP
20003db0   __STACK_END
e000e000   ti_sysbios_family_arm_m3_Hwi_nvic
ffffffff   __binit__
ffffffff   __c_args__
ffffffff   binit
UNDEFED    SHT$$INIT_ARRAY$$Base
UNDEFED    SHT$$INIT_ARRAY$$Limit

[872 symbols]
