******************************************************************************
                  TI ARM Linker PC v5.1.3                      
******************************************************************************
>> Linked Sat Feb 15 22:54:07 2014

OUTPUT FILE NAME:   <KIRC_FltCmp_v0.1.out>
ENTRY POINT SYMBOL: "_c_int00"  address: 0000c811


MEMORY CONFIGURATION

         name            origin    length      used     unused   attr    fill
----------------------  --------  ---------  --------  --------  ----  --------
  FLASH                 00000000   00040000  00012cf0  0002d310  R  X
  SRAM                  20000000   00008000  00003fe5  0000401b  RW X


SEGMENT ALLOCATION MAP

run origin  load origin   length   init length attrs members
----------  ----------- ---------- ----------- ----- -------
00000000    00000000    00012cf8   00012cf8    r-x
  00000000    00000000    00000360   00000360    r-- .resetVecs
  00000360    00000360    0000f72a   0000f72a    r-x .text
  0000fa8c    0000fa8c    00002d96   00002d96    r-- .const
  00012828    00012828    000004d0   000004d0    r-- .cinit
20000000    20000000    00003fe8   00000000    rw-
  20000000    20000000    00000360   00000000    rw- .vecs
  20000360    20000360    00002c8d   00000000    rw- .bss
  20002ff0    20002ff0    00000cf8   00000000    rw- .data
  20003ce8    20003ce8    00000300   00000000    rw- .stack


SECTION ALLOCATION MAP

 output                                  attributes/
section   page    origin      length       input sections
--------  ----  ----------  ----------   ----------------
.bootVecs 
*          0    00000000    00000008     DSECT
                  00000000    00000008     boot.aem4f : boot.oem4f (.bootVecs)

.resetVecs 
*          0    00000000    00000360     
                  00000000    00000360     uartconsole_pem4f.oem4f (.resetVecs)

xdc.meta   0    00000000    000000fc     COPY SECTION
                  00000000    000000fc     uartconsole_pem4f.oem4f (xdc.meta)

.text      0    00000360    0000f72a     
                  00000360    00000ec0     rtsv7M4_T_le_v4SPD16_eabi.lib : _printfi.obj (.text)
                  00001220    00000804     quaternion.obj (.text:Update_State)
                  00001a24    0000047c     uart_tivaware.aem4f : UARTTiva.oem4f (.text:UARTTiva_hwiIntFxn)
                  00001ea0    0000042c     sysbios.aem4f : BIOS.obj (.text:ti_sysbios_family_arm_m3_Hwi_excDumpRegs__I)
                  000022cc    000003f0     rtsv7M4_T_le_v4SPD16_eabi.lib : powf.obj (.text)
                  000026bc    00000368     uart_tivaware.aem4f : UARTTiva.oem4f (.text:UARTTiva_write)
                  00002a24    00000344     ti.targets.arm.rtsarm.aem4f : System.oem4f (.text:xdc_runtime_System_doPrint__I)
                  00002d68    00000334     uart_tivaware.aem4f : UARTTiva.oem4f (.text:UARTTiva_open)
                  0000309c    00000310     rtsv7M4_T_le_v4SPD16_eabi.lib : lowlev.obj (.text)
                  000033ac    000002d8     sysbios.aem4f : BIOS.obj (.text:ti_sysbios_knl_Semaphore_pend__E)
                  00003684    000002d4     rtsv7M4_T_le_v4SPD16_eabi.lib : trgdrv.obj (.text)
                  00003958    00000248     Main.obj (.text:consoleFxn)
                  00003ba0    00000248     sysbios.aem4f : BIOS.obj (.text:ti_sysbios_heaps_HeapMem_free__E)
                  00003de8    00000234                   : BIOS.obj (.text:ti_sysbios_heaps_HeapMem_alloc__E)
                  0000401c    00000230                   : BIOS.obj (.text:ti_sysbios_family_arm_lm4_Timer_start__E)
                  0000424c    00000200                   : BIOS.obj (.text:ti_sysbios_family_arm_m3_Hwi_excHandlerMax__I)
                  0000444c    000001f4     uart_tivaware.aem4f : UARTTiva.oem4f (.text:UARTTiva_read)
                  00004640    000001f4     rtsv7M4_T_le_v4SPD16_eabi.lib : ull_div_t2.obj (.text)
                  00004834    000001d4     sysbios.aem4f : BIOS.obj (.text:ti_sysbios_knl_Task_sleep__E)
                  00004a08    000001c4     ti.uia.sysbios.aem4f : LoggerIdle.oem4f (.text:ti_uia_sysbios_LoggerIdle_write1__E)
                  00004bcc    000001c0     rtsv7M4_T_le_v4SPD16_eabi.lib : fopen.obj (.text)
                  00004d8c    000001b6                                   : fd_add_t2.obj (.text)
                  00004f42    00000002     usblib.lib : usbdma.obj (.text:iDMAUSBArbSizeSet)
                  00004f44    000001b0     ti.uia.sysbios.aem4f : LoggerIdle.oem4f (.text:ti_uia_sysbios_LoggerIdle_write0__E)
                  000050f4    0000018c                          : LoggerIdle.oem4f (.text:writeStart)
                  00005280    00000184     rtsv7M4_T_le_v4SPD16_eabi.lib : xfexp.obj (.text)
                  00005404    00000178                                   : xflog.obj (.text)
                  0000557c    00000170     usblib.lib : usbdma.obj (.text:USBLibDMAInit)
                  000056ec    0000016c     sensors.obj (.text:Get_Pressure)
                  00005858    00000168     uart_tivaware.aem4f : UARTTiva.oem4f (.text:UARTTiva_readPolling)
                  000059c0    00000168     sysbios.aem4f : BIOS.obj (.text:ti_sysbios_family_arm_m3_Hwi_excBusFault__I)
                  00005b28    00000160     uart_tivaware.aem4f : UARTTiva.oem4f (.text:readData)
                  00005c88    0000015c                         : UARTTiva.oem4f (.text:UARTTiva_writePolling)
                  00005de4    0000015c     usblib.lib : usbdenum.obj (.text:USBDEP0StateTxConfig)
                  00005f40    00000154     sysbios.aem4f : BIOS.obj (.text:ti_sysbios_family_arm_m3_Hwi_excUsageFault__I)
                  00006094    00000150     usblib.lib : usbdenum.obj (.text:USBDeviceIntHandlerInternal)
                  000061e4    00000148                : usbdenum.obj (.text:USBDCDInit)
                  0000632c    00000148     rtsv7M4_T_le_v4SPD16_eabi.lib : sqrt.obj (.text)
                  00006474    00000144     sysbios.aem4f : BIOS.obj (.text:ti_sysbios_knl_Semaphore_post__E)
                  000065b8    00000140     usblib.lib : usbdconfig.obj (.text:USBDeviceConfig)
                  000066f8    00000140     sysbios.aem4f : BIOS.obj (.text:ti_sysbios_family_arm_m3_Hwi_excMemFault__I)
                  00006838    0000013c     sensors.obj (.text:Filter_Data)
                  00006974    0000013c     sensors.obj (.text:Read_Gyro)
                  00006ab0    0000013c     ti.targets.arm.rtsarm.aem4f : Error.oem4f (.text:xdc_runtime_Error_raiseX__F)
                  00006bec    00000138     sysbios.aem4f : BIOS.obj (.text:ti_sysbios_heaps_HeapMem_Instance_init__F)
                  00006d24    00000136     rtsv7M4_T_le_v4SPD16_eabi.lib : fd_div_t2.obj (.text)
                  00006e5a    00000002     usblib.lib : usbdma.obj (.text:iDMAUSBUnitSizeSet)
                  00006e5c    00000134     rtsv7M4_T_le_v4SPD16_eabi.lib : fputs.obj (.text)
                  00006f90    00000134     sysbios.aem4f : m3_Hwi_asm.obj (.text:ti_sysbios_family_arm_m3_Hwi_dispatch__I)
                  000070c4    00000130     driverlib.lib : gpio.obj (.text:GPIOPadConfigSet)
                  000071f4    0000012c     sysbios.aem4f : BIOS.obj (.text:ti_sysbios_family_arm_lm4_TimestampProvider_get64__E)
                  00007320    0000012c                   : BIOS.obj (.text:ti_sysbios_knl_Clock_workFunc__E)
                  0000744c    00000124     sensors.obj (.text:Calib_Gyro)
                  00007570    00000120     sysbios.aem4f : BIOS.obj (.text:ti_sysbios_family_arm_m3_Hwi_dispatchC__I)
                  00007690    00000120                   : BIOS.obj (.text:ti_sysbios_utils_Load_logLoads__I)
                  000077b0    0000011c     i2c_tivaware.aem4f : I2CTiva.oem4f (.text:I2CTiva_open)
                  000078cc    00000118     uartconsole_pem4f.oem4f (.text:xdc_runtime_System_printfExtend__I)
                  000079e4    00000110     rtsv7M4_T_le_v4SPD16_eabi.lib : xdscale.obj (.text)
                  00007af4    00000110     sysbios.aem4f : BIOS.obj (.text:ti_sysbios_utils_Load_updateThreadContexts__E)
                  00007c04    0000010c     Boot.aem4f : Boot_sysctl.oem4f (.text:ti_catalog_arm_cortexm4_tiva_ce_Boot_sysCtlClockSetI__I)
                  00007d10    0000010c     sysbios.aem4f : BIOS.obj (.text:ti_sysbios_knl_Task_exit__E)
                  00007e1c    00000108     UARTUtils.obj (.text:openHandle)
                  00007f24    00000104     sensors.obj (.text:Altm_Init)
                  00008028    00000104     ti.targets.arm.rtsarm.aem4f : Core-mem.oem4f (.text:xdc_runtime_Core_createObject__I)
                  0000812c    000000fc     rtsv7M4_T_le_v4SPD16_eabi.lib : fd_mul_t2.obj (.text)
                  00008228    000000fc     sysbios.aem4f : BIOS.obj (.text:ti_sysbios_knl_Task_schedule__I)
                  00008324    000000f8                   : BIOS.obj (.text:ti_sysbios_knl_Task_startCore__E)
                  0000841c    000000f8     ti.targets.arm.rtsarm.aem4f : Startup.oem4f (.text:xdc_runtime_Startup_startMods__I)
                  00008514    000000f4     gpio_tivaware.aem4f : GPIO.oem4f (.text:GPIO_toggle)
                  00008608    000000f4     Main.obj (.text:main)
                  000086fc    000000f4     rtsv7M4_T_le_v4SPD16_eabi.lib : dtor_list.obj (.text)
                  000087f0    000000f4     sysbios.aem4f : BIOS.obj (.text:ti_sysbios_knl_Task_postInit__I)
                  000088e4    000000ea     usblib.lib : usbdma.obj (.text:iDMAUSBTransfer)
                  000089ce    00000002     sysbios.aem4f : BIOS.obj (.text:ti_sysbios_BIOS_nullFunc__I)
                  000089d0    000000e8     gpio_tivaware.aem4f : GPIO.oem4f (.text:GPIO_write)
                  00008ab8    000000e8     sensors.obj (.text:Get_Altitude)
                  00008ba0    000000e8     sysbios.aem4f : BIOS.obj (.text:ti_sysbios_family_arm_m3_Hwi_initNVIC__E)
                  00008c88    000000e4     sensors.obj (.text:Calib_Accel)
                  00008d6c    000000e4     usblib.lib : usbdenum.obj (.text:USBDGetDescriptor)
                  00008e50    000000dc     rtsv7M4_T_le_v4SPD16_eabi.lib : setvbuf.obj (.text)
                  00008f2c    000000d8     usblib.lib : usbdenum.obj (.text:USBDeviceEnumHandler)
                  00009004    000000d4                : usbdcdc.obj (.text:HandleRequests)
                  000090d8    000000d4     i2c_tivaware.aem4f : I2CTiva.oem4f (.text:I2CTiva_hwiFxn)
                  000091ac    000000c8     driverlib.lib : sysctl.obj (.text:SysCtlClockGet)
                  00009274    000000c4     rtsv7M4_T_le_v4SPD16_eabi.lib : xdnorm.obj (.text)
                  00009338    000000c0     uart_tivaware.aem4f : UARTTiva.oem4f (.text:UARTTiva_writeCancel)
                  000093f8    000000c0     rtsv7M4_T_le_v4SPD16_eabi.lib : fflush.obj (.text)
                  000094b8    000000c0                                   : xfdscale.obj (.text)
                  00009578    000000c0     usblib.lib : usbdma.obj (.text:uDMAUSBChannelAllocate)
                  00009638    000000bc     uart_tivaware.aem4f : UARTTiva.oem4f (.text:UARTTiva_readCancel)
                  000096f4    000000bc     sysbios.aem4f : BIOS.obj (.text:ti_sysbios_knl_Task_unblockI__E)
                  000097b0    000000ba     usblib.lib : usbdma.obj (.text:uDMAUSBTransfer)
                  0000986a    00000002     sysbios.aem4f : BIOS.obj (.text:ti_sysbios_family_arm_m3_Hwi_doSwiRestore__I)
                  0000986c    000000b8                   : BIOS.obj (.text:ti_sysbios_family_arm_lm4_TimestampProvider_get32__E)
                  00009924    000000b4                   : BIOS.obj (.text:ti_sysbios_family_arm_m3_Hwi_excHardFault__I)
                  000099d8    000000b4                   : BIOS.obj (.text:ti_sysbios_gates_GateMutex_enter__E)
                  00009a8c    000000b2     usblib.lib : usbbuffer.obj (.text:HandleRxAvailable)
                  00009b3e    00000002     sysbios.aem4f : BIOS.obj (.text:ti_sysbios_gates_GateHwi_Instance_init__F)
                  00009b40    000000b0                   : BIOS.obj (.text:ti_sysbios_family_arm_m3_Hwi_excDebugMon__I)
                  00009bf0    000000b0                   : BIOS.obj (.text:ti_sysbios_utils_Load_idleFxn__E)
                  00009ca0    000000b0                   : BIOS.obj (.text:ti_sysbios_utils_Load_updateLoads__E)
                  00009d50    000000ac     rtsv7M4_T_le_v4SPD16_eabi.lib : _io_perm.obj (.text)
                  00009dfc    000000ac     sysbios.aem4f : BIOS.obj (.text:ti_sysbios_family_arm_lm4_Timer_enableTiva__I)
                  00009ea8    000000a8     usblib.lib : usbdcdc.obj (.text:HandleDevice)
                  00009f50    000000a8     sysbios.aem4f : BIOS.obj (.text:ti_sysbios_knl_Semaphore_Instance_init__F)
                  00009ff8    000000a8                   : BIOS.obj (.text:ti_sysbios_knl_Task_blockI__E)
                  0000a0a0    000000a4                   : BIOS.obj (.text:ti_sysbios_family_arm_lm4_Timer_enableTimers__I)
                  0000a144    000000a4                   : BIOS.obj (.text:ti_sysbios_family_arm_m3_Hwi_Module_startup__F)
                  0000a1e8    000000a0     uart_tivaware.aem4f : UARTTiva.oem4f (.text:UARTTiva_close)
                  0000a288    000000a0     USBCDCD_LoggerIdle.obj (.text:USBCDCD_init)
                  0000a328    000000a0     usblib.lib : usbdcdc.obj (.text:USBDCDCCompositeInit)
                  0000a3c8    000000a0     auto_init.aem4f : auto_init.oem4f (.text)
                  0000a468    0000009c     USBCDCD_LoggerIdle.obj (.text:cbSerialHandler)
                  0000a504    0000009c     rtsv7M4_T_le_v4SPD16_eabi.lib : fputc.obj (.text)
                  0000a5a0    0000009c                                   : memcpy_t2.obj (.text)
                  0000a63c    0000009a     usblib.lib : usbbuffer.obj (.text:ScheduleNextTransmission)
                  0000a6d6    00000002     ti.uia.sysbios.aem4f : LoggerIdle.oem4f (.text:ti_uia_sysbios_LoggerIdle_Instance_init__F)
                  0000a6d8    0000009a     ti.targets.arm.rtsarm.aem4f : Text.oem4f (.text:xdc_runtime_Text_putSite__F)
                  0000a772    00000002     usblib.lib : usbdma.obj (.text:uDMAUSBChannelIntDisable)
                  0000a774    00000098                : usbdenum.obj (.text:USBDSetInterface)
                  0000a80c    00000098     rtsv7M4_T_le_v4SPD16_eabi.lib : fclose.obj (.text)
                  0000a8a4    00000096     usblib.lib : usbdcdc.obj (.text:CDCTickHandler)
                  0000a93a    00000002                : usbdma.obj (.text:uDMAUSBChannelIntEnable)
                  0000a93c    00000094     Boot.aem4f : Boot.oem4f (.text:ti_catalog_arm_cortexm4_tiva_ce_Boot_sysCtlClockSet__E)
                  0000a9d0    00000094     ti.targets.arm.rtsarm.aem4f : Text.oem4f (.text:xdc_runtime_Text_putMod__F)
                  0000aa64    00000092     usblib.lib : usbdcdc.obj (.text:SendSerialState)
                  0000aaf6    00000002     uartconsole_pem4f.oem4f (.text:xdc_runtime_Startup_reset__I)
                  0000aaf8    00000090     rtsv7M4_T_le_v4SPD16_eabi.lib : xfdint.obj (.text)
                  0000ab88    00000090     sysbios.aem4f : BIOS.obj (.text:ti_sysbios_family_arm_m3_Hwi_Instance_init__F)
                  0000ac18    0000008c     UARTUtils.obj (.text:UARTUtils_systemInit)
                  0000aca4    0000008c     usblib.lib : usbdenum.obj (.text:USBDSetConfiguration)
                  0000ad30    0000008c                : usbdconfig.obj (.text:USBDeviceConfigAlternate)
                  0000adbc    0000008c     sysbios.aem4f : m3_TaskSupport_asm.obj (.text:ti_sysbios_family_arm_m3_TaskSupport_buildTaskStack)
                  0000ae48    0000008a     i2c_tivaware.aem4f : I2CTiva.oem4f (.text:I2CTiva_transfer)
                  0000aed2    00000002     ti.targets.arm.rtsarm.aem4f : SysCallback.oem4f (.text:xdc_runtime_SysCallback_defaultExit)
                  0000aed4    00000088     EK_TM4C123GXL.obj (.text:EK_TM4C123GXL_initGPIO)
                  0000af5c    00000086     rtsv7M4_T_le_v4SPD16_eabi.lib : fd_cmp_t2.obj (.text:__aeabi_cdcmple)
                  0000afe2    00000086                                   : fd_cmp_t2.obj (.text:__aeabi_cdrcmple)
                  0000b068    00000084     sensors.obj (.text:GetData_Accel)
                  0000b0ec    00000084     sensors.obj (.text:GetData_Gyro)
                  0000b170    00000084     sensors.obj (.text:GetData_Magn)
                  0000b1f4    00000084     sensors.obj (.text:Read_Magn)
                  0000b278    00000084     usblib.lib : usbdma.obj (.text:iDMAUSBChannelAllocate)
                  0000b2fc    00000084     sysbios.aem4f : BIOS.obj (.text:ti_sysbios_knl_Task_Module_startup__F)
                  0000b380    00000080     sensors.obj (.text:Get_Temp)
                  0000b400    00000080     sensors.obj (.text:Read_Accel)
                  0000b480    00000080     driverlib.lib : udma.obj (.text:uDMAChannelTransferSet)
                  0000b500    0000007c     EK_TM4C123GXL.obj (.text:EK_TM4C123GXL_initI2C)
                  0000b57c    0000007c     usblib.lib : usbdenum.obj (.text:USBDClearFeature)
                  0000b5f8    0000007c     ti.uia.sysbios.aem4f : LoggerIdle.oem4f (.text:ti_uia_sysbios_LoggerIdle_write8__E)
                  0000b674    0000007a     driverlib.lib : usb.obj (.text:USBDevEndpointConfigSet)
                  0000b6ee    0000007a     rtsv7M4_T_le_v4SPD16_eabi.lib : xfdnorm.obj (.text)
                  0000b768    00000078                                   : memset_t2.obj (.text)
                  0000b7e0    00000078     sysbios.aem4f : BIOS.obj (.text:ti_sysbios_utils_Load_updateCurrentThreadTime__E)
                  0000b858    00000074     usblib.lib : usbdenum.obj (.text:USBDGetStatus)
                  0000b8cc    00000074     sysbios.aem4f : BIOS.obj (.text:ti_sysbios_family_arm_lm4_Timer_isrStub__E)
                  0000b940    00000072     usblib.lib : usbdcdc.obj (.text:ProcessDataFromHost)
                  0000b9b2    00000072                : usbdma.obj (.text:uDMAUSBArbSizeSet)
                  0000ba24    00000070                : usbdenum.obj (.text:USBDEP0StateTx)
                  0000ba94    00000070     rtsv7M4_T_le_v4SPD16_eabi.lib : printf.obj (.text)
                  0000bb04    00000070     uartconsole_pem4f.oem4f (.text:ti_sysbios_family_arm_m3_Hwi_Object__create__S)
                  0000bb74    00000070     sysbios.aem4f : BIOS.obj (.text:ti_sysbios_family_arm_m3_Hwi_reconfig__E)
                  0000bbe4    00000070     uartconsole_pem4f.oem4f (.text:ti_sysbios_hal_Hwi_Object__create__S)
                  0000bc54    00000070     sysbios.aem4f : BIOS.obj (.text:ti_sysbios_utils_Load_taskDeleteHook__E)
                  0000bcc4    00000070     usblib.lib : usbdma.obj (.text:uDMAUSBUnitSizeSet)
                  0000bd34    00000070     ti.targets.arm.rtsarm.aem4f : Memory.oem4f (.text:xdc_runtime_Memory_alloc__F)
                  0000bda4    0000006c     sysbios.aem4f : BIOS.obj (.text:ti_sysbios_utils_Load_taskCreateHook__E)
                  0000be10    0000006c     ti.targets.arm.rtsarm.aem4f : Error.oem4f (.text:xdc_runtime_Error_print__F)
                  0000be7c    00000068     driverlib.lib : interrupt.obj (.text:IntDisable)
                  0000bee4    00000068                   : interrupt.obj (.text:IntEnable)
                  0000bf4c    00000068     usblib.lib : usbdenum.obj (.text:USBDSetFeature)
                  0000bfb4    00000068     sysbios.aem4f : BIOS.obj (.text:ti_sysbios_BIOS_rtsUnlock__I)
                  0000c01c    00000066     ti.targets.arm.rtsarm.aem4f : Core-mem.oem4f (.text:xdc_runtime_Core_deleteObject__I)
                  0000c082    00000002                                 : SysCallback.oem4f (.text:xdc_runtime_SysCallback_defaultFlush)
                  0000c084    00000064     driverlib.lib : interrupt.obj (.text:IntIsEnabled)
                  0000c0e8    00000064     rtsv7M4_T_le_v4SPD16_eabi.lib : fseek.obj (.text)
                  0000c14c    00000064                                   : xdunscal.obj (.text)
                  0000c1b0    00000064     sysbios.aem4f : BIOS.obj (.text:ti_sysbios_knl_Clock_logTick__E)
                  0000c214    00000064                   : BIOS.obj (.text:ti_sysbios_utils_Load_logCPULoad__I)
                  0000c278    00000064     ti.uia.sysbios.aem4f : LoggerIdle.oem4f (.text:ti_uia_sysbios_LoggerIdle_write4__E)
                  0000c2dc    00000064     usblib.lib : usbdma.obj (.text:uDMAUSBChannelEnable)
                  0000c340    00000062     i2c_tivaware.aem4f : I2CTiva.oem4f (.text:I2CTiva_primeTransfer)
                  0000c3a2    00000002     --HOLE-- [fill = 0]
                  0000c3a4    00000060     drivers.obj (.text:I2C0_RxData)
                  0000c404    00000060     usblib.lib : usbbuffer.obj (.text:USBBufferEventCallback)
                  0000c464    00000060                : usbdenum.obj (.text:USBDReadAndDispatchRequest)
                  0000c4c4    00000060     rtsv7M4_T_le_v4SPD16_eabi.lib : trgmsg.obj (.text)
                  0000c524    00000060     sysbios.aem4f : BIOS.obj (.text:ti_sysbios_utils_Load_addTask__E)
                  0000c584    0000005e     usblib.lib : usbdcdc.obj (.text:ProcessDataToHost)
                  0000c5e2    0000005e     driverlib.lib : usb.obj (.text:USBDevEndpointStatusClear)
                  0000c640    0000005e     rtsv7M4_T_le_v4SPD16_eabi.lib : copy_decompress_rle.obj (.text)
                  0000c69e    00000002     --HOLE-- [fill = 0]
                  0000c6a0    0000005c     usblib.lib : usbdcdc.obj (.text:USBDCDCInit)
                  0000c6fc    0000005c     sysbios.aem4f : BIOS.obj (.text:ti_sysbios_family_arm_lm4_Timer_Module_startup__F)
                  0000c758    0000005c     ti.uia.sysbios.aem4f : LoggerIdle.oem4f (.text:ti_uia_sysbios_LoggerIdle_idleWrite__I)
                  0000c7b4    0000005a     rtsv7M4_T_le_v4SPD16_eabi.lib : ltoa.obj (.text)
                  0000c80e    00000002     --HOLE-- [fill = 0]
                  0000c810    00000058     boot.aem4f : boot.oem4f (.text)
                  0000c868    00000058     drivers.obj (.text:I2C0_TxData)
                  0000c8c0    00000058     usblib.lib : usbdcdc.obj (.text:USBDCDCPacketWrite)
                  0000c918    00000058     ti.uia.sysbios.aem4f : LoggerIdle.oem4f (.text:ti_uia_sysbios_LoggerIdle_write2__E)
                  0000c970    00000056     usblib.lib : usbdma.obj (.text:uDMAUSBChannelRelease)
                  0000c9c6    00000002     --HOLE-- [fill = 0]
                  0000c9c8    00000054     drivers.obj (.text:I2C0_MasterInit)
                  0000ca1c    00000054     rtsv7M4_T_le_v4SPD16_eabi.lib : xfdunsca.obj (.text)
                  0000ca70    00000052     usblib.lib : usbulpi.obj (.text:ULPIConfigSet)
                  0000cac2    00000002     --HOLE-- [fill = 0]
                  0000cac4    00000050     driverlib.lib : sysctl.obj (.text:SysCtlPeripheralReset)
                  0000cb14    00000050     usblib.lib : usbdcdesc.obj (.text:USBDCDConfigDescGet)
                  0000cb64    00000050                : usbdenum.obj (.text:USBDeviceResumeTickHandler)
                  0000cbb4    00000050     sysbios.aem4f : BIOS.obj (.text:ti_sysbios_utils_Load_taskSwitchHook__E)
                  0000cc04    00000050     ti.targets.arm.rtsarm.aem4f : Startup.oem4f (.text:xdc_runtime_Startup_exec__F)
                  0000cc54    00000050                                 : System.oem4f (.text:xdc_runtime_System_formatNum__I)
                  0000cca4    00000050                                 : Text.oem4f (.text:xdc_runtime_Text_visitRope2__I)
                  0000ccf4    0000004e     driverlib.lib : usb.obj (.text:USBDevEndpointStallClear)
                  0000cd42    0000004c     usblib.lib : usbdcdesc.obj (.text:ConfigAlternateInterfaceGet)
                  0000cd8e    0000004c                : usbdconfig.obj (.text:GetEPDescriptorType)
                  0000cdda    0000004c                : usbdcdc.obj (.text:HandleEndpoints)
                  0000ce26    00000002     --HOLE-- [fill = 0]
                  0000ce28    0000004c     uart_tivaware.aem4f : UART.oem4f (.text:UART_Params_init)
                  0000ce74    0000004c     driverlib.lib : usb.obj (.text:USBEndpointDMAConfigSet)
                  0000cec0    0000004c     rtsv7M4_T_le_v4SPD16_eabi.lib : atoi.obj (.text)
                  0000cf0c    0000004a     usblib.lib : usbdma.obj (.text:iDMAUSBChannelEnable)
                  0000cf56    0000004a     rtsv7M4_T_le_v4SPD16_eabi.lib : fd_tos_t2.obj (.text)
                  0000cfa0    0000004a     usblib.lib : usbdma.obj (.text:uDMAUSBChannelDisable)
                  0000cfea    00000002     --HOLE-- [fill = 0]
                  0000cfec    00000048     EK_TM4C123GXL.obj (.text:EK_TM4C123GXL_initUSB)
                  0000d034    00000048     driverlib.lib : gpio.obj (.text:GPIOPinConfigure)
                  0000d07c    00000048     usblib.lib : usbdcdc.obj (.text:HandleEP0Data)
                  0000d0c4    00000048     driverlib.lib : i2c.obj (.text:I2CMasterInitExpClk)
                  0000d10c    00000048     uart_tivaware.aem4f : UART.oem4f (.text:UART_open)
                  0000d154    00000048     usblib.lib : usbdenum.obj (.text:USBDStringIndexFromRequest)
                  0000d19c    00000048                : usbdenum.obj (.text:USBDeviceEnumResetHandler)
                  0000d1e4    00000048     rtsv7M4_T_le_v4SPD16_eabi.lib : fd_toi_t2.obj (.text)
                  0000d22c    00000048     sysbios.aem4f : BIOS.obj (.text:ti_sysbios_BIOS_errorRaiseHook__I)
                  0000d274    00000048                   : BIOS.obj (.text:ti_sysbios_family_arm_m3_Hwi_excReserved__I)
                  0000d2bc    00000048                   : BIOS.obj (.text:ti_sysbios_heaps_HeapMem_getStats__E)
                  0000d304    00000048     driverlib.lib : udma.obj (.text:uDMAChannelAttributeDisable)
                  0000d34c    00000048     ti.targets.arm.rtsarm.aem4f : Assert.oem4f (.text:xdc_runtime_Assert_raise__I)
                  0000d394    00000048                                 : Core-params.oem4f (.text:xdc_runtime_Core_assignParams__I)
                  0000d3dc    00000044     USBCDCD_LoggerIdle.obj (.text:USBCDCD_LoggerIdle_sendData)
                  0000d420    00000044     usblib.lib : usbdenum.obj (.text:USBDCDDeviceInfoInit)
                  0000d464    00000044                : usbdenum.obj (.text:USBDGetInterface)
                  0000d4a8    00000044     driverlib.lib : usb.obj (.text:USBEndpointDataGet)
                  0000d4ec    00000044     rtsv7M4_T_le_v4SPD16_eabi.lib : cpy_tbl.obj (.text)
                  0000d530    00000044                                   : exit.obj (.text)
                  0000d574    00000044                                   : fd_tou_t2.obj (.text)
                  0000d5b8    00000044                                   : xdtest.obj (.text)
                  0000d5fc    00000044     sysbios.aem4f : BIOS.obj (.text:ti_sysbios_family_arm_lm4_Timer_stop__E)
                  0000d640    00000044                   : BIOS.obj (.text:ti_sysbios_family_arm_m3_Hwi_disableInterrupt__E)
                  0000d684    00000044                   : BIOS.obj (.text:ti_sysbios_family_arm_m3_Hwi_enableInterrupt__E)
                  0000d6c8    00000044                   : BIOS.obj (.text:ti_sysbios_knl_Task_allBlockedFunction__I)
                  0000d70c    00000042     driverlib.lib : uart.obj (.text:UARTConfigSetExpClk)
                  0000d74e    00000042     sysbios.aem4f : BIOS.obj (.text:ti_sysbios_knl_Semaphore_pendTimeout__I)
                  0000d790    00000040     sensors.obj (.text:Clear_Array)
                  0000d7d0    00000040     EK_TM4C123GXL.obj (.text:EK_TM4C123GXL_initGeneral)
                  0000d810    00000040     rtsv7M4_T_le_v4SPD16_eabi.lib : signal.obj (.text)
                  0000d850    00000040     sysbios.aem4f : BIOS.obj (.text:ti_sysbios_family_arm_lm4_Timer_startup__E)
                  0000d890    00000040     uartconsole_pem4f.oem4f (.text:ti_sysbios_knl_Semaphore_Object__create__S)
                  0000d8d0    00000040     ti.targets.arm.rtsarm.aem4f : System.oem4f (.text:xdc_runtime_System_atexit__F)
                  0000d910    0000003e     sensors.obj (.text:Get_TempC)
                  0000d94e    00000002     --HOLE-- [fill = 0]
                  0000d950    0000003c     uart_tivaware.aem4f : UART.oem4f (.text:UART_close)
                  0000d98c    0000003c     usblib.lib : usbdma.obj (.text:iDMAUSBChannelRelease)
                  0000d9c8    0000003c     sysbios.aem4f : BIOS.obj (.text:ti_sysbios_family_arm_m3_Hwi_excSvCall__I)
                  0000da04    0000003c                   : BIOS.obj (.text:ti_sysbios_heaps_HeapMem_init__I)
                  0000da40    0000003c     ti.targets.arm.rtsarm.aem4f : Text.oem4f (.text:xdc_runtime_Text_xprintf__I)
                  0000da7c    0000003a     usblib.lib : usbdcdesc.obj (.text:USBDCDConfigGetInterfaceEndpoint)
                  0000dab6    0000003a     driverlib.lib : usb.obj (.text:USBFIFOConfigSet)
                  0000daf0    00000038     i2c_tivaware.aem4f : I2CTiva.oem4f (.text:I2CTiva_completeTransfer)
                  0000db28    00000038                        : I2C.oem4f (.text:I2C_init)
                  0000db60    00000038     usblib.lib : usbdcdc.obj (.text:SendBreak)
                  0000db98    00000038     uart_tivaware.aem4f : UART.oem4f (.text:UART_init)
                  0000dbd0    00000038     driverlib.lib : usb.obj (.text:USBIntStatusControl)
                  0000dc08    00000038     usblib.lib : usbringbuf.obj (.text:USBRingBufAdvanceWrite)
                  0000dc40    00000038     rtsv7M4_T_le_v4SPD16_eabi.lib : fs_tod_t2.obj (.text)
                  0000dc78    00000038     sysbios.aem4f : BIOS.obj (.text:ti_sysbios_family_arm_m3_Hwi_excNoIsr__I)
                  0000dcb0    00000038                   : BIOS.obj (.text:ti_sysbios_family_arm_m3_Hwi_getStackInfo__E)
                  0000dce8    00000038                   : BIOS.obj (.text:ti_sysbios_family_arm_m3_TaskSupport_start__E)
                  0000dd20    00000038     uartconsole_pem4f.oem4f (.text:ti_sysbios_gates_GateHwi_Object__create__S)
                  0000dd58    00000038     uartconsole_pem4f.oem4f (.text:ti_sysbios_gates_GateMutex_Object__create__S)
                  0000dd90    00000038     uartconsole_pem4f.oem4f (.text:ti_sysbios_heaps_HeapMem_Object__create__S)
                  0000ddc8    00000038     uartconsole_pem4f.oem4f (.text:ti_sysbios_knl_Queue_Object__create__S)
                  0000de00    00000038     uartconsole_pem4f.oem4f (.text:ti_uia_sysbios_LoggerIdle_Object__create__S)
                  0000de38    00000034     usblib.lib : usbtick.obj (.text:InternalUSBStartOfFrameTick)
                  0000de6c    00000034     driverlib.lib : sysctl.obj (.text:SysCtlPeripheralEnable)
                  0000dea0    00000034     UARTUtils.obj (.text:UARTUtils_deviceread)
                  0000ded4    00000034     UARTUtils.obj (.text:UARTUtils_devicewrite)
                  0000df08    00000034     uart_tivaware.aem4f : UART.oem4f (.text:UART_read)
                  0000df3c    00000034                         : UART.oem4f (.text:UART_write)
                  0000df70    00000034                         : UART.oem4f (.text:UART_writePolling)
                  0000dfa4    00000034     UARTUtils.obj (.text:closeHandle)
                  0000dfd8    00000034     usblib.lib : usbdma.obj (.text:iDMAUSBChannelStatus)
                  0000e00c    00000034     rtsv7M4_T_le_v4SPD16_eabi.lib : feraiseexcept.obj (.text)
                  0000e040    00000034     sysbios.aem4f : BIOS.obj (.text:ti_sysbios_family_arm_m3_Hwi_excNmi__I)
                  0000e074    00000034                   : BIOS.obj (.text:ti_sysbios_hal_Hwi_Instance_init__F)
                  0000e0a8    00000032     usblib.lib : usbdcdc.obj (.text:HandleConfigChange)
                  0000e0da    00000032                : usbdcdesc.obj (.text:NextConfigDescGet)
                  0000e10c    00000032                : usbdcdc.obj (.text:ProcessNotificationToHost)
                  0000e13e    00000032     driverlib.lib : usb.obj (.text:USBDevEndpointStall)
                  0000e170    00000032     usblib.lib : usbdma.obj (.text:iDMAUSBChannelDisable)
                  0000e1a2    00000030                : usbdma.obj (.text:DMAUSBIntHandler)
                  0000e1d2    00000030     i2c_tivaware.aem4f : I2CTiva.oem4f (.text:I2CTiva_close)
                  0000e202    00000002     --HOLE-- [fill = 0]
                  0000e204    00000030     usblib.lib : usbtick.obj (.text:InternalUSBTickInit)
                  0000e234    00000030                : usbdenum.obj (.text:USBDGetConfiguration)
                  0000e264    00000030     driverlib.lib : usb.obj (.text:USBEndpointDataPut)
                  0000e294    00000030     usblib.lib : usbringbuf.obj (.text:UpdateIndexAtomic)
                  0000e2c4    00000030     rtsv7M4_T_le_v4SPD16_eabi.lib : strncpy.obj (.text)
                  0000e2f4    00000030                                   : xferaise.obj (.text)
                  0000e324    00000030     sysbios.aem4f : BIOS.obj (.text:ti_sysbios_knl_Idle_run__E)
                  0000e354    00000030     ti.targets.arm.rtsarm.aem4f : Core-label.oem4f (.text:xdc_runtime_Core_assignLabel__I)
                  0000e384    0000002f                                 : Text.oem4f (.text:xdc_runtime_Text_printVisFxn__I)
                  0000e3b3    00000001     --HOLE-- [fill = 0]
                  0000e3b4    0000002e     UARTUtils.obj (.text:UARTUtils_deviceopen)
                  0000e3e2    0000002e     driverlib.lib : usb.obj (.text:USBEndpointDataSend)
                  0000e410    0000002e     uartconsole_pem4f.oem4f (.text:malloc)
                  0000e43e    0000002e     rtsv7M4_T_le_v4SPD16_eabi.lib : i_tofd_t2.obj (.text)
                  0000e46c    0000002e                                   : raise.obj (.text)
                  0000e49a    0000002e     USBCDCD_LoggerIdle.obj (.text:ti_sysbios_hal_Hwi_create)
                  0000e4c8    0000002e     sysbios.aem4f : BIOS.obj (.text:ti_sysbios_knl_Task_sleepTimeout__I)
                  0000e4f6    0000002c     sensors.obj (.text:Accel_Init)
                  0000e522    00000002     --HOLE-- [fill = 0]
                  0000e524    0000002c     EK_TM4C123GXL.obj (.text:EK_TM4C123GXL_initUART)
                  0000e550    0000002c     sensors.obj (.text:Magn_Init)
                  0000e57c    0000002c     usblib.lib : usbbuffer.obj (.text:USBBufferWrite)
                  0000e5a8    0000002c                : usbdesc.obj (.text:USBDescGet)
                  0000e5d4    0000002c     uartconsole_pem4f.oem4f (.text:ti_sysbios_BIOS_exitFunc__I)
                  0000e600    0000002c     sysbios.aem4f : BIOS.obj (.text:ti_sysbios_hal_Hwi_initStack:ti_sysbios_hal_Hwi_initStack)
                  0000e62c    0000002c     uartconsole_pem4f.oem4f (.text:ti_sysbios_knl_Clock_doTick__I)
                  0000e658    0000002c     usblib.lib : usbdma.obj (.text:uDMAUSBIntStatus)
                  0000e684    0000002c     ti.targets.arm.rtsarm.aem4f : System.oem4f (.text:xdc_runtime_System_rtsExit__I)
                  0000e6b0    0000002c                                 : Text.oem4f (.text:xdc_runtime_Text_cordText__F)
                  0000e6dc    0000002a     driverlib.lib : gpio.obj (.text:GPIODirModeSet)
                  0000e706    0000002a     usblib.lib : usbdcdesc.obj (.text:USBDCDConfigDescGetNum)
                  0000e730    0000002a     ti.targets.arm.rtsarm.aem4f : System.oem4f (.text:xdc_runtime_System_putchar__I)
                  0000e75a    00000028     usblib.lib : usbbuffer.obj (.text:HandleRequestBuffer)
                  0000e782    00000002     --HOLE-- [fill = 0]
                  0000e784    00000028                : usbtick.obj (.text:InternalUSBRegisterTickHandler)
                  0000e7ac    00000028                : usbdenum.obj (.text:USBDSetAddress)
                  0000e7d4    00000028                : usbdesc.obj (.text:USBDescGetNum)
                  0000e7fc    00000028     driverlib.lib : usb.obj (.text:USBIntEnableControl)
                  0000e824    00000028     sysbios.aem4f : m3_Hwi_asm_switch.obj (.text:ti_sysbios_family_arm_m3_Hwi_initStacks__E)
                  0000e84c    00000028                   : BIOS.obj (.text:ti_sysbios_gates_GateMutex_Instance_init__F)
                  0000e874    00000028                   : BIOS.obj (.text:ti_sysbios_knl_Task_restore__E)
                  0000e89c    00000028     ti.uia.runtime.aem4f : LogSync.oem4f (.text:ti_uia_runtime_LogSync_Module_startup__F)
                  0000e8c4    00000028     driverlib.lib : udma.obj (.text:uDMAChannelModeGet)
                  0000e8ec    00000026     ti.targets.arm.rtsarm.aem4f : System.oem4f (.text:xdc_runtime_System_avprintf__F)
                  0000e912    00000002     --HOLE-- [fill = 0]
                  0000e914    00000024     gpio_tivaware.aem4f : GPIO.oem4f (.text:GPIO_init)
                  0000e938    00000024     usblib.lib : usbdcdc.obj (.text:SendLineStateChange)
                  0000e95c    00000024     UARTUtils.obj (.text:UARTUtils_systemAbort)
                  0000e980    00000024     driverlib.lib : usb.obj (.text:USBDevEndpointDataAck)
                  0000e9a4    00000024                   : usb.obj (.text:USBEndpointDMADisable)
                  0000e9c8    00000024                   : usb.obj (.text:USBEndpointDMAEnable)
                  0000e9ec    00000024     sysbios.aem4f : BIOS.obj (.text:ti_sysbios_BIOS_registerRTSLock__I)
                  0000ea10    00000024                   : BIOS.obj (.text:ti_sysbios_family_arm_m3_Hwi_Instance_finalize__F)
                  0000ea34    00000024     uartconsole_pem4f.oem4f (.text:ti_sysbios_gates_GateMutex_Object__delete__S)
                  0000ea58    00000024     sysbios.aem4f : BIOS.obj (.text:ti_sysbios_knl_Clock_Module_startup__F)
                  0000ea7c    00000024     driverlib.lib : udma.obj (.text:uDMAChannelControlSet)
                  0000eaa0    00000024     ti.targets.arm.rtsarm.aem4f : System.oem4f (.text:xdc_runtime_System_vprintf__F)
                  0000eac4    00000022     usblib.lib : usbdcdc.obj (.text:HandleDisconnect)
                  0000eae6    00000022                : usbdcdc.obj (.text:SendLineCodingChange)
                  0000eb08    00000022                : usbdma.obj (.text:uDMAUSBChannelStatus)
                  0000eb2a    00000020                : usbdconfig.obj (.text:GetEndpointFIFOSize)
                  0000eb4a    00000020                : usbbuffer.obj (.text:HandleDataRemaining)
                  0000eb6a    00000002     --HOLE-- [fill = 0]
                  0000eb6c    00000020     UARTUtils.obj (.text:UARTUtils_systemPutch)
                  0000eb8c    00000020     usblib.lib : usbringbuf.obj (.text:USBRingBufAdvanceRead)
                  0000ebac    00000020                : usbmode.obj (.text:USBStackModeSet)
                  0000ebcc    00000020     uartconsole_pem4f.oem4f (.text:ti_sysbios_BIOS_startFunc__I)
                  0000ebec    00000020     uartconsole_pem4f.oem4f (.text:ti_sysbios_family_arm_m3_Hwi_Object__delete__S)
                  0000ec0c    00000020     sysbios.aem4f : BIOS.obj (.text:ti_sysbios_family_arm_m3_Hwi_doTaskRestore__I)
                  0000ec2c    00000020     uartconsole_pem4f.oem4f (.text:ti_sysbios_gates_GateHwi_Object__delete__S)
                  0000ec4c    00000020     uartconsole_pem4f.oem4f (.text:ti_sysbios_heaps_HeapMem_Object__delete__S)
                  0000ec6c    00000020     uartconsole_pem4f.oem4f (.text:ti_sysbios_knl_Semaphore_Object__destruct__S)
                  0000ec8c    00000020     sysbios.aem4f : BIOS.obj (.text:ti_sysbios_knl_Task_enter__I)
                  0000ecac    00000020     uartconsole_pem4f.oem4f (.text:ti_uia_sysbios_LoggerIdle_Object__delete__S)
                  0000eccc    00000020     ti.targets.arm.rtsarm.aem4f : Registry.oem4f (.text:xdc_runtime_Registry_findById__F)
                  0000ecec    0000001e     usblib.lib : usbdcdc.obj (.text:CheckAndSendBreak)
                  0000ed0a    0000001e     driverlib.lib : usb.obj (.text:USBULPIRegRead)
                  0000ed28    0000001e                   : usb.obj (.text:USBULPIRegWrite)
                  0000ed46    00000002     --HOLE-- [fill = 0]
                  0000ed48    0000001c                   : uart.obj (.text:UARTDisable)
                  0000ed64    0000001c     usblib.lib : usbdcdesc.obj (.text:USBDCDConfigGetInterface)
                  0000ed80    0000001c                : usbdenum.obj (.text:USBDCDStallEP0)
                  0000ed9c    0000001c     driverlib.lib : usb.obj (.text:USBEndpointDataAvail)
                  0000edb8    0000001c     usblib.lib : usbringbuf.obj (.text:USBRingBufContigFree)
                  0000edd4    0000001c     rtsv7M4_T_le_v4SPD16_eabi.lib : memccpy.obj (.text)
                  0000edf0    0000001c     sysbios.aem4f : BIOS.obj (.text:ti_sysbios_BIOS_rtsLock__I)
                  0000ee0c    0000001c     uartconsole_pem4f.oem4f (.text:ti_sysbios_family_arm_m3_Hwi_Object__destruct__S)
                  0000ee28    0000001c     uartconsole_pem4f.oem4f (.text:ti_sysbios_knl_Queue_Object__destruct__S)
                  0000ee44    0000001c     ti.uia.sysbios.aem4f : LoggerIdle.oem4f (.text:ti_uia_sysbios_LoggerIdle_disable__F)
                  0000ee60    0000001c                          : LoggerIdle.oem4f (.text:ti_uia_sysbios_LoggerIdle_enable__F)
                  0000ee7c    0000001c     ti.targets.arm.rtsarm.aem4f : Error.oem4f (.text:xdc_runtime_Error_check__F)
                  0000ee98    0000001c                                 : Memory.oem4f (.text:xdc_runtime_Memory_valloc__F)
                  0000eeb4    0000001a     usblib.lib : usbdcdc.obj (.text:DeviceConsumedAllData)
                  0000eece    0000001a     driverlib.lib : usb.obj (.text:USBEndpointDMAChannel)
                  0000eee8    0000001a     usblib.lib : usbringbuf.obj (.text:USBRingBufWrite)
                  0000ef02    0000001a     uartconsole_pem4f.oem4f (.text:xdc_runtime_System_aprintf__E)
                  0000ef1c    0000001a     uartconsole_pem4f.oem4f (.text:xdc_runtime_System_printf__E)
                  0000ef36    00000018     driverlib.lib : gpio.obj (.text:GPIOPinTypeGPIOOutput)
                  0000ef4e    00000018     sensors.obj (.text:Gyro_Init)
                  0000ef66    00000002     --HOLE-- [fill = 0]
                  0000ef68    00000018     i2c_tivaware.aem4f : I2C.oem4f (.text:I2C_open)
                  0000ef80    00000018     usblib.lib : usbdcdc.obj (.text:SetDeferredOpFlag)
                  0000ef98    00000018     UARTUtils.obj (.text:UARTUtils_deviceclose)
                  0000efb0    00000018     usblib.lib : usbdhandler.obj (.text:USB0DeviceIntHandler)
                  0000efc8    00000018                : usbdcdesc.obj (.text:USBDCDConfigDescGetSize)
                  0000efe0    00000018                : usbdenum.obj (.text:USBDSetDescriptor)
                  0000eff8    00000018                : usbdenum.obj (.text:USBDSyncFrame)
                  0000f010    00000018     uartconsole_pem4f.oem4f (.text:free)
                  0000f028    00000018     rtsv7M4_T_le_v4SPD16_eabi.lib : args_main.obj (.text)
                  0000f040    00000018                                   : ll_mul_t2.obj (.text)
                  0000f058    00000018                                   : strcmp.obj (.text)
                  0000f070    00000018     uartconsole_pem4f.oem4f (.text:ti_sysbios_family_arm_lm4_Timer_Module__startupDone__F)
                  0000f088    00000018     uartconsole_pem4f.oem4f (.text:ti_sysbios_family_arm_m3_Hwi_Handle__label__S)
                  0000f0a0    00000018     uartconsole_pem4f.oem4f (.text:ti_sysbios_family_arm_m3_Hwi_Module__startupDone__F)
                  0000f0b8    00000018     sysbios.aem4f : m3_TaskSupport_asm.obj (.text:ti_sysbios_family_arm_m3_TaskSupport_swap__E)
                  0000f0d0    00000018     uartconsole_pem4f.oem4f (.text:ti_sysbios_gates_GateHwi_Handle__label__S)
                  0000f0e8    00000018     uartconsole_pem4f.oem4f (.text:ti_sysbios_gates_GateMutex_Handle__label__S)
                  0000f100    00000018     sysbios.aem4f : BIOS.obj (.text:ti_sysbios_gates_GateMutex_leave__E)
                  0000f118    00000018     uartconsole_pem4f.oem4f (.text:ti_sysbios_hal_Timer_Module__startupDone__F)
                  0000f130    00000018     uartconsole_pem4f.oem4f (.text:ti_sysbios_heaps_HeapMem_Handle__label__S)
                  0000f148    00000018     uartconsole_pem4f.oem4f (.text:ti_sysbios_knl_Task_Handle__label__S)
                  0000f160    00000018     uartconsole_pem4f.oem4f (.text:ti_uia_sysbios_LoggerIdle_Handle__label__S)
                  0000f178    00000018     driverlib.lib : udma.obj (.text:uDMAChannelDisable)
                  0000f190    00000018                   : udma.obj (.text:uDMAChannelEnable)
                  0000f1a8    00000018     ti.targets.arm.rtsarm.aem4f : Text.oem4f (.text:xdc_runtime_Text_ropeText__F)
                  0000f1c0    00000016     usblib.lib : usbdcdc.obj (.text:CheckAndSendLineCodingChange)
                  0000f1d6    00000016                : usbdcdc.obj (.text:CheckAndSendLineStateChange)
                  0000f1ec    00000016     driverlib.lib : i2c.obj (.text:I2CMasterErr)
                  0000f202    00000016     usblib.lib : usbbuffer.obj (.text:USBBufferInit)
                  0000f218    00000016                : usbringbuf.obj (.text:USBRingBufFlush)
                  0000f22e    00000016                : usbringbuf.obj (.text:USBRingBufUsed)
                  0000f244    00000016     rtsv7M4_T_le_v4SPD16_eabi.lib : memchr.obj (.text)
                  0000f25a    00000016                                   : strchr.obj (.text)
                  0000f270    00000014     driverlib.lib : sysctl.obj (.text:SysCtlUSBPLLEnable)
                  0000f284    00000014                   : uart.obj (.text:UARTEnable)
                  0000f298    00000014     UARTUtils.obj (.text:UARTUtils_systemReady)
                  0000f2ac    00000014     usblib.lib : usbdenum.obj (.text:USBDCDRequestDataEP0)
                  0000f2c0    00000014                : usbdenum.obj (.text:USBDCDSendDataEP0)
                  0000f2d4    00000014     driverlib.lib : usb.obj (.text:USBDMAChannelConfigSet)
                  0000f2e8    00000014                   : usb.obj (.text:USBHostResume)
                  0000f2fc    00000014                   : usb.obj (.text:USBIntEnableEndpoint)
                  0000f310    00000014                   : usb.obj (.text:_USBIndexWrite)
                  0000f324    00000014     rtsv7M4_T_le_v4SPD16_eabi.lib : _lock.obj (.text)
                  0000f338    00000014                                   : strlen.obj (.text)
                  0000f34c    00000014     sysbios.aem4f : BIOS.obj (.text:ti_sysbios_family_arm_m3_Hwi_switchFromBootStack__E)
                  0000f360    00000014     uartconsole_pem4f.oem4f (.text:ti_sysbios_heaps_HeapMem_Object__get__S)
                  0000f374    00000014     ti.targets.arm.rtsarm.aem4f : System.oem4f (.text:xdc_runtime_System_abort__F)
                  0000f388    00000012     driverlib.lib : gpio.obj (.text:GPIOPinTypeGPIOInput)
                  0000f39a    00000012                   : gpio.obj (.text:GPIOPinTypeI2C)
                  0000f3ac    00000012                   : gpio.obj (.text:GPIOPinTypeI2CSCL)
                  0000f3be    00000012                   : gpio.obj (.text:GPIOPinTypeUART)
                  0000f3d0    00000012                   : gpio.obj (.text:GPIOPinTypeUSBAnalog)
                  0000f3e2    00000012     usblib.lib : usbdcdc.obj (.text:HandleResume)
                  0000f3f4    00000012                : usbdcdc.obj (.text:HandleSuspend)
                  0000f406    00000012                : usbbuffer.obj (.text:HandleTxComplete)
                  0000f418    00000012     UARTUtils.obj (.text:UARTUtils_devicelseek)
                  0000f42a    00000012     driverlib.lib : usb.obj (.text:USBDMAChannelDisable)
                  0000f43c    00000012                   : usb.obj (.text:USBDMAChannelEnable)
                  0000f44e    00000012                   : usb.obj (.text:USBDMAChannelIntDisable)
                  0000f460    00000012                   : usb.obj (.text:USBDMAChannelIntEnable)
                  0000f472    00000012     usblib.lib : usbringbuf.obj (.text:USBRingBufFree)
                  0000f484    00000012     USBCDCD_LoggerIdle.obj (.text:cbRxHandler)
                  0000f496    00000012     USBCDCD_LoggerIdle.obj (.text:cbTxHandler)
                  0000f4a8    00000012     rtsv7M4_T_le_v4SPD16_eabi.lib : copy_zero_init.obj (.text:decompress:ZI)
                  0000f4ba    00000012                                   : xdclass.obj (.text)
                  0000f4cc    00000012     sysbios.aem4f : BIOS.obj (.text:ti_sysbios_hal_Hwi_Module_startup__F)
                  0000f4de    00000012                   : BIOS.obj (.text:ti_sysbios_hal_Timer_Module_startup__F)
                  0000f4f0    00000012     uartconsole_pem4f.oem4f (.text:xdc_runtime_Startup_exec__I)
                  0000f502    00000010     driverlib.lib : interrupt.obj (.text:IntMasterDisable)
                  0000f512    00000010                   : interrupt.obj (.text:IntMasterEnable)
                  0000f522    00000010     UARTUtils.obj (.text:UARTUtils_devicerename)
                  0000f532    00000010     driverlib.lib : usb.obj (.text:USBEndpointStatus)
                  0000f542    00000010     usblib.lib : usbringbuf.obj (.text:USBRingBufContigUsed)
                  0000f552    00000010                : usbringbuf.obj (.text:USBRingBufWriteOne)
                  0000f562    00000010     rtsv7M4_T_le_v4SPD16_eabi.lib : strcpy.obj (.text)
                  0000f572    00000002     --HOLE-- [fill = 0]
                  0000f574    00000010     sysbios.aem4f : BIOS.obj (.text:ti_sysbios_BIOS_getCpuFreq__E)
                  0000f584    00000010                   : BIOS.obj (.text:ti_sysbios_BIOS_setThreadType__E)
                  0000f594    00000010                   : BIOS.obj (.text:ti_sysbios_BIOS_start__E)
                  0000f5a4    00000010                   : BIOS.obj (.text:ti_sysbios_family_arm_lm4_TimestampProvider_rolloverFunc__E)
                  0000f5b4    00000010                   : BIOS.obj (.text:ti_sysbios_family_arm_m3_Hwi_excHandler__I)
                  0000f5c4    00000010                   : m3_TaskSupport_asm.obj (.text:ti_sysbios_family_arm_m3_TaskSupport_glue)
                  0000f5d4    00000010                   : BIOS.obj (.text:ti_sysbios_gates_GateMutex_Instance_finalize__F)
                  0000f5e4    00000010     uartconsole_pem4f.oem4f (.text:ti_sysbios_hal_Hwi_HwiProxy_Object__create__S)
                  0000f5f4    00000010     sysbios.aem4f : BIOS.obj (.text:ti_sysbios_knl_Semaphore_Instance_finalize__F)
                  0000f604    00000010     uartconsole_pem4f.oem4f (.text:ti_sysbios_knl_Task_Object__get__S)
                  0000f614    00000010     sysbios.aem4f : BIOS.obj (.text:ti_sysbios_knl_Task_disable__E)
                  0000f624    00000010     ti.targets.arm.rtsarm.aem4f : Gate.oem4f (.text:xdc_runtime_Gate_leaveSystem__F)
                  0000f634    00000010                                 : Memory.oem4f (.text:xdc_runtime_Memory_free__F)
                  0000f644    00000010                                 : SysCallback.oem4f (.text:xdc_runtime_SysCallback_abort__F)
                  0000f654    00000010                                 : SysCallback.oem4f (.text:xdc_runtime_SysCallback_exit__F)
                  0000f664    00000010                                 : SysCallback.oem4f (.text:xdc_runtime_SysCallback_flush__F)
                  0000f674    00000010                                 : SysCallback.oem4f (.text:xdc_runtime_SysCallback_putch__F)
                  0000f684    00000010                                 : SysCallback.oem4f (.text:xdc_runtime_SysCallback_ready__F)
                  0000f694    00000010                                 : System.oem4f (.text:xdc_runtime_System_vsnprintf__F)
                  0000f6a4    0000000e     usblib.lib : usbdma.obj (.text:DMAUSBIntStatusClear)
                  0000f6b2    0000000e     driverlib.lib : uart.obj (.text:UARTCharGetNonBlocking)
                  0000f6c0    0000000e                   : uart.obj (.text:UARTCharPutNonBlocking)
                  0000f6ce    0000000e     UARTUtils.obj (.text:UARTUtils_deviceunlink)
                  0000f6dc    0000000e     usblib.lib : usbdcdc.obj (.text:USBDCDCTxPacketAvailable)
                  0000f6ea    0000000e     driverlib.lib : usb.obj (.text:USBDMAChannelStatus)
                  0000f6f8    0000000e                   : usb.obj (.text:USBDevLPMDisable)
                  0000f706    0000000e                   : usb.obj (.text:USBDevLPMEnable)
                  0000f714    0000000e                   : usb.obj (.text:USBULPIDisable)
                  0000f722    0000000e                   : usb.obj (.text:USBULPIEnable)
                  0000f730    0000000e     rtsv7M4_T_le_v4SPD16_eabi.lib : copy_decompress_none.obj (.text:decompress:none)
                  0000f73e    0000000e     sysbios.aem4f : BIOS.obj (.text:ti_sysbios_knl_Queue_empty__E)
                  0000f74c    0000000c     uartconsole_pem4f.oem4f (.text:.bootCodeSection:ti_catalog_arm_cortexm4_tiva_ce_Boot_init__I)
                  0000f758    0000000c     driverlib.lib : cpu.obj (.text:CPUcpsid)
                  0000f764    0000000c                   : cpu.obj (.text:CPUcpsie)
                  0000f770    0000000c                   : usb.obj (.text:USBEndpointPacketCountSet)
                  0000f77c    0000000c                   : usb.obj (.text:USBLPMIntEnable)
                  0000f788    0000000c     usblib.lib : usbringbuf.obj (.text:USBRingBufInit)
                  0000f794    0000000c     sysbios.aem4f : BIOS.obj (.text:ti_sysbios_family_arm_lm4_Timer_masterDisable__I)
                  0000f7a0    0000000c                   : BIOS.obj (.text:ti_sysbios_family_arm_lm4_TimestampProvider_startTimer__E)
                  0000f7ac    0000000c     uartconsole_pem4f.oem4f (.text:ti_sysbios_family_arm_m3_Hwi_Params__init__S)
                  0000f7b8    0000000c     sysbios.aem4f : BIOS.obj (.text:ti_sysbios_family_arm_m3_Hwi_disableFxn__E)
                  0000f7c4    0000000c                   : BIOS.obj (.text:ti_sysbios_gates_GateHwi_enter__E)
                  0000f7d0    0000000c     uartconsole_pem4f.oem4f (.text:ti_sysbios_knl_Queue_Object__get__S)
                  0000f7dc    0000000c     uartconsole_pem4f.oem4f (.text:ti_sysbios_knl_Semaphore_Params__init__S)
                  0000f7e8    0000000c     sysbios.aem4f : BIOS.obj (.text:ti_sysbios_utils_Load_taskRegHook__E)
                  0000f7f4    0000000c     ti.targets.arm.rtsarm.aem4f : Error.oem4f (.text:xdc_runtime_Error_init__F)
                  0000f800    0000000c                                 : Gate.oem4f (.text:xdc_runtime_Gate_enterSystem__F)
                  0000f80c    0000000c                                 : Memory.oem4f (.text:xdc_runtime_Memory_calloc__F)
                  0000f818    0000000c                                 : Memory.oem4f (.text:xdc_runtime_Memory_getMaxDefaultTypeAlign__F)
                  0000f824    0000000c                                 : System.oem4f (.text:xdc_runtime_System_exit__F)
                  0000f830    0000000c                                 : System.oem4f (.text:xdc_runtime_System_lastFxn__I)
                  0000f83c    0000000a     driverlib.lib : i2c.obj (.text:I2CMasterDisable)
                  0000f846    0000000a                   : i2c.obj (.text:I2CMasterEnable)
                  0000f850    0000000a     i2c_tivaware.aem4f : I2CTiva.oem4f (.text:I2CTiva_init)
                  0000f85a    0000000a                        : I2C.oem4f (.text:I2C_Params_init)
                  0000f864    0000000a     driverlib.lib : uart.obj (.text:UARTCharGet)
                  0000f86e    0000000a                   : uart.obj (.text:UARTCharPut)
                  0000f878    0000000a                   : uart.obj (.text:UARTIntDisable)
                  0000f882    0000000a                   : uart.obj (.text:UARTIntStatus)
                  0000f88c    0000000a     USBCDCD_LoggerIdle.obj (.text:USBCDCD_LoggerIdle_hwiHandler)
                  0000f896    0000000a     driverlib.lib : usb.obj (.text:USBClockEnable)
                  0000f8a0    0000000a                   : usb.obj (.text:USBControllerVersion)
                  0000f8aa    0000000a                   : usb.obj (.text:USBDMAChannelAddressSet)
                  0000f8b4    0000000a                   : usb.obj (.text:USBDMAChannelCountSet)
                  0000f8be    0000000a                   : usb.obj (.text:USBDevConnect)
                  0000f8c8    0000000a                   : usb.obj (.text:USBDevDisconnect)
                  0000f8d2    0000000a                   : usb.obj (.text:USBIntStatusEndpoint)
                  0000f8dc    0000000a     sysbios.aem4f : BIOS.obj (.text:ti_sysbios_hal_Hwi_Instance_finalize__F)
                  0000f8e6    0000000a     uartconsole_pem4f.oem4f (.text:xdc_runtime_IHeap_alloc)
                  0000f8f0    0000000a     uartconsole_pem4f.oem4f (.text:xdc_runtime_IHeap_free)
                  0000f8fa    0000000a     uartconsole_pem4f.oem4f (.text:xdc_runtime_Text_visitRope__I)
                  0000f904    00000008     driverlib.lib : i2c.obj (.text:I2CMasterBusy)
                  0000f90c    00000008                   : i2c.obj (.text:I2CMasterIntClear)
                  0000f914    00000008                   : i2c.obj (.text:I2CMasterSlaveAddrSet)
                  0000f91c    00000008     i2c_tivaware.aem4f : I2CTiva.oem4f (.text:I2CTiva_blockingCallback)
                  0000f924    00000008     driverlib.lib : uart.obj (.text:UARTIntEnable)
                  0000f92c    00000008     uart_tivaware.aem4f : UARTTiva.oem4f (.text:UARTTiva_init)
                  0000f934    00000008     driverlib.lib : usb.obj (.text:USBDevMode)
                  0000f93c    00000008                   : usb.obj (.text:USBFIFOAddrGet)
                  0000f944    00000008                   : usb.obj (.text:USBOTGMode)
                  0000f94c    00000008     usblib.lib : usbdma.obj (.text:iDMAUSBChannelIntDisable)
                  0000f954    00000008                : usbdma.obj (.text:iDMAUSBChannelIntEnable)
                  0000f95c    00000008     uart_tivaware.aem4f : UARTTiva.oem4f (.text:readSemCallback)
                  0000f964    00000008     sysbios.aem4f : BIOS.obj (.text:ti_sysbios_family_arm_m3_Hwi_startup__E)
                  0000f96c    00000008                   : BIOS.obj (.text:ti_sysbios_knl_Idle_loop__E)
                  0000f974    00000008     uart_tivaware.aem4f : UARTTiva.oem4f (.text:writeSemCallback)
                  0000f97c    00000006     driverlib.lib : gpio.obj (.text:GPIOPinRead)
                  0000f982    00000006                   : gpio.obj (.text:GPIOPinWrite)
                  0000f988    00000006                   : i2c.obj (.text:I2CMasterIntDisable)
                  0000f98e    00000006                   : i2c.obj (.text:I2CMasterIntEnable)
                  0000f994    00000006                   : sysctl.obj (.text:SysCtlDelay)
                  0000f99a    00000006                   : uart.obj (.text:UARTFIFOLevelSet)
                  0000f9a0    00000006     usblib.lib : usbbuffer.obj (.text:USBBufferFlush)
                  0000f9a6    00000006                : usbbuffer.obj (.text:USBBufferSpaceAvailable)
                  0000f9ac    00000006     driverlib.lib : usb.obj (.text:USBDMAChannelIntStatus)
                  0000f9b2    00000006                   : usb.obj (.text:USBDevLPMConfig)
                  0000f9b8    00000006                   : usb.obj (.text:USBLPMIntStatus)
                  0000f9be    00000006     ti.targets.arm.rtsarm.aem4f : xdc_noinit.oem4f (.text:__xdc__init)
                  0000f9c4    00000006     rtsv7M4_T_le_v4SPD16_eabi.lib : copy_decompress_rle.obj (.text:decompress:rle24)
                  0000f9ca    00000006     usblib.lib : usbdma.obj (.text:iDMAUSBIntStatus)
                  0000f9d0    00000006     rtsv7M4_T_le_v4SPD16_eabi.lib : logf.obj (.text)
                  0000f9d6    00000006     Boot.aem4f : Boot_sysctl.oem4f (.text:ti_catalog_arm_cortexm4_tiva_ce_Boot_sysCtlDelayI__I)
                  0000f9dc    00000006     sysbios.aem4f : BIOS.obj (.text:ti_sysbios_family_arm_lm4_TimestampProvider_Module_startup__F)
                  0000f9e2    00000006                   : BIOS.obj (.text:ti_sysbios_family_arm_m3_Hwi_restoreFxn__E)
                  0000f9e8    00000006                   : BIOS.obj (.text:ti_sysbios_gates_GateHwi_leave__E)
                  0000f9ee    00000006                   : BIOS.obj (.text:ti_sysbios_heaps_HeapMem_isBlocking__E)
                  0000f9f4    00000006                   : BIOS.obj (.text:ti_sysbios_knl_Queue_Instance_init__F)
                  0000f9fa    00000006                   : BIOS.obj (.text:ti_sysbios_knl_Swi_Module_startup__F)
                  0000fa00    00000006     ti.targets.arm.rtsarm.aem4f : System.oem4f (.text:xdc_runtime_System_Module_startup__F)
                  0000fa06    00000004     usblib.lib : usbdma.obj (.text:DMAUSBStatus)
                  0000fa0a    00000004     driverlib.lib : i2c.obj (.text:I2CMasterControl)
                  0000fa0e    00000004                   : i2c.obj (.text:I2CMasterDataGet)
                  0000fa12    00000004                   : i2c.obj (.text:I2CMasterDataPut)
                  0000fa16    00000004                   : uart.obj (.text:UARTIntClear)
                  0000fa1a    00000004                   : usb.obj (.text:USBDevAddrSet)
                  0000fa1e    00000004     uartconsole_pem4f.oem4f (.text:ti_sysbios_BIOS_RtsGateProxy_enter__E)
                  0000fa22    00000004     uartconsole_pem4f.oem4f (.text:ti_sysbios_BIOS_RtsGateProxy_leave__E)
                  0000fa26    00000004     sysbios.aem4f : BIOS.obj (.text:ti_sysbios_family_arm_lm4_Timer_getPeriod__E)
                  0000fa2a    00000004                   : BIOS.obj (.text:ti_sysbios_family_arm_lm4_Timer_masterEnable__I)
                  0000fa2e    00000004     uartconsole_pem4f.oem4f (.text:ti_sysbios_family_arm_m3_TaskSupport_Module__startupDone__S)
                  0000fa32    00000004     sysbios.aem4f : BIOS.obj (.text:ti_sysbios_gates_GateHwi_query__F)
                  0000fa36    00000004                   : BIOS.obj (.text:ti_sysbios_gates_GateMutex_query__F)
                  0000fa3a    00000004     uartconsole_pem4f.oem4f (.text:ti_sysbios_hal_Hwi_HwiProxy_Module__startupDone__S)
                  0000fa3e    00000004     uartconsole_pem4f.oem4f (.text:ti_sysbios_hal_Hwi_HwiProxy_Object__delete__S)
                  0000fa42    00000004     uartconsole_pem4f.oem4f (.text:ti_sysbios_hal_Timer_TimerProxy_Module__startupDone__S)
                  0000fa46    00000004     uartconsole_pem4f.oem4f (.text:ti_sysbios_hal_Timer_TimerProxy_getPeriod__E)
                  0000fa4a    00000004     uartconsole_pem4f.oem4f (.text:ti_sysbios_heaps_HeapMem_Module_GateProxy_enter__E)
                  0000fa4e    00000004     uartconsole_pem4f.oem4f (.text:ti_sysbios_heaps_HeapMem_Module_GateProxy_leave__E)
                  0000fa52    00000004     uartconsole_pem4f.oem4f (.text:ti_sysbios_knl_Task_SupportProxy_Module__startupDone__S)
                  0000fa56    00000004     sysbios.aem4f : BIOS.obj (.text:ti_sysbios_knl_Task_startup__E)
                  0000fa5a    00000004     uartconsole_pem4f.oem4f (.text:ti_uia_runtime_LogSync_CpuTimestampProxy_Module__startupDone__S)
                  0000fa5e    00000004     uartconsole_pem4f.oem4f (.text:ti_uia_runtime_LogSync_GlobalTimestampProxy_Module__startupDone__S)
                  0000fa62    00000004     ti.targets.arm.rtsarm.aem4f : Error.oem4f (.text:xdc_runtime_Error_getSite__F)
                  0000fa66    00000004     uartconsole_pem4f.oem4f (.text:xdc_runtime_Memory_HeapProxy_alloc__E)
                  0000fa6a    00000004     uartconsole_pem4f.oem4f (.text:xdc_runtime_Memory_HeapProxy_free__E)
                  0000fa6e    00000004     uartconsole_pem4f.oem4f (.text:xdc_runtime_System_Module_GateProxy_enter__E)
                  0000fa72    00000004     uartconsole_pem4f.oem4f (.text:xdc_runtime_System_Module_GateProxy_leave__E)
                  0000fa76    00000004     ti.targets.arm.rtsarm.aem4f : System.oem4f (.text:xdc_runtime_System_aprintf_va__F)
                  0000fa7a    00000004                                 : System.oem4f (.text:xdc_runtime_System_printf_va__F)
                  0000fa7e    00000004     uartconsole_pem4f.oem4f (.text:xdc_runtime_System_vsnprintf__E)
                  0000fa82    00000004     uartconsole_pem4f.oem4f (.text:xdc_runtime_TimestampNull_Module__startupDone__S)
                  0000fa86    00000004     uartconsole_pem4f.oem4f (.text:xdc_runtime_Timestamp_Module__startupDone__S)

.const     0    0000fa8c    00002d96     
                  0000fa8c    000020c4     uartconsole_pem4f.oem4f (.const:xdc_runtime_Text_charTab__A)
                  00011b50    00000102     rtsv7M4_T_le_v4SPD16_eabi.lib : ctype.obj (.const:.string:_ctypes_)
                  00011c52    000000d8     uartconsole_pem4f.oem4f (.const:ti_sysbios_family_arm_m3_Hwi_priorities__A)
                  00011d2a    00000002     uartconsole_pem4f.oem4f (.const:ti_catalog_arm_cortexm4_tiva_ce_Boot_Module__id__C)
                  00011d2c    00000090     driverlib.lib : gpio.obj (.const:g_pui32GPIOBaseAddrs)
                  00011dbc    00000070                   : interrupt.obj (.const)
                  00011e2c    0000006c                   : sysctl.obj (.const:g_pui32Xtals)
                  00011e98    00000048     uartconsole_pem4f.oem4f (.const:.string)
                  00011ee0    00000048     EK_TM4C123GXL.obj (.const)
                  00011f28    0000003c     EK_TM4C123GXL.obj (.const:gpioHWAttrs)
                  00011f64    00000038     rtsv7M4_T_le_v4SPD16_eabi.lib : xflog.obj (.const)
                  00011f9c    00000038     usblib.lib : usbdcdc.obj (.const)
                  00011fd4    00000036     USBCDCD_LoggerIdle.obj (.const:.string:configString)
                  0001200a    00000002     uartconsole_pem4f.oem4f (.const:ti_sysbios_BIOS_Module__id__C)
                  0001200c    00000034     usblib.lib : usbdenum.obj (.const:g_psUSBDStdRequests)
                  00012040    00000034     uartconsole_pem4f.oem4f (.const:ti_uia_sysbios_LoggerIdle_Module__FXNS__C)
                  00012074    00000030     usblib.lib : usbdcdc.obj (.const:g_sCDCHandlers)
                  000120a4    00000030     uartconsole_pem4f.oem4f (.const:ti_sysbios_family_arm_m3_Hwi_Object__PARAMS__C)
                  000120d4    0000002c     USBCDCD_LoggerIdle.obj (.const:.string:controlInterfaceString)
                  00012100    0000002c     uartconsole_pem4f.oem4f (.const:ti_sysbios_hal_Hwi_Object__PARAMS__C)
                  0001212c    00000028     rtsv7M4_T_le_v4SPD16_eabi.lib : xfdint.obj (.const)
                  00012154    00000028     uartconsole_pem4f.oem4f (.const:ti_sysbios_heaps_HeapMem_Module__FXNS__C)
                  0001217c    00000028     uartconsole_pem4f.oem4f (.const:xdc_runtime_Startup_sfxnTab__A)
                  000121a4    00000024     USBCDCD_LoggerIdle.obj (.const:.string:manufacturerString)
                  000121c8    00000024     EK_TM4C123GXL.obj (.const:I2C_config)
                  000121ec    00000024     uart_tivaware.aem4f : UARTTiva.oem4f (.const:UARTTiva_fxnTable)
                  00012210    00000024     uartconsole_pem4f.oem4f (.const:ti_sysbios_gates_GateHwi_Module__FXNS__C)
                  00012234    00000024     uartconsole_pem4f.oem4f (.const:ti_sysbios_gates_GateMutex_Module__FXNS__C)
                  00012258    00000024     uartconsole_pem4f.oem4f (.const:ti_sysbios_heaps_HeapMem_Object__PARAMS__C)
                  0001227c    00000024     uartconsole_pem4f.oem4f (.const:ti_sysbios_knl_Semaphore_Object__PARAMS__C)
                  000122a0    00000024     USBCDCD_LoggerIdle.obj (.const:txBuffer)
                  000122c4    00000023     usblib.lib : usbdcdc.obj (.const:.string:g_pui8CDCSerCommInterface)
                  000122e7    00000022     USBCDCD_LoggerIdle.obj (.const:.string:productString)
                  00012309    00000001     uartconsole_pem4f.oem4f (.const:xdc_runtime_Error_policy__C)
                  0001230a    00000002     uartconsole_pem4f.oem4f (.const:ti_sysbios_family_arm_lm4_TimestampProvider_useClockTimer__C)
                  0001230c    00000020     uartconsole_pem4f.oem4f (.const:ti_sysbios_family_arm_m3_Hwi_Object__DESC__C)
                  0001232c    00000020     uartconsole_pem4f.oem4f (.const:ti_sysbios_gates_GateHwi_Object__DESC__C)
                  0001234c    00000020     uartconsole_pem4f.oem4f (.const:ti_sysbios_gates_GateMutex_Object__DESC__C)
                  0001236c    00000020     uartconsole_pem4f.oem4f (.const:ti_sysbios_hal_Hwi_Object__DESC__C)
                  0001238c    00000020     uartconsole_pem4f.oem4f (.const:ti_sysbios_heaps_HeapMem_Object__DESC__C)
                  000123ac    00000020     uartconsole_pem4f.oem4f (.const:ti_sysbios_knl_Queue_Object__DESC__C)
                  000123cc    00000020     uartconsole_pem4f.oem4f (.const:ti_sysbios_knl_Semaphore_Object__DESC__C)
                  000123ec    00000020     uartconsole_pem4f.oem4f (.const:ti_uia_sysbios_LoggerIdle_Object__DESC__C)
                  0001240c    0000001c     rtsv7M4_T_le_v4SPD16_eabi.lib : xfexp.obj (.const)
                  00012428    00000018     USBCDCD_LoggerIdle.obj (.const)
                  00012440    00000018     uartconsole_pem4f.oem4f (.const:ti_sysbios_gates_GateHwi_Object__PARAMS__C)
                  00012458    00000018     uartconsole_pem4f.oem4f (.const:ti_sysbios_gates_GateMutex_Object__PARAMS__C)
                  00012470    00000018     uartconsole_pem4f.oem4f (.const:ti_sysbios_knl_Queue_Object__PARAMS__C)
                  00012488    00000018     uartconsole_pem4f.oem4f (.const:ti_sysbios_knl_Task_hooks__A)
                  000124a0    00000018     uartconsole_pem4f.oem4f (.const:ti_uia_sysbios_LoggerIdle_Object__PARAMS__C)
                  000124b8    00000017     usblib.lib : usbdcdc.obj (.const:.string)
                  000124cf    00000016     USBCDCD_LoggerIdle.obj (.const:.string)
                  000124e5    00000001     --HOLE-- [fill = 0]
                  000124e6    00000002     uartconsole_pem4f.oem4f (.const:ti_sysbios_family_arm_m3_Hwi_Module__id__C)
                  000124e8    00000014     uartconsole_pem4f.oem4f (.const:xdc_runtime_Startup_firstFxns__A)
                  000124fc    00000014     uartconsole_pem4f.oem4f (.const:xdc_runtime_Startup_sfxnRts__A)
                  00012510    00000011     ti.targets.arm.rtsarm.aem4f : System.oem4f (.const)
                  00012521    00000001     --HOLE-- [fill = 0]
                  00012522    00000002     uartconsole_pem4f.oem4f (.const:ti_sysbios_family_arm_m3_Hwi_Module__loggerDefined__C)
                  00012524    00000010     i2c_tivaware.aem4f : I2CTiva.oem4f (.const)
                  00012534    00000010     uartconsole_pem4f.oem4f (.const:xdc_runtime_Text_nodeTab__A)
                  00012544    00000008     uartconsole_pem4f.oem4f (.const:ti_sysbios_family_arm_m3_Hwi_excHookFuncs__A)
                  0001254c    00000008     uartconsole_pem4f.oem4f (.const:ti_sysbios_knl_Idle_coreList__A)
                  00012554    00000008     uartconsole_pem4f.oem4f (.const:ti_sysbios_knl_Idle_coreList__C)
                  0001255c    00000008     uartconsole_pem4f.oem4f (.const:ti_sysbios_knl_Idle_funcList__A)
                  00012564    00000008     uartconsole_pem4f.oem4f (.const:ti_sysbios_knl_Idle_funcList__C)
                  0001256c    00000008     uartconsole_pem4f.oem4f (.const:ti_sysbios_knl_Task_hooks__C)
                  00012574    00000008     uartconsole_pem4f.oem4f (.const:xdc_runtime_Startup_firstFxns__C)
                  0001257c    00000008     uartconsole_pem4f.oem4f (.const:xdc_runtime_Startup_lastFxns__A)
                  00012584    00000008     uartconsole_pem4f.oem4f (.const:xdc_runtime_Startup_lastFxns__C)
                  0001258c    00000004     uartconsole_pem4f.oem4f (.const:ti_catalog_arm_cortexm4_tiva_ce_Boot_A_mustUseEnhancedClockMode__C)
                  00012590    00000004     uartconsole_pem4f.oem4f (.const:ti_catalog_arm_cortexm4_tiva_ce_Boot_Module__diagsEnabled__C)
                  00012594    00000004     uartconsole_pem4f.oem4f (.const:ti_catalog_arm_cortexm4_tiva_ce_Boot_Module__diagsIncluded__C)
                  00012598    00000004     uartconsole_pem4f.oem4f (.const:ti_catalog_arm_cortexm4_tiva_ce_Boot_Module__diagsMask__C)
                  0001259c    00000004     uartconsole_pem4f.oem4f (.const:ti_sysbios_BIOS_Module__diagsEnabled__C)
                  000125a0    00000004     uartconsole_pem4f.oem4f (.const:ti_sysbios_BIOS_Module__diagsIncluded__C)
                  000125a4    00000004     uartconsole_pem4f.oem4f (.const:ti_sysbios_BIOS_Module__diagsMask__C)
                  000125a8    00000004     uartconsole_pem4f.oem4f (.const:ti_sysbios_BIOS_installedErrorHook__C)
                  000125ac    00000004     uartconsole_pem4f.oem4f (.const:ti_sysbios_family_arm_lm4_Timer_enableFunc__C)
                  000125b0    00000004     uartconsole_pem4f.oem4f (.const:ti_sysbios_family_arm_lm4_Timer_numTimerDevices__C)
                  000125b4    00000004     uartconsole_pem4f.oem4f (.const:ti_sysbios_family_arm_lm4_Timer_startupNeeded__C)
                  000125b8    00000004     uartconsole_pem4f.oem4f (.const:ti_sysbios_family_arm_m3_Hwi_E_NMI__C)
                  000125bc    00000004     uartconsole_pem4f.oem4f (.const:ti_sysbios_family_arm_m3_Hwi_E_alreadyDefined__C)
                  000125c0    00000004     uartconsole_pem4f.oem4f (.const:ti_sysbios_family_arm_m3_Hwi_E_busFault__C)
                  000125c4    00000004     uartconsole_pem4f.oem4f (.const:ti_sysbios_family_arm_m3_Hwi_E_debugMon__C)
                  000125c8    00000004     uartconsole_pem4f.oem4f (.const:ti_sysbios_family_arm_m3_Hwi_E_hardFault__C)
                  000125cc    00000004     uartconsole_pem4f.oem4f (.const:ti_sysbios_family_arm_m3_Hwi_E_memFault__C)
                  000125d0    00000004     uartconsole_pem4f.oem4f (.const:ti_sysbios_family_arm_m3_Hwi_E_noIsr__C)
                  000125d4    00000004     uartconsole_pem4f.oem4f (.const:ti_sysbios_family_arm_m3_Hwi_E_reserved__C)
                  000125d8    00000004     uartconsole_pem4f.oem4f (.const:ti_sysbios_family_arm_m3_Hwi_E_svCall__C)
                  000125dc    00000004     uartconsole_pem4f.oem4f (.const:ti_sysbios_family_arm_m3_Hwi_E_usageFault__C)
                  000125e0    00000004     uartconsole_pem4f.oem4f (.const:ti_sysbios_family_arm_m3_Hwi_LD_end__C)
                  000125e4    00000004     uartconsole_pem4f.oem4f (.const:ti_sysbios_family_arm_m3_Hwi_LM_begin__C)
                  000125e8    00000004     uartconsole_pem4f.oem4f (.const:ti_sysbios_family_arm_m3_Hwi_Module__diagsEnabled__C)
                  000125ec    00000004     uartconsole_pem4f.oem4f (.const:ti_sysbios_family_arm_m3_Hwi_Module__diagsIncluded__C)
                  000125f0    00000004     uartconsole_pem4f.oem4f (.const:ti_sysbios_family_arm_m3_Hwi_Module__diagsMask__C)
                  000125f4    00000004     uartconsole_pem4f.oem4f (.const:ti_sysbios_family_arm_m3_Hwi_Module__loggerFxn1__C)
                  000125f8    00000004     uartconsole_pem4f.oem4f (.const:ti_sysbios_family_arm_m3_Hwi_Module__loggerFxn8__C)
                  000125fc    00000004     uartconsole_pem4f.oem4f (.const:ti_sysbios_family_arm_m3_Hwi_Module__loggerObj__C)
                  00012600    00000004     uartconsole_pem4f.oem4f (.const:ti_sysbios_family_arm_m3_Hwi_NUM_INTERRUPTS__C)
                  00012604    00000004     uartconsole_pem4f.oem4f (.const:ti_sysbios_family_arm_m3_Hwi_ccr__C)
                  00012608    00000004     uartconsole_pem4f.oem4f (.const:ti_sysbios_family_arm_m3_Hwi_dispatchTable__C)
                  0001260c    00000004     uartconsole_pem4f.oem4f (.const:ti_sysbios_family_arm_m3_Hwi_excHandlerFunc__C)
                  00012610    00000004     uartconsole_pem4f.oem4f (.const:ti_sysbios_family_arm_m3_Hwi_excHookFuncs__C)
                  00012614    00000004     uartconsole_pem4f.oem4f (.const:ti_sysbios_family_arm_m3_Hwi_priGroup__C)
                  00012618    00000004     uartconsole_pem4f.oem4f (.const:ti_sysbios_family_arm_m3_Hwi_priorities__C)
                  0001261c    00000004     uartconsole_pem4f.oem4f (.const:ti_sysbios_gates_GateMutex_A_badContext__C)
                  00012620    00000004     uartconsole_pem4f.oem4f (.const:ti_sysbios_gates_GateMutex_Instance_State_sem__O)
                  00012624    00000004     uartconsole_pem4f.oem4f (.const:ti_sysbios_gates_GateMutex_Module__diagsEnabled__C)
                  00012628    00000004     uartconsole_pem4f.oem4f (.const:ti_sysbios_gates_GateMutex_Module__diagsIncluded__C)
                  0001262c    00000004     uartconsole_pem4f.oem4f (.const:ti_sysbios_gates_GateMutex_Module__diagsMask__C)
                  00012630    00000004     uartconsole_pem4f.oem4f (.const:ti_sysbios_heaps_HeapMem_A_align__C)
                  00012634    00000004     uartconsole_pem4f.oem4f (.const:ti_sysbios_heaps_HeapMem_A_heapSize__C)
                  00012638    00000004     uartconsole_pem4f.oem4f (.const:ti_sysbios_heaps_HeapMem_A_invalidFree__C)
                  0001263c    00000004     uartconsole_pem4f.oem4f (.const:ti_sysbios_heaps_HeapMem_A_zeroBlock__C)
                  00012640    00000004     uartconsole_pem4f.oem4f (.const:ti_sysbios_heaps_HeapMem_E_memory__C)
                  00012644    00000004     uartconsole_pem4f.oem4f (.const:ti_sysbios_heaps_HeapMem_Module__diagsEnabled__C)
[...]
0000f9ef   ti_sysbios_heaps_HeapMem_isBlocking__E
0000f9f5   ti_sysbios_knl_Queue_Instance_init__F
0000f9fb   ti_sysbios_knl_Swi_Module_startup__E
0000f9fb   ti_sysbios_knl_Swi_Module_startup__F
0000fa01   xdc_runtime_System_Module_startup__E
0000fa01   xdc_runtime_System_Module_startup__F
0000fa0b   I2CMasterControl
0000fa0f   I2CMasterDataGet
0000fa13   I2CMasterDataPut
0000fa17   UARTIntClear
0000fa1b   USBDevAddrSet
0000fa1f   ti_sysbios_BIOS_RtsGateProxy_enter__E
0000fa23   ti_sysbios_BIOS_RtsGateProxy_leave__E
0000fa27   ti_sysbios_family_arm_lm4_Timer_getPeriod__E
0000fa2b   ti_sysbios_family_arm_lm4_Timer_masterEnable__I
0000fa2f   ti_sysbios_family_arm_m3_TaskSupport_Module__startupDone__S
0000fa33   ti_sysbios_gates_GateHwi_query__E
0000fa33   ti_sysbios_gates_GateHwi_query__F
0000fa33   xdc_runtime_Main_Module_GateProxy_query__E
0000fa33   xdc_runtime_System_Module_GateProxy_query__E
0000fa37   ti_sysbios_BIOS_RtsGateProxy_query__E
0000fa37   ti_sysbios_gates_GateMutex_query__E
0000fa37   ti_sysbios_gates_GateMutex_query__F
0000fa37   ti_sysbios_heaps_HeapMem_Module_GateProxy_query__E
0000fa3b   ti_sysbios_hal_Hwi_HwiProxy_Module__startupDone__S
0000fa3f   ti_sysbios_hal_Hwi_HwiProxy_Object__delete__S
0000fa43   ti_sysbios_hal_Timer_TimerProxy_Module__startupDone__S
0000fa47   ti_sysbios_hal_Timer_TimerProxy_getPeriod__E
0000fa4b   ti_sysbios_heaps_HeapMem_Module_GateProxy_enter__E
0000fa4f   ti_sysbios_heaps_HeapMem_Module_GateProxy_leave__E
0000fa53   ti_sysbios_knl_Task_SupportProxy_Module__startupDone__S
0000fa57   ti_sysbios_knl_Task_startup__E
0000fa5b   ti_uia_runtime_LogSync_CpuTimestampProxy_Module__startupDone__S
0000fa5f   ti_uia_runtime_LogSync_GlobalTimestampProxy_Module__startupDone__S
0000fa63   xdc_runtime_Error_getSite__E
0000fa63   xdc_runtime_Error_getSite__F
0000fa67   xdc_runtime_Memory_HeapProxy_alloc__E
0000fa6b   xdc_runtime_Memory_HeapProxy_free__E
0000fa6f   xdc_runtime_System_Module_GateProxy_enter__E
0000fa73   xdc_runtime_System_Module_GateProxy_leave__E
0000fa77   xdc_runtime_System_aprintf_va__F
0000fa7b   xdc_runtime_System_printf_va__F
0000fa7f   xdc_runtime_System_vsnprintf__E
0000fa83   xdc_runtime_TimestampNull_Module__startupDone__S
0000fa87   xdc_runtime_Timestamp_Module__startupDone__S
0000fa8c   xdc_runtime_Text_charTab__A
00011b50   _ctypes_
00011c52   ti_sysbios_family_arm_m3_Hwi_priorities__A
00011d2a   ti_catalog_arm_cortexm4_tiva_ce_Boot_Module__id__C
00011ee0   GPIO_config
00011ef8   i2cTivaHWAttrs
00011f08   uartTivaHWAttrs
00011f10   UART_config
00011f28   gpioHWAttrs
00011f9c   g_sCDCSerConfigSection
00011fa4   g_sIADSerConfigSection
00011fac   g_sCDCSerCommInterfaceSection
00011fb4   g_sCDCSerDataInterfaceSection
00011fbc   g_sCDCSerConfigHeader
00011fc4   g_sCDCCompSerConfigHeader
00011fcc   g_ppCDCSerConfigDescriptors
00011fd0   g_pCDCCompSerConfigDescriptors
00011fd4   configString
0001200a   ti_sysbios_BIOS_Module__id__C
00012040   ti_uia_sysbios_LoggerIdle_Module__FXNS__C
00012074   g_sCDCHandlers
000120a4   ti_sysbios_family_arm_m3_Hwi_Object__PARAMS__C
000120d4   controlInterfaceString
00012100   ti_sysbios_hal_Hwi_Object__PARAMS__C
00012154   ti_sysbios_heaps_HeapMem_Module__FXNS__C
0001217c   xdc_runtime_Startup_sfxnTab__A
000121a4   manufacturerString
000121c8   I2C_config
000121ec   UARTTiva_fxnTable
00012210   ti_sysbios_gates_GateHwi_Module__FXNS__C
00012234   ti_sysbios_gates_GateMutex_Module__FXNS__C
00012258   ti_sysbios_heaps_HeapMem_Object__PARAMS__C
0001227c   ti_sysbios_knl_Semaphore_Object__PARAMS__C
000122a0   txBuffer
000122c4   g_pui8CDCSerCommInterface
000122e7   productString
00012309   xdc_runtime_Error_policy__C
0001230a   ti_sysbios_family_arm_lm4_TimestampProvider_useClockTimer__C
0001230c   ti_sysbios_family_arm_m3_Hwi_Object__DESC__C
0001232c   ti_sysbios_gates_GateHwi_Object__DESC__C
0001234c   ti_sysbios_gates_GateMutex_Object__DESC__C
0001236c   ti_sysbios_hal_Hwi_Object__DESC__C
0001238c   ti_sysbios_heaps_HeapMem_Object__DESC__C
000123ac   ti_sysbios_knl_Queue_Object__DESC__C
000123cc   ti_sysbios_knl_Semaphore_Object__DESC__C
000123ec   ti_uia_sysbios_LoggerIdle_Object__DESC__C
00012428   stringDescriptors
00012440   ti_sysbios_gates_GateHwi_Object__PARAMS__C
00012458   ti_sysbios_gates_GateMutex_Object__PARAMS__C
00012470   ti_sysbios_knl_Queue_Object__PARAMS__C
00012488   ti_sysbios_knl_Task_hooks__A
000124a0   ti_uia_sysbios_LoggerIdle_Object__PARAMS__C
000124b8   g_pui8CDCSerDataInterface
000124cf   langDescriptor
000124d3   serialNumberString
000124e6   ti_sysbios_family_arm_m3_Hwi_Module__id__C
000124e8   xdc_runtime_Startup_firstFxns__A
000124fc   xdc_runtime_Startup_sfxnRts__A
00012522   ti_sysbios_family_arm_m3_Hwi_Module__loggerDefined__C
00012524   I2CTiva_fxnTable
00012534   xdc_runtime_Text_nodeTab__A
00012544   ti_sysbios_family_arm_m3_Hwi_excHookFuncs__A
0001254c   ti_sysbios_knl_Idle_coreList__A
00012554   ti_sysbios_knl_Idle_coreList__C
0001255c   ti_sysbios_knl_Idle_funcList__A
00012564   ti_sysbios_knl_Idle_funcList__C
0001256c   ti_sysbios_knl_Task_hooks__C
00012574   xdc_runtime_Startup_firstFxns__C
0001257c   xdc_runtime_Startup_lastFxns__A
00012584   xdc_runtime_Startup_lastFxns__C
0001258c   ti_catalog_arm_cortexm4_tiva_ce_Boot_A_mustUseEnhancedClockMode__C
00012590   ti_catalog_arm_cortexm4_tiva_ce_Boot_Module__diagsEnabled__C
00012594   ti_catalog_arm_cortexm4_tiva_ce_Boot_Module__diagsIncluded__C
00012598   ti_catalog_arm_cortexm4_tiva_ce_Boot_Module__diagsMask__C
0001259c   ti_sysbios_BIOS_Module__diagsEnabled__C
000125a0   ti_sysbios_BIOS_Module__diagsIncluded__C
000125a4   ti_sysbios_BIOS_Module__diagsMask__C
000125a8   ti_sysbios_BIOS_installedErrorHook__C
000125ac   ti_sysbios_family_arm_lm4_Timer_enableFunc__C
000125b0   ti_sysbios_family_arm_lm4_Timer_numTimerDevices__C
000125b4   ti_sysbios_family_arm_lm4_Timer_startupNeeded__C
000125b8   ti_sysbios_family_arm_m3_Hwi_E_NMI__C
000125bc   ti_sysbios_family_arm_m3_Hwi_E_alreadyDefined__C
000125c0   ti_sysbios_family_arm_m3_Hwi_E_busFault__C
000125c4   ti_sysbios_family_arm_m3_Hwi_E_debugMon__C
000125c8   ti_sysbios_family_arm_m3_Hwi_E_hardFault__C
000125cc   ti_sysbios_family_arm_m3_Hwi_E_memFault__C
000125d0   ti_sysbios_family_arm_m3_Hwi_E_noIsr__C
000125d4   ti_sysbios_family_arm_m3_Hwi_E_reserved__C
000125d8   ti_sysbios_family_arm_m3_Hwi_E_svCall__C
000125dc   ti_sysbios_family_arm_m3_Hwi_E_usageFault__C
000125e0   ti_sysbios_family_arm_m3_Hwi_LD_end__C
000125e4   ti_sysbios_family_arm_m3_Hwi_LM_begin__C
000125e8   ti_sysbios_family_arm_m3_Hwi_Module__diagsEnabled__C
000125ec   ti_sysbios_family_arm_m3_Hwi_Module__diagsIncluded__C
000125f0   ti_sysbios_family_arm_m3_Hwi_Module__diagsMask__C
000125f4   ti_sysbios_family_arm_m3_Hwi_Module__loggerFxn1__C
000125f8   ti_sysbios_family_arm_m3_Hwi_Module__loggerFxn8__C
000125fc   ti_sysbios_family_arm_m3_Hwi_Module__loggerObj__C
00012600   ti_sysbios_family_arm_m3_Hwi_NUM_INTERRUPTS__C
00012604   ti_sysbios_family_arm_m3_Hwi_ccr__C
00012608   ti_sysbios_family_arm_m3_Hwi_dispatchTable__C
0001260c   ti_sysbios_family_arm_m3_Hwi_excHandlerFunc__C
00012610   ti_sysbios_family_arm_m3_Hwi_excHookFuncs__C
00012614   ti_sysbios_family_arm_m3_Hwi_priGroup__C
00012618   ti_sysbios_family_arm_m3_Hwi_priorities__C
0001261c   ti_sysbios_gates_GateMutex_A_badContext__C
00012620   ti_sysbios_gates_GateMutex_Instance_State_sem__O
00012624   ti_sysbios_gates_GateMutex_Module__diagsEnabled__C
00012628   ti_sysbios_gates_GateMutex_Module__diagsIncluded__C
0001262c   ti_sysbios_gates_GateMutex_Module__diagsMask__C
00012630   ti_sysbios_heaps_HeapMem_A_align__C
00012634   ti_sysbios_heaps_HeapMem_A_heapSize__C
00012638   ti_sysbios_heaps_HeapMem_A_invalidFree__C
0001263c   ti_sysbios_heaps_HeapMem_A_zeroBlock__C
00012640   ti_sysbios_heaps_HeapMem_E_memory__C
00012644   ti_sysbios_heaps_HeapMem_Module__diagsEnabled__C
00012648   ti_sysbios_heaps_HeapMem_Module__diagsIncluded__C
0001264c   ti_sysbios_heaps_HeapMem_Module__diagsMask__C
00012650   ti_sysbios_heaps_HeapMem_Module__gateObj__C
00012654   ti_sysbios_heaps_HeapMem_Object__count__C
00012658   ti_sysbios_heaps_HeapMem_reqAlign__C
0001265c   ti_sysbios_knl_Clock_LM_begin__C
00012660   ti_sysbios_knl_Clock_LM_tick__C
00012664   ti_sysbios_knl_Clock_LW_delayed__C
00012668   ti_sysbios_knl_Clock_Module_State_clockQ__O
0001266c   ti_sysbios_knl_Clock_Module__diagsEnabled__C
00012670   ti_sysbios_knl_Clock_Module__diagsIncluded__C
00012674   ti_sysbios_knl_Clock_Module__diagsMask__C
00012678   ti_sysbios_knl_Clock_Module__loggerFxn1__C
0001267c   ti_sysbios_knl_Clock_Module__loggerFxn2__C
00012680   ti_sysbios_knl_Clock_Module__loggerObj__C
00012684   ti_sysbios_knl_Semaphore_A_badContext__C
00012688   ti_sysbios_knl_Semaphore_A_noEvents__C
0001268c   ti_sysbios_knl_Semaphore_A_overflow__C
00012690   ti_sysbios_knl_Semaphore_A_pendTaskDisabled__C
00012694   ti_sysbios_knl_Semaphore_Instance_State_pendQ__O
00012698   ti_sysbios_knl_Semaphore_LM_pend__C
0001269c   ti_sysbios_knl_Semaphore_LM_post__C
000126a0   ti_sysbios_knl_Semaphore_Module__diagsEnabled__C
000126a4   ti_sysbios_knl_Semaphore_Module__diagsIncluded__C
000126a8   ti_sysbios_knl_Semaphore_Module__diagsMask__C
000126ac   ti_sysbios_knl_Semaphore_Module__loggerFxn2__C
000126b0   ti_sysbios_knl_Semaphore_Module__loggerFxn4__C
000126b4   ti_sysbios_knl_Semaphore_Module__loggerObj__C
000126b8   ti_sysbios_knl_Task_A_badTimeout__C
000126bc   ti_sysbios_knl_Task_A_sleepTaskDisabled__C
000126c0   ti_sysbios_knl_Task_LD_block__C
000126c4   ti_sysbios_knl_Task_LD_exit__C
000126c8   ti_sysbios_knl_Task_LD_ready__C
000126cc   ti_sysbios_knl_Task_LM_sleep__C
000126d0   ti_sysbios_knl_Task_LM_switch__C
000126d4   ti_sysbios_knl_Task_Module_State_inactiveQ__O
000126d8   ti_sysbios_knl_Task_Module__diagsEnabled__C
000126dc   ti_sysbios_knl_Task_Module__diagsIncluded__C
000126e0   ti_sysbios_knl_Task_Module__diagsMask__C
000126e4   ti_sysbios_knl_Task_Module__loggerFxn2__C
000126e8   ti_sysbios_knl_Task_Module__loggerFxn4__C
000126ec   ti_sysbios_knl_Task_Module__loggerObj__C
000126f0   ti_sysbios_knl_Task_Object__count__C
000126f4   ti_sysbios_knl_Task_Object__heap__C
000126f8   ti_sysbios_knl_Task_allBlockedFunc__C
000126fc   ti_sysbios_knl_Task_numConstructedTasks__C
00012700   ti_sysbios_utils_Load_LS_cpuLoad__C
00012704   ti_sysbios_utils_Load_LS_hwiLoad__C
00012708   ti_sysbios_utils_Load_LS_taskLoad__C
0001270c   ti_sysbios_utils_Load_Module_State_taskList__O
00012710   ti_sysbios_utils_Load_Module__diagsEnabled__C
00012714   ti_sysbios_utils_Load_Module__diagsIncluded__C
00012718   ti_sysbios_utils_Load_Module__diagsMask__C
0001271c   ti_sysbios_utils_Load_Module__loggerFxn1__C
00012720   ti_sysbios_utils_Load_Module__loggerFxn2__C
00012724   ti_sysbios_utils_Load_Module__loggerFxn4__C
00012728   ti_sysbios_utils_Load_Module__loggerObj__C
0001272c   ti_sysbios_utils_Load_postUpdate__C
00012730   ti_sysbios_utils_Load_windowInMs__C
00012734   ti_uia_sysbios_LoggerIdle_Module__diagsEnabled__C
00012738   ti_uia_sysbios_LoggerIdle_Module__diagsIncluded__C
0001273c   ti_uia_sysbios_LoggerIdle_Module__diagsMask__C
00012740   xdc_runtime_Assert_E_assertFailed__C
00012744   xdc_runtime_Core_A_initializedParams__C
00012748   xdc_runtime_Core_Module__diagsEnabled__C
0001274c   xdc_runtime_Core_Module__diagsIncluded__C
00012750   xdc_runtime_Core_Module__diagsMask__C
00012754   xdc_runtime_Error_E_memory__C
00012758   xdc_runtime_Error_Module__diagsEnabled__C
0001275c   xdc_runtime_Error_Module__diagsIncluded__C
00012760   xdc_runtime_Error_Module__diagsMask__C
00012764   xdc_runtime_Error_Module__loggerFxn8__C
00012768   xdc_runtime_Error_Module__loggerObj__C
0001276c   xdc_runtime_Error_raiseHook__C
00012770   xdc_runtime_IGateProvider_Interface__BASE__C
00012774   xdc_runtime_IHeap_Interface__BASE__C
00012778   xdc_runtime_ILogger_Interface__BASE__C
0001277c   xdc_runtime_IModule_Interface__BASE__C
00012780   xdc_runtime_Log_L_error__C
00012784   xdc_runtime_Log_L_warning__C
00012788   xdc_runtime_Main_Module__diagsEnabled__C
0001278c   xdc_runtime_Main_Module__diagsIncluded__C
00012790   xdc_runtime_Main_Module__diagsMask__C
00012794   xdc_runtime_Main_Module__loggerFxn2__C
00012798   xdc_runtime_Main_Module__loggerFxn4__C
0001279c   xdc_runtime_Main_Module__loggerObj__C
000127a0   xdc_runtime_Memory_defaultHeapInstance__C
000127a4   xdc_runtime_Startup_execImpl__C
000127a8   xdc_runtime_Startup_maxPasses__C
000127ac   xdc_runtime_Startup_sfxnRts__C
000127b0   xdc_runtime_Startup_sfxnTab__C
000127b4   xdc_runtime_SysCallback_abortFxn__C
000127b8   xdc_runtime_SysCallback_exitFxn__C
000127bc   xdc_runtime_SysCallback_flushFxn__C
000127c0   xdc_runtime_SysCallback_putchFxn__C
000127c4   xdc_runtime_SysCallback_readyFxn__C
000127c8   xdc_runtime_System_Module__gateObj__C
000127cc   xdc_runtime_System_extendFxn__C
000127d0   xdc_runtime_System_maxAtexitHandlers__C
000127d4   xdc_runtime_Text_charTab__C
000127d8   xdc_runtime_Text_nameEmpty__C
000127dc   xdc_runtime_Text_nameStatic__C
000127e0   xdc_runtime_Text_nameUnknown__C
000127e4   xdc_runtime_Text_nodeTab__C
000127e8   xdc_runtime_Text_visitRopeFxn__C
000127ec   ti_sysbios_gates_GateMutex_Module__id__C
000127ee   ti_sysbios_heaps_HeapMem_Module__id__C
000127f0   ti_sysbios_knl_Clock_Module__id__C
000127f2   ti_sysbios_knl_Clock_Module__loggerDefined__C
000127f4   ti_sysbios_knl_Semaphore_Module__id__C
000127f6   ti_sysbios_knl_Semaphore_Module__loggerDefined__C
000127f8   ti_sysbios_knl_Task_Module__id__C
000127fa   ti_sysbios_knl_Task_Module__loggerDefined__C
000127fc   ti_sysbios_knl_Task_initStackFlag__C
000127fe   ti_sysbios_utils_Load_Module__id__C
00012800   ti_sysbios_utils_Load_Module__loggerDefined__C
00012802   ti_sysbios_utils_Load_autoAddTasks__C
00012804   ti_sysbios_utils_Load_hwiEnabled__C
00012806   ti_sysbios_utils_Load_updateInIdle__C
00012808   ti_uia_sysbios_LoggerIdle_Module__id__C
0001280a   ti_uia_sysbios_LoggerIdle_isTimestampEnabled__C
0001280c   ti_uia_sysbios_LoggerIdle_writeWhenFull__C
0001280e   xdc_runtime_Core_Module__id__C
00012810   xdc_runtime_Error_Module__loggerDefined__C
00012812   xdc_runtime_Error_maxDepth__C
00012814   xdc_runtime_Main_Module__id__C
00012816   xdc_runtime_Main_Module__loggerDefined__C
00012818   xdc_runtime_Memory_Module__id__C
0001281a   xdc_runtime_Text_charCnt__C
0001281c   xdc_runtime_Text_isLoaded__C
0001281e   xdc_runtime_Text_registryModsLastId__C
00012820   xdc_runtime_Text_unnamedModsLastId__C
00012cc4   __TI_Handler_Table_Base
00012cd0   __TI_Handler_Table_Limit
00012ce0   __TI_CINIT_Base
00012cf8   __TI_CINIT_Limit
20000000   ti_sysbios_family_arm_m3_Hwi_ramVectors
20000360   ti_uia_sysbios_LoggerIdle_Module_State_0_idleBuffer__A
20001360   ti_sysbios_knl_Task_Instance_State_0_stack__A
20001960   ti_sysbios_knl_Task_Instance_State_1_stack__A
20002160   ti_sysbios_heaps_HeapMem_Instance_State_0_buf__A
20002960   __CIOBUF_
20002b90   i2cTivaObjects
20002d90   __TI_tmpnams
20002e30   uartTivaObjects
20002eb8   g_psDCDInst
20002f48   ti_uia_sysbios_LoggerIdle_Module_State_0_tempBuffer__A
20002f88   g_pfnTickHandlers
20002fa0   g_pvTickInstance
20002fdc   g_ppsDevInfo
20002fe4   ti_sysbios_knl_Task_Instance_State_0_hookEnv__A
20002fe8   ti_sysbios_knl_Task_Instance_State_1_hookEnv__A
20002ff0   ti_sysbios_family_arm_m3_Hwi_Module_State_0_dispatchTable__A
20003350   xdc_runtime_Diags_dictElems
20003360   ti_sysbios_BIOS_Module__state__V
20003380   ti_sysbios_family_arm_lm4_Timer_Module__root__V
20003388   ti_sysbios_family_arm_lm4_Timer_Module_State_0_handles__A
200033a0   ti_sysbios_family_arm_lm4_Timer_Module__state__V
200033ac   ti_sysbios_family_arm_lm4_TimestampProvider_Module__state__V
200033b4   ti_sysbios_family_arm_m3_Hwi_Module__root__V
200033bc   ti_sysbios_family_arm_m3_Hwi_Module_State_0_excActive__A
200033c0   ti_sysbios_family_arm_m3_Hwi_Module_State_0_excContext__A
200033c4   ti_sysbios_family_arm_m3_Hwi_Module_State_0_excStack__A
200033c8   ti_sysbios_gates_GateHwi_Module__root__V
200033d0   ti_sysbios_gates_GateHwi_Object__table__V
200033d4   ti_sysbios_gates_GateMutex_Module__root__V
200033dc   ti_sysbios_hal_Hwi_Module__root__V
200033e4   ti_sysbios_hal_Timer_Module__root__V
200033ec   ti_sysbios_hal_Timer_Object__table__V
200033f4   ti_sysbios_heaps_HeapMem_Module__root__V
200033fc   ti_sysbios_heaps_HeapMem_Object__table__V
20003414   ti_sysbios_knl_Clock_Module__root__V
2000341c   ti_sysbios_knl_Event_Module__root__V
20003428   ti_sysbios_knl_Queue_Module__root__V
20003430   ti_sysbios_knl_Semaphore_Module__root__V
2000343c   ti_sysbios_knl_Swi_Module__root__V
20003444   ti_sysbios_knl_Swi_Module_State_0_readyQ__A
2000344c   ti_sysbios_knl_Swi_Module__state__V
20003468   ti_sysbios_knl_Task_Module__root__V
20003474   ti_sysbios_knl_Task_Module_State_0_readyQ__A
20003494   ti_sysbios_knl_Task_Module_State_0_idleTask__A
20003498   ti_sysbios_utils_Load_Module__root__V
2000349c   ti_sysbios_utils_Load_Module_State_0_taskStartTime__A
200034a0   ti_sysbios_utils_Load_Module_State_0_runningTask__A
200034a4   ti_uia_runtime_LogSync_Module__root__V
200034ac   ti_uia_runtime_LogSync_Module__state__V
200034b8   ti_uia_runtime_QueueDescriptor_Module__state__V
200034c4   ti_uia_sysbios_LoggerIdle_Module__root__V
200034cc   ti_uia_sysbios_LoggerIdle_Object__table__V
200034d0   xdc_runtime_Error_Module__state__V
200034d2   xdc_runtime_Main_Module__root__V
200034d4   xdc_runtime_Memory_Module__state__V
200034d8   xdc_runtime_Registry_Module__state__V
200034e0   xdc_runtime_Startup_Module__state__V
200034e8   xdc_runtime_System_Module_State_0_atexitHandlers__A
200034f0   xdc_runtime_System_Module__state__V
200034fc   xdc_runtime_Text_Module__state__V
20003504   __xdc__init__addr
20003508   _ftable
20003778   ti_sysbios_knl_Task_Object__table__V
200037c4   TSK_idle
20003810   ti_sysbios_utils_Load_Module__state__V
200038a8   _Denorm
200038b8   _Eps
200038c8   _Hugeval
200038d8   _Inf
200038e8   _Nan
200038f8   _Snan
20003908   _Rteps
20003918   _Xbig
20003920   _Zero
20003928   ti_sysbios_family_arm_lm4_Timer_Object__table__V
20003998   _FDenorm
200039a8   _FEps
200039b8   _FInf
200039c8   _FNan
200039d8   _FSnan
200039e8   _FRteps
200039f8   _FXbig
200039fc   _FZero
20003a60   ti_sysbios_family_arm_m3_Hwi_Module__state__V
20003abc   ti_sysbios_knl_Task_Module__state__V
20003b00   g_pui8CDCSerDeviceDescriptor
20003b12   g_pui8CDCSerDescriptor
20003b1b   g_pui8IADSerDescriptor
20003b24   g_psCDCSerSections
20003b30   g_psCDCCompSerSections
20003b40   ti_sysbios_gates_GateMutex_Object__table__V
20003b78   ti_sysbios_utils_Load_Module_State_0_taskEnv__A
20003bb0   ti_sysbios_family_arm_lm4_Timer_Module_State_0_device__A
20003be0   ti_sysbios_family_arm_m3_Hwi_Object__table__V
20003c10   ti_sysbios_knl_Clock_Module__state__V
20003c38   ti_uia_sysbios_LoggerIdle_Module__state__V
20003c78   __TI_ft_end
20003c7c   __aeabi_stdin
20003c80   __aeabi_stdout
20003c84   __aeabi_stderr
20003c88   g_bUSBTimerInitialized
20003c8c   g_ui32CurrentUSBTick
20003c90   g_ui32USBSOFCount
20003c94   g_iUSBMode
20003c98   g_ui32WaitTicks
20003ca8   _lock
20003cac   _unlock
20003cb0   __TI_cleanup_ptr
20003cb4   __TI_dtors_ptr
20003cb8   _Fenv
20003cbc   _Tls_setup__Fenv
20003cd8   _Errno
20003ce0   main_func_sp
20003ce8   __stack
20003de8   __STACK_TOP
20003fe8   __STACK_END
e000e000   ti_sysbios_family_arm_m3_Hwi_nvic
ffffffff   __binit__
ffffffff   __c_args__
ffffffff   binit
UNDEFED    SHT$$INIT_ARRAY$$Base
UNDEFED    SHT$$INIT_ARRAY$$Limit

[1029 symbols]
